[INFO] Scanning for projects...
[INFO] 
[INFO] ---------------------< com.weatherapp:weather-app >---------------------
[INFO] Building Weather App 1.0.0
[INFO]   from pom.xml
[INFO] --------------------------------[ jar ]---------------------------------
[INFO] 
[INFO] --- resources:3.3.1:resources (default-resources) @ weather-app ---
[INFO] skip non existing resourceDirectory C:\Users\betan\weather-app\src\main\resources
[INFO] 
[INFO] --- compiler:3.10.1:compile (default-compile) @ weather-app ---
[INFO] Nothing to compile - all classes are up to date
[INFO] 
[INFO] --- resources:3.3.1:testResources (default-testResources) @ weather-app ---
[INFO] skip non existing resourceDirectory C:\Users\betan\weather-app\src\test\resources
[INFO] 
[INFO] --- compiler:3.10.1:testCompile (default-testCompile) @ weather-app ---
[INFO] Nothing to compile - all classes are up to date
[INFO] 
[INFO] --- surefire:2.22.2:test (default-test) @ weather-app ---
[INFO] 
[INFO] -------------------------------------------------------
[INFO]  T E S T S
[INFO] -------------------------------------------------------
[INFO] Running com.weatherapp.cache.WeatherCacheTest
20:49:31.163 [main] INFO com.weatherapp.cache.WeatherCache - WeatherCache inicializado con TTL: 2000ms (0 minutos)
20:49:31.174 [main] INFO com.weatherapp.cache.WeatherCache - WeatherCache inicializado con TTL: 500ms (0 minutos)
20:49:31.175 [main] DEBUG com.weatherapp.cache.WeatherCache - ? Datos almacenados en cachÚ para 'madrid'
20:49:31.175 [main] DEBUG com.weatherapp.cache.WeatherCache - ? CachÚ HIT para 'madrid' (edad: 0ms)
20:49:31.795 [main] DEBUG com.weatherapp.cache.WeatherCache - ? CachÚ EXPIRADO para 'madrid' (edad: 620ms, TTL: 500ms)
20:49:31.802 [main] INFO com.weatherapp.cache.WeatherCache - WeatherCache inicializado con TTL: 2000ms (0 minutos)
20:49:31.802 [main] DEBUG com.weatherapp.cache.WeatherCache - ? Datos almacenados en cachÚ para 'madrid'
20:49:31.802 [main] DEBUG com.weatherapp.cache.WeatherCache - ? Datos almacenados en cachÚ para 'barcelona'
20:49:31.804 [main] INFO com.weatherapp.cache.WeatherCache - WeatherCache inicializado con TTL: 2000ms (0 minutos)
20:49:31.805 [main] INFO com.weatherapp.cache.WeatherCache - WeatherCache inicializado con TTL: 2000ms (0 minutos)
20:49:31.805 [main] DEBUG com.weatherapp.cache.WeatherCache - ? Datos almacenados en cachÚ para 'madrid'
20:49:31.805 [main] DEBUG com.weatherapp.cache.WeatherCache - ? Datos almacenados en cachÚ para 'barcelona'
20:49:31.805 [main] DEBUG com.weatherapp.cache.WeatherCache - ? Datos almacenados en cachÚ para 'valencia'
20:49:31.805 [main] DEBUG com.weatherapp.cache.WeatherCache - ? CachÚ HIT para 'madrid' (edad: 0ms)
20:49:31.807 [main] DEBUG com.weatherapp.cache.WeatherCache - ? CachÚ HIT para 'barcelona' (edad: 2ms)
20:49:31.807 [main] DEBUG com.weatherapp.cache.WeatherCache - ? CachÚ HIT para 'valencia' (edad: 2ms)
20:49:31.808 [main] INFO com.weatherapp.cache.WeatherCache - WeatherCache inicializado con TTL: 2000ms (0 minutos)
20:49:31.808 [main] DEBUG com.weatherapp.cache.WeatherCache - ? CachÚ MISS para 'ciudadinexistente'
20:49:31.809 [main] INFO com.weatherapp.cache.WeatherCache - WeatherCache inicializado con TTL: 2000ms (0 minutos)
20:49:31.809 [main] DEBUG com.weatherapp.cache.WeatherCache - ? Datos almacenados en cachÚ para 'madrid'
20:49:31.809 [main] DEBUG com.weatherapp.cache.WeatherCache - ? CachÚ HIT para 'madrid' (edad: 0ms)
20:49:33.916 [main] DEBUG com.weatherapp.cache.WeatherCache - ? CachÚ EXPIRADO para 'madrid' (edad: 2107ms, TTL: 2000ms)
20:49:33.916 [main] INFO com.weatherapp.cache.WeatherCache - WeatherCache inicializado con TTL: 2000ms (0 minutos)
20:49:33.916 [main] DEBUG com.weatherapp.cache.WeatherCache - ? Datos almacenados en cachÚ para 'madrid'
20:49:33.917 [main] DEBUG com.weatherapp.cache.WeatherCache - ? CachÚ HIT para 'madrid' (edad: 1ms)
20:49:33.917 [main] INFO com.weatherapp.cache.WeatherCache - WeatherCache inicializado con TTL: 2000ms (0 minutos)
20:49:33.917 [main] DEBUG com.weatherapp.cache.WeatherCache - ? Datos almacenados en cachÚ para 'madrid'
20:49:34.419 [main] DEBUG com.weatherapp.cache.WeatherCache - ? CachÚ HIT para 'madrid' (edad: 502ms)
20:49:34.420 [main] INFO com.weatherapp.cache.WeatherCache - WeatherCache inicializado con TTL: 2000ms (0 minutos)
20:49:34.420 [main] DEBUG com.weatherapp.cache.WeatherCache - ? Datos almacenados en cachÚ para 'madrid'
20:49:34.427 [Thread-0] DEBUG com.weatherapp.cache.WeatherCache - ? CachÚ HIT para 'madrid' (edad: 7ms)
20:49:34.428 [Thread-1] DEBUG com.weatherapp.cache.WeatherCache - ? CachÚ HIT para 'madrid' (edad: 8ms)
20:49:34.428 [Thread-2] DEBUG com.weatherapp.cache.WeatherCache - ? CachÚ HIT para 'madrid' (edad: 8ms)
20:49:34.428 [Thread-3] DEBUG com.weatherapp.cache.WeatherCache - ? CachÚ HIT para 'madrid' (edad: 8ms)
20:49:34.429 [Thread-4] DEBUG com.weatherapp.cache.WeatherCache - ? CachÚ HIT para 'madrid' (edad: 9ms)
20:49:34.429 [Thread-5] DEBUG com.weatherapp.cache.WeatherCache - ? CachÚ HIT para 'madrid' (edad: 9ms)
20:49:34.431 [Thread-6] DEBUG com.weatherapp.cache.WeatherCache - ? CachÚ HIT para 'madrid' (edad: 11ms)
20:49:34.431 [Thread-7] DEBUG com.weatherapp.cache.WeatherCache - ? CachÚ HIT para 'madrid' (edad: 11ms)
20:49:34.431 [Thread-8] DEBUG com.weatherapp.cache.WeatherCache - ? CachÚ HIT para 'madrid' (edad: 11ms)
20:49:34.432 [Thread-9] DEBUG com.weatherapp.cache.WeatherCache - ? CachÚ HIT para 'madrid' (edad: 12ms)
20:49:34.433 [main] INFO com.weatherapp.cache.WeatherCache - WeatherCache inicializado con TTL: 2000ms (0 minutos)
20:49:34.433 [main] WARN com.weatherapp.cache.WeatherCache - Intento de poner en cachÚ con datos invßlidos: city=Madrid, data=null
20:49:34.433 [main] DEBUG com.weatherapp.cache.WeatherCache - ? CachÚ MISS para 'madrid'
20:49:34.433 [main] INFO com.weatherapp.cache.WeatherCache - WeatherCache inicializado con TTL: 2000ms (0 minutos)
20:49:34.433 [main] DEBUG com.weatherapp.cache.WeatherCache - ? Datos almacenados en cachÚ para 'madrid'
20:49:34.434 [main] DEBUG com.weatherapp.cache.WeatherCache - ? Datos almacenados en cachÚ para 'barcelona'
20:49:36.541 [main] INFO com.weatherapp.cache.WeatherCache - ? CachÚ limpiado: 2 entradas eliminadas (2 ? 0)
20:49:36.541 [main] INFO com.weatherapp.cache.WeatherCache - WeatherCache inicializado con TTL: 2000ms (0 minutos)
20:49:36.546 [Thread-11] DEBUG com.weatherapp.cache.WeatherCache - ? Datos almacenados en cachÚ para 'city1'
20:49:36.546 [Thread-12] DEBUG com.weatherapp.cache.WeatherCache - ? Datos almacenados en cachÚ para 'city2'
20:49:36.546 [Thread-10] DEBUG com.weatherapp.cache.WeatherCache - ? Datos almacenados en cachÚ para 'city0'
20:49:36.547 [Thread-13] DEBUG com.weatherapp.cache.WeatherCache - ? Datos almacenados en cachÚ para 'city3'
20:49:36.548 [Thread-14] DEBUG com.weatherapp.cache.WeatherCache - ? Datos almacenados en cachÚ para 'city4'
20:49:36.549 [Thread-15] DEBUG com.weatherapp.cache.WeatherCache - ? Datos almacenados en cachÚ para 'city5'
20:49:36.550 [Thread-16] DEBUG com.weatherapp.cache.WeatherCache - ? Datos almacenados en cachÚ para 'city6'
20:49:36.551 [Thread-17] DEBUG com.weatherapp.cache.WeatherCache - ? Datos almacenados en cachÚ para 'city7'
20:49:36.552 [Thread-18] DEBUG com.weatherapp.cache.WeatherCache - ? Datos almacenados en cachÚ para 'city8'
20:49:36.553 [Thread-19] DEBUG com.weatherapp.cache.WeatherCache - ? Datos almacenados en cachÚ para 'city9'
20:49:36.553 [main] INFO com.weatherapp.cache.WeatherCache - WeatherCache inicializado con TTL: 2000ms (0 minutos)
20:49:36.554 [main] WARN com.weatherapp.cache.WeatherCache - Intento de poner en cachÚ con datos invßlidos: city=null, data=WeatherData{ciudad='Madrid, Espa±a', temp=25,5░C, sensaci¾n=23,0░C, humedad=60%, viento=5,0 km/h, precipitaci¾n=0,0 mm, clima='?? Despejado'}
20:49:36.555 [main] WARN com.weatherapp.cache.WeatherCache - Intento de poner en cachÚ con datos invßlidos: city=, data=WeatherData{ciudad='Madrid, Espa±a', temp=25,5░C, sensaci¾n=23,0░C, humedad=60%, viento=5,0 km/h, precipitaci¾n=0,0 mm, clima='?? Despejado'}
20:49:36.555 [main] WARN com.weatherapp.cache.WeatherCache - Intento de poner en cachÚ con datos invßlidos: city=   , data=WeatherData{ciudad='Madrid, Espa±a', temp=25,5░C, sensaci¾n=23,0░C, humedad=60%, viento=5,0 km/h, precipitaci¾n=0,0 mm, clima='?? Despejado'}
20:49:36.556 [main] INFO com.weatherapp.cache.WeatherCache - WeatherCache inicializado con TTL: 2000ms (0 minutos)
20:49:36.556 [main] DEBUG com.weatherapp.cache.WeatherCache - ? Datos almacenados en cachÚ para 'madrid'
20:49:36.556 [main] DEBUG com.weatherapp.cache.WeatherCache - ? CachÚ HIT para 'madrid' (edad: 0ms)
20:49:36.556 [main] DEBUG com.weatherapp.cache.WeatherCache - ? CachÚ HIT para 'madrid' (edad: 0ms)
20:49:36.557 [main] DEBUG com.weatherapp.cache.WeatherCache - ? CachÚ HIT para 'madrid' (edad: 1ms)
20:49:36.557 [main] INFO com.weatherapp.cache.WeatherCache - WeatherCache inicializado con TTL: 2000ms (0 minutos)
20:49:36.557 [main] DEBUG com.weatherapp.cache.WeatherCache - ? Datos almacenados en cachÚ para 'madrid'
20:49:36.557 [main] DEBUG com.weatherapp.cache.WeatherCache - ? Datos almacenados en cachÚ para 'madrid'
20:49:36.557 [main] DEBUG com.weatherapp.cache.WeatherCache - ? CachÚ HIT para 'madrid' (edad: 0ms)
20:49:36.558 [main] INFO com.weatherapp.cache.WeatherCache - WeatherCache inicializado con TTL: 2000ms (0 minutos)
20:49:36.558 [main] DEBUG com.weatherapp.cache.WeatherCache - ? Datos almacenados en cachÚ para 'madrid'
20:49:36.558 [main] DEBUG com.weatherapp.cache.WeatherCache - ? Datos almacenados en cachÚ para 'barcelona'
20:49:36.558 [main] DEBUG com.weatherapp.cache.WeatherCache - ? Datos almacenados en cachÚ para 'valencia'
20:49:36.558 [main] INFO com.weatherapp.cache.WeatherCache - ? CachÚ completamente limpiado (3 entradas eliminadas)
20:49:36.558 [main] DEBUG com.weatherapp.cache.WeatherCache - ? CachÚ MISS para 'madrid'
[INFO] Tests run: 16, Failures: 0, Errors: 0, Skipped: 0, Time elapsed: 5.534 s - in com.weatherapp.cache.WeatherCacheTest
[INFO] Running com.weatherapp.client.OpenMeteoClientErrorTest
20:49:36.854 [main] WARN com.weatherapp.client.WeatherDataValidator - Validaci¾n de geolocalizaci¾n fallida: ? Longitud invßlida: -181,0000. Debe estar entre -180,0 y 180,0
20:49:36.876 [main] WARN com.weatherapp.client.WeatherDataValidator - Validaci¾n de geolocalizaci¾n fallida: ? Latitud invßlida: -91,0000. Debe estar entre -90,0 y 90,0
20:49:36.925 [main] WARN com.weatherapp.client.WeatherDataValidator - Validaci¾n de geolocalizaci¾n fallida: ? Longitud invßlida: 181,0000. Debe estar entre -180,0 y 180,0
20:49:36.935 [main] WARN com.weatherapp.client.WeatherDataValidator - Validaci¾n de geolocalizaci¾n fallida: ? Latitud invßlida: 91,0000. Debe estar entre -90,0 y 90,0
[INFO] Tests run: 26, Failures: 0, Errors: 0, Skipped: 0, Time elapsed: 0.356 s - in com.weatherapp.client.OpenMeteoClientErrorTest
[INFO] Running com.weatherapp.client.OpenMeteoClientGeocodeTest
20:49:36.944 [main] INFO com.weatherapp.client.OpenMeteoClient - Resolviendo ciudad: New York
20:49:36.944 [main] DEBUG com.weatherapp.client.OpenMeteoClient - Intento 1/3: GET https://geocoding-api.open-meteo.com/v1/search?name=New+York&language=es&limit=1
20:49:37.910 [main] DEBUG com.weatherapp.client.OpenMeteoClient - Respuesta exitosa (200 OK)
20:49:37.916 [main] DEBUG com.weatherapp.client.WeatherDataParser - Ciudad resuelta: York, Estados Unidos (40.86807, -97.592)
20:49:37.918 [main] INFO com.weatherapp.client.OpenMeteoClient - Resolviendo ciudad: Madrid
20:49:37.919 [main] DEBUG com.weatherapp.client.OpenMeteoClient - Intento 1/3: GET https://geocoding-api.open-meteo.com/v1/search?name=Madrid&language=es&limit=1
20:49:38.692 [main] DEBUG com.weatherapp.client.OpenMeteoClient - Respuesta exitosa (200 OK)
20:49:38.693 [main] DEBUG com.weatherapp.client.WeatherDataParser - Ciudad resuelta: Madrid, Espa±a (40.4165, -3.70256)
20:49:38.693 [main] INFO com.weatherapp.client.OpenMeteoClient - Resolviendo ciudad: London
20:49:38.693 [main] DEBUG com.weatherapp.client.OpenMeteoClient - Intento 1/3: GET https://geocoding-api.open-meteo.com/v1/search?name=London&language=es&limit=1
20:49:38.883 [main] DEBUG com.weatherapp.client.OpenMeteoClient - Respuesta exitosa (200 OK)
20:49:38.884 [main] DEBUG com.weatherapp.client.WeatherDataParser - Ciudad resuelta: Londres, Reino Unido (51.50853, -0.12574)
20:49:38.884 [main] INFO com.weatherapp.client.OpenMeteoClient - Resolviendo ciudad: Paris
20:49:38.884 [main] DEBUG com.weatherapp.client.OpenMeteoClient - Intento 1/3: GET https://geocoding-api.open-meteo.com/v1/search?name=Paris&language=es&limit=1
20:49:39.089 [main] DEBUG com.weatherapp.client.OpenMeteoClient - Respuesta exitosa (200 OK)
20:49:39.090 [main] DEBUG com.weatherapp.client.WeatherDataParser - Ciudad resuelta: ParÝs, Francia (48.85341, 2.3488)
20:49:39.091 [main] INFO com.weatherapp.client.OpenMeteoClient - Resolviendo ciudad: New York
20:49:39.091 [main] DEBUG com.weatherapp.client.OpenMeteoClient - Intento 1/3: GET https://geocoding-api.open-meteo.com/v1/search?name=New+York&language=es&limit=1
20:49:39.281 [main] DEBUG com.weatherapp.client.OpenMeteoClient - Respuesta exitosa (200 OK)
20:49:39.281 [main] DEBUG com.weatherapp.client.WeatherDataParser - Ciudad resuelta: York, Estados Unidos (40.86807, -97.592)
20:49:39.292 [main] INFO com.weatherapp.client.OpenMeteoClient - Resolviendo ciudad: SÒo Paulo
20:49:39.292 [main] DEBUG com.weatherapp.client.OpenMeteoClient - Intento 1/3: GET https://geocoding-api.open-meteo.com/v1/search?name=S%C3%A3o+Paulo&language=es&limit=1
20:49:40.101 [main] DEBUG com.weatherapp.client.OpenMeteoClient - Respuesta exitosa (200 OK)
20:49:40.101 [main] DEBUG com.weatherapp.client.WeatherDataParser - Ciudad resuelta: SÒo Paulo, Brasil (-23.5475, -46.63611)
20:49:40.104 [main] INFO com.weatherapp.client.OpenMeteoClient - Resolviendo ciudad: Madrid
20:49:40.104 [main] DEBUG com.weatherapp.client.OpenMeteoClient - Intento 1/3: GET https://geocoding-api.open-meteo.com/v1/search?name=Madrid&language=es&limit=1
20:49:40.881 [main] DEBUG com.weatherapp.client.OpenMeteoClient - Respuesta exitosa (200 OK)
20:49:40.882 [main] DEBUG com.weatherapp.client.WeatherDataParser - Ciudad resuelta: Madrid, Espa±a (40.4165, -3.70256)
20:49:40.889 [main] INFO com.weatherapp.client.OpenMeteoClient - Resolviendo ciudad: Nueva York
20:49:40.889 [main] DEBUG com.weatherapp.client.OpenMeteoClient - Intento 1/3: GET https://geocoding-api.open-meteo.com/v1/search?name=Nueva+York&language=es&limit=1
20:49:41.656 [main] DEBUG com.weatherapp.client.OpenMeteoClient - Respuesta exitosa (200 OK)
20:49:41.656 [main] DEBUG com.weatherapp.client.WeatherDataParser - Ciudad resuelta: Nueva York, Estados Unidos (40.71427, -74.00597)
20:49:41.659 [main] INFO com.weatherapp.client.OpenMeteoClient - Resolviendo ciudad: Mexico
20:49:41.660 [main] DEBUG com.weatherapp.client.OpenMeteoClient - Intento 1/3: GET https://geocoding-api.open-meteo.com/v1/search?name=Mexico&language=es&limit=1
20:49:42.437 [main] DEBUG com.weatherapp.client.OpenMeteoClient - Respuesta exitosa (200 OK)
20:49:42.437 [main] DEBUG com.weatherapp.client.WeatherDataParser - Ciudad resuelta: MÚxico, MÚxico (23.0, -102.0)
20:49:42.440 [main] INFO com.weatherapp.client.OpenMeteoClient - Resolviendo ciudad: Springfield
20:49:42.440 [main] DEBUG com.weatherapp.client.OpenMeteoClient - Intento 1/3: GET https://geocoding-api.open-meteo.com/v1/search?name=Springfield&language=es&limit=1
20:49:43.857 [main] DEBUG com.weatherapp.client.OpenMeteoClient - Respuesta exitosa (200 OK)
20:49:43.858 [main] DEBUG com.weatherapp.client.WeatherDataParser - Ciudad resuelta: Springfield, Estados Unidos (37.21533, -93.29824)
20:49:43.861 [main] INFO com.weatherapp.client.OpenMeteoClient - Resolviendo ciudad: Madrid
20:49:43.861 [main] DEBUG com.weatherapp.client.OpenMeteoClient - Intento 1/3: GET https://geocoding-api.open-meteo.com/v1/search?name=Madrid&language=es&limit=1
20:49:44.642 [main] DEBUG com.weatherapp.client.OpenMeteoClient - Respuesta exitosa (200 OK)
20:49:44.643 [main] DEBUG com.weatherapp.client.WeatherDataParser - Ciudad resuelta: Madrid, Espa±a (40.4165, -3.70256)
20:49:44.643 [main] INFO com.weatherapp.client.OpenMeteoClient - Resolviendo ciudad: Madrid
20:49:44.643 [main] DEBUG com.weatherapp.client.OpenMeteoClient - Intento 1/3: GET https://geocoding-api.open-meteo.com/v1/search?name=Madrid&language=es&limit=1
20:49:44.837 [main] DEBUG com.weatherapp.client.OpenMeteoClient - Respuesta exitosa (200 OK)
20:49:44.837 [main] DEBUG com.weatherapp.client.WeatherDataParser - Ciudad resuelta: Madrid, Espa±a (40.4165, -3.70256)
20:49:44.842 [main] INFO com.weatherapp.client.OpenMeteoClient - Resolviendo ciudad: Rio de Janeiro
20:49:44.842 [main] DEBUG com.weatherapp.client.OpenMeteoClient - Intento 1/3: GET https://geocoding-api.open-meteo.com/v1/search?name=Rio+de+Janeiro&language=es&limit=1
20:49:45.688 [main] DEBUG com.weatherapp.client.OpenMeteoClient - Respuesta exitosa (200 OK)
20:49:45.688 [main] DEBUG com.weatherapp.client.WeatherDataParser - Ciudad resuelta: RÝo de Janeiro, Brasil (-22.90642, -43.18223)
20:49:45.691 [main] INFO com.weatherapp.client.OpenMeteoClient - Resolviendo ciudad: Los Angeles
20:49:45.691 [main] DEBUG com.weatherapp.client.OpenMeteoClient - Intento 1/3: GET https://geocoding-api.open-meteo.com/v1/search?name=Los+Angeles&language=es&limit=1
20:49:46.543 [main] DEBUG com.weatherapp.client.OpenMeteoClient - Respuesta exitosa (200 OK)
20:49:46.544 [main] DEBUG com.weatherapp.client.WeatherDataParser - Ciudad resuelta: Los ┴ngeles, Estados Unidos (34.05223, -118.24368)
20:49:46.546 [main] INFO com.weatherapp.client.OpenMeteoClient - Resolviendo ciudad: London
20:49:46.546 [main] DEBUG com.weatherapp.client.OpenMeteoClient - Intento 1/3: GET https://geocoding-api.open-meteo.com/v1/search?name=London&language=es&limit=1
20:49:47.386 [main] DEBUG com.weatherapp.client.OpenMeteoClient - Respuesta exitosa (200 OK)
20:49:47.387 [main] DEBUG com.weatherapp.client.WeatherDataParser - Ciudad resuelta: Londres, Reino Unido (51.50853, -0.12574)
20:49:47.390 [main] INFO com.weatherapp.client.OpenMeteoClient - Resolviendo ciudad: Paris
20:49:47.390 [main] DEBUG com.weatherapp.client.OpenMeteoClient - Intento 1/3: GET https://geocoding-api.open-meteo.com/v1/search?name=Paris&language=es&limit=1
20:49:48.261 [main] DEBUG com.weatherapp.client.OpenMeteoClient - Respuesta exitosa (200 OK)
20:49:48.261 [main] DEBUG com.weatherapp.client.WeatherDataParser - Ciudad resuelta: ParÝs, Francia (48.85341, 2.3488)
20:49:48.263 [main] INFO com.weatherapp.client.OpenMeteoClient - Resolviendo ciudad: Madrid
20:49:48.263 [main] DEBUG com.weatherapp.client.OpenMeteoClient - Intento 1/3: GET https://geocoding-api.open-meteo.com/v1/search?name=Madrid&language=es&limit=1
20:49:48.987 [main] DEBUG com.weatherapp.client.OpenMeteoClient - Respuesta exitosa (200 OK)
20:49:48.987 [main] DEBUG com.weatherapp.client.WeatherDataParser - Ciudad resuelta: Madrid, Espa±a (40.4165, -3.70256)
20:49:48.990 [main] INFO com.weatherapp.client.OpenMeteoClient - Resolviendo ciudad: Tokyo
20:49:48.991 [main] DEBUG com.weatherapp.client.OpenMeteoClient - Intento 1/3: GET https://geocoding-api.open-meteo.com/v1/search?name=Tokyo&language=es&limit=1
20:49:49.758 [main] DEBUG com.weatherapp.client.OpenMeteoClient - Respuesta exitosa (200 OK)
20:49:49.759 [main] DEBUG com.weatherapp.client.WeatherDataParser - Ciudad resuelta: Tokio, Jap¾n (35.6895, 139.69171)
20:49:49.763 [main] INFO com.weatherapp.client.OpenMeteoClient - Resolviendo ciudad: Madrid
20:49:49.763 [main] DEBUG com.weatherapp.client.OpenMeteoClient - Intento 1/3: GET https://geocoding-api.open-meteo.com/v1/search?name=Madrid&language=es&limit=1
20:49:50.558 [main] DEBUG com.weatherapp.client.OpenMeteoClient - Respuesta exitosa (200 OK)
20:49:50.558 [main] DEBUG com.weatherapp.client.WeatherDataParser - Ciudad resuelta: Madrid, Espa±a (40.4165, -3.70256)
20:49:50.558 [main] INFO com.weatherapp.client.OpenMeteoClient - Resolviendo ciudad:   Madrid  
20:49:50.558 [main] DEBUG com.weatherapp.client.OpenMeteoClient - Intento 1/3: GET https://geocoding-api.open-meteo.com/v1/search?name=Madrid&language=es&limit=1
20:49:50.750 [main] DEBUG com.weatherapp.client.OpenMeteoClient - Respuesta exitosa (200 OK)
20:49:50.750 [main] DEBUG com.weatherapp.client.WeatherDataParser - Ciudad resuelta: Madrid, Espa±a (40.4165, -3.70256)
20:49:50.753 [main] INFO com.weatherapp.client.OpenMeteoClient - Resolviendo ciudad: Madrid
20:49:50.753 [main] DEBUG com.weatherapp.client.OpenMeteoClient - Intento 1/3: GET https://geocoding-api.open-meteo.com/v1/search?name=Madrid&language=es&limit=1
20:49:51.496 [main] DEBUG com.weatherapp.client.OpenMeteoClient - Respuesta exitosa (200 OK)
20:49:51.496 [main] DEBUG com.weatherapp.client.WeatherDataParser - Ciudad resuelta: Madrid, Espa±a (40.4165, -3.70256)
20:49:51.502 [main] INFO com.weatherapp.client.OpenMeteoClient - Resolviendo ciudad: Zurich
20:49:51.502 [main] DEBUG com.weatherapp.client.OpenMeteoClient - Intento 1/3: GET https://geocoding-api.open-meteo.com/v1/search?name=Zurich&language=es&limit=1
20:49:52.275 [main] DEBUG com.weatherapp.client.OpenMeteoClient - Respuesta exitosa (200 OK)
20:49:52.276 [main] DEBUG com.weatherapp.client.WeatherDataParser - Ciudad resuelta: Z·rich, Suiza (47.36667, 8.55)
20:49:52.279 [main] INFO com.weatherapp.client.OpenMeteoClient - Resolviendo ciudad: XYZ123NoExistsCity
20:49:52.279 [main] DEBUG com.weatherapp.client.OpenMeteoClient - Intento 1/3: GET https://geocoding-api.open-meteo.com/v1/search?name=XYZ123NoExistsCity&language=es&limit=1
20:49:53.115 [main] DEBUG com.weatherapp.client.OpenMeteoClient - Respuesta exitosa (200 OK)
[INFO] Tests run: 21, Failures: 0, Errors: 0, Skipped: 0, Time elapsed: 16.176 s - in com.weatherapp.client.OpenMeteoClientGeocodeTest
[INFO] Running com.weatherapp.client.OpenMeteoClientWeatherTest
20:49:53.120 [main] INFO com.weatherapp.client.OpenMeteoClient - Obteniendo datos climßticos para: Madrid
20:49:53.120 [main] DEBUG com.weatherapp.client.OpenMeteoClient - Intento 1/3: GET https://api.open-meteo.com/v1/forecast?latitude=40.4168&longitude=-3.7038&current=temperature_2m,apparent_temperature,relative_humidity_2m,weather_code,wind_speed_10m,precipitation&temperature_unit=celsius
20:49:58.864 [main] DEBUG com.weatherapp.client.OpenMeteoClient - Respuesta exitosa (200 OK)
20:49:58.865 [main] DEBUG com.weatherapp.client.WeatherDataParser - Clima obtenido: 8.2 - ?? Despejado
20:49:58.869 [main] INFO com.weatherapp.client.OpenMeteoClient - Obteniendo datos climßticos para: South Pole
20:49:58.869 [main] DEBUG com.weatherapp.client.OpenMeteoClient - Intento 1/3: GET https://api.open-meteo.com/v1/forecast?latitude=-90.0000&longitude=0.0000&current=temperature_2m,apparent_temperature,relative_humidity_2m,weather_code,wind_speed_10m,precipitation&temperature_unit=celsius
20:50:02.502 [main] DEBUG com.weatherapp.client.OpenMeteoClient - Respuesta exitosa (200 OK)
20:50:02.503 [main] DEBUG com.weatherapp.client.WeatherDataParser - Clima obtenido: -56.8 - ?? Mayormente despejado
20:50:02.507 [main] INFO com.weatherapp.client.OpenMeteoClient - Obteniendo datos climßticos para: Singapore
20:50:02.507 [main] DEBUG com.weatherapp.client.OpenMeteoClient - Intento 1/3: GET https://api.open-meteo.com/v1/forecast?latitude=1.3521&longitude=103.8198&current=temperature_2m,apparent_temperature,relative_humidity_2m,weather_code,wind_speed_10m,precipitation&temperature_unit=celsius
20:50:04.645 [main] DEBUG com.weatherapp.client.OpenMeteoClient - Respuesta exitosa (200 OK)
20:50:04.645 [main] DEBUG com.weatherapp.client.WeatherDataParser - Clima obtenido: 28.2 - ?? Mayormente despejado
20:50:04.647 [main] INFO com.weatherapp.client.OpenMeteoClient - Obteniendo datos climßticos para: North Pole
20:50:04.647 [main] DEBUG com.weatherapp.client.OpenMeteoClient - Intento 1/3: GET https://api.open-meteo.com/v1/forecast?latitude=90.0000&longitude=0.0000&current=temperature_2m,apparent_temperature,relative_humidity_2m,weather_code,wind_speed_10m,precipitation&temperature_unit=celsius
20:50:06.390 [main] DEBUG com.weatherapp.client.OpenMeteoClient - Respuesta exitosa (200 OK)
20:50:06.390 [main] DEBUG com.weatherapp.client.WeatherDataParser - Clima obtenido: -22.1 - ?? Mayormente despejado
20:50:06.393 [main] INFO com.weatherapp.client.OpenMeteoClient - Obteniendo datos climßticos para: Madrid
20:50:06.393 [main] DEBUG com.weatherapp.client.OpenMeteoClient - Intento 1/3: GET https://api.open-meteo.com/v1/forecast?latitude=40.4168&longitude=-3.7038&current=temperature_2m,apparent_temperature,relative_humidity_2m,weather_code,wind_speed_10m,precipitation&temperature_unit=celsius
20:50:07.738 [main] DEBUG com.weatherapp.client.OpenMeteoClient - Respuesta exitosa (200 OK)
20:50:07.738 [main] DEBUG com.weatherapp.client.WeatherDataParser - Clima obtenido: 8.2 - ?? Despejado
20:50:07.741 [main] INFO com.weatherapp.client.OpenMeteoClient - Obteniendo datos climßticos para: Madrid
20:50:07.742 [main] DEBUG com.weatherapp.client.OpenMeteoClient - Intento 1/3: GET https://api.open-meteo.com/v1/forecast?latitude=40.4168&longitude=-3.7038&current=temperature_2m,apparent_temperature,relative_humidity_2m,weather_code,wind_speed_10m,precipitation&temperature_unit=celsius
20:50:08.819 [main] DEBUG com.weatherapp.client.OpenMeteoClient - Respuesta exitosa (200 OK)
20:50:08.819 [main] DEBUG com.weatherapp.client.WeatherDataParser - Clima obtenido: 8.2 - ?? Despejado
20:50:08.823 [main] INFO com.weatherapp.client.OpenMeteoClient - Obteniendo datos climßticos para: Madrid
20:50:08.823 [main] DEBUG com.weatherapp.client.OpenMeteoClient - Intento 1/3: GET https://api.open-meteo.com/v1/forecast?latitude=40.4168&longitude=-3.7038&current=temperature_2m,apparent_temperature,relative_humidity_2m,weather_code,wind_speed_10m,precipitation&temperature_unit=celsius
20:50:09.700 [main] DEBUG com.weatherapp.client.OpenMeteoClient - Respuesta exitosa (200 OK)
20:50:09.700 [main] DEBUG com.weatherapp.client.WeatherDataParser - Clima obtenido: 8.2 - ?? Despejado
20:50:09.709 [main] WARN com.weatherapp.client.WeatherDataValidator - Validaci¾n de geolocalizaci¾n fallida: ? Latitud invßlida: 91,0000. Debe estar entre -90,0 y 90,0
20:50:09.712 [main] INFO com.weatherapp.client.OpenMeteoClient - Obteniendo datos climßticos para: South Pole
20:50:09.712 [main] DEBUG com.weatherapp.client.OpenMeteoClient - Intento 1/3: GET https://api.open-meteo.com/v1/forecast?latitude=-90.0000&longitude=0.0000&current=temperature_2m,apparent_temperature,relative_humidity_2m,weather_code,wind_speed_10m,precipitation&temperature_unit=celsius
20:50:10.591 [main] DEBUG com.weatherapp.client.OpenMeteoClient - Respuesta exitosa (200 OK)
20:50:10.591 [main] DEBUG com.weatherapp.client.WeatherDataParser - Clima obtenido: -56.8 - ?? Mayormente despejado
20:50:10.595 [main] WARN com.weatherapp.client.WeatherDataValidator - Validaci¾n de geolocalizaci¾n fallida: ? Longitud invßlida: -181,0000. Debe estar entre -180,0 y 180,0
20:50:10.599 [main] INFO com.weatherapp.client.OpenMeteoClient - Obteniendo datos climßticos para: Date Line East
20:50:10.599 [main] DEBUG com.weatherapp.client.OpenMeteoClient - Intento 1/3: GET https://api.open-meteo.com/v1/forecast?latitude=0.0000&longitude=180.0000&current=temperature_2m,apparent_temperature,relative_humidity_2m,weather_code,wind_speed_10m,precipitation&temperature_unit=celsius
20:50:11.425 [main] DEBUG com.weatherapp.client.OpenMeteoClient - Respuesta exitosa (200 OK)
20:50:11.425 [main] DEBUG com.weatherapp.client.WeatherDataParser - Clima obtenido: 28.4 - ?? Mayormente despejado
20:50:11.428 [main] INFO com.weatherapp.client.OpenMeteoClient - Obteniendo datos climßticos para: Madrid
20:50:11.428 [main] DEBUG com.weatherapp.client.OpenMeteoClient - Intento 1/3: GET https://api.open-meteo.com/v1/forecast?latitude=40.4168&longitude=-3.7038&current=temperature_2m,apparent_temperature,relative_humidity_2m,weather_code,wind_speed_10m,precipitation&temperature_unit=celsius
20:50:12.204 [main] DEBUG com.weatherapp.client.OpenMeteoClient - Respuesta exitosa (200 OK)
20:50:12.205 [main] DEBUG com.weatherapp.client.WeatherDataParser - Clima obtenido: 8.2 - ?? Despejado
20:50:12.207 [main] INFO com.weatherapp.client.OpenMeteoClient - Obteniendo datos climßticos para: Madrid
20:50:12.207 [main] DEBUG com.weatherapp.client.OpenMeteoClient - Intento 1/3: GET https://api.open-meteo.com/v1/forecast?latitude=40.4168&longitude=-3.7038&current=temperature_2m,apparent_temperature,relative_humidity_2m,weather_code,wind_speed_10m,precipitation&temperature_unit=celsius
20:50:13.087 [main] DEBUG com.weatherapp.client.OpenMeteoClient - Respuesta exitosa (200 OK)
20:50:13.087 [main] DEBUG com.weatherapp.client.WeatherDataParser - Clima obtenido: 8.2 - ?? Despejado
20:50:13.087 [main] INFO com.weatherapp.client.OpenMeteoClient - Obteniendo datos climßticos para: Madrid
20:50:13.087 [main] DEBUG com.weatherapp.client.OpenMeteoClient - Intento 1/3: GET https://api.open-meteo.com/v1/forecast?latitude=40.4168&longitude=-3.7038&current=temperature_2m,apparent_temperature,relative_humidity_2m,weather_code,wind_speed_10m,precipitation&temperature_unit=celsius
20:50:13.292 [main] DEBUG com.weatherapp.client.OpenMeteoClient - Respuesta exitosa (200 OK)
20:50:13.292 [main] DEBUG com.weatherapp.client.WeatherDataParser - Clima obtenido: 8.2 - ?? Despejado
20:50:13.299 [main] INFO com.weatherapp.client.OpenMeteoClient - Obteniendo datos climßticos para: Madrid
20:50:13.299 [main] DEBUG com.weatherapp.client.OpenMeteoClient - Intento 1/3: GET https://api.open-meteo.com/v1/forecast?latitude=40.4168&longitude=-3.7038&current=temperature_2m,apparent_temperature,relative_humidity_2m,weather_code,wind_speed_10m,precipitation&temperature_unit=celsius
20:50:14.185 [main] DEBUG com.weatherapp.client.OpenMeteoClient - Respuesta exitosa (200 OK)
20:50:14.185 [main] DEBUG com.weatherapp.client.WeatherDataParser - Clima obtenido: 8.2 - ?? Despejado
20:50:14.185 [main] INFO com.weatherapp.client.OpenMeteoClient - Obteniendo datos climßticos para: Madrid
20:50:14.185 [main] DEBUG com.weatherapp.client.OpenMeteoClient - Intento 1/3: GET https://api.open-meteo.com/v1/forecast?latitude=40.4168&longitude=-3.7038&current=temperature_2m,apparent_temperature,relative_humidity_2m,weather_code,wind_speed_10m,precipitation&temperature_unit=fahrenheit
20:50:14.393 [main] DEBUG com.weatherapp.client.OpenMeteoClient - Respuesta exitosa (200 OK)
20:50:14.394 [main] DEBUG com.weatherapp.client.WeatherDataParser - Clima obtenido: 46.8 - ?? Despejado
20:50:14.405 [main] INFO com.weatherapp.client.OpenMeteoClient - Obteniendo datos climßticos para: Madrid
20:50:14.406 [main] DEBUG com.weatherapp.client.OpenMeteoClient - Intento 1/3: GET https://api.open-meteo.com/v1/forecast?latitude=40.4168&longitude=-3.7038&current=temperature_2m,apparent_temperature,relative_humidity_2m,weather_code,wind_speed_10m,precipitation&temperature_unit=celsius
20:50:15.203 [main] DEBUG com.weatherapp.client.OpenMeteoClient - Respuesta exitosa (200 OK)
20:50:15.203 [main] DEBUG com.weatherapp.client.WeatherDataParser - Clima obtenido: 8.2 - ?? Despejado
20:50:15.206 [main] WARN com.weatherapp.client.WeatherDataValidator - Validaci¾n de geolocalizaci¾n fallida: ? Longitud invßlida: 181,0000. Debe estar entre -180,0 y 180,0
20:50:15.208 [main] INFO com.weatherapp.client.OpenMeteoClient - Obteniendo datos climßticos para: Madrid
20:50:15.208 [main] DEBUG com.weatherapp.client.OpenMeteoClient - Intento 1/3: GET https://api.open-meteo.com/v1/forecast?latitude=40.4168&longitude=-3.7038&current=temperature_2m,apparent_temperature,relative_humidity_2m,weather_code,wind_speed_10m,precipitation&temperature_unit=celsius
20:50:16.003 [main] DEBUG com.weatherapp.client.OpenMeteoClient - Respuesta exitosa (200 OK)
20:50:16.003 [main] DEBUG com.weatherapp.client.WeatherDataParser - Clima obtenido: 8.2 - ?? Despejado
20:50:16.007 [main] INFO com.weatherapp.client.OpenMeteoClient - Obteniendo datos climßticos para: Madrid
20:50:16.007 [main] DEBUG com.weatherapp.client.OpenMeteoClient - Intento 1/3: GET https://api.open-meteo.com/v1/forecast?latitude=40.4168&longitude=-3.7038&current=temperature_2m,apparent_temperature,relative_humidity_2m,weather_code,wind_speed_10m,precipitation&temperature_unit=celsius
20:50:16.797 [main] DEBUG com.weatherapp.client.OpenMeteoClient - Respuesta exitosa (200 OK)
20:50:16.798 [main] DEBUG com.weatherapp.client.WeatherDataParser - Clima obtenido: 8.2 - ?? Despejado
20:50:16.804 [main] INFO com.weatherapp.client.OpenMeteoClient - Obteniendo datos climßticos para: Stockholm
20:50:16.804 [main] DEBUG com.weatherapp.client.OpenMeteoClient - Intento 1/3: GET https://api.open-meteo.com/v1/forecast?latitude=59.3293&longitude=18.0686&current=temperature_2m,apparent_temperature,relative_humidity_2m,weather_code,wind_speed_10m,precipitation&temperature_unit=celsius
20:50:17.687 [main] DEBUG com.weatherapp.client.OpenMeteoClient - Respuesta exitosa (200 OK)
20:50:17.688 [main] DEBUG com.weatherapp.client.WeatherDataParser - Clima obtenido: 7.4 - ?? Llovizna
20:50:17.694 [main] INFO com.weatherapp.client.OpenMeteoClient - Obteniendo datos climßticos para: London
20:50:17.694 [main] DEBUG com.weatherapp.client.OpenMeteoClient - Intento 1/3: GET https://api.open-meteo.com/v1/forecast?latitude=51.5074&longitude=-0.1278&current=temperature_2m,apparent_temperature,relative_humidity_2m,weather_code,wind_speed_10m,precipitation&temperature_unit=celsius
20:50:18.571 [main] DEBUG com.weatherapp.client.OpenMeteoClient - Respuesta exitosa (200 OK)
20:50:18.571 [main] DEBUG com.weatherapp.client.WeatherDataParser - Clima obtenido: 7.8 - ?? Despejado
20:50:18.575 [main] INFO com.weatherapp.client.OpenMeteoClient - Obteniendo datos climßticos para: Madrid
20:50:18.575 [main] DEBUG com.weatherapp.client.OpenMeteoClient - Intento 1/3: GET https://api.open-meteo.com/v1/forecast?latitude=40.4168&longitude=-3.7038&current=temperature_2m,apparent_temperature,relative_humidity_2m,weather_code,wind_speed_10m,precipitation&temperature_unit=celsius
20:50:19.384 [main] DEBUG com.weatherapp.client.OpenMeteoClient - Respuesta exitosa (200 OK)
20:50:19.384 [main] DEBUG com.weatherapp.client.WeatherDataParser - Clima obtenido: 8.2 - ?? Despejado
20:50:19.385 [main] INFO com.weatherapp.client.OpenMeteoClient - Obteniendo datos climßticos para: Madrid
20:50:19.385 [main] DEBUG com.weatherapp.client.OpenMeteoClient - Intento 1/3: GET https://api.open-meteo.com/v1/forecast?latitude=40.4168&longitude=-3.7038&current=temperature_2m,apparent_temperature,relative_humidity_2m,weather_code,wind_speed_10m,precipitation&temperature_unit=kelvin
20:50:19.593 [main] WARN com.weatherapp.client.OpenMeteoClient - Error HTTP 400
20:50:19.593 [main] DEBUG com.weatherapp.client.OpenMeteoClient - Reintentando en 1000ms...
20:50:20.602 [main] DEBUG com.weatherapp.client.OpenMeteoClient - Intento 2/3: GET https://api.open-meteo.com/v1/forecast?latitude=40.4168&longitude=-3.7038&current=temperature_2m,apparent_temperature,relative_humidity_2m,weather_code,wind_speed_10m,precipitation&temperature_unit=kelvin
20:50:20.824 [main] WARN com.weatherapp.client.OpenMeteoClient - Error HTTP 400
20:50:20.824 [main] DEBUG com.weatherapp.client.OpenMeteoClient - Reintentando en 2000ms...
20:50:22.839 [main] DEBUG com.weatherapp.client.OpenMeteoClient - Intento 3/3: GET https://api.open-meteo.com/v1/forecast?latitude=40.4168&longitude=-3.7038&current=temperature_2m,apparent_temperature,relative_humidity_2m,weather_code,wind_speed_10m,precipitation&temperature_unit=kelvin
20:50:23.057 [main] WARN com.weatherapp.client.OpenMeteoClient - Error HTTP 400
20:50:23.057 [main] ERROR com.weatherapp.client.OpenMeteoClient - Error: No se pudo completar la solicitud despuÚs de 3 intentos
20:50:23.060 [main] INFO com.weatherapp.client.OpenMeteoClient - Obteniendo datos climßticos para: Madrid, Espa±a
20:50:23.060 [main] DEBUG com.weatherapp.client.OpenMeteoClient - Intento 1/3: GET https://api.open-meteo.com/v1/forecast?latitude=40.4168&longitude=-3.7038&current=temperature_2m,apparent_temperature,relative_humidity_2m,weather_code,wind_speed_10m,precipitation&temperature_unit=celsius
20:50:23.861 [main] DEBUG com.weatherapp.client.OpenMeteoClient - Respuesta exitosa (200 OK)
20:50:23.861 [main] DEBUG com.weatherapp.client.WeatherDataParser - Clima obtenido: 8.2 - ?? Despejado
20:50:23.868 [main] INFO com.weatherapp.client.OpenMeteoClient - Obteniendo datos climßticos para: Madrid
20:50:23.868 [main] DEBUG com.weatherapp.client.OpenMeteoClient - Intento 1/3: GET https://api.open-meteo.com/v1/forecast?latitude=40.4168&longitude=-3.7038&current=temperature_2m,apparent_temperature,relative_humidity_2m,weather_code,wind_speed_10m,precipitation&temperature_unit=kelvin
20:50:24.921 [main] WARN com.weatherapp.client.OpenMeteoClient - Error HTTP 400
20:50:24.921 [main] DEBUG com.weatherapp.client.OpenMeteoClient - Reintentando en 1000ms...
20:50:25.932 [main] DEBUG com.weatherapp.client.OpenMeteoClient - Intento 2/3: GET https://api.open-meteo.com/v1/forecast?latitude=40.4168&longitude=-3.7038&current=temperature_2m,apparent_temperature,relative_humidity_2m,weather_code,wind_speed_10m,precipitation&temperature_unit=kelvin
20:50:26.126 [main] WARN com.weatherapp.client.OpenMeteoClient - Error HTTP 400
20:50:26.127 [main] DEBUG com.weatherapp.client.OpenMeteoClient - Reintentando en 2000ms...
20:50:28.138 [main] DEBUG com.weatherapp.client.OpenMeteoClient - Intento 3/3: GET https://api.open-meteo.com/v1/forecast?latitude=40.4168&longitude=-3.7038&current=temperature_2m,apparent_temperature,relative_humidity_2m,weather_code,wind_speed_10m,precipitation&temperature_unit=kelvin
20:50:28.343 [main] WARN com.weatherapp.client.OpenMeteoClient - Error HTTP 400
20:50:28.343 [main] ERROR com.weatherapp.client.OpenMeteoClient - Error: No se pudo completar la solicitud despuÚs de 3 intentos
20:50:28.346 [main] INFO com.weatherapp.client.OpenMeteoClient - Obteniendo datos climßticos para: Madrid
20:50:28.347 [main] DEBUG com.weatherapp.client.OpenMeteoClient - Intento 1/3: GET https://api.open-meteo.com/v1/forecast?latitude=40.4168&longitude=-3.7038&current=temperature_2m,apparent_temperature,relative_humidity_2m,weather_code,wind_speed_10m,precipitation&temperature_unit=celsius
20:50:29.214 [main] DEBUG com.weatherapp.client.OpenMeteoClient - Respuesta exitosa (200 OK)
20:50:29.215 [main] DEBUG com.weatherapp.client.WeatherDataParser - Clima obtenido: 8.2 - ?? Despejado
20:50:29.217 [main] INFO com.weatherapp.client.OpenMeteoClient - Obteniendo datos climßticos para: Madrid
20:50:29.218 [main] DEBUG com.weatherapp.client.OpenMeteoClient - Intento 1/3: GET https://api.open-meteo.com/v1/forecast?latitude=40.4168&longitude=-3.7038&current=temperature_2m,apparent_temperature,relative_humidity_2m,weather_code,wind_speed_10m,precipitation&temperature_unit=fahrenheit
20:50:30.045 [main] DEBUG com.weatherapp.client.OpenMeteoClient - Respuesta exitosa (200 OK)
20:50:30.045 [main] DEBUG com.weatherapp.client.WeatherDataParser - Clima obtenido: 46.8 - ?? Despejado
20:50:30.048 [main] WARN com.weatherapp.client.WeatherDataValidator - Validaci¾n de geolocalizaci¾n fallida: ? Latitud invßlida: -91,0000. Debe estar entre -90,0 y 90,0
20:50:30.050 [main] INFO com.weatherapp.client.OpenMeteoClient - Obteniendo datos climßticos para: Date Line West
20:50:30.050 [main] DEBUG com.weatherapp.client.OpenMeteoClient - Intento 1/3: GET https://api.open-meteo.com/v1/forecast?latitude=0.0000&longitude=-180.0000&current=temperature_2m,apparent_temperature,relative_humidity_2m,weather_code,wind_speed_10m,precipitation&temperature_unit=celsius
20:50:30.858 [main] DEBUG com.weatherapp.client.OpenMeteoClient - Respuesta exitosa (200 OK)
20:50:30.858 [main] DEBUG com.weatherapp.client.WeatherDataParser - Clima obtenido: 28.5 - ?? Mayormente despejado
[INFO] Tests run: 32, Failures: 0, Errors: 0, Skipped: 0, Time elapsed: 37.739 s - in com.weatherapp.client.OpenMeteoClientWeatherTest
[INFO] Running com.weatherapp.integration.WeatherAppEndToEndTest
20:50:30.868 [main] INFO com.weatherapp.service.WeatherService - Buscando clima para: 'Madrid'
20:50:30.868 [main] INFO com.weatherapp.client.OpenMeteoClient - Resolviendo ciudad: Madrid
20:50:30.868 [main] DEBUG com.weatherapp.client.OpenMeteoClient - Intento 1/3: GET https://geocoding-api.open-meteo.com/v1/search?name=Madrid&language=es&limit=1
20:50:31.705 [main] DEBUG com.weatherapp.client.OpenMeteoClient - Respuesta exitosa (200 OK)
20:50:31.705 [main] DEBUG com.weatherapp.client.WeatherDataParser - Ciudad resuelta: Madrid, Espa±a (40.4165, -3.70256)
20:50:31.705 [main] DEBUG com.weatherapp.service.WeatherService - Ubicaci¾n resuelta: GeoLocation{ciudad='Madrid, Espa±a', latitud=40,4165, longitud=-3,7026}
20:50:31.706 [main] INFO com.weatherapp.client.OpenMeteoClient - Obteniendo datos climßticos para: Madrid, Espa±a
20:50:31.706 [main] DEBUG com.weatherapp.client.OpenMeteoClient - Intento 1/3: GET https://api.open-meteo.com/v1/forecast?latitude=40.4165&longitude=-3.7026&current=temperature_2m,apparent_temperature,relative_humidity_2m,weather_code,wind_speed_10m,precipitation&temperature_unit=celsius
20:50:32.521 [main] DEBUG com.weatherapp.client.OpenMeteoClient - Respuesta exitosa (200 OK)
20:50:32.521 [main] DEBUG com.weatherapp.client.WeatherDataParser - Clima obtenido: 8.3 - ?? Despejado
20:50:32.521 [main] INFO com.weatherapp.service.WeatherService - ? Datos climßticos obtenidos exitosamente para: Madrid, Espa±a
20:50:32.521 [main] INFO com.weatherapp.service.WeatherService - Buscando clima para: 'Madrid'
20:50:32.521 [main] INFO com.weatherapp.client.OpenMeteoClient - Resolviendo ciudad: Madrid
20:50:32.521 [main] DEBUG com.weatherapp.client.OpenMeteoClient - Intento 1/3: GET https://geocoding-api.open-meteo.com/v1/search?name=Madrid&language=es&limit=1
20:50:32.724 [main] DEBUG com.weatherapp.client.OpenMeteoClient - Respuesta exitosa (200 OK)
20:50:32.724 [main] DEBUG com.weatherapp.client.WeatherDataParser - Ciudad resuelta: Madrid, Espa±a (40.4165, -3.70256)
20:50:32.725 [main] DEBUG com.weatherapp.service.WeatherService - Ubicaci¾n resuelta: GeoLocation{ciudad='Madrid, Espa±a', latitud=40,4165, longitud=-3,7026}
20:50:32.725 [main] INFO com.weatherapp.client.OpenMeteoClient - Obteniendo datos climßticos para: Madrid, Espa±a
20:50:32.725 [main] DEBUG com.weatherapp.client.OpenMeteoClient - Intento 1/3: GET https://api.open-meteo.com/v1/forecast?latitude=40.4165&longitude=-3.7026&current=temperature_2m,apparent_temperature,relative_humidity_2m,weather_code,wind_speed_10m,precipitation&temperature_unit=celsius
20:50:32.942 [main] DEBUG com.weatherapp.client.OpenMeteoClient - Respuesta exitosa (200 OK)
20:50:32.942 [main] DEBUG com.weatherapp.client.WeatherDataParser - Clima obtenido: 8.3 - ?? Despejado
20:50:32.942 [main] INFO com.weatherapp.service.WeatherService - ? Datos climßticos obtenidos exitosamente para: Madrid, Espa±a
20:50:32.946 [main] INFO com.weatherapp.service.WeatherService - Buscando clima para: 'XYZ123NonExistentCity'
20:50:32.946 [main] INFO com.weatherapp.client.OpenMeteoClient - Resolviendo ciudad: XYZ123NonExistentCity
20:50:32.946 [main] DEBUG com.weatherapp.client.OpenMeteoClient - Intento 1/3: GET https://geocoding-api.open-meteo.com/v1/search?name=XYZ123NonExistentCity&language=es&limit=1
20:50:33.773 [main] DEBUG com.weatherapp.client.OpenMeteoClient - Respuesta exitosa (200 OK)
20:50:33.773 [main] WARN com.weatherapp.service.WeatherService - Ciudad no encontrada: 'XYZ123NonExistentCity'
com.weatherapp.exception.CityNotFoundException: ? Ciudad no encontrada: 'XYZ123NonExistentCity'
	at com.weatherapp.client.WeatherDataParser.parseGeocodingResponse(WeatherDataParser.java:48)
	at com.weatherapp.client.OpenMeteoClient.resolveCity(OpenMeteoClient.java:72)
	at com.weatherapp.service.WeatherService.getWeatherByCityName(WeatherService.java:60)
	at com.weatherapp.integration.WeatherAppEndToEndTest.lambda$testNonExistentCityThrowsException$0(WeatherAppEndToEndTest.java:326)
	at org.junit.jupiter.api.AssertThrows.assertThrows(AssertThrows.java:53)
	at org.junit.jupiter.api.AssertThrows.assertThrows(AssertThrows.java:35)
	at org.junit.jupiter.api.Assertions.assertThrows(Assertions.java:3083)
	at com.weatherapp.integration.WeatherAppEndToEndTest.testNonExistentCityThrowsException(WeatherAppEndToEndTest.java:325)
	at java.base/jdk.internal.reflect.NativeMethodAccessorImpl.invoke0(Native Method)
	at java.base/jdk.internal.reflect.NativeMethodAccessorImpl.invoke(NativeMethodAccessorImpl.java:77)
	at java.base/jdk.internal.reflect.DelegatingMethodAccessorImpl.invoke(DelegatingMethodAccessorImpl.java:43)
	at java.base/java.lang.reflect.Method.invoke(Method.java:568)
	at org.junit.platform.commons.util.ReflectionUtils.invokeMethod(ReflectionUtils.java:727)
	at org.junit.jupiter.engine.execution.MethodInvocation.proceed(MethodInvocation.java:60)
	at org.junit.jupiter.engine.execution.InvocationInterceptorChain$ValidatingInvocation.proceed(InvocationInterceptorChain.java:131)
	at org.junit.jupiter.engine.extension.TimeoutExtension.intercept(TimeoutExtension.java:156)
	at org.junit.jupiter.engine.extension.TimeoutExtension.interceptTestableMethod(TimeoutExtension.java:147)
	at org.junit.jupiter.engine.extension.TimeoutExtension.interceptTestMethod(TimeoutExtension.java:86)
	at org.junit.jupiter.engine.execution.InterceptingExecutableInvoker$ReflectiveInterceptorCall.lambda$ofVoidMethod$0(InterceptingExecutableInvoker.java:103)
	at org.junit.jupiter.engine.execution.InterceptingExecutableInvoker.lambda$invoke$0(InterceptingExecutableInvoker.java:93)
	at org.junit.jupiter.engine.execution.InvocationInterceptorChain$InterceptedInvocation.proceed(InvocationInterceptorChain.java:106)
	at org.junit.jupiter.engine.execution.InvocationInterceptorChain.proceed(InvocationInterceptorChain.java:64)
	at org.junit.jupiter.engine.execution.InvocationInterceptorChain.chainAndInvoke(InvocationInterceptorChain.java:45)
	at org.junit.jupiter.engine.execution.InvocationInterceptorChain.invoke(InvocationInterceptorChain.java:37)
	at org.junit.jupiter.engine.execution.InterceptingExecutableInvoker.invoke(InterceptingExecutableInvoker.java:92)
	at org.junit.jupiter.engine.execution.InterceptingExecutableInvoker.invoke(InterceptingExecutableInvoker.java:86)
	at org.junit.jupiter.engine.descriptor.TestMethodTestDescriptor.lambda$invokeTestMethod$7(TestMethodTestDescriptor.java:217)
	at org.junit.platform.engine.support.hierarchical.ThrowableCollector.execute(ThrowableCollector.java:73)
	at org.junit.jupiter.engine.descriptor.TestMethodTestDescriptor.invokeTestMethod(TestMethodTestDescriptor.java:213)
	at org.junit.jupiter.engine.descriptor.TestMethodTestDescriptor.execute(TestMethodTestDescriptor.java:138)
	at org.junit.jupiter.engine.descriptor.TestMethodTestDescriptor.execute(TestMethodTestDescriptor.java:68)
	at org.junit.platform.engine.support.hierarchical.NodeTestTask.lambda$executeRecursively$6(NodeTestTask.java:151)
	at org.junit.platform.engine.support.hierarchical.ThrowableCollector.execute(ThrowableCollector.java:73)
	at org.junit.platform.engine.support.hierarchical.NodeTestTask.lambda$executeRecursively$8(NodeTestTask.java:141)
	at org.junit.platform.engine.support.hierarchical.Node.around(Node.java:137)
	at org.junit.platform.engine.support.hierarchical.NodeTestTask.lambda$executeRecursively$9(NodeTestTask.java:139)
	at org.junit.platform.engine.support.hierarchical.ThrowableCollector.execute(ThrowableCollector.java:73)
	at org.junit.platform.engine.support.hierarchical.NodeTestTask.executeRecursively(NodeTestTask.java:138)
	at org.junit.platform.engine.support.hierarchical.NodeTestTask.execute(NodeTestTask.java:95)
	at java.base/java.util.ArrayList.forEach(ArrayList.java:1511)
	at org.junit.platform.engine.support.hierarchical.SameThreadHierarchicalTestExecutorService.invokeAll(SameThreadHierarchicalTestExecutorService.java:41)
	at org.junit.platform.engine.support.hierarchical.NodeTestTask.lambda$executeRecursively$6(NodeTestTask.java:155)
	at org.junit.platform.engine.support.hierarchical.ThrowableCollector.execute(ThrowableCollector.java:73)
	at org.junit.platform.engine.support.hierarchical.NodeTestTask.lambda$executeRecursively$8(NodeTestTask.java:141)
	at org.junit.platform.engine.support.hierarchical.Node.around(Node.java:137)
	at org.junit.platform.engine.support.hierarchical.NodeTestTask.lambda$executeRecursively$9(NodeTestTask.java:139)
	at org.junit.platform.engine.support.hierarchical.ThrowableCollector.execute(ThrowableCollector.java:73)
	at org.junit.platform.engine.support.hierarchical.NodeTestTask.executeRecursively(NodeTestTask.java:138)
	at org.junit.platform.engine.support.hierarchical.NodeTestTask.execute(NodeTestTask.java:95)
	at java.base/java.util.ArrayList.forEach(ArrayList.java:1511)
	at org.junit.platform.engine.support.hierarchical.SameThreadHierarchicalTestExecutorService.invokeAll(SameThreadHierarchicalTestExecutorService.java:41)
	at org.junit.platform.engine.support.hierarchical.NodeTestTask.lambda$executeRecursively$6(NodeTestTask.java:155)
	at org.junit.platform.engine.support.hierarchical.ThrowableCollector.execute(ThrowableCollector.java:73)
	at org.junit.platform.engine.support.hierarchical.NodeTestTask.lambda$executeRecursively$8(NodeTestTask.java:141)
	at org.junit.platform.engine.support.hierarchical.Node.around(Node.java:137)
	at org.junit.platform.engine.support.hierarchical.NodeTestTask.lambda$executeRecursively$9(NodeTestTask.java:139)
	at org.junit.platform.engine.support.hierarchical.ThrowableCollector.execute(ThrowableCollector.java:73)
	at org.junit.platform.engine.support.hierarchical.NodeTestTask.executeRecursively(NodeTestTask.java:138)
	at org.junit.platform.engine.support.hierarchical.NodeTestTask.execute(NodeTestTask.java:95)
	at org.junit.platform.engine.support.hierarchical.SameThreadHierarchicalTestExecutorService.submit(SameThreadHierarchicalTestExecutorService.java:35)
	at org.junit.platform.engine.support.hierarchical.HierarchicalTestExecutor.execute(HierarchicalTestExecutor.java:57)
	at org.junit.platform.engine.support.hierarchical.HierarchicalTestEngine.execute(HierarchicalTestEngine.java:54)
	at org.junit.platform.launcher.core.DefaultLauncher.execute(DefaultLauncher.java:220)
	at org.junit.platform.launcher.core.DefaultLauncher.lambda$execute$6(DefaultLauncher.java:188)
	at org.junit.platform.launcher.core.DefaultLauncher.withInterceptedStreams(DefaultLauncher.java:202)
	at org.junit.platform.launcher.core.DefaultLauncher.execute(DefaultLauncher.java:181)
	at org.junit.platform.launcher.core.DefaultLauncher.execute(DefaultLauncher.java:128)
	at org.apache.maven.surefire.junitplatform.JUnitPlatformProvider.invokeAllTests(JUnitPlatformProvider.java:150)
	at org.apache.maven.surefire.junitplatform.JUnitPlatformProvider.invoke(JUnitPlatformProvider.java:124)
	at org.apache.maven.surefire.booter.ForkedBooter.invokeProviderInSameClassLoader(ForkedBooter.java:384)
	at org.apache.maven.surefire.booter.ForkedBooter.runSuitesInProcess(ForkedBooter.java:345)
	at org.apache.maven.surefire.booter.ForkedBooter.execute(ForkedBooter.java:126)
	at org.apache.maven.surefire.booter.ForkedBooter.main(ForkedBooter.java:418)
20:50:33.778 [main] INFO com.weatherapp.service.WeatherService - Buscando clima para: 'Cairo'
20:50:33.778 [main] INFO com.weatherapp.client.OpenMeteoClient - Resolviendo ciudad: Cairo
20:50:33.778 [main] DEBUG com.weatherapp.client.OpenMeteoClient - Intento 1/3: GET https://geocoding-api.open-meteo.com/v1/search?name=Cairo&language=es&limit=1
20:50:34.595 [main] DEBUG com.weatherapp.client.OpenMeteoClient - Respuesta exitosa (200 OK)
20:50:34.595 [main] DEBUG com.weatherapp.client.WeatherDataParser - Ciudad resuelta: Cairo, Egipto (30.06263, 31.24967)
20:50:34.595 [main] DEBUG com.weatherapp.service.WeatherService - Ubicaci¾n resuelta: GeoLocation{ciudad='Cairo, Egipto', latitud=30,0626, longitud=31,2497}
20:50:34.595 [main] INFO com.weatherapp.client.OpenMeteoClient - Obteniendo datos climßticos para: Cairo, Egipto
20:50:34.595 [main] DEBUG com.weatherapp.client.OpenMeteoClient - Intento 1/3: GET https://api.open-meteo.com/v1/forecast?latitude=30.0626&longitude=31.2497&current=temperature_2m,apparent_temperature,relative_humidity_2m,weather_code,wind_speed_10m,precipitation&temperature_unit=celsius
20:50:35.399 [main] DEBUG com.weatherapp.client.OpenMeteoClient - Respuesta exitosa (200 OK)
20:50:35.400 [main] DEBUG com.weatherapp.client.WeatherDataParser - Clima obtenido: 12.6 - ?? Mayormente despejado
20:50:35.400 [main] INFO com.weatherapp.service.WeatherService - ? Datos climßticos obtenidos exitosamente para: Cairo, Egipto
20:50:35.405 [main] INFO com.weatherapp.service.WeatherService - Buscando clima para: 'Sao Paulo'
20:50:35.405 [main] INFO com.weatherapp.client.OpenMeteoClient - Resolviendo ciudad: Sao Paulo
20:50:35.405 [main] DEBUG com.weatherapp.client.OpenMeteoClient - Intento 1/3: GET https://geocoding-api.open-meteo.com/v1/search?name=Sao+Paulo&language=es&limit=1
20:50:36.230 [main] DEBUG com.weatherapp.client.OpenMeteoClient - Respuesta exitosa (200 OK)
20:50:36.230 [main] DEBUG com.weatherapp.client.WeatherDataParser - Ciudad resuelta: SÒo Paulo, Brasil (-23.5475, -46.63611)
20:50:36.230 [main] DEBUG com.weatherapp.service.WeatherService - Ubicaci¾n resuelta: GeoLocation{ciudad='SÒo Paulo, Brasil', latitud=-23,5475, longitud=-46,6361}
20:50:36.231 [main] INFO com.weatherapp.client.OpenMeteoClient - Obteniendo datos climßticos para: SÒo Paulo, Brasil
20:50:36.231 [main] DEBUG com.weatherapp.client.OpenMeteoClient - Intento 1/3: GET https://api.open-meteo.com/v1/forecast?latitude=-23.5475&longitude=-46.6361&current=temperature_2m,apparent_temperature,relative_humidity_2m,weather_code,wind_speed_10m,precipitation&temperature_unit=celsius
20:50:37.028 [main] DEBUG com.weatherapp.client.OpenMeteoClient - Respuesta exitosa (200 OK)
20:50:37.028 [main] DEBUG com.weatherapp.client.WeatherDataParser - Clima obtenido: 21.2 - ?? Mayormente despejado
20:50:37.028 [main] INFO com.weatherapp.service.WeatherService - ? Datos climßticos obtenidos exitosamente para: SÒo Paulo, Brasil
20:50:37.032 [main] INFO com.weatherapp.service.WeatherService - Buscando clima para: 'New York'
20:50:37.032 [main] INFO com.weatherapp.client.OpenMeteoClient - Resolviendo ciudad: New York
20:50:37.032 [main] DEBUG com.weatherapp.client.OpenMeteoClient - Intento 1/3: GET https://geocoding-api.open-meteo.com/v1/search?name=New+York&language=es&limit=1
20:50:37.790 [main] DEBUG com.weatherapp.client.OpenMeteoClient - Respuesta exitosa (200 OK)
20:50:37.791 [main] DEBUG com.weatherapp.client.WeatherDataParser - Ciudad resuelta: York, Estados Unidos (40.86807, -97.592)
20:50:37.791 [main] DEBUG com.weatherapp.service.WeatherService - Ubicaci¾n resuelta: GeoLocation{ciudad='York, Estados Unidos', latitud=40,8681, longitud=-97,5920}
20:50:37.791 [main] INFO com.weatherapp.client.OpenMeteoClient - Obteniendo datos climßticos para: York, Estados Unidos
20:50:37.791 [main] DEBUG com.weatherapp.client.OpenMeteoClient - Intento 1/3: GET https://api.open-meteo.com/v1/forecast?latitude=40.8681&longitude=-97.5920&current=temperature_2m,apparent_temperature,relative_humidity_2m,weather_code,wind_speed_10m,precipitation&temperature_unit=celsius
20:50:38.603 [main] DEBUG com.weatherapp.client.OpenMeteoClient - Respuesta exitosa (200 OK)
20:50:38.603 [main] DEBUG com.weatherapp.client.WeatherDataParser - Clima obtenido: 15.2 - ?? Despejado
20:50:38.603 [main] INFO com.weatherapp.service.WeatherService - ? Datos climßticos obtenidos exitosamente para: York, Estados Unidos
20:50:38.607 [main] INFO com.weatherapp.service.WeatherService - Buscando clima para: 'Madrid'
20:50:38.607 [main] INFO com.weatherapp.client.OpenMeteoClient - Resolviendo ciudad: Madrid
20:50:38.607 [main] DEBUG com.weatherapp.client.OpenMeteoClient - Intento 1/3: GET https://geocoding-api.open-meteo.com/v1/search?name=Madrid&language=es&limit=1
20:50:39.436 [main] DEBUG com.weatherapp.client.OpenMeteoClient - Respuesta exitosa (200 OK)
20:50:39.436 [main] DEBUG com.weatherapp.client.WeatherDataParser - Ciudad resuelta: Madrid, Espa±a (40.4165, -3.70256)
20:50:39.436 [main] DEBUG com.weatherapp.service.WeatherService - Ubicaci¾n resuelta: GeoLocation{ciudad='Madrid, Espa±a', latitud=40,4165, longitud=-3,7026}
20:50:39.436 [main] INFO com.weatherapp.client.OpenMeteoClient - Obteniendo datos climßticos para: Madrid, Espa±a
20:50:39.436 [main] DEBUG com.weatherapp.client.OpenMeteoClient - Intento 1/3: GET https://api.open-meteo.com/v1/forecast?latitude=40.4165&longitude=-3.7026&current=temperature_2m,apparent_temperature,relative_humidity_2m,weather_code,wind_speed_10m,precipitation&temperature_unit=celsius
20:50:40.269 [main] DEBUG com.weatherapp.client.OpenMeteoClient - Respuesta exitosa (200 OK)
20:50:40.269 [main] DEBUG com.weatherapp.client.WeatherDataParser - Clima obtenido: 8.3 - ?? Despejado
20:50:40.269 [main] INFO com.weatherapp.service.WeatherService - ? Datos climßticos obtenidos exitosamente para: Madrid, Espa±a
20:50:40.273 [main] INFO com.weatherapp.service.WeatherService - Buscando clima para: 'Madrid'
20:50:40.274 [main] INFO com.weatherapp.client.OpenMeteoClient - Resolviendo ciudad: Madrid
20:50:40.274 [main] DEBUG com.weatherapp.client.OpenMeteoClient - Intento 1/3: GET https://geocoding-api.open-meteo.com/v1/search?name=Madrid&language=es&limit=1
20:50:41.040 [main] DEBUG com.weatherapp.client.OpenMeteoClient - Respuesta exitosa (200 OK)
20:50:41.040 [main] DEBUG com.weatherapp.client.WeatherDataParser - Ciudad resuelta: Madrid, Espa±a (40.4165, -3.70256)
20:50:41.040 [main] DEBUG com.weatherapp.service.WeatherService - Ubicaci¾n resuelta: GeoLocation{ciudad='Madrid, Espa±a', latitud=40,4165, longitud=-3,7026}
20:50:41.040 [main] INFO com.weatherapp.client.OpenMeteoClient - Obteniendo datos climßticos para: Madrid, Espa±a
20:50:41.040 [main] DEBUG com.weatherapp.client.OpenMeteoClient - Intento 1/3: GET https://api.open-meteo.com/v1/forecast?latitude=40.4165&longitude=-3.7026&current=temperature_2m,apparent_temperature,relative_humidity_2m,weather_code,wind_speed_10m,precipitation&temperature_unit=fahrenheit
20:50:41.822 [main] DEBUG com.weatherapp.client.OpenMeteoClient - Respuesta exitosa (200 OK)
20:50:41.822 [main] DEBUG com.weatherapp.client.WeatherDataParser - Clima obtenido: 47.0 - ?? Despejado
20:50:41.822 [main] INFO com.weatherapp.service.WeatherService - ? Datos climßticos obtenidos exitosamente para: Madrid, Espa±a
20:50:41.825 [main] INFO com.weatherapp.service.WeatherService - Buscando clima para: 'Reykjavik'
20:50:41.825 [main] INFO com.weatherapp.client.OpenMeteoClient - Resolviendo ciudad: Reykjavik
20:50:41.825 [main] DEBUG com.weatherapp.client.OpenMeteoClient - Intento 1/3: GET https://geocoding-api.open-meteo.com/v1/search?name=Reykjavik&language=es&limit=1
20:50:42.604 [main] DEBUG com.weatherapp.client.OpenMeteoClient - Respuesta exitosa (200 OK)
20:50:42.604 [main] DEBUG com.weatherapp.client.WeatherDataParser - Ciudad resuelta: Reikiavik, Islandia (64.13548, -21.89541)
20:50:42.604 [main] DEBUG com.weatherapp.service.WeatherService - Ubicaci¾n resuelta: GeoLocation{ciudad='Reikiavik, Islandia', latitud=64,1355, longitud=-21,8954}
20:50:42.605 [main] INFO com.weatherapp.client.OpenMeteoClient - Obteniendo datos climßticos para: Reikiavik, Islandia
20:50:42.605 [main] DEBUG com.weatherapp.client.OpenMeteoClient - Intento 1/3: GET https://api.open-meteo.com/v1/forecast?latitude=64.1355&longitude=-21.8954&current=temperature_2m,apparent_temperature,relative_humidity_2m,weather_code,wind_speed_10m,precipitation&temperature_unit=celsius
20:50:52.611 [main] WARN com.weatherapp.client.OpenMeteoClient - Error de conexi¾n: HttpConnectTimeoutException - HTTP connect timed out
20:50:52.611 [main] DEBUG com.weatherapp.client.OpenMeteoClient - Reintentando en 1000ms...
20:50:53.616 [main] DEBUG com.weatherapp.client.OpenMeteoClient - Intento 2/3: GET https://api.open-meteo.com/v1/forecast?latitude=64.1355&longitude=-21.8954&current=temperature_2m,apparent_temperature,relative_humidity_2m,weather_code,wind_speed_10m,precipitation&temperature_unit=celsius
20:50:54.479 [main] DEBUG com.weatherapp.client.OpenMeteoClient - Respuesta exitosa (200 OK)
20:50:54.481 [main] DEBUG com.weatherapp.client.WeatherDataParser - Clima obtenido: -3.2 - ?? Parcialmente nublado
20:50:54.481 [main] INFO com.weatherapp.service.WeatherService - ? Datos climßticos obtenidos exitosamente para: Reikiavik, Islandia
20:50:54.481 [main] INFO com.weatherapp.service.WeatherService - Buscando clima para: 'Singapore'
20:50:54.481 [main] INFO com.weatherapp.client.OpenMeteoClient - Resolviendo ciudad: Singapore
20:50:54.481 [main] DEBUG com.weatherapp.client.OpenMeteoClient - Intento 1/3: GET https://geocoding-api.open-meteo.com/v1/search?name=Singapore&language=es&limit=1
20:50:54.682 [main] DEBUG com.weatherapp.client.OpenMeteoClient - Respuesta exitosa (200 OK)
20:50:54.682 [main] DEBUG com.weatherapp.client.WeatherDataParser - Ciudad resuelta: Singapur, Singapur (1.28967, 103.85007)
20:50:54.682 [main] DEBUG com.weatherapp.service.WeatherService - Ubicaci¾n resuelta: GeoLocation{ciudad='Singapur, Singapur', latitud=1,2897, longitud=103,8501}
20:50:54.682 [main] INFO com.weatherapp.client.OpenMeteoClient - Obteniendo datos climßticos para: Singapur, Singapur
20:50:54.682 [main] DEBUG com.weatherapp.client.OpenMeteoClient - Intento 1/3: GET https://api.open-meteo.com/v1/forecast?latitude=1.2897&longitude=103.8501&current=temperature_2m,apparent_temperature,relative_humidity_2m,weather_code,wind_speed_10m,precipitation&temperature_unit=celsius
20:50:54.909 [main] DEBUG com.weatherapp.client.OpenMeteoClient - Respuesta exitosa (200 OK)
20:50:54.909 [main] DEBUG com.weatherapp.client.WeatherDataParser - Clima obtenido: 28.4 - ?? Mayormente despejado
20:50:54.909 [main] INFO com.weatherapp.service.WeatherService - ? Datos climßticos obtenidos exitosamente para: Singapur, Singapur
20:50:54.914 [main] INFO com.weatherapp.service.WeatherService - Buscando clima para: 'Barcelona'
20:50:54.915 [main] INFO com.weatherapp.client.OpenMeteoClient - Resolviendo ciudad: Barcelona
20:50:54.915 [main] DEBUG com.weatherapp.client.OpenMeteoClient - Intento 1/3: GET https://geocoding-api.open-meteo.com/v1/search?name=Barcelona&language=es&limit=1
20:50:55.657 [main] DEBUG com.weatherapp.client.OpenMeteoClient - Respuesta exitosa (200 OK)
20:50:55.657 [main] DEBUG com.weatherapp.client.WeatherDataParser - Ciudad resuelta: Barcelona, Espa±a (41.38879, 2.15899)
20:50:55.657 [main] DEBUG com.weatherapp.service.WeatherService - Ubicaci¾n resuelta: GeoLocation{ciudad='Barcelona, Espa±a', latitud=41,3888, longitud=2,1590}
20:50:55.657 [main] INFO com.weatherapp.client.OpenMeteoClient - Obteniendo datos climßticos para: Barcelona, Espa±a
20:50:55.657 [main] DEBUG com.weatherapp.client.OpenMeteoClient - Intento 1/3: GET https://api.open-meteo.com/v1/forecast?latitude=41.3888&longitude=2.1590&current=temperature_2m,apparent_temperature,relative_humidity_2m,weather_code,wind_speed_10m,precipitation&temperature_unit=celsius
20:50:56.429 [main] DEBUG com.weatherapp.client.OpenMeteoClient - Respuesta exitosa (200 OK)
20:50:56.429 [main] DEBUG com.weatherapp.client.WeatherDataParser - Clima obtenido: 11.1 - ?? Despejado
20:50:56.429 [main] INFO com.weatherapp.service.WeatherService - ? Datos climßticos obtenidos exitosamente para: Barcelona, Espa±a
20:50:56.435 [main] INFO com.weatherapp.service.WeatherService - Buscando clima para: 'Madrid'
20:50:56.435 [main] INFO com.weatherapp.client.OpenMeteoClient - Resolviendo ciudad: Madrid
20:50:56.435 [main] DEBUG com.weatherapp.client.OpenMeteoClient - Intento 1/3: GET https://geocoding-api.open-meteo.com/v1/search?name=Madrid&language=es&limit=1
20:50:57.232 [main] DEBUG com.weatherapp.client.OpenMeteoClient - Respuesta exitosa (200 OK)
20:50:57.232 [main] DEBUG com.weatherapp.client.WeatherDataParser - Ciudad resuelta: Madrid, Espa±a (40.4165, -3.70256)
20:50:57.232 [main] DEBUG com.weatherapp.service.WeatherService - Ubicaci¾n resuelta: GeoLocation{ciudad='Madrid, Espa±a', latitud=40,4165, longitud=-3,7026}
20:50:57.232 [main] INFO com.weatherapp.client.OpenMeteoClient - Obteniendo datos climßticos para: Madrid, Espa±a
20:50:57.232 [main] DEBUG com.weatherapp.client.OpenMeteoClient - Intento 1/3: GET https://api.open-meteo.com/v1/forecast?latitude=40.4165&longitude=-3.7026&current=temperature_2m,apparent_temperature,relative_humidity_2m,weather_code,wind_speed_10m,precipitation&temperature_unit=kelvin
20:50:58.048 [main] WARN com.weatherapp.client.OpenMeteoClient - Error HTTP 400
20:50:58.048 [main] DEBUG com.weatherapp.client.OpenMeteoClient - Reintentando en 1000ms...
20:50:59.049 [main] DEBUG com.weatherapp.client.OpenMeteoClient - Intento 2/3: GET https://api.open-meteo.com/v1/forecast?latitude=40.4165&longitude=-3.7026&current=temperature_2m,apparent_temperature,relative_humidity_2m,weather_code,wind_speed_10m,precipitation&temperature_unit=kelvin
20:50:59.256 [main] WARN com.weatherapp.client.OpenMeteoClient - Error HTTP 400
20:50:59.256 [main] DEBUG com.weatherapp.client.OpenMeteoClient - Reintentando en 2000ms...
20:51:01.266 [main] DEBUG com.weatherapp.client.OpenMeteoClient - Intento 3/3: GET https://api.open-meteo.com/v1/forecast?latitude=40.4165&longitude=-3.7026&current=temperature_2m,apparent_temperature,relative_humidity_2m,weather_code,wind_speed_10m,precipitation&temperature_unit=kelvin
20:51:01.469 [main] WARN com.weatherapp.client.OpenMeteoClient - Error HTTP 400
20:51:01.469 [main] ERROR com.weatherapp.client.OpenMeteoClient - Error: No se pudo completar la solicitud despuÚs de 3 intentos
20:51:01.469 [main] WARN com.weatherapp.service.WeatherService - Error del dominio para 'Madrid': Error: No se pudo completar la solicitud despuÚs de 3 intentos
com.weatherapp.exception.NetworkException: Error: No se pudo completar la solicitud despuÚs de 3 intentos
	at com.weatherapp.client.OpenMeteoClient.executeRequestWithRetry(OpenMeteoClient.java:171)
	at com.weatherapp.client.OpenMeteoClient.getWeatherData(OpenMeteoClient.java:105)
	at com.weatherapp.service.WeatherService.getWeatherByCityName(WeatherService.java:63)
	at com.weatherapp.integration.WeatherAppEndToEndTest.testCompleteFlowKelvin(WeatherAppEndToEndTest.java:153)
	at java.base/jdk.internal.reflect.NativeMethodAccessorImpl.invoke0(Native Method)
	at java.base/jdk.internal.reflect.NativeMethodAccessorImpl.invoke(NativeMethodAccessorImpl.java:77)
	at java.base/jdk.internal.reflect.DelegatingMethodAccessorImpl.invoke(DelegatingMethodAccessorImpl.java:43)
	at java.base/java.lang.reflect.Method.invoke(Method.java:568)
	at org.junit.platform.commons.util.ReflectionUtils.invokeMethod(ReflectionUtils.java:727)
	at org.junit.jupiter.engine.execution.MethodInvocation.proceed(MethodInvocation.java:60)
	at org.junit.jupiter.engine.execution.InvocationInterceptorChain$ValidatingInvocation.proceed(InvocationInterceptorChain.java:131)
	at org.junit.jupiter.engine.extension.TimeoutExtension.intercept(TimeoutExtension.java:156)
	at org.junit.jupiter.engine.extension.TimeoutExtension.interceptTestableMethod(TimeoutExtension.java:147)
	at org.junit.jupiter.engine.extension.TimeoutExtension.interceptTestMethod(TimeoutExtension.java:86)
	at org.junit.jupiter.engine.execution.InterceptingExecutableInvoker$ReflectiveInterceptorCall.lambda$ofVoidMethod$0(InterceptingExecutableInvoker.java:103)
	at org.junit.jupiter.engine.execution.InterceptingExecutableInvoker.lambda$invoke$0(InterceptingExecutableInvoker.java:93)
	at org.junit.jupiter.engine.execution.InvocationInterceptorChain$InterceptedInvocation.proceed(InvocationInterceptorChain.java:106)
	at org.junit.jupiter.engine.execution.InvocationInterceptorChain.proceed(InvocationInterceptorChain.java:64)
	at org.junit.jupiter.engine.execution.InvocationInterceptorChain.chainAndInvoke(InvocationInterceptorChain.java:45)
	at org.junit.jupiter.engine.execution.InvocationInterceptorChain.invoke(InvocationInterceptorChain.java:37)
	at org.junit.jupiter.engine.execution.InterceptingExecutableInvoker.invoke(InterceptingExecutableInvoker.java:92)
	at org.junit.jupiter.engine.execution.InterceptingExecutableInvoker.invoke(InterceptingExecutableInvoker.java:86)
	at org.junit.jupiter.engine.descriptor.TestMethodTestDescriptor.lambda$invokeTestMethod$7(TestMethodTestDescriptor.java:217)
	at org.junit.platform.engine.support.hierarchical.ThrowableCollector.execute(ThrowableCollector.java:73)
	at org.junit.jupiter.engine.descriptor.TestMethodTestDescriptor.invokeTestMethod(TestMethodTestDescriptor.java:213)
	at org.junit.jupiter.engine.descriptor.TestMethodTestDescriptor.execute(TestMethodTestDescriptor.java:138)
	at org.junit.jupiter.engine.descriptor.TestMethodTestDescriptor.execute(TestMethodTestDescriptor.java:68)
	at org.junit.platform.engine.support.hierarchical.NodeTestTask.lambda$executeRecursively$6(NodeTestTask.java:151)
	at org.junit.platform.engine.support.hierarchical.ThrowableCollector.execute(ThrowableCollector.java:73)
	at org.junit.platform.engine.support.hierarchical.NodeTestTask.lambda$executeRecursively$8(NodeTestTask.java:141)
	at org.junit.platform.engine.support.hierarchical.Node.around(Node.java:137)
	at org.junit.platform.engine.support.hierarchical.NodeTestTask.lambda$executeRecursively$9(NodeTestTask.java:139)
	at org.junit.platform.engine.support.hierarchical.ThrowableCollector.execute(ThrowableCollector.java:73)
	at org.junit.platform.engine.support.hierarchical.NodeTestTask.executeRecursively(NodeTestTask.java:138)
	at org.junit.platform.engine.support.hierarchical.NodeTestTask.execute(NodeTestTask.java:95)
	at java.base/java.util.ArrayList.forEach(ArrayList.java:1511)
	at org.junit.platform.engine.support.hierarchical.SameThreadHierarchicalTestExecutorService.invokeAll(SameThreadHierarchicalTestExecutorService.java:41)
	at org.junit.platform.engine.support.hierarchical.NodeTestTask.lambda$executeRecursively$6(NodeTestTask.java:155)
	at org.junit.platform.engine.support.hierarchical.ThrowableCollector.execute(ThrowableCollector.java:73)
	at org.junit.platform.engine.support.hierarchical.NodeTestTask.lambda$executeRecursively$8(NodeTestTask.java:141)
	at org.junit.platform.engine.support.hierarchical.Node.around(Node.java:137)
	at org.junit.platform.engine.support.hierarchical.NodeTestTask.lambda$executeRecursively$9(NodeTestTask.java:139)
	at org.junit.platform.engine.support.hierarchical.ThrowableCollector.execute(ThrowableCollector.java:73)
	at org.junit.platform.engine.support.hierarchical.NodeTestTask.executeRecursively(NodeTestTask.java:138)
	at org.junit.platform.engine.support.hierarchical.NodeTestTask.execute(NodeTestTask.java:95)
	at java.base/java.util.ArrayList.forEach(ArrayList.java:1511)
	at org.junit.platform.engine.support.hierarchical.SameThreadHierarchicalTestExecutorService.invokeAll(SameThreadHierarchicalTestExecutorService.java:41)
	at org.junit.platform.engine.support.hierarchical.NodeTestTask.lambda$executeRecursively$6(NodeTestTask.java:155)
	at org.junit.platform.engine.support.hierarchical.ThrowableCollector.execute(ThrowableCollector.java:73)
	at org.junit.platform.engine.support.hierarchical.NodeTestTask.lambda$executeRecursively$8(NodeTestTask.java:141)
	at org.junit.platform.engine.support.hierarchical.Node.around(Node.java:137)
	at org.junit.platform.engine.support.hierarchical.NodeTestTask.lambda$executeRecursively$9(NodeTestTask.java:139)
	at org.junit.platform.engine.support.hierarchical.ThrowableCollector.execute(ThrowableCollector.java:73)
	at org.junit.platform.engine.support.hierarchical.NodeTestTask.executeRecursively(NodeTestTask.java:138)
	at org.junit.platform.engine.support.hierarchical.NodeTestTask.execute(NodeTestTask.java:95)
	at org.junit.platform.engine.support.hierarchical.SameThreadHierarchicalTestExecutorService.submit(SameThreadHierarchicalTestExecutorService.java:35)
	at org.junit.platform.engine.support.hierarchical.HierarchicalTestExecutor.execute(HierarchicalTestExecutor.java:57)
	at org.junit.platform.engine.support.hierarchical.HierarchicalTestEngine.execute(HierarchicalTestEngine.java:54)
	at org.junit.platform.launcher.core.DefaultLauncher.execute(DefaultLauncher.java:220)
	at org.junit.platform.launcher.core.DefaultLauncher.lambda$execute$6(DefaultLauncher.java:188)
	at org.junit.platform.launcher.core.DefaultLauncher.withInterceptedStreams(DefaultLauncher.java:202)
	at org.junit.platform.launcher.core.DefaultLauncher.execute(DefaultLauncher.java:181)
	at org.junit.platform.launcher.core.DefaultLauncher.execute(DefaultLauncher.java:128)
	at org.apache.maven.surefire.junitplatform.JUnitPlatformProvider.invokeAllTests(JUnitPlatformProvider.java:150)
	at org.apache.maven.surefire.junitplatform.JUnitPlatformProvider.invoke(JUnitPlatformProvider.java:124)
	at org.apache.maven.surefire.booter.ForkedBooter.invokeProviderInSameClassLoader(ForkedBooter.java:384)
	at org.apache.maven.surefire.booter.ForkedBooter.runSuitesInProcess(ForkedBooter.java:345)
	at org.apache.maven.surefire.booter.ForkedBooter.execute(ForkedBooter.java:126)
	at org.apache.maven.surefire.booter.ForkedBooter.main(ForkedBooter.java:418)
20:51:01.472 [main] INFO com.weatherapp.service.WeatherService - Buscando clima para: 'London'
20:51:01.473 [main] INFO com.weatherapp.client.OpenMeteoClient - Resolviendo ciudad: London
20:51:01.473 [main] DEBUG com.weatherapp.client.OpenMeteoClient - Intento 1/3: GET https://geocoding-api.open-meteo.com/v1/search?name=London&language=es&limit=1
20:51:02.477 [main] DEBUG com.weatherapp.client.OpenMeteoClient - Respuesta exitosa (200 OK)
20:51:02.477 [main] DEBUG com.weatherapp.client.WeatherDataParser - Ciudad resuelta: Londres, Reino Unido (51.50853, -0.12574)
20:51:02.477 [main] DEBUG com.weatherapp.service.WeatherService - Ubicaci¾n resuelta: GeoLocation{ciudad='Londres, Reino Unido', latitud=51,5085, longitud=-0,1257}
20:51:02.478 [main] INFO com.weatherapp.client.OpenMeteoClient - Obteniendo datos climßticos para: Londres, Reino Unido
20:51:02.478 [main] DEBUG com.weatherapp.client.OpenMeteoClient - Intento 1/3: GET https://api.open-meteo.com/v1/forecast?latitude=51.5085&longitude=-0.1257&current=temperature_2m,apparent_temperature,relative_humidity_2m,weather_code,wind_speed_10m,precipitation&temperature_unit=celsius
20:51:03.346 [main] DEBUG com.weatherapp.client.OpenMeteoClient - Respuesta exitosa (200 OK)
20:51:03.347 [main] DEBUG com.weatherapp.client.WeatherDataParser - Clima obtenido: 7.7 - ?? Despejado
20:51:03.347 [main] INFO com.weatherapp.service.WeatherService - ? Datos climßticos obtenidos exitosamente para: Londres, Reino Unido
20:51:03.353 [main] INFO com.weatherapp.service.WeatherService - Buscando clima para: 'Madrid'
20:51:03.354 [main] INFO com.weatherapp.client.OpenMeteoClient - Resolviendo ciudad: Madrid
20:51:03.354 [main] DEBUG com.weatherapp.client.OpenMeteoClient - Intento 1/3: GET https://geocoding-api.open-meteo.com/v1/search?name=Madrid&language=es&limit=1
20:51:04.147 [main] DEBUG com.weatherapp.client.OpenMeteoClient - Respuesta exitosa (200 OK)
20:51:04.147 [main] DEBUG com.weatherapp.client.WeatherDataParser - Ciudad resuelta: Madrid, Espa±a (40.4165, -3.70256)
20:51:04.147 [main] DEBUG com.weatherapp.service.WeatherService - Ubicaci¾n resuelta: GeoLocation{ciudad='Madrid, Espa±a', latitud=40,4165, longitud=-3,7026}
20:51:04.148 [main] INFO com.weatherapp.client.OpenMeteoClient - Obteniendo datos climßticos para: Madrid, Espa±a
20:51:04.148 [main] DEBUG com.weatherapp.client.OpenMeteoClient - Intento 1/3: GET https://api.open-meteo.com/v1/forecast?latitude=40.4165&longitude=-3.7026&current=temperature_2m,apparent_temperature,relative_humidity_2m,weather_code,wind_speed_10m,precipitation&temperature_unit=celsius
20:51:04.971 [main] DEBUG com.weatherapp.client.OpenMeteoClient - Respuesta exitosa (200 OK)
20:51:04.971 [main] DEBUG com.weatherapp.client.WeatherDataParser - Clima obtenido: 8.3 - ?? Despejado
20:51:04.971 [main] INFO com.weatherapp.service.WeatherService - ? Datos climßticos obtenidos exitosamente para: Madrid, Espa±a
20:51:04.973 [main] INFO com.weatherapp.service.WeatherService - Buscando clima para: 'Singapore'
20:51:04.973 [main] INFO com.weatherapp.client.OpenMeteoClient - Resolviendo ciudad: Singapore
20:51:04.973 [main] DEBUG com.weatherapp.client.OpenMeteoClient - Intento 1/3: GET https://geocoding-api.open-meteo.com/v1/search?name=Singapore&language=es&limit=1
20:51:05.779 [main] DEBUG com.weatherapp.client.OpenMeteoClient - Respuesta exitosa (200 OK)
20:51:05.780 [main] DEBUG com.weatherapp.client.WeatherDataParser - Ciudad resuelta: Singapur, Singapur (1.28967, 103.85007)
20:51:05.780 [main] DEBUG com.weatherapp.service.WeatherService - Ubicaci¾n resuelta: GeoLocation{ciudad='Singapur, Singapur', latitud=1,2897, longitud=103,8501}
20:51:05.780 [main] INFO com.weatherapp.client.OpenMeteoClient - Obteniendo datos climßticos para: Singapur, Singapur
20:51:05.780 [main] DEBUG com.weatherapp.client.OpenMeteoClient - Intento 1/3: GET https://api.open-meteo.com/v1/forecast?latitude=1.2897&longitude=103.8501&current=temperature_2m,apparent_temperature,relative_humidity_2m,weather_code,wind_speed_10m,precipitation&temperature_unit=celsius
20:51:06.575 [main] DEBUG com.weatherapp.client.OpenMeteoClient - Respuesta exitosa (200 OK)
20:51:06.575 [main] DEBUG com.weatherapp.client.WeatherDataParser - Clima obtenido: 28.4 - ?? Mayormente despejado
20:51:06.575 [main] INFO com.weatherapp.service.WeatherService - ? Datos climßticos obtenidos exitosamente para: Singapur, Singapur
20:51:06.578 [main] INFO com.weatherapp.service.WeatherService - Buscando clima para: 'Paris'
20:51:06.578 [main] INFO com.weatherapp.client.OpenMeteoClient - Resolviendo ciudad: Paris
20:51:06.578 [main] DEBUG com.weatherapp.client.OpenMeteoClient - Intento 1/3: GET https://geocoding-api.open-meteo.com/v1/search?name=Paris&language=es&limit=1
20:51:07.413 [main] DEBUG com.weatherapp.client.OpenMeteoClient - Respuesta exitosa (200 OK)
20:51:07.413 [main] DEBUG com.weatherapp.client.WeatherDataParser - Ciudad resuelta: ParÝs, Francia (48.85341, 2.3488)
20:51:07.413 [main] DEBUG com.weatherapp.service.WeatherService - Ubicaci¾n resuelta: GeoLocation{ciudad='ParÝs, Francia', latitud=48,8534, longitud=2,3488}
20:51:07.413 [main] INFO com.weatherapp.client.OpenMeteoClient - Obteniendo datos climßticos para: ParÝs, Francia
20:51:07.413 [main] DEBUG com.weatherapp.client.OpenMeteoClient - Intento 1/3: GET https://api.open-meteo.com/v1/forecast?latitude=48.8534&longitude=2.3488&current=temperature_2m,apparent_temperature,relative_humidity_2m,weather_code,wind_speed_10m,precipitation&temperature_unit=celsius
20:51:08.213 [main] DEBUG com.weatherapp.client.OpenMeteoClient - Respuesta exitosa (200 OK)
20:51:08.213 [main] DEBUG com.weatherapp.client.WeatherDataParser - Clima obtenido: 10.5 - ?? Parcialmente nublado
20:51:08.213 [main] INFO com.weatherapp.service.WeatherService - ? Datos climßticos obtenidos exitosamente para: ParÝs, Francia
20:51:08.217 [main] INFO com.weatherapp.service.WeatherService - Buscando clima para: 'Tokyo'
20:51:08.217 [main] INFO com.weatherapp.client.OpenMeteoClient - Resolviendo ciudad: Tokyo
20:51:08.217 [main] DEBUG com.weatherapp.client.OpenMeteoClient - Intento 1/3: GET https://geocoding-api.open-meteo.com/v1/search?name=Tokyo&language=es&limit=1
20:51:09.051 [main] DEBUG com.weatherapp.client.OpenMeteoClient - Respuesta exitosa (200 OK)
20:51:09.051 [main] DEBUG com.weatherapp.client.WeatherDataParser - Ciudad resuelta: Tokio, Jap¾n (35.6895, 139.69171)
20:51:09.051 [main] DEBUG com.weatherapp.service.WeatherService - Ubicaci¾n resuelta: GeoLocation{ciudad='Tokio, Jap¾n', latitud=35,6895, longitud=139,6917}
20:51:09.052 [main] INFO com.weatherapp.client.OpenMeteoClient - Obteniendo datos climßticos para: Tokio, Jap¾n
20:51:09.052 [main] DEBUG com.weatherapp.client.OpenMeteoClient - Intento 1/3: GET https://api.open-meteo.com/v1/forecast?latitude=35.6895&longitude=139.6917&current=temperature_2m,apparent_temperature,relative_humidity_2m,weather_code,wind_speed_10m,precipitation&temperature_unit=celsius
20:51:09.878 [main] DEBUG com.weatherapp.client.OpenMeteoClient - Respuesta exitosa (200 OK)
20:51:09.878 [main] DEBUG com.weatherapp.client.WeatherDataParser - Clima obtenido: 9.9 - ?? Parcialmente nublado
20:51:09.878 [main] INFO com.weatherapp.service.WeatherService - ? Datos climßticos obtenidos exitosamente para: Tokio, Jap¾n
20:51:09.881 [main] INFO com.weatherapp.service.WeatherService - Buscando clima para: 'Zurich'
20:51:09.881 [main] INFO com.weatherapp.client.OpenMeteoClient - Resolviendo ciudad: Zurich
20:51:09.881 [main] DEBUG com.weatherapp.client.OpenMeteoClient - Intento 1/3: GET https://geocoding-api.open-meteo.com/v1/search?name=Zurich&language=es&limit=1
20:51:10.637 [main] DEBUG com.weatherapp.client.OpenMeteoClient - Respuesta exitosa (200 OK)
20:51:10.637 [main] DEBUG com.weatherapp.client.WeatherDataParser - Ciudad resuelta: Z·rich, Suiza (47.36667, 8.55)
20:51:10.637 [main] DEBUG com.weatherapp.service.WeatherService - Ubicaci¾n resuelta: GeoLocation{ciudad='Z·rich, Suiza', latitud=47,3667, longitud=8,5500}
20:51:10.637 [main] INFO com.weatherapp.client.OpenMeteoClient - Obteniendo datos climßticos para: Z·rich, Suiza
20:51:10.637 [main] DEBUG com.weatherapp.client.OpenMeteoClient - Intento 1/3: GET https://api.open-meteo.com/v1/forecast?latitude=47.3667&longitude=8.5500&current=temperature_2m,apparent_temperature,relative_humidity_2m,weather_code,wind_speed_10m,precipitation&temperature_unit=celsius
20:51:11.506 [main] DEBUG com.weatherapp.client.OpenMeteoClient - Respuesta exitosa (200 OK)
20:51:11.506 [main] DEBUG com.weatherapp.client.WeatherDataParser - Clima obtenido: 8.5 - ?? Parcialmente nublado
20:51:11.506 [main] INFO com.weatherapp.service.WeatherService - ? Datos climßticos obtenidos exitosamente para: Z·rich, Suiza
20:51:11.510 [main] INFO com.weatherapp.service.WeatherService - Buscando clima para: 'New York'
20:51:11.510 [main] INFO com.weatherapp.client.OpenMeteoClient - Resolviendo ciudad: New York
20:51:11.510 [main] DEBUG com.weatherapp.client.OpenMeteoClient - Intento 1/3: GET https://geocoding-api.open-meteo.com/v1/search?name=New+York&language=es&limit=1
20:51:12.284 [main] DEBUG com.weatherapp.client.OpenMeteoClient - Respuesta exitosa (200 OK)
20:51:12.284 [main] DEBUG com.weatherapp.client.WeatherDataParser - Ciudad resuelta: York, Estados Unidos (40.86807, -97.592)
20:51:12.285 [main] DEBUG com.weatherapp.service.WeatherService - Ubicaci¾n resuelta: GeoLocation{ciudad='York, Estados Unidos', latitud=40,8681, longitud=-97,5920}
20:51:12.285 [main] INFO com.weatherapp.client.OpenMeteoClient - Obteniendo datos climßticos para: York, Estados Unidos
20:51:12.285 [main] DEBUG com.weatherapp.client.OpenMeteoClient - Intento 1/3: GET https://api.open-meteo.com/v1/forecast?latitude=40.8681&longitude=-97.5920&current=temperature_2m,apparent_temperature,relative_humidity_2m,weather_code,wind_speed_10m,precipitation&temperature_unit=celsius
20:51:13.165 [main] DEBUG com.weatherapp.client.OpenMeteoClient - Respuesta exitosa (200 OK)
20:51:13.166 [main] DEBUG com.weatherapp.client.WeatherDataParser - Clima obtenido: 15.2 - ?? Despejado
20:51:13.166 [main] INFO com.weatherapp.service.WeatherService - ? Datos climßticos obtenidos exitosamente para: York, Estados Unidos
20:51:13.170 [main] INFO com.weatherapp.service.WeatherService - Buscando clima para: 'Madrid'
20:51:13.170 [main] INFO com.weatherapp.client.OpenMeteoClient - Resolviendo ciudad: Madrid
20:51:13.170 [main] DEBUG com.weatherapp.client.OpenMeteoClient - Intento 1/3: GET https://geocoding-api.open-meteo.com/v1/search?name=Madrid&language=es&limit=1
20:51:13.943 [main] DEBUG com.weatherapp.client.OpenMeteoClient - Respuesta exitosa (200 OK)
20:51:13.943 [main] DEBUG com.weatherapp.client.WeatherDataParser - Ciudad resuelta: Madrid, Espa±a (40.4165, -3.70256)
20:51:13.943 [main] DEBUG com.weatherapp.service.WeatherService - Ubicaci¾n resuelta: GeoLocation{ciudad='Madrid, Espa±a', latitud=40,4165, longitud=-3,7026}
20:51:13.943 [main] INFO com.weatherapp.client.OpenMeteoClient - Obteniendo datos climßticos para: Madrid, Espa±a
20:51:13.943 [main] DEBUG com.weatherapp.client.OpenMeteoClient - Intento 1/3: GET https://api.open-meteo.com/v1/forecast?latitude=40.4165&longitude=-3.7026&current=temperature_2m,apparent_temperature,relative_humidity_2m,weather_code,wind_speed_10m,precipitation&temperature_unit=celsius
20:51:14.826 [main] DEBUG com.weatherapp.client.OpenMeteoClient - Respuesta exitosa (200 OK)
20:51:14.826 [main] DEBUG com.weatherapp.client.WeatherDataParser - Clima obtenido: 8.3 - ?? Despejado
20:51:14.826 [main] INFO com.weatherapp.service.WeatherService - ? Datos climßticos obtenidos exitosamente para: Madrid, Espa±a
20:51:14.826 [main] INFO com.weatherapp.service.WeatherService - Buscando clima para: 'London'
20:51:14.826 [main] INFO com.weatherapp.client.OpenMeteoClient - Resolviendo ciudad: London
20:51:14.826 [main] DEBUG com.weatherapp.client.OpenMeteoClient - Intento 1/3: GET https://geocoding-api.open-meteo.com/v1/search?name=London&language=es&limit=1
20:51:15.017 [main] DEBUG com.weatherapp.client.OpenMeteoClient - Respuesta exitosa (200 OK)
20:51:15.017 [main] DEBUG com.weatherapp.client.WeatherDataParser - Ciudad resuelta: Londres, Reino Unido (51.50853, -0.12574)
20:51:15.017 [main] DEBUG com.weatherapp.service.WeatherService - Ubicaci¾n resuelta: GeoLocation{ciudad='Londres, Reino Unido', latitud=51,5085, longitud=-0,1257}
20:51:15.017 [main] INFO com.weatherapp.client.OpenMeteoClient - Obteniendo datos climßticos para: Londres, Reino Unido
20:51:15.017 [main] DEBUG com.weatherapp.client.OpenMeteoClient - Intento 1/3: GET https://api.open-meteo.com/v1/forecast?latitude=51.5085&longitude=-0.1257&current=temperature_2m,apparent_temperature,relative_humidity_2m,weather_code,wind_speed_10m,precipitation&temperature_unit=celsius
20:51:15.232 [main] DEBUG com.weatherapp.client.OpenMeteoClient - Respuesta exitosa (200 OK)
20:51:15.232 [main] DEBUG com.weatherapp.client.WeatherDataParser - Clima obtenido: 7.7 - ?? Despejado
20:51:15.232 [main] INFO com.weatherapp.service.WeatherService - ? Datos climßticos obtenidos exitosamente para: Londres, Reino Unido
20:51:15.232 [main] INFO com.weatherapp.service.WeatherService - Buscando clima para: 'Paris'
20:51:15.232 [main] INFO com.weatherapp.client.OpenMeteoClient - Resolviendo ciudad: Paris
20:51:15.232 [main] DEBUG com.weatherapp.client.OpenMeteoClient - Intento 1/3: GET https://geocoding-api.open-meteo.com/v1/search?name=Paris&language=es&limit=1
20:51:15.431 [main] DEBUG com.weatherapp.client.OpenMeteoClient - Respuesta exitosa (200 OK)
20:51:15.431 [main] DEBUG com.weatherapp.client.WeatherDataParser - Ciudad resuelta: ParÝs, Francia (48.85341, 2.3488)
20:51:15.431 [main] DEBUG com.weatherapp.service.WeatherService - Ubicaci¾n resuelta: GeoLocation{ciudad='ParÝs, Francia', latitud=48,8534, longitud=2,3488}
20:51:15.432 [main] INFO com.weatherapp.client.OpenMeteoClient - Obteniendo datos climßticos para: ParÝs, Francia
20:51:15.432 [main] DEBUG com.weatherapp.client.OpenMeteoClient - Intento 1/3: GET https://api.open-meteo.com/v1/forecast?latitude=48.8534&longitude=2.3488&current=temperature_2m,apparent_temperature,relative_humidity_2m,weather_code,wind_speed_10m,precipitation&temperature_unit=celsius
20:51:15.647 [main] DEBUG com.weatherapp.client.OpenMeteoClient - Respuesta exitosa (200 OK)
20:51:15.647 [main] DEBUG com.weatherapp.client.WeatherDataParser - Clima obtenido: 10.5 - ?? Parcialmente nublado
20:51:15.647 [main] INFO com.weatherapp.service.WeatherService - ? Datos climßticos obtenidos exitosamente para: ParÝs, Francia
20:51:15.647 [main] INFO com.weatherapp.service.WeatherService - Buscando clima para: 'Berlin'
20:51:15.647 [main] INFO com.weatherapp.client.OpenMeteoClient - Resolviendo ciudad: Berlin
20:51:15.647 [main] DEBUG com.weatherapp.client.OpenMeteoClient - Intento 1/3: GET https://geocoding-api.open-meteo.com/v1/search?name=Berlin&language=es&limit=1
20:51:15.843 [main] DEBUG com.weatherapp.client.OpenMeteoClient - Respuesta exitosa (200 OK)
20:51:15.844 [main] DEBUG com.weatherapp.client.WeatherDataParser - Ciudad resuelta: BerlÝn, Alemania (52.52437, 13.41053)
20:51:15.844 [main] DEBUG com.weatherapp.service.WeatherService - Ubicaci¾n resuelta: GeoLocation{ciudad='BerlÝn, Alemania', latitud=52,5244, longitud=13,4105}
20:51:15.844 [main] INFO com.weatherapp.client.OpenMeteoClient - Obteniendo datos climßticos para: BerlÝn, Alemania
20:51:15.844 [main] DEBUG com.weatherapp.client.OpenMeteoClient - Intento 1/3: GET https://api.open-meteo.com/v1/forecast?latitude=52.5244&longitude=13.4105&current=temperature_2m,apparent_temperature,relative_humidity_2m,weather_code,wind_speed_10m,precipitation&temperature_unit=celsius
20:51:16.055 [main] DEBUG com.weatherapp.client.OpenMeteoClient - Respuesta exitosa (200 OK)
20:51:16.055 [main] DEBUG com.weatherapp.client.WeatherDataParser - Clima obtenido: 11.2 - ?? Parcialmente nublado
20:51:16.055 [main] INFO com.weatherapp.service.WeatherService - ? Datos climßticos obtenidos exitosamente para: BerlÝn, Alemania
20:51:16.055 [main] INFO com.weatherapp.service.WeatherService - Buscando clima para: 'Amsterdam'
20:51:16.055 [main] INFO com.weatherapp.client.OpenMeteoClient - Resolviendo ciudad: Amsterdam
20:51:16.055 [main] DEBUG com.weatherapp.client.OpenMeteoClient - Intento 1/3: GET https://geocoding-api.open-meteo.com/v1/search?name=Amsterdam&language=es&limit=1
20:51:16.252 [main] DEBUG com.weatherapp.client.OpenMeteoClient - Respuesta exitosa (200 OK)
20:51:16.252 [main] DEBUG com.weatherapp.client.WeatherDataParser - Ciudad resuelta: ┴msterdam, Holanda (52.37403, 4.88969)
20:51:16.252 [main] DEBUG com.weatherapp.service.WeatherService - Ubicaci¾n resuelta: GeoLocation{ciudad='┴msterdam, Holanda', latitud=52,3740, longitud=4,8897}
20:51:16.252 [main] INFO com.weatherapp.client.OpenMeteoClient - Obteniendo datos climßticos para: ┴msterdam, Holanda
20:51:16.252 [main] DEBUG com.weatherapp.client.OpenMeteoClient - Intento 1/3: GET https://api.open-meteo.com/v1/forecast?latitude=52.3740&longitude=4.8897&current=temperature_2m,apparent_temperature,relative_humidity_2m,weather_code,wind_speed_10m,precipitation&temperature_unit=celsius
20:51:16.466 [main] DEBUG com.weatherapp.client.OpenMeteoClient - Respuesta exitosa (200 OK)
20:51:16.466 [main] DEBUG com.weatherapp.client.WeatherDataParser - Clima obtenido: 10.5 - ?? Llovizna
20:51:16.466 [main] INFO com.weatherapp.service.WeatherService - ? Datos climßticos obtenidos exitosamente para: ┴msterdam, Holanda
20:51:16.471 [main] INFO com.weatherapp.service.WeatherService - Buscando clima para: 'Madrid'
20:51:16.471 [main] INFO com.weatherapp.client.OpenMeteoClient - Resolviendo ciudad: Madrid
20:51:16.471 [main] DEBUG com.weatherapp.client.OpenMeteoClient - Intento 1/3: GET https://geocoding-api.open-meteo.com/v1/search?name=Madrid&language=es&limit=1
20:51:17.329 [main] DEBUG com.weatherapp.client.OpenMeteoClient - Respuesta exitosa (200 OK)
20:51:17.329 [main] DEBUG com.weatherapp.client.WeatherDataParser - Ciudad resuelta: Madrid, Espa±a (40.4165, -3.70256)
20:51:17.329 [main] DEBUG com.weatherapp.service.WeatherService - Ubicaci¾n resuelta: GeoLocation{ciudad='Madrid, Espa±a', latitud=40,4165, longitud=-3,7026}
20:51:17.330 [main] INFO com.weatherapp.client.OpenMeteoClient - Obteniendo datos climßticos para: Madrid, Espa±a
20:51:17.330 [main] DEBUG com.weatherapp.client.OpenMeteoClient - Intento 1/3: GET https://api.open-meteo.com/v1/forecast?latitude=40.4165&longitude=-3.7026&current=temperature_2m,apparent_temperature,relative_humidity_2m,weather_code,wind_speed_10m,precipitation&temperature_unit=celsius
20:51:19.232 [main] DEBUG com.weatherapp.client.OpenMeteoClient - Respuesta exitosa (200 OK)
20:51:19.232 [main] DEBUG com.weatherapp.client.WeatherDataParser - Clima obtenido: 8.3 - ?? Despejado
20:51:19.233 [main] INFO com.weatherapp.service.WeatherService - ? Datos climßticos obtenidos exitosamente para: Madrid, Espa±a
20:51:19.236 [main] INFO com.weatherapp.service.WeatherService - Buscando clima para: 'Barrow'
20:51:19.236 [main] INFO com.weatherapp.client.OpenMeteoClient - Resolviendo ciudad: Barrow
20:51:19.236 [main] DEBUG com.weatherapp.client.OpenMeteoClient - Intento 1/3: GET https://geocoding-api.open-meteo.com/v1/search?name=Barrow&language=es&limit=1
20:51:19.986 [main] DEBUG com.weatherapp.client.OpenMeteoClient - Respuesta exitosa (200 OK)
20:51:19.986 [main] DEBUG com.weatherapp.client.WeatherDataParser - Ciudad resuelta: Barrow in Furness, Reino Unido (54.11094, -3.22758)
20:51:19.986 [main] DEBUG com.weatherapp.service.WeatherService - Ubicaci¾n resuelta: GeoLocation{ciudad='Barrow in Furness, Reino Unido', latitud=54,1109, longitud=-3,2276}
20:51:19.987 [main] INFO com.weatherapp.client.OpenMeteoClient - Obteniendo datos climßticos para: Barrow in Furness, Reino Unido
20:51:19.987 [main] DEBUG com.weatherapp.client.OpenMeteoClient - Intento 1/3: GET https://api.open-meteo.com/v1/forecast?latitude=54.1109&longitude=-3.2276&current=temperature_2m,apparent_temperature,relative_humidity_2m,weather_code,wind_speed_10m,precipitation&temperature_unit=celsius
20:51:20.847 [main] DEBUG com.weatherapp.client.OpenMeteoClient - Respuesta exitosa (200 OK)
20:51:20.847 [main] DEBUG com.weatherapp.client.WeatherDataParser - Clima obtenido: 6.0 - ?? Llovizna
20:51:20.848 [main] INFO com.weatherapp.service.WeatherService - ? Datos climßticos obtenidos exitosamente para: Barrow in Furness, Reino Unido
[INFO] Tests run: 23, Failures: 0, Errors: 0, Skipped: 0, Time elapsed: 49.985 s - in com.weatherapp.integration.WeatherAppEndToEndTest
[INFO] Running com.weatherapp.service.CachedWeatherServiceTest
20:51:22.029 [main] INFO com.weatherapp.cache.WeatherCache - WeatherCache inicializado con TTL: 2000ms (0 minutos)
20:51:22.030 [main] INFO com.weatherapp.service.CachedWeatherService - CachedWeatherService inicializado con cachÚ
20:51:22.079 [main] INFO com.weatherapp.cache.WeatherCache - WeatherCache inicializado con TTL: 2000ms (0 minutos)
20:51:22.079 [main] INFO com.weatherapp.service.CachedWeatherService - CachedWeatherService inicializado con cachÚ
20:51:22.079 [main] DEBUG com.weatherapp.cache.WeatherCache - ? CachÚ MISS para 'madrid'
20:51:22.079 [main] INFO com.weatherapp.service.CachedWeatherService - ? Consultando API para: 'Madrid'
20:51:22.088 [main] DEBUG com.weatherapp.cache.WeatherCache - ? Datos almacenados en cachÚ para 'madrid'
20:51:22.089 [main] INFO com.weatherapp.service.CachedWeatherService - ? Datos obtenidos y almacenados en cachÚ para: 'Madrid'
20:51:22.089 [main] DEBUG com.weatherapp.cache.WeatherCache - ? CachÚ MISS para 'barcelona'
20:51:22.089 [main] INFO com.weatherapp.service.CachedWeatherService - ? Consultando API para: 'Barcelona'
20:51:22.090 [main] DEBUG com.weatherapp.cache.WeatherCache - ? Datos almacenados en cachÚ para 'barcelona'
20:51:22.090 [main] INFO com.weatherapp.service.CachedWeatherService - ? Datos obtenidos y almacenados en cachÚ para: 'Barcelona'
20:51:22.090 [main] INFO com.weatherapp.cache.WeatherCache - ? CachÚ completamente limpiado (2 entradas eliminadas)
20:51:22.090 [main] DEBUG com.weatherapp.cache.WeatherCache - ? CachÚ MISS para 'madrid'
20:51:22.090 [main] INFO com.weatherapp.service.CachedWeatherService - ? Consultando API para: 'Madrid'
20:51:22.091 [main] DEBUG com.weatherapp.cache.WeatherCache - ? Datos almacenados en cachÚ para 'madrid'
20:51:22.091 [main] INFO com.weatherapp.service.CachedWeatherService - ? Datos obtenidos y almacenados en cachÚ para: 'Madrid'
20:51:22.100 [main] INFO com.weatherapp.cache.WeatherCache - WeatherCache inicializado con TTL: 2000ms (0 minutos)
20:51:22.100 [main] INFO com.weatherapp.service.CachedWeatherService - CachedWeatherService inicializado con cachÚ
20:51:22.100 [main] DEBUG com.weatherapp.cache.WeatherCache - ? CachÚ MISS para 'madrid'
20:51:22.100 [main] INFO com.weatherapp.service.CachedWeatherService - ? Consultando API para: 'Madrid'
20:51:22.102 [main] DEBUG com.weatherapp.cache.WeatherCache - ? Datos almacenados en cachÚ para 'madrid'
20:51:22.102 [main] INFO com.weatherapp.service.CachedWeatherService - ? Datos obtenidos y almacenados en cachÚ para: 'Madrid'
20:51:22.112 [main] INFO com.weatherapp.cache.WeatherCache - WeatherCache inicializado con TTL: 2000ms (0 minutos)
20:51:22.112 [main] INFO com.weatherapp.service.CachedWeatherService - CachedWeatherService inicializado con cachÚ
20:51:22.112 [main] DEBUG com.weatherapp.cache.WeatherCache - ? CachÚ MISS para 'madrid'
20:51:22.113 [main] INFO com.weatherapp.service.CachedWeatherService - ? Consultando API para: 'madrid'
20:51:22.113 [main] DEBUG com.weatherapp.cache.WeatherCache - ? Datos almacenados en cachÚ para 'madrid'
20:51:22.113 [main] INFO com.weatherapp.service.CachedWeatherService - ? Datos obtenidos y almacenados en cachÚ para: 'madrid'
20:51:22.113 [main] DEBUG com.weatherapp.cache.WeatherCache - ? CachÚ HIT para 'madrid' (edad: 0ms)
20:51:22.113 [main] INFO com.weatherapp.service.CachedWeatherService - ? Retornando datos de CACH╔ para: 'MADRID'
20:51:22.114 [main] DEBUG com.weatherapp.cache.WeatherCache - ? CachÚ HIT para 'madrid' (edad: 1ms)
20:51:22.114 [main] INFO com.weatherapp.service.CachedWeatherService - ? Retornando datos de CACH╔ para: 'Madrid'
20:51:22.114 [main] DEBUG com.weatherapp.cache.WeatherCache - ? CachÚ HIT para 'madrid' (edad: 1ms)
20:51:22.114 [main] INFO com.weatherapp.service.CachedWeatherService - ? Retornando datos de CACH╔ para: 'MaDrId'
20:51:22.122 [main] INFO com.weatherapp.cache.WeatherCache - WeatherCache inicializado con TTL: 2000ms (0 minutos)
20:51:22.122 [main] INFO com.weatherapp.service.CachedWeatherService - CachedWeatherService inicializado con cachÚ
20:51:22.124 [main] DEBUG com.weatherapp.cache.WeatherCache - ? CachÚ MISS para 'madrid'
20:51:22.124 [main] INFO com.weatherapp.service.CachedWeatherService - ? Consultando API para: 'Madrid'
20:51:22.125 [main] DEBUG com.weatherapp.cache.WeatherCache - ? Datos almacenados en cachÚ para 'madrid'
20:51:22.126 [main] INFO com.weatherapp.service.CachedWeatherService - ? Datos obtenidos y almacenados en cachÚ para: 'Madrid'
20:51:22.126 [main] DEBUG com.weatherapp.cache.WeatherCache - ? CachÚ MISS para 'barcelona'
20:51:22.126 [main] INFO com.weatherapp.service.CachedWeatherService - ? Consultando API para: 'Barcelona'
20:51:22.127 [main] DEBUG com.weatherapp.cache.WeatherCache - ? Datos almacenados en cachÚ para 'barcelona'
20:51:22.127 [main] INFO com.weatherapp.service.CachedWeatherService - ? Datos obtenidos y almacenados en cachÚ para: 'Barcelona'
20:51:22.127 [main] DEBUG com.weatherapp.cache.WeatherCache - ? CachÚ HIT para 'madrid' (edad: 2ms)
20:51:22.127 [main] INFO com.weatherapp.service.CachedWeatherService - ? Retornando datos de CACH╔ para: 'Madrid'
20:51:22.127 [main] DEBUG com.weatherapp.cache.WeatherCache - ? CachÚ HIT para 'barcelona' (edad: 0ms)
20:51:22.127 [main] INFO com.weatherapp.service.CachedWeatherService - ? Retornando datos de CACH╔ para: 'Barcelona'
20:51:22.127 [main] DEBUG com.weatherapp.cache.WeatherCache - ? CachÚ HIT para 'madrid' (edad: 2ms)
20:51:22.127 [main] INFO com.weatherapp.service.CachedWeatherService - ? Retornando datos de CACH╔ para: 'Madrid'
20:51:22.132 [main] INFO com.weatherapp.cache.WeatherCache - WeatherCache inicializado con TTL: 2000ms (0 minutos)
20:51:22.132 [main] INFO com.weatherapp.service.CachedWeatherService - CachedWeatherService inicializado con cachÚ
20:51:22.137 [main] INFO com.weatherapp.cache.WeatherCache - WeatherCache inicializado con TTL: 2000ms (0 minutos)
20:51:22.137 [main] INFO com.weatherapp.service.CachedWeatherService - CachedWeatherService inicializado con cachÚ
20:51:22.138 [main] DEBUG com.weatherapp.cache.WeatherCache - ? CachÚ MISS para 'madrid'
20:51:22.139 [main] INFO com.weatherapp.service.CachedWeatherService - ? Consultando API para: 'Madrid'
20:51:22.139 [main] DEBUG com.weatherapp.cache.WeatherCache - ? Datos almacenados en cachÚ para 'madrid'
20:51:22.139 [main] INFO com.weatherapp.service.CachedWeatherService - ? Datos obtenidos y almacenados en cachÚ para: 'Madrid'
20:51:22.139 [main] DEBUG com.weatherapp.cache.WeatherCache - ? CachÚ HIT para 'madrid' (edad: 0ms)
20:51:22.140 [main] INFO com.weatherapp.service.CachedWeatherService - ? Retornando datos de CACH╔ para: 'Madrid'
20:51:22.146 [main] INFO com.weatherapp.cache.WeatherCache - WeatherCache inicializado con TTL: 2000ms (0 minutos)
20:51:22.146 [main] INFO com.weatherapp.service.CachedWeatherService - CachedWeatherService inicializado con cachÚ
20:51:22.149 [main] DEBUG com.weatherapp.cache.WeatherCache - ? CachÚ MISS para 'madrid'
20:51:22.149 [main] INFO com.weatherapp.service.CachedWeatherService - ? Consultando API para: 'Madrid'
20:51:22.150 [main] DEBUG com.weatherapp.cache.WeatherCache - ? Datos almacenados en cachÚ para 'madrid'
20:51:22.150 [main] INFO com.weatherapp.service.CachedWeatherService - ? Datos obtenidos y almacenados en cachÚ para: 'Madrid'
20:51:22.151 [main] DEBUG com.weatherapp.cache.WeatherCache - ? CachÚ MISS para 'barcelona'
20:51:22.151 [main] INFO com.weatherapp.service.CachedWeatherService - ? Consultando API para: 'Barcelona'
20:51:22.152 [main] DEBUG com.weatherapp.cache.WeatherCache - ? Datos almacenados en cachÚ para 'barcelona'
20:51:22.152 [main] INFO com.weatherapp.service.CachedWeatherService - ? Datos obtenidos y almacenados en cachÚ para: 'Barcelona'
20:51:22.152 [main] DEBUG com.weatherapp.cache.WeatherCache - ? CachÚ MISS para 'valencia'
20:51:22.152 [main] INFO com.weatherapp.service.CachedWeatherService - ? Consultando API para: 'Valencia'
20:51:22.153 [main] DEBUG com.weatherapp.cache.WeatherCache - ? Datos almacenados en cachÚ para 'valencia'
20:51:22.153 [main] INFO com.weatherapp.service.CachedWeatherService - ? Datos obtenidos y almacenados en cachÚ para: 'Valencia'
20:51:22.153 [main] DEBUG com.weatherapp.cache.WeatherCache - ? CachÚ MISS para 'sevilla'
20:51:22.154 [main] INFO com.weatherapp.service.CachedWeatherService - ? Consultando API para: 'Sevilla'
20:51:22.155 [main] DEBUG com.weatherapp.cache.WeatherCache - ? Datos almacenados en cachÚ para 'sevilla'
20:51:22.155 [main] INFO com.weatherapp.service.CachedWeatherService - ? Datos obtenidos y almacenados en cachÚ para: 'Sevilla'
20:51:22.155 [main] DEBUG com.weatherapp.cache.WeatherCache - ? CachÚ MISS para 'bilbao'
20:51:22.155 [main] INFO com.weatherapp.service.CachedWeatherService - ? Consultando API para: 'Bilbao'
20:51:22.155 [main] DEBUG com.weatherapp.cache.WeatherCache - ? Datos almacenados en cachÚ para 'bilbao'
20:51:22.155 [main] INFO com.weatherapp.service.CachedWeatherService - ? Datos obtenidos y almacenados en cachÚ para: 'Bilbao'
20:51:22.155 [main] DEBUG com.weatherapp.cache.WeatherCache - ? CachÚ HIT para 'madrid' (edad: 5ms)
20:51:22.156 [main] INFO com.weatherapp.service.CachedWeatherService - ? Retornando datos de CACH╔ para: 'Madrid'
20:51:22.156 [main] DEBUG com.weatherapp.cache.WeatherCache - ? CachÚ HIT para 'barcelona' (edad: 4ms)
20:51:22.156 [main] INFO com.weatherapp.service.CachedWeatherService - ? Retornando datos de CACH╔ para: 'Barcelona'
20:51:22.156 [main] DEBUG com.weatherapp.cache.WeatherCache - ? CachÚ HIT para 'valencia' (edad: 3ms)
20:51:22.156 [main] INFO com.weatherapp.service.CachedWeatherService - ? Retornando datos de CACH╔ para: 'Valencia'
20:51:22.156 [main] DEBUG com.weatherapp.cache.WeatherCache - ? CachÚ HIT para 'sevilla' (edad: 1ms)
20:51:22.156 [main] INFO com.weatherapp.service.CachedWeatherService - ? Retornando datos de CACH╔ para: 'Sevilla'
20:51:22.156 [main] DEBUG com.weatherapp.cache.WeatherCache - ? CachÚ HIT para 'bilbao' (edad: 1ms)
20:51:22.156 [main] INFO com.weatherapp.service.CachedWeatherService - ? Retornando datos de CACH╔ para: 'Bilbao'
20:51:22.156 [main] DEBUG com.weatherapp.cache.WeatherCache - ? CachÚ HIT para 'madrid' (edad: 6ms)
20:51:22.156 [main] INFO com.weatherapp.service.CachedWeatherService - ? Retornando datos de CACH╔ para: 'Madrid'
20:51:22.156 [main] DEBUG com.weatherapp.cache.WeatherCache - ? CachÚ HIT para 'barcelona' (edad: 4ms)
20:51:22.156 [main] INFO com.weatherapp.service.CachedWeatherService - ? Retornando datos de CACH╔ para: 'Barcelona'
20:51:22.156 [main] DEBUG com.weatherapp.cache.WeatherCache - ? CachÚ HIT para 'valencia' (edad: 3ms)
20:51:22.156 [main] INFO com.weatherapp.service.CachedWeatherService - ? Retornando datos de CACH╔ para: 'Valencia'
20:51:22.156 [main] DEBUG com.weatherapp.cache.WeatherCache - ? CachÚ HIT para 'sevilla' (edad: 1ms)
20:51:22.156 [main] INFO com.weatherapp.service.CachedWeatherService - ? Retornando datos de CACH╔ para: 'Sevilla'
20:51:22.157 [main] DEBUG com.weatherapp.cache.WeatherCache - ? CachÚ HIT para 'bilbao' (edad: 2ms)
20:51:22.157 [main] INFO com.weatherapp.service.CachedWeatherService - ? Retornando datos de CACH╔ para: 'Bilbao'
20:51:22.157 [main] DEBUG com.weatherapp.cache.WeatherCache - ? CachÚ HIT para 'madrid' (edad: 7ms)
20:51:22.157 [main] INFO com.weatherapp.service.CachedWeatherService - ? Retornando datos de CACH╔ para: 'Madrid'
20:51:22.157 [main] DEBUG com.weatherapp.cache.WeatherCache - ? CachÚ HIT para 'barcelona' (edad: 5ms)
20:51:22.157 [main] INFO com.weatherapp.service.CachedWeatherService - ? Retornando datos de CACH╔ para: 'Barcelona'
20:51:22.157 [main] DEBUG com.weatherapp.cache.WeatherCache - ? CachÚ HIT para 'valencia' (edad: 4ms)
20:51:22.157 [main] INFO com.weatherapp.service.CachedWeatherService - ? Retornando datos de CACH╔ para: 'Valencia'
20:51:22.157 [main] DEBUG com.weatherapp.cache.WeatherCache - ? CachÚ HIT para 'sevilla' (edad: 2ms)
20:51:22.157 [main] INFO com.weatherapp.service.CachedWeatherService - ? Retornando datos de CACH╔ para: 'Sevilla'
20:51:22.157 [main] DEBUG com.weatherapp.cache.WeatherCache - ? CachÚ HIT para 'bilbao' (edad: 2ms)
20:51:22.157 [main] INFO com.weatherapp.service.CachedWeatherService - ? Retornando datos de CACH╔ para: 'Bilbao'
20:51:22.157 [main] DEBUG com.weatherapp.cache.WeatherCache - ? CachÚ HIT para 'madrid' (edad: 7ms)
20:51:22.157 [main] INFO com.weatherapp.service.CachedWeatherService - ? Retornando datos de CACH╔ para: 'Madrid'
20:51:22.158 [main] DEBUG com.weatherapp.cache.WeatherCache - ? CachÚ HIT para 'barcelona' (edad: 6ms)
20:51:22.158 [main] INFO com.weatherapp.service.CachedWeatherService - ? Retornando datos de CACH╔ para: 'Barcelona'
20:51:22.158 [main] DEBUG com.weatherapp.cache.WeatherCache - ? CachÚ HIT para 'valencia' (edad: 5ms)
20:51:22.158 [main] INFO com.weatherapp.service.CachedWeatherService - ? Retornando datos de CACH╔ para: 'Valencia'
20:51:22.158 [main] DEBUG com.weatherapp.cache.WeatherCache - ? CachÚ HIT para 'sevilla' (edad: 3ms)
20:51:22.158 [main] INFO com.weatherapp.service.CachedWeatherService - ? Retornando datos de CACH╔ para: 'Sevilla'
20:51:22.158 [main] DEBUG com.weatherapp.cache.WeatherCache - ? CachÚ HIT para 'bilbao' (edad: 3ms)
20:51:22.158 [main] INFO com.weatherapp.service.CachedWeatherService - ? Retornando datos de CACH╔ para: 'Bilbao'
20:51:22.158 [main] DEBUG com.weatherapp.cache.WeatherCache - ? CachÚ HIT para 'madrid' (edad: 8ms)
20:51:22.158 [main] INFO com.weatherapp.service.CachedWeatherService - ? Retornando datos de CACH╔ para: 'Madrid'
20:51:22.158 [main] DEBUG com.weatherapp.cache.WeatherCache - ? CachÚ HIT para 'barcelona' (edad: 6ms)
20:51:22.158 [main] INFO com.weatherapp.service.CachedWeatherService - ? Retornando datos de CACH╔ para: 'Barcelona'
20:51:22.158 [main] DEBUG com.weatherapp.cache.WeatherCache - ? CachÚ HIT para 'valencia' (edad: 5ms)
20:51:22.158 [main] INFO com.weatherapp.service.CachedWeatherService - ? Retornando datos de CACH╔ para: 'Valencia'
20:51:22.158 [main] DEBUG com.weatherapp.cache.WeatherCache - ? CachÚ HIT para 'sevilla' (edad: 3ms)
20:51:22.158 [main] INFO com.weatherapp.service.CachedWeatherService - ? Retornando datos de CACH╔ para: 'Sevilla'
20:51:22.158 [main] DEBUG com.weatherapp.cache.WeatherCache - ? CachÚ HIT para 'bilbao' (edad: 3ms)
20:51:22.159 [main] INFO com.weatherapp.service.CachedWeatherService - ? Retornando datos de CACH╔ para: 'Bilbao'
20:51:22.159 [main] DEBUG com.weatherapp.cache.WeatherCache - ? CachÚ HIT para 'madrid' (edad: 9ms)
20:51:22.159 [main] INFO com.weatherapp.service.CachedWeatherService - ? Retornando datos de CACH╔ para: 'Madrid'
20:51:22.159 [main] DEBUG com.weatherapp.cache.WeatherCache - ? CachÚ HIT para 'barcelona' (edad: 7ms)
20:51:22.159 [main] INFO com.weatherapp.service.CachedWeatherService - ? Retornando datos de CACH╔ para: 'Barcelona'
20:51:22.159 [main] DEBUG com.weatherapp.cache.WeatherCache - ? CachÚ HIT para 'valencia' (edad: 6ms)
20:51:22.159 [main] INFO com.weatherapp.service.CachedWeatherService - ? Retornando datos de CACH╔ para: 'Valencia'
20:51:22.159 [main] DEBUG com.weatherapp.cache.WeatherCache - ? CachÚ HIT para 'sevilla' (edad: 4ms)
20:51:22.159 [main] INFO com.weatherapp.service.CachedWeatherService - ? Retornando datos de CACH╔ para: 'Sevilla'
20:51:22.159 [main] DEBUG com.weatherapp.cache.WeatherCache - ? CachÚ HIT para 'bilbao' (edad: 4ms)
20:51:22.159 [main] INFO com.weatherapp.service.CachedWeatherService - ? Retornando datos de CACH╔ para: 'Bilbao'
20:51:22.159 [main] DEBUG com.weatherapp.cache.WeatherCache - ? CachÚ HIT para 'madrid' (edad: 9ms)
20:51:22.159 [main] INFO com.weatherapp.service.CachedWeatherService - ? Retornando datos de CACH╔ para: 'Madrid'
20:51:22.160 [main] DEBUG com.weatherapp.cache.WeatherCache - ? CachÚ HIT para 'barcelona' (edad: 8ms)
20:51:22.160 [main] INFO com.weatherapp.service.CachedWeatherService - ? Retornando datos de CACH╔ para: 'Barcelona'
20:51:22.160 [main] DEBUG com.weatherapp.cache.WeatherCache - ? CachÚ HIT para 'valencia' (edad: 7ms)
20:51:22.160 [main] INFO com.weatherapp.service.CachedWeatherService - ? Retornando datos de CACH╔ para: 'Valencia'
20:51:22.160 [main] DEBUG com.weatherapp.cache.WeatherCache - ? CachÚ HIT para 'sevilla' (edad: 5ms)
20:51:22.161 [main] INFO com.weatherapp.service.CachedWeatherService - ? Retornando datos de CACH╔ para: 'Sevilla'
20:51:22.161 [main] DEBUG com.weatherapp.cache.WeatherCache - ? CachÚ HIT para 'bilbao' (edad: 6ms)
20:51:22.161 [main] INFO com.weatherapp.service.CachedWeatherService - ? Retornando datos de CACH╔ para: 'Bilbao'
20:51:22.161 [main] DEBUG com.weatherapp.cache.WeatherCache - ? CachÚ HIT para 'madrid' (edad: 11ms)
20:51:22.161 [main] INFO com.weatherapp.service.CachedWeatherService - ? Retornando datos de CACH╔ para: 'Madrid'
20:51:22.161 [main] DEBUG com.weatherapp.cache.WeatherCache - ? CachÚ HIT para 'barcelona' (edad: 9ms)
20:51:22.161 [main] INFO com.weatherapp.service.CachedWeatherService - ? Retornando datos de CACH╔ para: 'Barcelona'
20:51:22.161 [main] DEBUG com.weatherapp.cache.WeatherCache - ? CachÚ HIT para 'valencia' (edad: 8ms)
20:51:22.161 [main] INFO com.weatherapp.service.CachedWeatherService - ? Retornando datos de CACH╔ para: 'Valencia'
20:51:22.161 [main] DEBUG com.weatherapp.cache.WeatherCache - ? CachÚ HIT para 'sevilla' (edad: 6ms)
20:51:22.161 [main] INFO com.weatherapp.service.CachedWeatherService - ? Retornando datos de CACH╔ para: 'Sevilla'
20:51:22.161 [main] DEBUG com.weatherapp.cache.WeatherCache - ? CachÚ HIT para 'bilbao' (edad: 6ms)
20:51:22.161 [main] INFO com.weatherapp.service.CachedWeatherService - ? Retornando datos de CACH╔ para: 'Bilbao'
20:51:22.161 [main] DEBUG com.weatherapp.cache.WeatherCache - ? CachÚ HIT para 'madrid' (edad: 11ms)
20:51:22.161 [main] INFO com.weatherapp.service.CachedWeatherService - ? Retornando datos de CACH╔ para: 'Madrid'
20:51:22.162 [main] DEBUG com.weatherapp.cache.WeatherCache - ? CachÚ HIT para 'barcelona' (edad: 10ms)
20:51:22.162 [main] INFO com.weatherapp.service.CachedWeatherService - ? Retornando datos de CACH╔ para: 'Barcelona'
20:51:22.162 [main] DEBUG com.weatherapp.cache.WeatherCache - ? CachÚ HIT para 'valencia' (edad: 9ms)
20:51:22.162 [main] INFO com.weatherapp.service.CachedWeatherService - ? Retornando datos de CACH╔ para: 'Valencia'
20:51:22.162 [main] DEBUG com.weatherapp.cache.WeatherCache - ? CachÚ HIT para 'sevilla' (edad: 7ms)
20:51:22.162 [main] INFO com.weatherapp.service.CachedWeatherService - ? Retornando datos de CACH╔ para: 'Sevilla'
20:51:22.162 [main] DEBUG com.weatherapp.cache.WeatherCache - ? CachÚ HIT para 'bilbao' (edad: 7ms)
20:51:22.162 [main] INFO com.weatherapp.service.CachedWeatherService - ? Retornando datos de CACH╔ para: 'Bilbao'
20:51:22.168 [main] INFO com.weatherapp.cache.WeatherCache - WeatherCache inicializado con TTL: 2000ms (0 minutos)
20:51:22.168 [main] INFO com.weatherapp.service.CachedWeatherService - CachedWeatherService inicializado con cachÚ
20:51:22.168 [main] DEBUG com.weatherapp.cache.WeatherCache - ? CachÚ MISS para 'madrid'
20:51:22.168 [main] INFO com.weatherapp.service.CachedWeatherService - ? Consultando API para: 'Madrid'
20:51:22.169 [main] DEBUG com.weatherapp.cache.WeatherCache - ? Datos almacenados en cachÚ para 'madrid'
20:51:22.169 [main] INFO com.weatherapp.service.CachedWeatherService - ? Datos obtenidos y almacenados en cachÚ para: 'Madrid'
20:51:24.273 [main] INFO com.weatherapp.cache.WeatherCache - ? CachÚ limpiado: 1 entradas eliminadas (1 ? 0)
20:51:24.274 [main] INFO com.weatherapp.cache.WeatherCache - WeatherCache inicializado con TTL: 2000ms (0 minutos)
20:51:24.274 [main] INFO com.weatherapp.service.CachedWeatherService - CachedWeatherService inicializado con cachÚ
20:51:24.274 [main] DEBUG com.weatherapp.cache.WeatherCache - ? CachÚ MISS para 'madrid'
20:51:24.274 [main] INFO com.weatherapp.service.CachedWeatherService - ? Consultando API para: 'Madrid'
20:51:24.275 [main] DEBUG com.weatherapp.cache.WeatherCache - ? Datos almacenados en cachÚ para 'madrid'
20:51:24.275 [main] INFO com.weatherapp.service.CachedWeatherService - ? Datos obtenidos y almacenados en cachÚ para: 'Madrid'
20:51:24.275 [main] DEBUG com.weatherapp.cache.WeatherCache - ? CachÚ HIT para 'madrid' (edad: 0ms)
20:51:24.275 [main] INFO com.weatherapp.service.CachedWeatherService - ? Retornando datos de CACH╔ para: 'Madrid'
20:51:24.277 [main] INFO com.weatherapp.cache.WeatherCache - WeatherCache inicializado con TTL: 2000ms (0 minutos)
20:51:24.277 [main] INFO com.weatherapp.service.CachedWeatherService - CachedWeatherService inicializado con cachÚ
20:51:24.281 [main] INFO com.weatherapp.cache.WeatherCache - WeatherCache inicializado con TTL: 2000ms (0 minutos)
20:51:24.281 [main] INFO com.weatherapp.service.CachedWeatherService - CachedWeatherService inicializado con cachÚ
20:51:24.281 [main] DEBUG com.weatherapp.cache.WeatherCache - ? CachÚ MISS para 'madrid'
20:51:24.281 [main] INFO com.weatherapp.service.CachedWeatherService - ? Consultando API para: 'Madrid'
20:51:24.281 [main] DEBUG com.weatherapp.cache.WeatherCache - ? Datos almacenados en cachÚ para 'madrid'
20:51:24.281 [main] INFO com.weatherapp.service.CachedWeatherService - ? Datos obtenidos y almacenados en cachÚ para: 'Madrid'
20:51:24.281 [main] DEBUG com.weatherapp.cache.WeatherCache - ? CachÚ HIT para 'madrid' (edad: 0ms)
20:51:24.281 [main] INFO com.weatherapp.service.CachedWeatherService - ? Retornando datos de CACH╔ para: 'Madrid'
20:51:24.281 [main] DEBUG com.weatherapp.cache.WeatherCache - ? CachÚ HIT para 'madrid' (edad: 0ms)
20:51:24.281 [main] INFO com.weatherapp.service.CachedWeatherService - ? Retornando datos de CACH╔ para: 'Madrid'
20:51:24.281 [main] DEBUG com.weatherapp.cache.WeatherCache - ? CachÚ HIT para 'madrid' (edad: 0ms)
20:51:24.281 [main] INFO com.weatherapp.service.CachedWeatherService - ? Retornando datos de CACH╔ para: 'Madrid'
20:51:24.281 [main] DEBUG com.weatherapp.cache.WeatherCache - ? CachÚ HIT para 'madrid' (edad: 0ms)
20:51:24.281 [main] INFO com.weatherapp.service.CachedWeatherService - ? Retornando datos de CACH╔ para: 'Madrid'
20:51:24.282 [main] DEBUG com.weatherapp.cache.WeatherCache - ? CachÚ HIT para 'madrid' (edad: 1ms)
20:51:24.282 [main] INFO com.weatherapp.service.CachedWeatherService - ? Retornando datos de CACH╔ para: 'Madrid'
20:51:24.282 [main] DEBUG com.weatherapp.cache.WeatherCache - ? CachÚ HIT para 'madrid' (edad: 1ms)
20:51:24.282 [main] INFO com.weatherapp.service.CachedWeatherService - ? Retornando datos de CACH╔ para: 'Madrid'
20:51:24.282 [main] DEBUG com.weatherapp.cache.WeatherCache - ? CachÚ HIT para 'madrid' (edad: 1ms)
20:51:24.282 [main] INFO com.weatherapp.service.CachedWeatherService - ? Retornando datos de CACH╔ para: 'Madrid'
20:51:24.282 [main] DEBUG com.weatherapp.cache.WeatherCache - ? CachÚ HIT para 'madrid' (edad: 1ms)
20:51:24.282 [main] INFO com.weatherapp.service.CachedWeatherService - ? Retornando datos de CACH╔ para: 'Madrid'
20:51:24.282 [main] DEBUG com.weatherapp.cache.WeatherCache - ? CachÚ HIT para 'madrid' (edad: 1ms)
20:51:24.282 [main] INFO com.weatherapp.service.CachedWeatherService - ? Retornando datos de CACH╔ para: 'Madrid'
20:51:24.282 [main] DEBUG com.weatherapp.cache.WeatherCache - ? CachÚ HIT para 'madrid' (edad: 1ms)
20:51:24.282 [main] INFO com.weatherapp.service.CachedWeatherService - ? Retornando datos de CACH╔ para: 'Madrid'
20:51:24.282 [main] DEBUG com.weatherapp.cache.WeatherCache - ? CachÚ HIT para 'madrid' (edad: 1ms)
20:51:24.282 [main] INFO com.weatherapp.service.CachedWeatherService - ? Retornando datos de CACH╔ para: 'Madrid'
20:51:24.282 [main] DEBUG com.weatherapp.cache.WeatherCache - ? CachÚ HIT para 'madrid' (edad: 1ms)
20:51:24.282 [main] INFO com.weatherapp.service.CachedWeatherService - ? Retornando datos de CACH╔ para: 'Madrid'
20:51:24.282 [main] DEBUG com.weatherapp.cache.WeatherCache - ? CachÚ HIT para 'madrid' (edad: 1ms)
20:51:24.282 [main] INFO com.weatherapp.service.CachedWeatherService - ? Retornando datos de CACH╔ para: 'Madrid'
20:51:24.282 [main] DEBUG com.weatherapp.cache.WeatherCache - ? CachÚ HIT para 'madrid' (edad: 1ms)
20:51:24.282 [main] INFO com.weatherapp.service.CachedWeatherService - ? Retornando datos de CACH╔ para: 'Madrid'
20:51:24.282 [main] DEBUG com.weatherapp.cache.WeatherCache - ? CachÚ HIT para 'madrid' (edad: 1ms)
20:51:24.282 [main] INFO com.weatherapp.service.CachedWeatherService - ? Retornando datos de CACH╔ para: 'Madrid'
20:51:24.282 [main] DEBUG com.weatherapp.cache.WeatherCache - ? CachÚ HIT para 'madrid' (edad: 1ms)
20:51:24.282 [main] INFO com.weatherapp.service.CachedWeatherService - ? Retornando datos de CACH╔ para: 'Madrid'
20:51:24.282 [main] DEBUG com.weatherapp.cache.WeatherCache - ? CachÚ HIT para 'madrid' (edad: 1ms)
20:51:24.282 [main] INFO com.weatherapp.service.CachedWeatherService - ? Retornando datos de CACH╔ para: 'Madrid'
20:51:24.282 [main] DEBUG com.weatherapp.cache.WeatherCache - ? CachÚ HIT para 'madrid' (edad: 1ms)
20:51:24.282 [main] INFO com.weatherapp.service.CachedWeatherService - ? Retornando datos de CACH╔ para: 'Madrid'
20:51:24.282 [main] DEBUG com.weatherapp.cache.WeatherCache - ? CachÚ HIT para 'madrid' (edad: 1ms)
20:51:24.282 [main] INFO com.weatherapp.service.CachedWeatherService - ? Retornando datos de CACH╔ para: 'Madrid'
20:51:24.283 [main] DEBUG com.weatherapp.cache.WeatherCache - ? CachÚ HIT para 'madrid' (edad: 2ms)
20:51:24.283 [main] INFO com.weatherapp.service.CachedWeatherService - ? Retornando datos de CACH╔ para: 'Madrid'
20:51:24.283 [main] DEBUG com.weatherapp.cache.WeatherCache - ? CachÚ HIT para 'madrid' (edad: 2ms)
20:51:24.283 [main] INFO com.weatherapp.service.CachedWeatherService - ? Retornando datos de CACH╔ para: 'Madrid'
20:51:24.283 [main] DEBUG com.weatherapp.cache.WeatherCache - ? CachÚ HIT para 'madrid' (edad: 2ms)
20:51:24.283 [main] INFO com.weatherapp.service.CachedWeatherService - ? Retornando datos de CACH╔ para: 'Madrid'
20:51:24.283 [main] DEBUG com.weatherapp.cache.WeatherCache - ? CachÚ HIT para 'madrid' (edad: 2ms)
20:51:24.283 [main] INFO com.weatherapp.service.CachedWeatherService - ? Retornando datos de CACH╔ para: 'Madrid'
20:51:24.283 [main] DEBUG com.weatherapp.cache.WeatherCache - ? CachÚ HIT para 'madrid' (edad: 2ms)
20:51:24.283 [main] INFO com.weatherapp.service.CachedWeatherService - ? Retornando datos de CACH╔ para: 'Madrid'
20:51:24.283 [main] DEBUG com.weatherapp.cache.WeatherCache - ? CachÚ HIT para 'madrid' (edad: 2ms)
20:51:24.283 [main] INFO com.weatherapp.service.CachedWeatherService - ? Retornando datos de CACH╔ para: 'Madrid'
20:51:24.283 [main] DEBUG com.weatherapp.cache.WeatherCache - ? CachÚ HIT para 'madrid' (edad: 2ms)
20:51:24.283 [main] INFO com.weatherapp.service.CachedWeatherService - ? Retornando datos de CACH╔ para: 'Madrid'
20:51:24.283 [main] DEBUG com.weatherapp.cache.WeatherCache - ? CachÚ HIT para 'madrid' (edad: 2ms)
20:51:24.283 [main] INFO com.weatherapp.service.CachedWeatherService - ? Retornando datos de CACH╔ para: 'Madrid'
20:51:24.283 [main] DEBUG com.weatherapp.cache.WeatherCache - ? CachÚ HIT para 'madrid' (edad: 2ms)
20:51:24.283 [main] INFO com.weatherapp.service.CachedWeatherService - ? Retornando datos de CACH╔ para: 'Madrid'
20:51:24.283 [main] DEBUG com.weatherapp.cache.WeatherCache - ? CachÚ HIT para 'madrid' (edad: 2ms)
20:51:24.283 [main] INFO com.weatherapp.service.CachedWeatherService - ? Retornando datos de CACH╔ para: 'Madrid'
20:51:24.283 [main] DEBUG com.weatherapp.cache.WeatherCache - ? CachÚ HIT para 'madrid' (edad: 2ms)
20:51:24.283 [main] INFO com.weatherapp.service.CachedWeatherService - ? Retornando datos de CACH╔ para: 'Madrid'
20:51:24.283 [main] DEBUG com.weatherapp.cache.WeatherCache - ? CachÚ HIT para 'madrid' (edad: 2ms)
20:51:24.283 [main] INFO com.weatherapp.service.CachedWeatherService - ? Retornando datos de CACH╔ para: 'Madrid'
20:51:24.283 [main] DEBUG com.weatherapp.cache.WeatherCache - ? CachÚ HIT para 'madrid' (edad: 2ms)
20:51:24.283 [main] INFO com.weatherapp.service.CachedWeatherService - ? Retornando datos de CACH╔ para: 'Madrid'
20:51:24.283 [main] DEBUG com.weatherapp.cache.WeatherCache - ? CachÚ HIT para 'madrid' (edad: 2ms)
20:51:24.283 [main] INFO com.weatherapp.service.CachedWeatherService - ? Retornando datos de CACH╔ para: 'Madrid'
20:51:24.283 [main] DEBUG com.weatherapp.cache.WeatherCache - ? CachÚ HIT para 'madrid' (edad: 2ms)
20:51:24.283 [main] INFO com.weatherapp.service.CachedWeatherService - ? Retornando datos de CACH╔ para: 'Madrid'
20:51:24.283 [main] DEBUG com.weatherapp.cache.WeatherCache - ? CachÚ HIT para 'madrid' (edad: 2ms)
20:51:24.283 [main] INFO com.weatherapp.service.CachedWeatherService - ? Retornando datos de CACH╔ para: 'Madrid'
20:51:24.283 [main] DEBUG com.weatherapp.cache.WeatherCache - ? CachÚ HIT para 'madrid' (edad: 2ms)
20:51:24.283 [main] INFO com.weatherapp.service.CachedWeatherService - ? Retornando datos de CACH╔ para: 'Madrid'
20:51:24.283 [main] DEBUG com.weatherapp.cache.WeatherCache - ? CachÚ HIT para 'madrid' (edad: 2ms)
20:51:24.283 [main] INFO com.weatherapp.service.CachedWeatherService - ? Retornando datos de CACH╔ para: 'Madrid'
20:51:24.283 [main] DEBUG com.weatherapp.cache.WeatherCache - ? CachÚ HIT para 'madrid' (edad: 2ms)
20:51:24.283 [main] INFO com.weatherapp.service.CachedWeatherService - ? Retornando datos de CACH╔ para: 'Madrid'
20:51:24.283 [main] DEBUG com.weatherapp.cache.WeatherCache - ? CachÚ HIT para 'madrid' (edad: 2ms)
20:51:24.283 [main] INFO com.weatherapp.service.CachedWeatherService - ? Retornando datos de CACH╔ para: 'Madrid'
20:51:24.283 [main] DEBUG com.weatherapp.cache.WeatherCache - ? CachÚ HIT para 'madrid' (edad: 2ms)
20:51:24.283 [main] INFO com.weatherapp.service.CachedWeatherService - ? Retornando datos de CACH╔ para: 'Madrid'
20:51:24.283 [main] DEBUG com.weatherapp.cache.WeatherCache - ? CachÚ HIT para 'madrid' (edad: 2ms)
20:51:24.283 [main] INFO com.weatherapp.service.CachedWeatherService - ? Retornando datos de CACH╔ para: 'Madrid'
20:51:24.283 [main] DEBUG com.weatherapp.cache.WeatherCache - ? CachÚ HIT para 'madrid' (edad: 2ms)
20:51:24.283 [main] INFO com.weatherapp.service.CachedWeatherService - ? Retornando datos de CACH╔ para: 'Madrid'
20:51:24.283 [main] DEBUG com.weatherapp.cache.WeatherCache - ? CachÚ HIT para 'madrid' (edad: 2ms)
20:51:24.283 [main] INFO com.weatherapp.service.CachedWeatherService - ? Retornando datos de CACH╔ para: 'Madrid'
20:51:24.283 [main] DEBUG com.weatherapp.cache.WeatherCache - ? CachÚ HIT para 'madrid' (edad: 2ms)
20:51:24.284 [main] INFO com.weatherapp.service.CachedWeatherService - ? Retornando datos de CACH╔ para: 'Madrid'
20:51:24.284 [main] DEBUG com.weatherapp.cache.WeatherCache - ? CachÚ HIT para 'madrid' (edad: 3ms)
20:51:24.284 [main] INFO com.weatherapp.service.CachedWeatherService - ? Retornando datos de CACH╔ para: 'Madrid'
20:51:24.284 [main] DEBUG com.weatherapp.cache.WeatherCache - ? CachÚ HIT para 'madrid' (edad: 3ms)
20:51:24.284 [main] INFO com.weatherapp.service.CachedWeatherService - ? Retornando datos de CACH╔ para: 'Madrid'
20:51:24.284 [main] DEBUG com.weatherapp.cache.WeatherCache - ? CachÚ HIT para 'madrid' (edad: 3ms)
20:51:24.284 [main] INFO com.weatherapp.service.CachedWeatherService - ? Retornando datos de CACH╔ para: 'Madrid'
20:51:24.284 [main] DEBUG com.weatherapp.cache.WeatherCache - ? CachÚ HIT para 'madrid' (edad: 3ms)
20:51:24.284 [main] INFO com.weatherapp.service.CachedWeatherService - ? Retornando datos de CACH╔ para: 'Madrid'
20:51:24.284 [main] DEBUG com.weatherapp.cache.WeatherCache - ? CachÚ HIT para 'madrid' (edad: 3ms)
20:51:24.284 [main] INFO com.weatherapp.service.CachedWeatherService - ? Retornando datos de CACH╔ para: 'Madrid'
20:51:24.284 [main] DEBUG com.weatherapp.cache.WeatherCache - ? CachÚ HIT para 'madrid' (edad: 3ms)
20:51:24.284 [main] INFO com.weatherapp.service.CachedWeatherService - ? Retornando datos de CACH╔ para: 'Madrid'
20:51:24.284 [main] DEBUG com.weatherapp.cache.WeatherCache - ? CachÚ HIT para 'madrid' (edad: 3ms)
20:51:24.284 [main] INFO com.weatherapp.service.CachedWeatherService - ? Retornando datos de CACH╔ para: 'Madrid'
20:51:24.284 [main] DEBUG com.weatherapp.cache.WeatherCache - ? CachÚ HIT para 'madrid' (edad: 3ms)
20:51:24.284 [main] INFO com.weatherapp.service.CachedWeatherService - ? Retornando datos de CACH╔ para: 'Madrid'
20:51:24.284 [main] DEBUG com.weatherapp.cache.WeatherCache - ? CachÚ HIT para 'madrid' (edad: 3ms)
20:51:24.284 [main] INFO com.weatherapp.service.CachedWeatherService - ? Retornando datos de CACH╔ para: 'Madrid'
20:51:24.284 [main] DEBUG com.weatherapp.cache.WeatherCache - ? CachÚ HIT para 'madrid' (edad: 3ms)
20:51:24.284 [main] INFO com.weatherapp.service.CachedWeatherService - ? Retornando datos de CACH╔ para: 'Madrid'
20:51:24.284 [main] DEBUG com.weatherapp.cache.WeatherCache - ? CachÚ HIT para 'madrid' (edad: 3ms)
20:51:24.284 [main] INFO com.weatherapp.service.CachedWeatherService - ? Retornando datos de CACH╔ para: 'Madrid'
20:51:24.284 [main] DEBUG com.weatherapp.cache.WeatherCache - ? CachÚ HIT para 'madrid' (edad: 3ms)
20:51:24.284 [main] INFO com.weatherapp.service.CachedWeatherService - ? Retornando datos de CACH╔ para: 'Madrid'
20:51:24.284 [main] DEBUG com.weatherapp.cache.WeatherCache - ? CachÚ HIT para 'madrid' (edad: 3ms)
20:51:24.284 [main] INFO com.weatherapp.service.CachedWeatherService - ? Retornando datos de CACH╔ para: 'Madrid'
20:51:24.284 [main] DEBUG com.weatherapp.cache.WeatherCache - ? CachÚ HIT para 'madrid' (edad: 3ms)
20:51:24.284 [main] INFO com.weatherapp.service.CachedWeatherService - ? Retornando datos de CACH╔ para: 'Madrid'
20:51:24.284 [main] DEBUG com.weatherapp.cache.WeatherCache - ? CachÚ HIT para 'madrid' (edad: 3ms)
20:51:24.284 [main] INFO com.weatherapp.service.CachedWeatherService - ? Retornando datos de CACH╔ para: 'Madrid'
20:51:24.284 [main] DEBUG com.weatherapp.cache.WeatherCache - ? CachÚ HIT para 'madrid' (edad: 3ms)
20:51:24.284 [main] INFO com.weatherapp.service.CachedWeatherService - ? Retornando datos de CACH╔ para: 'Madrid'
20:51:24.284 [main] DEBUG com.weatherapp.cache.WeatherCache - ? CachÚ HIT para 'madrid' (edad: 3ms)
20:51:24.284 [main] INFO com.weatherapp.service.CachedWeatherService - ? Retornando datos de CACH╔ para: 'Madrid'
20:51:24.284 [main] DEBUG com.weatherapp.cache.WeatherCache - ? CachÚ HIT para 'madrid' (edad: 3ms)
20:51:24.284 [main] INFO com.weatherapp.service.CachedWeatherService - ? Retornando datos de CACH╔ para: 'Madrid'
20:51:24.284 [main] DEBUG com.weatherapp.cache.WeatherCache - ? CachÚ HIT para 'madrid' (edad: 3ms)
20:51:24.284 [main] INFO com.weatherapp.service.CachedWeatherService - ? Retornando datos de CACH╔ para: 'Madrid'
20:51:24.284 [main] DEBUG com.weatherapp.cache.WeatherCache - ? CachÚ HIT para 'madrid' (edad: 3ms)
20:51:24.284 [main] INFO com.weatherapp.service.CachedWeatherService - ? Retornando datos de CACH╔ para: 'Madrid'
20:51:24.284 [main] DEBUG com.weatherapp.cache.WeatherCache - ? CachÚ HIT para 'madrid' (edad: 3ms)
20:51:24.284 [main] INFO com.weatherapp.service.CachedWeatherService - ? Retornando datos de CACH╔ para: 'Madrid'
20:51:24.284 [main] DEBUG com.weatherapp.cache.WeatherCache - ? CachÚ HIT para 'madrid' (edad: 3ms)
20:51:24.284 [main] INFO com.weatherapp.service.CachedWeatherService - ? Retornando datos de CACH╔ para: 'Madrid'
20:51:24.284 [main] DEBUG com.weatherapp.cache.WeatherCache - ? CachÚ HIT para 'madrid' (edad: 3ms)
20:51:24.284 [main] INFO com.weatherapp.service.CachedWeatherService - ? Retornando datos de CACH╔ para: 'Madrid'
20:51:24.284 [main] DEBUG com.weatherapp.cache.WeatherCache - ? CachÚ HIT para 'madrid' (edad: 3ms)
20:51:24.284 [main] INFO com.weatherapp.service.CachedWeatherService - ? Retornando datos de CACH╔ para: 'Madrid'
20:51:24.284 [main] DEBUG com.weatherapp.cache.WeatherCache - ? CachÚ HIT para 'madrid' (edad: 3ms)
20:51:24.284 [main] INFO com.weatherapp.service.CachedWeatherService - ? Retornando datos de CACH╔ para: 'Madrid'
20:51:24.284 [main] DEBUG com.weatherapp.cache.WeatherCache - ? CachÚ HIT para 'madrid' (edad: 3ms)
20:51:24.284 [main] INFO com.weatherapp.service.CachedWeatherService - ? Retornando datos de CACH╔ para: 'Madrid'
20:51:24.284 [main] DEBUG com.weatherapp.cache.WeatherCache - ? CachÚ HIT para 'madrid' (edad: 3ms)
20:51:24.284 [main] INFO com.weatherapp.service.CachedWeatherService - ? Retornando datos de CACH╔ para: 'Madrid'
20:51:24.284 [main] DEBUG com.weatherapp.cache.WeatherCache - ? CachÚ HIT para 'madrid' (edad: 3ms)
20:51:24.284 [main] INFO com.weatherapp.service.CachedWeatherService - ? Retornando datos de CACH╔ para: 'Madrid'
20:51:24.284 [main] DEBUG com.weatherapp.cache.WeatherCache - ? CachÚ HIT para 'madrid' (edad: 3ms)
20:51:24.284 [main] INFO com.weatherapp.service.CachedWeatherService - ? Retornando datos de CACH╔ para: 'Madrid'
20:51:24.284 [main] DEBUG com.weatherapp.cache.WeatherCache - ? CachÚ HIT para 'madrid' (edad: 3ms)
20:51:24.284 [main] INFO com.weatherapp.service.CachedWeatherService - ? Retornando datos de CACH╔ para: 'Madrid'
20:51:24.284 [main] DEBUG com.weatherapp.cache.WeatherCache - ? CachÚ HIT para 'madrid' (edad: 3ms)
20:51:24.284 [main] INFO com.weatherapp.service.CachedWeatherService - ? Retornando datos de CACH╔ para: 'Madrid'
20:51:24.284 [main] DEBUG com.weatherapp.cache.WeatherCache - ? CachÚ HIT para 'madrid' (edad: 3ms)
20:51:24.284 [main] INFO com.weatherapp.service.CachedWeatherService - ? Retornando datos de CACH╔ para: 'Madrid'
20:51:24.284 [main] DEBUG com.weatherapp.cache.WeatherCache - ? CachÚ HIT para 'madrid' (edad: 3ms)
20:51:24.284 [main] INFO com.weatherapp.service.CachedWeatherService - ? Retornando datos de CACH╔ para: 'Madrid'
20:51:24.284 [main] DEBUG com.weatherapp.cache.WeatherCache - ? CachÚ HIT para 'madrid' (edad: 3ms)
20:51:24.284 [main] INFO com.weatherapp.service.CachedWeatherService - ? Retornando datos de CACH╔ para: 'Madrid'
20:51:24.284 [main] DEBUG com.weatherapp.cache.WeatherCache - ? CachÚ HIT para 'madrid' (edad: 3ms)
20:51:24.284 [main] INFO com.weatherapp.service.CachedWeatherService - ? Retornando datos de CACH╔ para: 'Madrid'
20:51:24.284 [main] DEBUG com.weatherapp.cache.WeatherCache - ? CachÚ HIT para 'madrid' (edad: 3ms)
20:51:24.284 [main] INFO com.weatherapp.service.CachedWeatherService - ? Retornando datos de CACH╔ para: 'Madrid'
20:51:24.284 [main] DEBUG com.weatherapp.cache.WeatherCache - ? CachÚ HIT para 'madrid' (edad: 3ms)
20:51:24.284 [main] INFO com.weatherapp.service.CachedWeatherService - ? Retornando datos de CACH╔ para: 'Madrid'
20:51:24.284 [main] DEBUG com.weatherapp.cache.WeatherCache - ? CachÚ HIT para 'madrid' (edad: 3ms)
20:51:24.284 [main] INFO com.weatherapp.service.CachedWeatherService - ? Retornando datos de CACH╔ para: 'Madrid'
20:51:24.284 [main] DEBUG com.weatherapp.cache.WeatherCache - ? CachÚ HIT para 'madrid' (edad: 3ms)
20:51:24.285 [main] INFO com.weatherapp.service.CachedWeatherService - ? Retornando datos de CACH╔ para: 'Madrid'
20:51:24.285 [main] DEBUG com.weatherapp.cache.WeatherCache - ? CachÚ HIT para 'madrid' (edad: 4ms)
20:51:24.285 [main] INFO com.weatherapp.service.CachedWeatherService - ? Retornando datos de CACH╔ para: 'Madrid'
20:51:24.285 [main] DEBUG com.weatherapp.cache.WeatherCache - ? CachÚ HIT para 'madrid' (edad: 4ms)
20:51:24.285 [main] INFO com.weatherapp.service.CachedWeatherService - ? Retornando datos de CACH╔ para: 'Madrid'
20:51:24.285 [main] DEBUG com.weatherapp.cache.WeatherCache - ? CachÚ HIT para 'madrid' (edad: 4ms)
20:51:24.285 [main] INFO com.weatherapp.service.CachedWeatherService - ? Retornando datos de CACH╔ para: 'Madrid'
20:51:24.285 [main] DEBUG com.weatherapp.cache.WeatherCache - ? CachÚ HIT para 'madrid' (edad: 4ms)
20:51:24.285 [main] INFO com.weatherapp.service.CachedWeatherService - ? Retornando datos de CACH╔ para: 'Madrid'
20:51:24.285 [main] DEBUG com.weatherapp.cache.WeatherCache - ? CachÚ HIT para 'madrid' (edad: 4ms)
20:51:24.285 [main] INFO com.weatherapp.service.CachedWeatherService - ? Retornando datos de CACH╔ para: 'Madrid'
20:51:24.285 [main] DEBUG com.weatherapp.cache.WeatherCache - ? CachÚ HIT para 'madrid' (edad: 4ms)
20:51:24.285 [main] INFO com.weatherapp.service.CachedWeatherService - ? Retornando datos de CACH╔ para: 'Madrid'
20:51:24.285 [main] DEBUG com.weatherapp.cache.WeatherCache - ? CachÚ HIT para 'madrid' (edad: 4ms)
20:51:24.285 [main] INFO com.weatherapp.service.CachedWeatherService - ? Retornando datos de CACH╔ para: 'Madrid'
20:51:24.285 [main] DEBUG com.weatherapp.cache.WeatherCache - ? CachÚ HIT para 'madrid' (edad: 4ms)
20:51:24.285 [main] INFO com.weatherapp.service.CachedWeatherService - ? Retornando datos de CACH╔ para: 'Madrid'
20:51:24.285 [main] DEBUG com.weatherapp.cache.WeatherCache - ? CachÚ HIT para 'madrid' (edad: 4ms)
20:51:24.285 [main] INFO com.weatherapp.service.CachedWeatherService - ? Retornando datos de CACH╔ para: 'Madrid'
20:51:24.285 [main] DEBUG com.weatherapp.cache.WeatherCache - ? CachÚ HIT para 'madrid' (edad: 4ms)
20:51:24.285 [main] INFO com.weatherapp.service.CachedWeatherService - ? Retornando datos de CACH╔ para: 'Madrid'
20:51:24.285 [main] DEBUG com.weatherapp.cache.WeatherCache - ? CachÚ HIT para 'madrid' (edad: 4ms)
20:51:24.285 [main] INFO com.weatherapp.service.CachedWeatherService - ? Retornando datos de CACH╔ para: 'Madrid'
20:51:24.285 [main] DEBUG com.weatherapp.cache.WeatherCache - ? CachÚ HIT para 'madrid' (edad: 4ms)
20:51:24.285 [main] INFO com.weatherapp.service.CachedWeatherService - ? Retornando datos de CACH╔ para: 'Madrid'
20:51:24.285 [main] DEBUG com.weatherapp.cache.WeatherCache - ? CachÚ HIT para 'madrid' (edad: 4ms)
20:51:24.285 [main] INFO com.weatherapp.service.CachedWeatherService - ? Retornando datos de CACH╔ para: 'Madrid'
20:51:24.285 [main] DEBUG com.weatherapp.cache.WeatherCache - ? CachÚ HIT para 'madrid' (edad: 4ms)
20:51:24.285 [main] INFO com.weatherapp.service.CachedWeatherService - ? Retornando datos de CACH╔ para: 'Madrid'
20:51:24.285 [main] DEBUG com.weatherapp.cache.WeatherCache - ? CachÚ HIT para 'madrid' (edad: 4ms)
20:51:24.286 [main] INFO com.weatherapp.service.CachedWeatherService - ? Retornando datos de CACH╔ para: 'Madrid'
20:51:24.286 [main] DEBUG com.weatherapp.cache.WeatherCache - ? CachÚ HIT para 'madrid' (edad: 5ms)
20:51:24.286 [main] INFO com.weatherapp.service.CachedWeatherService - ? Retornando datos de CACH╔ para: 'Madrid'
20:51:24.289 [main] INFO com.weatherapp.cache.WeatherCache - WeatherCache inicializado con TTL: 2000ms (0 minutos)
20:51:24.289 [main] INFO com.weatherapp.service.CachedWeatherService - CachedWeatherService inicializado con cachÚ
20:51:24.289 [main] DEBUG com.weatherapp.cache.WeatherCache - ? CachÚ MISS para 'madrid'
20:51:24.289 [main] INFO com.weatherapp.service.CachedWeatherService - ? Consultando API para: 'Madrid'
20:51:24.289 [main] DEBUG com.weatherapp.cache.WeatherCache - ? Datos almacenados en cachÚ para 'madrid'
20:51:24.289 [main] INFO com.weatherapp.service.CachedWeatherService - ? Datos obtenidos y almacenados en cachÚ para: 'Madrid'
20:51:24.289 [main] DEBUG com.weatherapp.cache.WeatherCache - ? CachÚ MISS para 'barcelona'
20:51:24.289 [main] INFO com.weatherapp.service.CachedWeatherService - ? Consultando API para: 'Barcelona'
20:51:24.289 [main] DEBUG com.weatherapp.cache.WeatherCache - ? Datos almacenados en cachÚ para 'barcelona'
20:51:24.289 [main] INFO com.weatherapp.service.CachedWeatherService - ? Datos obtenidos y almacenados en cachÚ para: 'Barcelona'
20:51:24.291 [main] INFO com.weatherapp.cache.WeatherCache - WeatherCache inicializado con TTL: 2000ms (0 minutos)
20:51:24.291 [main] INFO com.weatherapp.service.CachedWeatherService - CachedWeatherService inicializado con cachÚ
20:51:24.301 [main] DEBUG com.weatherapp.cache.WeatherCache - ? CachÚ MISS para 'invalidcity'
20:51:24.301 [main] INFO com.weatherapp.service.CachedWeatherService - ? Consultando API para: 'InvalidCity'
[INFO] Tests run: 14, Failures: 0, Errors: 0, Skipped: 0, Time elapsed: 3.45 s - in com.weatherapp.service.CachedWeatherServiceTest
[INFO] Running com.weatherapp.service.WeatherServiceEdgeCasesTest
20:51:24.418 [main] INFO com.weatherapp.service.WeatherService - Buscando clima para: 'Beijing'
20:51:24.419 [main] DEBUG com.weatherapp.service.WeatherService - Ubicaci¾n resuelta: GeoLocation{ciudad='??', latitud=39,9042, longitud=116,4074}
20:51:24.419 [main] INFO com.weatherapp.service.WeatherService - ? Datos climßticos obtenidos exitosamente para: ??
20:51:24.436 [main] INFO com.weatherapp.service.WeatherService - Buscando clima para: 'Madrid'
20:51:24.436 [main] DEBUG com.weatherapp.service.WeatherService - Ubicaci¾n resuelta: GeoLocation{ciudad='Madrid', latitud=40,4168, longitud=-3,7038}
20:51:24.437 [main] INFO com.weatherapp.service.WeatherService - ? Datos climßticos obtenidos exitosamente para: Madrid
20:51:24.439 [main] INFO com.weatherapp.service.WeatherService - Buscando clima para: 'Madrid'
20:51:24.439 [main] DEBUG com.weatherapp.service.WeatherService - Ubicaci¾n resuelta: GeoLocation{ciudad='Madrid', latitud=40,4168, longitud=-3,7038}
20:51:24.439 [main] INFO com.weatherapp.service.WeatherService - ? Datos climßticos obtenidos exitosamente para: Madrid
20:51:24.441 [main] INFO com.weatherapp.service.WeatherService - Buscando clima para: 'Death Valley'
20:51:24.441 [main] DEBUG com.weatherapp.service.WeatherService - Ubicaci¾n resuelta: GeoLocation{ciudad='Death Valley', latitud=31,9454, longitud=35,9284}
20:51:24.441 [main] INFO com.weatherapp.service.WeatherService - ? Datos climßticos obtenidos exitosamente para: Death Valley
20:51:24.443 [main] INFO com.weatherapp.service.WeatherService - Buscando clima para: 'Madrid'
20:51:24.444 [main] DEBUG com.weatherapp.service.WeatherService - Ubicaci¾n resuelta: GeoLocation{ciudad='Madrid', latitud=40,4168, longitud=-3,7038}
20:51:24.444 [main] INFO com.weatherapp.service.WeatherService - ? Datos climßticos obtenidos exitosamente para: Madrid
20:51:24.446 [main] INFO com.weatherapp.service.WeatherService - Buscando clima para: 'Arctic City'
20:51:24.447 [main] DEBUG com.weatherapp.service.WeatherService - Ubicaci¾n resuelta: GeoLocation{ciudad='Arctic City', latitud=60,0000, longitud=0,0000}
20:51:24.447 [main] INFO com.weatherapp.service.WeatherService - ? Datos climßticos obtenidos exitosamente para: Arctic City
20:51:24.451 [main] INFO com.weatherapp.service.WeatherService - Buscando clima para: 'South Pole'
20:51:24.451 [main] DEBUG com.weatherapp.service.WeatherService - Ubicaci¾n resuelta: GeoLocation{ciudad='South Pole', latitud=-90,0000, longitud=0,0000}
20:51:24.451 [main] INFO com.weatherapp.service.WeatherService - ? Datos climßticos obtenidos exitosamente para: South Pole
20:51:24.455 [main] INFO com.weatherapp.service.WeatherService - Buscando clima para: 'Madrid'
20:51:24.455 [main] DEBUG com.weatherapp.service.WeatherService - Ubicaci¾n resuelta: GeoLocation{ciudad='Madrid', latitud=40,4168, longitud=-3,7038}
20:51:24.455 [main] INFO com.weatherapp.service.WeatherService - ? Datos climßticos obtenidos exitosamente para: Madrid
20:51:24.461 [main] INFO com.weatherapp.service.WeatherService - Buscando clima para: 'Rio de Janeiro'
20:51:24.462 [main] DEBUG com.weatherapp.service.WeatherService - Ubicaci¾n resuelta: GeoLocation{ciudad='Rio de Janeiro', latitud=-22,9068, longitud=-43,1729}
20:51:24.463 [main] INFO com.weatherapp.service.WeatherService - ? Datos climßticos obtenidos exitosamente para: Rio de Janeiro
20:51:24.466 [main] INFO com.weatherapp.service.WeatherService - Buscando clima para: 'Nueva York'
20:51:24.466 [main] DEBUG com.weatherapp.service.WeatherService - Ubicaci¾n resuelta: GeoLocation{ciudad='New York', latitud=40,7128, longitud=-74,0060}
20:51:24.466 [main] INFO com.weatherapp.service.WeatherService - ? Datos climßticos obtenidos exitosamente para: New York
20:51:24.469 [main] INFO com.weatherapp.service.WeatherService - Buscando clima para: 'South Pole'
20:51:24.469 [main] DEBUG com.weatherapp.service.WeatherService - Ubicaci¾n resuelta: GeoLocation{ciudad='South Pole', latitud=-90,0000, longitud=0,0000}
20:51:24.469 [main] INFO com.weatherapp.service.WeatherService - ? Datos climßticos obtenidos exitosamente para: South Pole
20:51:24.469 [main] INFO com.weatherapp.service.WeatherService - Buscando clima para: 'Death Valley'
20:51:24.469 [main] DEBUG com.weatherapp.service.WeatherService - Ubicaci¾n resuelta: GeoLocation{ciudad='Death Valley', latitud=31,9454, longitud=35,9284}
20:51:24.469 [main] INFO com.weatherapp.service.WeatherService - ? Datos climßticos obtenidos exitosamente para: Death Valley
20:51:24.472 [main] INFO com.weatherapp.service.WeatherService - Buscando clima para: 'New York'
20:51:24.473 [main] DEBUG com.weatherapp.service.WeatherService - Ubicaci¾n resuelta: GeoLocation{ciudad='New York, USA', latitud=40,7128, longitud=-74,0060}
20:51:24.473 [main] INFO com.weatherapp.service.WeatherService - ? Datos climßticos obtenidos exitosamente para: New York, USA
20:51:24.475 [main] INFO com.weatherapp.service.WeatherService - Buscando clima para: 'Madrid'
20:51:24.475 [main] DEBUG com.weatherapp.service.WeatherService - Ubicaci¾n resuelta: GeoLocation{ciudad='Madrid', latitud=40,4168, longitud=-3,7038}
20:51:24.476 [main] INFO com.weatherapp.service.WeatherService - ? Datos climßticos obtenidos exitosamente para: Madrid
20:51:24.478 [main] INFO com.weatherapp.service.WeatherService - Buscando clima para: 'Cairo'
20:51:24.478 [main] DEBUG com.weatherapp.service.WeatherService - Ubicaci¾n resuelta: GeoLocation{ciudad='Cairo', latitud=30,0444, longitud=31,2357}
20:51:24.479 [main] INFO com.weatherapp.service.WeatherService - ? Datos climßticos obtenidos exitosamente para: Cairo
20:51:24.481 [main] INFO com.weatherapp.service.WeatherService - Buscando clima para: 'Madrid'
20:51:24.481 [main] DEBUG com.weatherapp.service.WeatherService - Ubicaci¾n resuelta: GeoLocation{ciudad='Madrid', latitud=40,4168, longitud=-3,7038}
20:51:24.481 [main] INFO com.weatherapp.service.WeatherService - ? Datos climßticos obtenidos exitosamente para: Madrid
20:51:24.485 [main] INFO com.weatherapp.service.WeatherService - Buscando clima para: 'SÒo Paulo'
20:51:24.485 [main] DEBUG com.weatherapp.service.WeatherService - Ubicaci¾n resuelta: GeoLocation{ciudad='SÒo Paulo, Brasil', latitud=-23,5505, longitud=-46,6333}
20:51:24.486 [main] INFO com.weatherapp.service.WeatherService - ? Datos climßticos obtenidos exitosamente para: SÒo Paulo, Brasil
20:51:24.488 [main] INFO com.weatherapp.service.WeatherService - Buscando clima para: 'Moscow'
20:51:24.488 [main] DEBUG com.weatherapp.service.WeatherService - Ubicaci¾n resuelta: GeoLocation{ciudad='??????', latitud=55,7558, longitud=37,6173}
20:51:24.488 [main] INFO com.weatherapp.service.WeatherService - ? Datos climßticos obtenidos exitosamente para: ??????
20:51:24.491 [main] INFO com.weatherapp.service.WeatherService - Buscando clima para: 'Madrid'
20:51:24.491 [main] DEBUG com.weatherapp.service.WeatherService - Ubicaci¾n resuelta: GeoLocation{ciudad='Madrid', latitud=40,4168, longitud=-3,7038}
20:51:24.492 [main] INFO com.weatherapp.service.WeatherService - ? Datos climßticos obtenidos exitosamente para: Madrid
[INFO] Tests run: 18, Failures: 0, Errors: 0, Skipped: 0, Time elapsed: 0.177 s - in com.weatherapp.service.WeatherServiceEdgeCasesTest
[INFO] Running com.weatherapp.service.WeatherServiceIntegrationTest
20:51:24.496 [main] INFO com.weatherapp.service.WeatherService - Buscando clima para: 'London'
20:51:24.496 [main] DEBUG com.weatherapp.service.WeatherService - Ubicaci¾n resuelta: GeoLocation{ciudad='London, UK', latitud=51,5074, longitud=-0,1278}
20:51:24.497 [main] INFO com.weatherapp.service.WeatherService - ? Datos climßticos obtenidos exitosamente para: London, UK
20:51:24.498 [main] INFO com.weatherapp.service.WeatherService - Buscando clima para: 'Madrid'
20:51:24.498 [main] DEBUG com.weatherapp.service.WeatherService - Ubicaci¾n resuelta: GeoLocation{ciudad='Madrid', latitud=40,4168, longitud=-3,7038}
20:51:24.498 [main] INFO com.weatherapp.service.WeatherService - ? Datos climßticos obtenidos exitosamente para: Madrid
20:51:24.502 [main] INFO com.weatherapp.service.WeatherService - Buscando clima para: 'Madrid'
20:51:24.504 [main] ERROR com.weatherapp.service.WeatherService - Error de conectividad para 'Madrid'
java.lang.RuntimeException: Network timeout
	at com.weatherapp.client.OpenMeteoClient.resolveCity(OpenMeteoClient.java:58)
	at com.weatherapp.service.WeatherService.getWeatherByCityName(WeatherService.java:60)
	at com.weatherapp.service.WeatherServiceIntegrationTest.lambda$testGeocodeFailureNetworkError$1(WeatherServiceIntegrationTest.java:187)
	at org.junit.jupiter.api.AssertThrows.assertThrows(AssertThrows.java:53)
	at org.junit.jupiter.api.AssertThrows.assertThrows(AssertThrows.java:35)
	at org.junit.jupiter.api.Assertions.assertThrows(Assertions.java:3083)
	at com.weatherapp.service.WeatherServiceIntegrationTest.testGeocodeFailureNetworkError(WeatherServiceIntegrationTest.java:186)
	at java.base/jdk.internal.reflect.NativeMethodAccessorImpl.invoke0(Native Method)
	at java.base/jdk.internal.reflect.NativeMethodAccessorImpl.invoke(NativeMethodAccessorImpl.java:77)
	at java.base/jdk.internal.reflect.DelegatingMethodAccessorImpl.invoke(DelegatingMethodAccessorImpl.java:43)
	at java.base/java.lang.reflect.Method.invoke(Method.java:568)
	at org.junit.platform.commons.util.ReflectionUtils.invokeMethod(ReflectionUtils.java:727)
	at org.junit.jupiter.engine.execution.MethodInvocation.proceed(MethodInvocation.java:60)
	at org.junit.jupiter.engine.execution.InvocationInterceptorChain$ValidatingInvocation.proceed(InvocationInterceptorChain.java:131)
	at org.junit.jupiter.engine.extension.TimeoutExtension.intercept(TimeoutExtension.java:156)
	at org.junit.jupiter.engine.extension.TimeoutExtension.interceptTestableMethod(TimeoutExtension.java:147)
	at org.junit.jupiter.engine.extension.TimeoutExtension.interceptTestMethod(TimeoutExtension.java:86)
	at org.junit.jupiter.engine.execution.InterceptingExecutableInvoker$ReflectiveInterceptorCall.lambda$ofVoidMethod$0(InterceptingExecutableInvoker.java:103)
	at org.junit.jupiter.engine.execution.InterceptingExecutableInvoker.lambda$invoke$0(InterceptingExecutableInvoker.java:93)
	at org.junit.jupiter.engine.execution.InvocationInterceptorChain$InterceptedInvocation.proceed(InvocationInterceptorChain.java:106)
	at org.junit.jupiter.engine.execution.InvocationInterceptorChain.proceed(InvocationInterceptorChain.java:64)
	at org.junit.jupiter.engine.execution.InvocationInterceptorChain.chainAndInvoke(InvocationInterceptorChain.java:45)
	at org.junit.jupiter.engine.execution.InvocationInterceptorChain.invoke(InvocationInterceptorChain.java:37)
	at org.junit.jupiter.engine.execution.InterceptingExecutableInvoker.invoke(InterceptingExecutableInvoker.java:92)
	at org.junit.jupiter.engine.execution.InterceptingExecutableInvoker.invoke(InterceptingExecutableInvoker.java:86)
	at org.junit.jupiter.engine.descriptor.TestMethodTestDescriptor.lambda$invokeTestMethod$7(TestMethodTestDescriptor.java:217)
	at org.junit.platform.engine.support.hierarchical.ThrowableCollector.execute(ThrowableCollector.java:73)
	at org.junit.jupiter.engine.descriptor.TestMethodTestDescriptor.invokeTestMethod(TestMethodTestDescriptor.java:213)
	at org.junit.jupiter.engine.descriptor.TestMethodTestDescriptor.execute(TestMethodTestDescriptor.java:138)
	at org.junit.jupiter.engine.descriptor.TestMethodTestDescriptor.execute(TestMethodTestDescriptor.java:68)
	at org.junit.platform.engine.support.hierarchical.NodeTestTask.lambda$executeRecursively$6(NodeTestTask.java:151)
	at org.junit.platform.engine.support.hierarchical.ThrowableCollector.execute(ThrowableCollector.java:73)
	at org.junit.platform.engine.support.hierarchical.NodeTestTask.lambda$executeRecursively$8(NodeTestTask.java:141)
	at org.junit.platform.engine.support.hierarchical.Node.around(Node.java:137)
	at org.junit.platform.engine.support.hierarchical.NodeTestTask.lambda$executeRecursively$9(NodeTestTask.java:139)
	at org.junit.platform.engine.support.hierarchical.ThrowableCollector.execute(ThrowableCollector.java:73)
	at org.junit.platform.engine.support.hierarchical.NodeTestTask.executeRecursively(NodeTestTask.java:138)
	at org.junit.platform.engine.support.hierarchical.NodeTestTask.execute(NodeTestTask.java:95)
	at java.base/java.util.ArrayList.forEach(ArrayList.java:1511)
	at org.junit.platform.engine.support.hierarchical.SameThreadHierarchicalTestExecutorService.invokeAll(SameThreadHierarchicalTestExecutorService.java:41)
	at org.junit.platform.engine.support.hierarchical.NodeTestTask.lambda$executeRecursively$6(NodeTestTask.java:155)
	at org.junit.platform.engine.support.hierarchical.ThrowableCollector.execute(ThrowableCollector.java:73)
	at org.junit.platform.engine.support.hierarchical.NodeTestTask.lambda$executeRecursively$8(NodeTestTask.java:141)
	at org.junit.platform.engine.support.hierarchical.Node.around(Node.java:137)
	at org.junit.platform.engine.support.hierarchical.NodeTestTask.lambda$executeRecursively$9(NodeTestTask.java:139)
	at org.junit.platform.engine.support.hierarchical.ThrowableCollector.execute(ThrowableCollector.java:73)
	at org.junit.platform.engine.support.hierarchical.NodeTestTask.executeRecursively(NodeTestTask.java:138)
	at org.junit.platform.engine.support.hierarchical.NodeTestTask.execute(NodeTestTask.java:95)
	at java.base/java.util.ArrayList.forEach(ArrayList.java:1511)
	at org.junit.platform.engine.support.hierarchical.SameThreadHierarchicalTestExecutorService.invokeAll(SameThreadHierarchicalTestExecutorService.java:41)
	at org.junit.platform.engine.support.hierarchical.NodeTestTask.lambda$executeRecursively$6(NodeTestTask.java:155)
	at org.junit.platform.engine.support.hierarchical.ThrowableCollector.execute(ThrowableCollector.java:73)
	at org.junit.platform.engine.support.hierarchical.NodeTestTask.lambda$executeRecursively$8(NodeTestTask.java:141)
	at org.junit.platform.engine.support.hierarchical.Node.around(Node.java:137)
	at org.junit.platform.engine.support.hierarchical.NodeTestTask.lambda$executeRecursively$9(NodeTestTask.java:139)
	at org.junit.platform.engine.support.hierarchical.ThrowableCollector.execute(ThrowableCollector.java:73)
	at org.junit.platform.engine.support.hierarchical.NodeTestTask.executeRecursively(NodeTestTask.java:138)
	at org.junit.platform.engine.support.hierarchical.NodeTestTask.execute(NodeTestTask.java:95)
	at org.junit.platform.engine.support.hierarchical.SameThreadHierarchicalTestExecutorService.submit(SameThreadHierarchicalTestExecutorService.java:35)
	at org.junit.platform.engine.support.hierarchical.HierarchicalTestExecutor.execute(HierarchicalTestExecutor.java:57)
	at org.junit.platform.engine.support.hierarchical.HierarchicalTestEngine.execute(HierarchicalTestEngine.java:54)
	at org.junit.platform.launcher.core.DefaultLauncher.execute(DefaultLauncher.java:220)
	at org.junit.platform.launcher.core.DefaultLauncher.lambda$execute$6(DefaultLauncher.java:188)
	at org.junit.platform.launcher.core.DefaultLauncher.withInterceptedStreams(DefaultLauncher.java:202)
	at org.junit.platform.launcher.core.DefaultLauncher.execute(DefaultLauncher.java:181)
	at org.junit.platform.launcher.core.DefaultLauncher.execute(DefaultLauncher.java:128)
	at org.apache.maven.surefire.junitplatform.JUnitPlatformProvider.invokeAllTests(JUnitPlatformProvider.java:150)
	at org.apache.maven.surefire.junitplatform.JUnitPlatformProvider.invoke(JUnitPlatformProvider.java:124)
	at org.apache.maven.surefire.booter.ForkedBooter.invokeProviderInSameClassLoader(ForkedBooter.java:384)
	at org.apache.maven.surefire.booter.ForkedBooter.runSuitesInProcess(ForkedBooter.java:345)
	at org.apache.maven.surefire.booter.ForkedBooter.execute(ForkedBooter.java:126)
	at org.apache.maven.surefire.booter.ForkedBooter.main(ForkedBooter.java:418)
20:51:24.508 [main] INFO com.weatherapp.service.WeatherService - Buscando clima para: 'NonExistent'
20:51:24.509 [main] ERROR com.weatherapp.service.WeatherService - Error de conectividad para 'NonExistent'
java.lang.IllegalArgumentException: City not found
	at com.weatherapp.client.OpenMeteoClient.resolveCity(OpenMeteoClient.java:58)
	at com.weatherapp.service.WeatherService.getWeatherByCityName(WeatherService.java:60)
	at com.weatherapp.service.WeatherServiceIntegrationTest.lambda$testErrorMessagesHaveContext$3(WeatherServiceIntegrationTest.java:300)
	at org.junit.jupiter.api.AssertThrows.assertThrows(AssertThrows.java:53)
	at org.junit.jupiter.api.AssertThrows.assertThrows(AssertThrows.java:35)
	at org.junit.jupiter.api.Assertions.assertThrows(Assertions.java:3083)
	at com.weatherapp.service.WeatherServiceIntegrationTest.testErrorMessagesHaveContext(WeatherServiceIntegrationTest.java:299)
	at java.base/jdk.internal.reflect.NativeMethodAccessorImpl.invoke0(Native Method)
	at java.base/jdk.internal.reflect.NativeMethodAccessorImpl.invoke(NativeMethodAccessorImpl.java:77)
	at java.base/jdk.internal.reflect.DelegatingMethodAccessorImpl.invoke(DelegatingMethodAccessorImpl.java:43)
	at java.base/java.lang.reflect.Method.invoke(Method.java:568)
	at org.junit.platform.commons.util.ReflectionUtils.invokeMethod(ReflectionUtils.java:727)
	at org.junit.jupiter.engine.execution.MethodInvocation.proceed(MethodInvocation.java:60)
	at org.junit.jupiter.engine.execution.InvocationInterceptorChain$ValidatingInvocation.proceed(InvocationInterceptorChain.java:131)
	at org.junit.jupiter.engine.extension.TimeoutExtension.intercept(TimeoutExtension.java:156)
	at org.junit.jupiter.engine.extension.TimeoutExtension.interceptTestableMethod(TimeoutExtension.java:147)
	at org.junit.jupiter.engine.extension.TimeoutExtension.interceptTestMethod(TimeoutExtension.java:86)
	at org.junit.jupiter.engine.execution.InterceptingExecutableInvoker$ReflectiveInterceptorCall.lambda$ofVoidMethod$0(InterceptingExecutableInvoker.java:103)
	at org.junit.jupiter.engine.execution.InterceptingExecutableInvoker.lambda$invoke$0(InterceptingExecutableInvoker.java:93)
	at org.junit.jupiter.engine.execution.InvocationInterceptorChain$InterceptedInvocation.proceed(InvocationInterceptorChain.java:106)
	at org.junit.jupiter.engine.execution.InvocationInterceptorChain.proceed(InvocationInterceptorChain.java:64)
	at org.junit.jupiter.engine.execution.InvocationInterceptorChain.chainAndInvoke(InvocationInterceptorChain.java:45)
	at org.junit.jupiter.engine.execution.InvocationInterceptorChain.invoke(InvocationInterceptorChain.java:37)
	at org.junit.jupiter.engine.execution.InterceptingExecutableInvoker.invoke(InterceptingExecutableInvoker.java:92)
	at org.junit.jupiter.engine.execution.InterceptingExecutableInvoker.invoke(InterceptingExecutableInvoker.java:86)
	at org.junit.jupiter.engine.descriptor.TestMethodTestDescriptor.lambda$invokeTestMethod$7(TestMethodTestDescriptor.java:217)
	at org.junit.platform.engine.support.hierarchical.ThrowableCollector.execute(ThrowableCollector.java:73)
	at org.junit.jupiter.engine.descriptor.TestMethodTestDescriptor.invokeTestMethod(TestMethodTestDescriptor.java:213)
	at org.junit.jupiter.engine.descriptor.TestMethodTestDescriptor.execute(TestMethodTestDescriptor.java:138)
	at org.junit.jupiter.engine.descriptor.TestMethodTestDescriptor.execute(TestMethodTestDescriptor.java:68)
	at org.junit.platform.engine.support.hierarchical.NodeTestTask.lambda$executeRecursively$6(NodeTestTask.java:151)
	at org.junit.platform.engine.support.hierarchical.ThrowableCollector.execute(ThrowableCollector.java:73)
	at org.junit.platform.engine.support.hierarchical.NodeTestTask.lambda$executeRecursively$8(NodeTestTask.java:141)
	at org.junit.platform.engine.support.hierarchical.Node.around(Node.java:137)
	at org.junit.platform.engine.support.hierarchical.NodeTestTask.lambda$executeRecursively$9(NodeTestTask.java:139)
	at org.junit.platform.engine.support.hierarchical.ThrowableCollector.execute(ThrowableCollector.java:73)
	at org.junit.platform.engine.support.hierarchical.NodeTestTask.executeRecursively(NodeTestTask.java:138)
	at org.junit.platform.engine.support.hierarchical.NodeTestTask.execute(NodeTestTask.java:95)
	at java.base/java.util.ArrayList.forEach(ArrayList.java:1511)
	at org.junit.platform.engine.support.hierarchical.SameThreadHierarchicalTestExecutorService.invokeAll(SameThreadHierarchicalTestExecutorService.java:41)
	at org.junit.platform.engine.support.hierarchical.NodeTestTask.lambda$executeRecursively$6(NodeTestTask.java:155)
	at org.junit.platform.engine.support.hierarchical.ThrowableCollector.execute(ThrowableCollector.java:73)
	at org.junit.platform.engine.support.hierarchical.NodeTestTask.lambda$executeRecursively$8(NodeTestTask.java:141)
	at org.junit.platform.engine.support.hierarchical.Node.around(Node.java:137)
	at org.junit.platform.engine.support.hierarchical.NodeTestTask.lambda$executeRecursively$9(NodeTestTask.java:139)
	at org.junit.platform.engine.support.hierarchical.ThrowableCollector.execute(ThrowableCollector.java:73)
	at org.junit.platform.engine.support.hierarchical.NodeTestTask.executeRecursively(NodeTestTask.java:138)
	at org.junit.platform.engine.support.hierarchical.NodeTestTask.execute(NodeTestTask.java:95)
	at java.base/java.util.ArrayList.forEach(ArrayList.java:1511)
	at org.junit.platform.engine.support.hierarchical.SameThreadHierarchicalTestExecutorService.invokeAll(SameThreadHierarchicalTestExecutorService.java:41)
	at org.junit.platform.engine.support.hierarchical.NodeTestTask.lambda$executeRecursively$6(NodeTestTask.java:155)
	at org.junit.platform.engine.support.hierarchical.ThrowableCollector.execute(ThrowableCollector.java:73)
	at org.junit.platform.engine.support.hierarchical.NodeTestTask.lambda$executeRecursively$8(NodeTestTask.java:141)
	at org.junit.platform.engine.support.hierarchical.Node.around(Node.java:137)
	at org.junit.platform.engine.support.hierarchical.NodeTestTask.lambda$executeRecursively$9(NodeTestTask.java:139)
	at org.junit.platform.engine.support.hierarchical.ThrowableCollector.execute(ThrowableCollector.java:73)
	at org.junit.platform.engine.support.hierarchical.NodeTestTask.executeRecursively(NodeTestTask.java:138)
	at org.junit.platform.engine.support.hierarchical.NodeTestTask.execute(NodeTestTask.java:95)
	at org.junit.platform.engine.support.hierarchical.SameThreadHierarchicalTestExecutorService.submit(SameThreadHierarchicalTestExecutorService.java:35)
	at org.junit.platform.engine.support.hierarchical.HierarchicalTestExecutor.execute(HierarchicalTestExecutor.java:57)
	at org.junit.platform.engine.support.hierarchical.HierarchicalTestEngine.execute(HierarchicalTestEngine.java:54)
	at org.junit.platform.launcher.core.DefaultLauncher.execute(DefaultLauncher.java:220)
	at org.junit.platform.launcher.core.DefaultLauncher.lambda$execute$6(DefaultLauncher.java:188)
	at org.junit.platform.launcher.core.DefaultLauncher.withInterceptedStreams(DefaultLauncher.java:202)
	at org.junit.platform.launcher.core.DefaultLauncher.execute(DefaultLauncher.java:181)
	at org.junit.platform.launcher.core.DefaultLauncher.execute(DefaultLauncher.java:128)
	at org.apache.maven.surefire.junitplatform.JUnitPlatformProvider.invokeAllTests(JUnitPlatformProvider.java:150)
	at org.apache.maven.surefire.junitplatform.JUnitPlatformProvider.invoke(JUnitPlatformProvider.java:124)
	at org.apache.maven.surefire.booter.ForkedBooter.invokeProviderInSameClassLoader(ForkedBooter.java:384)
	at org.apache.maven.surefire.booter.ForkedBooter.runSuitesInProcess(ForkedBooter.java:345)
	at org.apache.maven.surefire.booter.ForkedBooter.execute(ForkedBooter.java:126)
	at org.apache.maven.surefire.booter.ForkedBooter.main(ForkedBooter.java:418)
20:51:24.512 [main] INFO com.weatherapp.service.WeatherService - Buscando clima para: 'Madrid'
20:51:24.512 [main] DEBUG com.weatherapp.service.WeatherService - Ubicaci¾n resuelta: GeoLocation{ciudad='Madrid', latitud=40,4168, longitud=-3,7038}
20:51:24.512 [main] INFO com.weatherapp.service.WeatherService - ? Datos climßticos obtenidos exitosamente para: Madrid
20:51:24.512 [main] INFO com.weatherapp.service.WeatherService - Buscando clima para: 'Madrid'
20:51:24.512 [main] DEBUG com.weatherapp.service.WeatherService - Ubicaci¾n resuelta: GeoLocation{ciudad='Madrid', latitud=40,4168, longitud=-3,7038}
20:51:24.513 [main] INFO com.weatherapp.service.WeatherService - ? Datos climßticos obtenidos exitosamente para: Madrid
20:51:24.513 [main] INFO com.weatherapp.service.WeatherService - Buscando clima para: 'Madrid'
20:51:24.513 [main] DEBUG com.weatherapp.service.WeatherService - Ubicaci¾n resuelta: GeoLocation{ciudad='Madrid', latitud=40,4168, longitud=-3,7038}
20:51:24.513 [main] INFO com.weatherapp.service.WeatherService - ? Datos climßticos obtenidos exitosamente para: Madrid
20:51:24.516 [main] INFO com.weatherapp.service.WeatherService - Buscando clima para: 'NonExistentCity'
20:51:24.516 [main] WARN com.weatherapp.service.WeatherService - Ciudad no encontrada: 'NonExistentCity'
com.weatherapp.exception.CityNotFoundException: ? Ciudad no encontrada: 'NonExistentCity'
	at com.weatherapp.client.OpenMeteoClient.resolveCity(OpenMeteoClient.java:58)
	at com.weatherapp.service.WeatherService.getWeatherByCityName(WeatherService.java:60)
	at com.weatherapp.service.WeatherServiceIntegrationTest.lambda$testGeocodeFailureCityNotFound$0(WeatherServiceIntegrationTest.java:171)
	at org.junit.jupiter.api.AssertThrows.assertThrows(AssertThrows.java:53)
	at org.junit.jupiter.api.AssertThrows.assertThrows(AssertThrows.java:35)
	at org.junit.jupiter.api.Assertions.assertThrows(Assertions.java:3083)
	at com.weatherapp.service.WeatherServiceIntegrationTest.testGeocodeFailureCityNotFound(WeatherServiceIntegrationTest.java:170)
	at java.base/jdk.internal.reflect.NativeMethodAccessorImpl.invoke0(Native Method)
	at java.base/jdk.internal.reflect.NativeMethodAccessorImpl.invoke(NativeMethodAccessorImpl.java:77)
	at java.base/jdk.internal.reflect.DelegatingMethodAccessorImpl.invoke(DelegatingMethodAccessorImpl.java:43)
	at java.base/java.lang.reflect.Method.invoke(Method.java:568)
	at org.junit.platform.commons.util.ReflectionUtils.invokeMethod(ReflectionUtils.java:727)
	at org.junit.jupiter.engine.execution.MethodInvocation.proceed(MethodInvocation.java:60)
	at org.junit.jupiter.engine.execution.InvocationInterceptorChain$ValidatingInvocation.proceed(InvocationInterceptorChain.java:131)
	at org.junit.jupiter.engine.extension.TimeoutExtension.intercept(TimeoutExtension.java:156)
	at org.junit.jupiter.engine.extension.TimeoutExtension.interceptTestableMethod(TimeoutExtension.java:147)
	at org.junit.jupiter.engine.extension.TimeoutExtension.interceptTestMethod(TimeoutExtension.java:86)
	at org.junit.jupiter.engine.execution.InterceptingExecutableInvoker$ReflectiveInterceptorCall.lambda$ofVoidMethod$0(InterceptingExecutableInvoker.java:103)
	at org.junit.jupiter.engine.execution.InterceptingExecutableInvoker.lambda$invoke$0(InterceptingExecutableInvoker.java:93)
	at org.junit.jupiter.engine.execution.InvocationInterceptorChain$InterceptedInvocation.proceed(InvocationInterceptorChain.java:106)
	at org.junit.jupiter.engine.execution.InvocationInterceptorChain.proceed(InvocationInterceptorChain.java:64)
	at org.junit.jupiter.engine.execution.InvocationInterceptorChain.chainAndInvoke(InvocationInterceptorChain.java:45)
	at org.junit.jupiter.engine.execution.InvocationInterceptorChain.invoke(InvocationInterceptorChain.java:37)
	at org.junit.jupiter.engine.execution.InterceptingExecutableInvoker.invoke(InterceptingExecutableInvoker.java:92)
	at org.junit.jupiter.engine.execution.InterceptingExecutableInvoker.invoke(InterceptingExecutableInvoker.java:86)
	at org.junit.jupiter.engine.descriptor.TestMethodTestDescriptor.lambda$invokeTestMethod$7(TestMethodTestDescriptor.java:217)
	at org.junit.platform.engine.support.hierarchical.ThrowableCollector.execute(ThrowableCollector.java:73)
	at org.junit.jupiter.engine.descriptor.TestMethodTestDescriptor.invokeTestMethod(TestMethodTestDescriptor.java:213)
	at org.junit.jupiter.engine.descriptor.TestMethodTestDescriptor.execute(TestMethodTestDescriptor.java:138)
	at org.junit.jupiter.engine.descriptor.TestMethodTestDescriptor.execute(TestMethodTestDescriptor.java:68)
	at org.junit.platform.engine.support.hierarchical.NodeTestTask.lambda$executeRecursively$6(NodeTestTask.java:151)
	at org.junit.platform.engine.support.hierarchical.ThrowableCollector.execute(ThrowableCollector.java:73)
	at org.junit.platform.engine.support.hierarchical.NodeTestTask.lambda$executeRecursively$8(NodeTestTask.java:141)
	at org.junit.platform.engine.support.hierarchical.Node.around(Node.java:137)
	at org.junit.platform.engine.support.hierarchical.NodeTestTask.lambda$executeRecursively$9(NodeTestTask.java:139)
	at org.junit.platform.engine.support.hierarchical.ThrowableCollector.execute(ThrowableCollector.java:73)
	at org.junit.platform.engine.support.hierarchical.NodeTestTask.executeRecursively(NodeTestTask.java:138)
	at org.junit.platform.engine.support.hierarchical.NodeTestTask.execute(NodeTestTask.java:95)
	at java.base/java.util.ArrayList.forEach(ArrayList.java:1511)
	at org.junit.platform.engine.support.hierarchical.SameThreadHierarchicalTestExecutorService.invokeAll(SameThreadHierarchicalTestExecutorService.java:41)
	at org.junit.platform.engine.support.hierarchical.NodeTestTask.lambda$executeRecursively$6(NodeTestTask.java:155)
	at org.junit.platform.engine.support.hierarchical.ThrowableCollector.execute(ThrowableCollector.java:73)
	at org.junit.platform.engine.support.hierarchical.NodeTestTask.lambda$executeRecursively$8(NodeTestTask.java:141)
	at org.junit.platform.engine.support.hierarchical.Node.around(Node.java:137)
	at org.junit.platform.engine.support.hierarchical.NodeTestTask.lambda$executeRecursively$9(NodeTestTask.java:139)
	at org.junit.platform.engine.support.hierarchical.ThrowableCollector.execute(ThrowableCollector.java:73)
	at org.junit.platform.engine.support.hierarchical.NodeTestTask.executeRecursively(NodeTestTask.java:138)
	at org.junit.platform.engine.support.hierarchical.NodeTestTask.execute(NodeTestTask.java:95)
	at java.base/java.util.ArrayList.forEach(ArrayList.java:1511)
	at org.junit.platform.engine.support.hierarchical.SameThreadHierarchicalTestExecutorService.invokeAll(SameThreadHierarchicalTestExecutorService.java:41)
	at org.junit.platform.engine.support.hierarchical.NodeTestTask.lambda$executeRecursively$6(NodeTestTask.java:155)
	at org.junit.platform.engine.support.hierarchical.ThrowableCollector.execute(ThrowableCollector.java:73)
	at org.junit.platform.engine.support.hierarchical.NodeTestTask.lambda$executeRecursively$8(NodeTestTask.java:141)
	at org.junit.platform.engine.support.hierarchical.Node.around(Node.java:137)
	at org.junit.platform.engine.support.hierarchical.NodeTestTask.lambda$executeRecursively$9(NodeTestTask.java:139)
	at org.junit.platform.engine.support.hierarchical.ThrowableCollector.execute(ThrowableCollector.java:73)
	at org.junit.platform.engine.support.hierarchical.NodeTestTask.executeRecursively(NodeTestTask.java:138)
	at org.junit.platform.engine.support.hierarchical.NodeTestTask.execute(NodeTestTask.java:95)
	at org.junit.platform.engine.support.hierarchical.SameThreadHierarchicalTestExecutorService.submit(SameThreadHierarchicalTestExecutorService.java:35)
	at org.junit.platform.engine.support.hierarchical.HierarchicalTestExecutor.execute(HierarchicalTestExecutor.java:57)
	at org.junit.platform.engine.support.hierarchical.HierarchicalTestEngine.execute(HierarchicalTestEngine.java:54)
	at org.junit.platform.launcher.core.DefaultLauncher.execute(DefaultLauncher.java:220)
	at org.junit.platform.launcher.core.DefaultLauncher.lambda$execute$6(DefaultLauncher.java:188)
	at org.junit.platform.launcher.core.DefaultLauncher.withInterceptedStreams(DefaultLauncher.java:202)
	at org.junit.platform.launcher.core.DefaultLauncher.execute(DefaultLauncher.java:181)
	at org.junit.platform.launcher.core.DefaultLauncher.execute(DefaultLauncher.java:128)
	at org.apache.maven.surefire.junitplatform.JUnitPlatformProvider.invokeAllTests(JUnitPlatformProvider.java:150)
	at org.apache.maven.surefire.junitplatform.JUnitPlatformProvider.invoke(JUnitPlatformProvider.java:124)
	at org.apache.maven.surefire.booter.ForkedBooter.invokeProviderInSameClassLoader(ForkedBooter.java:384)
	at org.apache.maven.surefire.booter.ForkedBooter.runSuitesInProcess(ForkedBooter.java:345)
	at org.apache.maven.surefire.booter.ForkedBooter.execute(ForkedBooter.java:126)
	at org.apache.maven.surefire.booter.ForkedBooter.main(ForkedBooter.java:418)
20:51:24.519 [main] INFO com.weatherapp.service.WeatherService - Buscando clima para: 'Madrid'
20:51:24.520 [main] DEBUG com.weatherapp.service.WeatherService - Ubicaci¾n resuelta: GeoLocation{ciudad='Madrid', latitud=40,4168, longitud=-3,7038}
20:51:24.520 [main] INFO com.weatherapp.service.WeatherService - ? Datos climßticos obtenidos exitosamente para: Madrid
20:51:24.520 [main] INFO com.weatherapp.service.WeatherService - Buscando clima para: 'London'
20:51:24.520 [main] DEBUG com.weatherapp.service.WeatherService - Ubicaci¾n resuelta: GeoLocation{ciudad='London', latitud=51,5074, longitud=-0,1278}
20:51:24.520 [main] INFO com.weatherapp.service.WeatherService - ? Datos climßticos obtenidos exitosamente para: London
20:51:24.524 [main] INFO com.weatherapp.service.WeatherService - Buscando clima para: 'Madrid'
20:51:24.525 [main] DEBUG com.weatherapp.service.WeatherService - Ubicaci¾n resuelta: GeoLocation{ciudad='Madrid, Espa±a', latitud=40,4168, longitud=-3,7038}
20:51:24.526 [main] INFO com.weatherapp.service.WeatherService - ? Datos climßticos obtenidos exitosamente para: Madrid, Espa±a
20:51:24.528 [main] INFO com.weatherapp.service.WeatherService - Buscando clima para: 'Madrid'
20:51:24.528 [main] DEBUG com.weatherapp.service.WeatherService - Ubicaci¾n resuelta: GeoLocation{ciudad='Madrid', latitud=40,4168, longitud=-3,7038}
20:51:24.528 [main] INFO com.weatherapp.service.WeatherService - ? Datos climßticos obtenidos exitosamente para: Madrid
20:51:24.531 [main] INFO com.weatherapp.service.WeatherService - Buscando clima para: 'Madrid'
20:51:24.531 [main] DEBUG com.weatherapp.service.WeatherService - Ubicaci¾n resuelta: GeoLocation{ciudad='Madrid', latitud=40,4168, longitud=-3,7038}
20:51:24.531 [main] INFO com.weatherapp.service.WeatherService - ? Datos climßticos obtenidos exitosamente para: Madrid
20:51:24.536 [main] INFO com.weatherapp.service.WeatherService - Buscando clima para: 'Madrid'
20:51:24.536 [main] DEBUG com.weatherapp.service.WeatherService - Ubicaci¾n resuelta: GeoLocation{ciudad='Madrid', latitud=40,4168, longitud=-3,7038}
20:51:24.537 [main] ERROR com.weatherapp.service.WeatherService - Error de conectividad para 'Madrid'
java.lang.RuntimeException: Weather API error
	at com.weatherapp.client.OpenMeteoClient.getWeatherData(OpenMeteoClient.java:86)
	at com.weatherapp.service.WeatherService.getWeatherByCityName(WeatherService.java:63)
	at com.weatherapp.service.WeatherServiceIntegrationTest.lambda$testWeatherFetchFailureAfterSuccessfulGeocode$2(WeatherServiceIntegrationTest.java:204)
	at org.junit.jupiter.api.AssertThrows.assertThrows(AssertThrows.java:53)
	at org.junit.jupiter.api.AssertThrows.assertThrows(AssertThrows.java:35)
	at org.junit.jupiter.api.Assertions.assertThrows(Assertions.java:3083)
	at com.weatherapp.service.WeatherServiceIntegrationTest.testWeatherFetchFailureAfterSuccessfulGeocode(WeatherServiceIntegrationTest.java:203)
	at java.base/jdk.internal.reflect.NativeMethodAccessorImpl.invoke0(Native Method)
	at java.base/jdk.internal.reflect.NativeMethodAccessorImpl.invoke(NativeMethodAccessorImpl.java:77)
	at java.base/jdk.internal.reflect.DelegatingMethodAccessorImpl.invoke(DelegatingMethodAccessorImpl.java:43)
	at java.base/java.lang.reflect.Method.invoke(Method.java:568)
	at org.junit.platform.commons.util.ReflectionUtils.invokeMethod(ReflectionUtils.java:727)
	at org.junit.jupiter.engine.execution.MethodInvocation.proceed(MethodInvocation.java:60)
	at org.junit.jupiter.engine.execution.InvocationInterceptorChain$ValidatingInvocation.proceed(InvocationInterceptorChain.java:131)
	at org.junit.jupiter.engine.extension.TimeoutExtension.intercept(TimeoutExtension.java:156)
	at org.junit.jupiter.engine.extension.TimeoutExtension.interceptTestableMethod(TimeoutExtension.java:147)
	at org.junit.jupiter.engine.extension.TimeoutExtension.interceptTestMethod(TimeoutExtension.java:86)
	at org.junit.jupiter.engine.execution.InterceptingExecutableInvoker$ReflectiveInterceptorCall.lambda$ofVoidMethod$0(InterceptingExecutableInvoker.java:103)
	at org.junit.jupiter.engine.execution.InterceptingExecutableInvoker.lambda$invoke$0(InterceptingExecutableInvoker.java:93)
	at org.junit.jupiter.engine.execution.InvocationInterceptorChain$InterceptedInvocation.proceed(InvocationInterceptorChain.java:106)
	at org.junit.jupiter.engine.execution.InvocationInterceptorChain.proceed(InvocationInterceptorChain.java:64)
	at org.junit.jupiter.engine.execution.InvocationInterceptorChain.chainAndInvoke(InvocationInterceptorChain.java:45)
	at org.junit.jupiter.engine.execution.InvocationInterceptorChain.invoke(InvocationInterceptorChain.java:37)
	at org.junit.jupiter.engine.execution.InterceptingExecutableInvoker.invoke(InterceptingExecutableInvoker.java:92)
	at org.junit.jupiter.engine.execution.InterceptingExecutableInvoker.invoke(InterceptingExecutableInvoker.java:86)
	at org.junit.jupiter.engine.descriptor.TestMethodTestDescriptor.lambda$invokeTestMethod$7(TestMethodTestDescriptor.java:217)
	at org.junit.platform.engine.support.hierarchical.ThrowableCollector.execute(ThrowableCollector.java:73)
	at org.junit.jupiter.engine.descriptor.TestMethodTestDescriptor.invokeTestMethod(TestMethodTestDescriptor.java:213)
	at org.junit.jupiter.engine.descriptor.TestMethodTestDescriptor.execute(TestMethodTestDescriptor.java:138)
	at org.junit.jupiter.engine.descriptor.TestMethodTestDescriptor.execute(TestMethodTestDescriptor.java:68)
	at org.junit.platform.engine.support.hierarchical.NodeTestTask.lambda$executeRecursively$6(NodeTestTask.java:151)
	at org.junit.platform.engine.support.hierarchical.ThrowableCollector.execute(ThrowableCollector.java:73)
	at org.junit.platform.engine.support.hierarchical.NodeTestTask.lambda$executeRecursively$8(NodeTestTask.java:141)
	at org.junit.platform.engine.support.hierarchical.Node.around(Node.java:137)
	at org.junit.platform.engine.support.hierarchical.NodeTestTask.lambda$executeRecursively$9(NodeTestTask.java:139)
	at org.junit.platform.engine.support.hierarchical.ThrowableCollector.execute(ThrowableCollector.java:73)
	at org.junit.platform.engine.support.hierarchical.NodeTestTask.executeRecursively(NodeTestTask.java:138)
	at org.junit.platform.engine.support.hierarchical.NodeTestTask.execute(NodeTestTask.java:95)
	at java.base/java.util.ArrayList.forEach(ArrayList.java:1511)
	at org.junit.platform.engine.support.hierarchical.SameThreadHierarchicalTestExecutorService.invokeAll(SameThreadHierarchicalTestExecutorService.java:41)
	at org.junit.platform.engine.support.hierarchical.NodeTestTask.lambda$executeRecursively$6(NodeTestTask.java:155)
	at org.junit.platform.engine.support.hierarchical.ThrowableCollector.execute(ThrowableCollector.java:73)
	at org.junit.platform.engine.support.hierarchical.NodeTestTask.lambda$executeRecursively$8(NodeTestTask.java:141)
	at org.junit.platform.engine.support.hierarchical.Node.around(Node.java:137)
	at org.junit.platform.engine.support.hierarchical.NodeTestTask.lambda$executeRecursively$9(NodeTestTask.java:139)
	at org.junit.platform.engine.support.hierarchical.ThrowableCollector.execute(ThrowableCollector.java:73)
	at org.junit.platform.engine.support.hierarchical.NodeTestTask.executeRecursively(NodeTestTask.java:138)
	at org.junit.platform.engine.support.hierarchical.NodeTestTask.execute(NodeTestTask.java:95)
	at java.base/java.util.ArrayList.forEach(ArrayList.java:1511)
	at org.junit.platform.engine.support.hierarchical.SameThreadHierarchicalTestExecutorService.invokeAll(SameThreadHierarchicalTestExecutorService.java:41)
	at org.junit.platform.engine.support.hierarchical.NodeTestTask.lambda$executeRecursively$6(NodeTestTask.java:155)
	at org.junit.platform.engine.support.hierarchical.ThrowableCollector.execute(ThrowableCollector.java:73)
	at org.junit.platform.engine.support.hierarchical.NodeTestTask.lambda$executeRecursively$8(NodeTestTask.java:141)
	at org.junit.platform.engine.support.hierarchical.Node.around(Node.java:137)
	at org.junit.platform.engine.support.hierarchical.NodeTestTask.lambda$executeRecursively$9(NodeTestTask.java:139)
	at org.junit.platform.engine.support.hierarchical.ThrowableCollector.execute(ThrowableCollector.java:73)
	at org.junit.platform.engine.support.hierarchical.NodeTestTask.executeRecursively(NodeTestTask.java:138)
	at org.junit.platform.engine.support.hierarchical.NodeTestTask.execute(NodeTestTask.java:95)
	at org.junit.platform.engine.support.hierarchical.SameThreadHierarchicalTestExecutorService.submit(SameThreadHierarchicalTestExecutorService.java:35)
	at org.junit.platform.engine.support.hierarchical.HierarchicalTestExecutor.execute(HierarchicalTestExecutor.java:57)
	at org.junit.platform.engine.support.hierarchical.HierarchicalTestEngine.execute(HierarchicalTestEngine.java:54)
	at org.junit.platform.launcher.core.DefaultLauncher.execute(DefaultLauncher.java:220)
	at org.junit.platform.launcher.core.DefaultLauncher.lambda$execute$6(DefaultLauncher.java:188)
	at org.junit.platform.launcher.core.DefaultLauncher.withInterceptedStreams(DefaultLauncher.java:202)
	at org.junit.platform.launcher.core.DefaultLauncher.execute(DefaultLauncher.java:181)
	at org.junit.platform.launcher.core.DefaultLauncher.execute(DefaultLauncher.java:128)
	at org.apache.maven.surefire.junitplatform.JUnitPlatformProvider.invokeAllTests(JUnitPlatformProvider.java:150)
	at org.apache.maven.surefire.junitplatform.JUnitPlatformProvider.invoke(JUnitPlatformProvider.java:124)
	at org.apache.maven.surefire.booter.ForkedBooter.invokeProviderInSameClassLoader(ForkedBooter.java:384)
	at org.apache.maven.surefire.booter.ForkedBooter.runSuitesInProcess(ForkedBooter.java:345)
	at org.apache.maven.surefire.booter.ForkedBooter.execute(ForkedBooter.java:126)
	at org.apache.maven.surefire.booter.ForkedBooter.main(ForkedBooter.java:418)
20:51:24.539 [main] INFO com.weatherapp.service.WeatherService - Buscando clima para: 'Madrid'
20:51:24.539 [main] DEBUG com.weatherapp.service.WeatherService - Ubicaci¾n resuelta: GeoLocation{ciudad='Madrid', latitud=40,4168, longitud=-3,7038}
20:51:24.540 [main] INFO com.weatherapp.service.WeatherService - ? Datos climßticos obtenidos exitosamente para: Madrid
20:51:24.542 [main] INFO com.weatherapp.service.WeatherService - Buscando clima para: 'Madrid'
20:51:24.542 [main] DEBUG com.weatherapp.service.WeatherService - Ubicaci¾n resuelta: GeoLocation{ciudad='Madrid', latitud=40,4168, longitud=-3,7038}
20:51:24.543 [main] INFO com.weatherapp.service.WeatherService - ? Datos climßticos obtenidos exitosamente para: Madrid
[INFO] Tests run: 13, Failures: 0, Errors: 0, Skipped: 0, Time elapsed: 0.047 s - in com.weatherapp.service.WeatherServiceIntegrationTest
[INFO] Running com.weatherapp.service.WeatherServiceTest
20:51:24.552 [main] INFO com.weatherapp.service.WeatherService - Buscando clima para: 'CiudadInexistente123'
20:51:24.553 [main] WARN com.weatherapp.service.WeatherService - Ciudad no encontrada: 'CiudadInexistente123'
com.weatherapp.exception.CityNotFoundException: CiudadInexistente123
	at com.weatherapp.service.WeatherServiceTest$MockOpenMeteoClient.resolveCity(WeatherServiceTest.java:190)
	at com.weatherapp.service.WeatherService.getWeatherByCityName(WeatherService.java:60)
	at com.weatherapp.service.WeatherServiceTest.lambda$testCityNotFoundThrowsException$3(WeatherServiceTest.java:104)
	at org.junit.jupiter.api.AssertThrows.assertThrows(AssertThrows.java:53)
	at org.junit.jupiter.api.AssertThrows.assertThrows(AssertThrows.java:35)
	at org.junit.jupiter.api.Assertions.assertThrows(Assertions.java:3083)
	at com.weatherapp.service.WeatherServiceTest.testCityNotFoundThrowsException(WeatherServiceTest.java:103)
	at java.base/jdk.internal.reflect.NativeMethodAccessorImpl.invoke0(Native Method)
	at java.base/jdk.internal.reflect.NativeMethodAccessorImpl.invoke(NativeMethodAccessorImpl.java:77)
	at java.base/jdk.internal.reflect.DelegatingMethodAccessorImpl.invoke(DelegatingMethodAccessorImpl.java:43)
	at java.base/java.lang.reflect.Method.invoke(Method.java:568)
	at org.junit.platform.commons.util.ReflectionUtils.invokeMethod(ReflectionUtils.java:727)
	at org.junit.jupiter.engine.execution.MethodInvocation.proceed(MethodInvocation.java:60)
	at org.junit.jupiter.engine.execution.InvocationInterceptorChain$ValidatingInvocation.proceed(InvocationInterceptorChain.java:131)
	at org.junit.jupiter.engine.extension.TimeoutExtension.intercept(TimeoutExtension.java:156)
	at org.junit.jupiter.engine.extension.TimeoutExtension.interceptTestableMethod(TimeoutExtension.java:147)
	at org.junit.jupiter.engine.extension.TimeoutExtension.interceptTestMethod(TimeoutExtension.java:86)
	at org.junit.jupiter.engine.execution.InterceptingExecutableInvoker$ReflectiveInterceptorCall.lambda$ofVoidMethod$0(InterceptingExecutableInvoker.java:103)
	at org.junit.jupiter.engine.execution.InterceptingExecutableInvoker.lambda$invoke$0(InterceptingExecutableInvoker.java:93)
	at org.junit.jupiter.engine.execution.InvocationInterceptorChain$InterceptedInvocation.proceed(InvocationInterceptorChain.java:106)
	at org.junit.jupiter.engine.execution.InvocationInterceptorChain.proceed(InvocationInterceptorChain.java:64)
	at org.junit.jupiter.engine.execution.InvocationInterceptorChain.chainAndInvoke(InvocationInterceptorChain.java:45)
	at org.junit.jupiter.engine.execution.InvocationInterceptorChain.invoke(InvocationInterceptorChain.java:37)
	at org.junit.jupiter.engine.execution.InterceptingExecutableInvoker.invoke(InterceptingExecutableInvoker.java:92)
	at org.junit.jupiter.engine.execution.InterceptingExecutableInvoker.invoke(InterceptingExecutableInvoker.java:86)
	at org.junit.jupiter.engine.descriptor.TestMethodTestDescriptor.lambda$invokeTestMethod$7(TestMethodTestDescriptor.java:217)
	at org.junit.platform.engine.support.hierarchical.ThrowableCollector.execute(ThrowableCollector.java:73)
	at org.junit.jupiter.engine.descriptor.TestMethodTestDescriptor.invokeTestMethod(TestMethodTestDescriptor.java:213)
	at org.junit.jupiter.engine.descriptor.TestMethodTestDescriptor.execute(TestMethodTestDescriptor.java:138)
	at org.junit.jupiter.engine.descriptor.TestMethodTestDescriptor.execute(TestMethodTestDescriptor.java:68)
	at org.junit.platform.engine.support.hierarchical.NodeTestTask.lambda$executeRecursively$6(NodeTestTask.java:151)
	at org.junit.platform.engine.support.hierarchical.ThrowableCollector.execute(ThrowableCollector.java:73)
	at org.junit.platform.engine.support.hierarchical.NodeTestTask.lambda$executeRecursively$8(NodeTestTask.java:141)
	at org.junit.platform.engine.support.hierarchical.Node.around(Node.java:137)
	at org.junit.platform.engine.support.hierarchical.NodeTestTask.lambda$executeRecursively$9(NodeTestTask.java:139)
	at org.junit.platform.engine.support.hierarchical.ThrowableCollector.execute(ThrowableCollector.java:73)
	at org.junit.platform.engine.support.hierarchical.NodeTestTask.executeRecursively(NodeTestTask.java:138)
	at org.junit.platform.engine.support.hierarchical.NodeTestTask.execute(NodeTestTask.java:95)
	at java.base/java.util.ArrayList.forEach(ArrayList.java:1511)
	at org.junit.platform.engine.support.hierarchical.SameThreadHierarchicalTestExecutorService.invokeAll(SameThreadHierarchicalTestExecutorService.java:41)
	at org.junit.platform.engine.support.hierarchical.NodeTestTask.lambda$executeRecursively$6(NodeTestTask.java:155)
	at org.junit.platform.engine.support.hierarchical.ThrowableCollector.execute(ThrowableCollector.java:73)
	at org.junit.platform.engine.support.hierarchical.NodeTestTask.lambda$executeRecursively$8(NodeTestTask.java:141)
	at org.junit.platform.engine.support.hierarchical.Node.around(Node.java:137)
	at org.junit.platform.engine.support.hierarchical.NodeTestTask.lambda$executeRecursively$9(NodeTestTask.java:139)
	at org.junit.platform.engine.support.hierarchical.ThrowableCollector.execute(ThrowableCollector.java:73)
	at org.junit.platform.engine.support.hierarchical.NodeTestTask.executeRecursively(NodeTestTask.java:138)
	at org.junit.platform.engine.support.hierarchical.NodeTestTask.execute(NodeTestTask.java:95)
	at java.base/java.util.ArrayList.forEach(ArrayList.java:1511)
	at org.junit.platform.engine.support.hierarchical.SameThreadHierarchicalTestExecutorService.invokeAll(SameThreadHierarchicalTestExecutorService.java:41)
	at org.junit.platform.engine.support.hierarchical.NodeTestTask.lambda$executeRecursively$6(NodeTestTask.java:155)
	at org.junit.platform.engine.support.hierarchical.ThrowableCollector.execute(ThrowableCollector.java:73)
	at org.junit.platform.engine.support.hierarchical.NodeTestTask.lambda$executeRecursively$8(NodeTestTask.java:141)
	at org.junit.platform.engine.support.hierarchical.Node.around(Node.java:137)
	at org.junit.platform.engine.support.hierarchical.NodeTestTask.lambda$executeRecursively$9(NodeTestTask.java:139)
	at org.junit.platform.engine.support.hierarchical.ThrowableCollector.execute(ThrowableCollector.java:73)
	at org.junit.platform.engine.support.hierarchical.NodeTestTask.executeRecursively(NodeTestTask.java:138)
	at org.junit.platform.engine.support.hierarchical.NodeTestTask.execute(NodeTestTask.java:95)
	at org.junit.platform.engine.support.hierarchical.SameThreadHierarchicalTestExecutorService.submit(SameThreadHierarchicalTestExecutorService.java:35)
	at org.junit.platform.engine.support.hierarchical.HierarchicalTestExecutor.execute(HierarchicalTestExecutor.java:57)
	at org.junit.platform.engine.support.hierarchical.HierarchicalTestEngine.execute(HierarchicalTestEngine.java:54)
	at org.junit.platform.launcher.core.DefaultLauncher.execute(DefaultLauncher.java:220)
	at org.junit.platform.launcher.core.DefaultLauncher.lambda$execute$6(DefaultLauncher.java:188)
	at org.junit.platform.launcher.core.DefaultLauncher.withInterceptedStreams(DefaultLauncher.java:202)
	at org.junit.platform.launcher.core.DefaultLauncher.execute(DefaultLauncher.java:181)
	at org.junit.platform.launcher.core.DefaultLauncher.execute(DefaultLauncher.java:128)
	at org.apache.maven.surefire.junitplatform.JUnitPlatformProvider.invokeAllTests(JUnitPlatformProvider.java:150)
	at org.apache.maven.surefire.junitplatform.JUnitPlatformProvider.invoke(JUnitPlatformProvider.java:124)
	at org.apache.maven.surefire.booter.ForkedBooter.invokeProviderInSameClassLoader(ForkedBooter.java:384)
	at org.apache.maven.surefire.booter.ForkedBooter.runSuitesInProcess(ForkedBooter.java:345)
	at org.apache.maven.surefire.booter.ForkedBooter.execute(ForkedBooter.java:126)
	at org.apache.maven.surefire.booter.ForkedBooter.main(ForkedBooter.java:418)
20:51:24.561 [main] INFO com.weatherapp.service.WeatherService - Buscando clima para: 'Madrid'
20:51:24.561 [main] ERROR com.weatherapp.service.WeatherService - Error de conectividad para 'Madrid'
java.lang.RuntimeException: Simulated network error
	at com.weatherapp.service.WeatherServiceTest$MockOpenMeteoClient.resolveCity(WeatherServiceTest.java:186)
	at com.weatherapp.service.WeatherService.getWeatherByCityName(WeatherService.java:60)
	at com.weatherapp.service.WeatherServiceTest.lambda$testNetworkErrorThrowsException$4(WeatherServiceTest.java:114)
	at org.junit.jupiter.api.AssertThrows.assertThrows(AssertThrows.java:53)
	at org.junit.jupiter.api.AssertThrows.assertThrows(AssertThrows.java:35)
	at org.junit.jupiter.api.Assertions.assertThrows(Assertions.java:3083)
	at com.weatherapp.service.WeatherServiceTest.testNetworkErrorThrowsException(WeatherServiceTest.java:113)
	at java.base/jdk.internal.reflect.NativeMethodAccessorImpl.invoke0(Native Method)
	at java.base/jdk.internal.reflect.NativeMethodAccessorImpl.invoke(NativeMethodAccessorImpl.java:77)
	at java.base/jdk.internal.reflect.DelegatingMethodAccessorImpl.invoke(DelegatingMethodAccessorImpl.java:43)
	at java.base/java.lang.reflect.Method.invoke(Method.java:568)
	at org.junit.platform.commons.util.ReflectionUtils.invokeMethod(ReflectionUtils.java:727)
	at org.junit.jupiter.engine.execution.MethodInvocation.proceed(MethodInvocation.java:60)
	at org.junit.jupiter.engine.execution.InvocationInterceptorChain$ValidatingInvocation.proceed(InvocationInterceptorChain.java:131)
	at org.junit.jupiter.engine.extension.TimeoutExtension.intercept(TimeoutExtension.java:156)
	at org.junit.jupiter.engine.extension.TimeoutExtension.interceptTestableMethod(TimeoutExtension.java:147)
	at org.junit.jupiter.engine.extension.TimeoutExtension.interceptTestMethod(TimeoutExtension.java:86)
	at org.junit.jupiter.engine.execution.InterceptingExecutableInvoker$ReflectiveInterceptorCall.lambda$ofVoidMethod$0(InterceptingExecutableInvoker.java:103)
	at org.junit.jupiter.engine.execution.InterceptingExecutableInvoker.lambda$invoke$0(InterceptingExecutableInvoker.java:93)
	at org.junit.jupiter.engine.execution.InvocationInterceptorChain$InterceptedInvocation.proceed(InvocationInterceptorChain.java:106)
	at org.junit.jupiter.engine.execution.InvocationInterceptorChain.proceed(InvocationInterceptorChain.java:64)
	at org.junit.jupiter.engine.execution.InvocationInterceptorChain.chainAndInvoke(InvocationInterceptorChain.java:45)
	at org.junit.jupiter.engine.execution.InvocationInterceptorChain.invoke(InvocationInterceptorChain.java:37)
	at org.junit.jupiter.engine.execution.InterceptingExecutableInvoker.invoke(InterceptingExecutableInvoker.java:92)
	at org.junit.jupiter.engine.execution.InterceptingExecutableInvoker.invoke(InterceptingExecutableInvoker.java:86)
	at org.junit.jupiter.engine.descriptor.TestMethodTestDescriptor.lambda$invokeTestMethod$7(TestMethodTestDescriptor.java:217)
	at org.junit.platform.engine.support.hierarchical.ThrowableCollector.execute(ThrowableCollector.java:73)
	at org.junit.jupiter.engine.descriptor.TestMethodTestDescriptor.invokeTestMethod(TestMethodTestDescriptor.java:213)
	at org.junit.jupiter.engine.descriptor.TestMethodTestDescriptor.execute(TestMethodTestDescriptor.java:138)
	at org.junit.jupiter.engine.descriptor.TestMethodTestDescriptor.execute(TestMethodTestDescriptor.java:68)
	at org.junit.platform.engine.support.hierarchical.NodeTestTask.lambda$executeRecursively$6(NodeTestTask.java:151)
	at org.junit.platform.engine.support.hierarchical.ThrowableCollector.execute(ThrowableCollector.java:73)
	at org.junit.platform.engine.support.hierarchical.NodeTestTask.lambda$executeRecursively$8(NodeTestTask.java:141)
	at org.junit.platform.engine.support.hierarchical.Node.around(Node.java:137)
	at org.junit.platform.engine.support.hierarchical.NodeTestTask.lambda$executeRecursively$9(NodeTestTask.java:139)
	at org.junit.platform.engine.support.hierarchical.ThrowableCollector.execute(ThrowableCollector.java:73)
	at org.junit.platform.engine.support.hierarchical.NodeTestTask.executeRecursively(NodeTestTask.java:138)
	at org.junit.platform.engine.support.hierarchical.NodeTestTask.execute(NodeTestTask.java:95)
	at java.base/java.util.ArrayList.forEach(ArrayList.java:1511)
	at org.junit.platform.engine.support.hierarchical.SameThreadHierarchicalTestExecutorService.invokeAll(SameThreadHierarchicalTestExecutorService.java:41)
	at org.junit.platform.engine.support.hierarchical.NodeTestTask.lambda$executeRecursively$6(NodeTestTask.java:155)
	at org.junit.platform.engine.support.hierarchical.ThrowableCollector.execute(ThrowableCollector.java:73)
	at org.junit.platform.engine.support.hierarchical.NodeTestTask.lambda$executeRecursively$8(NodeTestTask.java:141)
	at org.junit.platform.engine.support.hierarchical.Node.around(Node.java:137)
	at org.junit.platform.engine.support.hierarchical.NodeTestTask.lambda$executeRecursively$9(NodeTestTask.java:139)
	at org.junit.platform.engine.support.hierarchical.ThrowableCollector.execute(ThrowableCollector.java:73)
	at org.junit.platform.engine.support.hierarchical.NodeTestTask.executeRecursively(NodeTestTask.java:138)
	at org.junit.platform.engine.support.hierarchical.NodeTestTask.execute(NodeTestTask.java:95)
	at java.base/java.util.ArrayList.forEach(ArrayList.java:1511)
	at org.junit.platform.engine.support.hierarchical.SameThreadHierarchicalTestExecutorService.invokeAll(SameThreadHierarchicalTestExecutorService.java:41)
	at org.junit.platform.engine.support.hierarchical.NodeTestTask.lambda$executeRecursively$6(NodeTestTask.java:155)
	at org.junit.platform.engine.support.hierarchical.ThrowableCollector.execute(ThrowableCollector.java:73)
	at org.junit.platform.engine.support.hierarchical.NodeTestTask.lambda$executeRecursively$8(NodeTestTask.java:141)
	at org.junit.platform.engine.support.hierarchical.Node.around(Node.java:137)
	at org.junit.platform.engine.support.hierarchical.NodeTestTask.lambda$executeRecursively$9(NodeTestTask.java:139)
	at org.junit.platform.engine.support.hierarchical.ThrowableCollector.execute(ThrowableCollector.java:73)
	at org.junit.platform.engine.support.hierarchical.NodeTestTask.executeRecursively(NodeTestTask.java:138)
	at org.junit.platform.engine.support.hierarchical.NodeTestTask.execute(NodeTestTask.java:95)
	at org.junit.platform.engine.support.hierarchical.SameThreadHierarchicalTestExecutorService.submit(SameThreadHierarchicalTestExecutorService.java:35)
	at org.junit.platform.engine.support.hierarchical.HierarchicalTestExecutor.execute(HierarchicalTestExecutor.java:57)
	at org.junit.platform.engine.support.hierarchical.HierarchicalTestEngine.execute(HierarchicalTestEngine.java:54)
	at org.junit.platform.launcher.core.DefaultLauncher.execute(DefaultLauncher.java:220)
	at org.junit.platform.launcher.core.DefaultLauncher.lambda$execute$6(DefaultLauncher.java:188)
	at org.junit.platform.launcher.core.DefaultLauncher.withInterceptedStreams(DefaultLauncher.java:202)
	at org.junit.platform.launcher.core.DefaultLauncher.execute(DefaultLauncher.java:181)
	at org.junit.platform.launcher.core.DefaultLauncher.execute(DefaultLauncher.java:128)
	at org.apache.maven.surefire.junitplatform.JUnitPlatformProvider.invokeAllTests(JUnitPlatformProvider.java:150)
	at org.apache.maven.surefire.junitplatform.JUnitPlatformProvider.invoke(JUnitPlatformProvider.java:124)
	at org.apache.maven.surefire.booter.ForkedBooter.invokeProviderInSameClassLoader(ForkedBooter.java:384)
	at org.apache.maven.surefire.booter.ForkedBooter.runSuitesInProcess(ForkedBooter.java:345)
	at org.apache.maven.surefire.booter.ForkedBooter.execute(ForkedBooter.java:126)
	at org.apache.maven.surefire.booter.ForkedBooter.main(ForkedBooter.java:418)
20:51:24.572 [main] INFO com.weatherapp.service.WeatherService - Buscando clima para: 'Nueva York'
20:51:24.572 [main] DEBUG com.weatherapp.service.WeatherService - Ubicaci¾n resuelta: GeoLocation{ciudad='Nueva York, EE.UU.', latitud=40,7128, longitud=-74,0060}
20:51:24.573 [main] INFO com.weatherapp.service.WeatherService - ? Datos climßticos obtenidos exitosamente para: Nueva York, EE.UU.
20:51:24.578 [main] INFO com.weatherapp.service.WeatherService - Buscando clima para: 'TestCity'
20:51:24.578 [main] ERROR com.weatherapp.service.WeatherService - Error de conectividad para 'TestCity'
java.lang.RuntimeException: Simulated network error
	at com.weatherapp.service.WeatherServiceTest$MockOpenMeteoClient.resolveCity(WeatherServiceTest.java:186)
	at com.weatherapp.service.WeatherService.getWeatherByCityName(WeatherService.java:60)
	at com.weatherapp.service.WeatherServiceTest.lambda$testExceptionHandlingWithContext$5(WeatherServiceTest.java:124)
	at org.junit.jupiter.api.AssertThrows.assertThrows(AssertThrows.java:53)
	at org.junit.jupiter.api.AssertThrows.assertThrows(AssertThrows.java:35)
	at org.junit.jupiter.api.Assertions.assertThrows(Assertions.java:3083)
	at com.weatherapp.service.WeatherServiceTest.testExceptionHandlingWithContext(WeatherServiceTest.java:123)
	at java.base/jdk.internal.reflect.NativeMethodAccessorImpl.invoke0(Native Method)
	at java.base/jdk.internal.reflect.NativeMethodAccessorImpl.invoke(NativeMethodAccessorImpl.java:77)
	at java.base/jdk.internal.reflect.DelegatingMethodAccessorImpl.invoke(DelegatingMethodAccessorImpl.java:43)
	at java.base/java.lang.reflect.Method.invoke(Method.java:568)
	at org.junit.platform.commons.util.ReflectionUtils.invokeMethod(ReflectionUtils.java:727)
	at org.junit.jupiter.engine.execution.MethodInvocation.proceed(MethodInvocation.java:60)
	at org.junit.jupiter.engine.execution.InvocationInterceptorChain$ValidatingInvocation.proceed(InvocationInterceptorChain.java:131)
	at org.junit.jupiter.engine.extension.TimeoutExtension.intercept(TimeoutExtension.java:156)
	at org.junit.jupiter.engine.extension.TimeoutExtension.interceptTestableMethod(TimeoutExtension.java:147)
	at org.junit.jupiter.engine.extension.TimeoutExtension.interceptTestMethod(TimeoutExtension.java:86)
	at org.junit.jupiter.engine.execution.InterceptingExecutableInvoker$ReflectiveInterceptorCall.lambda$ofVoidMethod$0(InterceptingExecutableInvoker.java:103)
	at org.junit.jupiter.engine.execution.InterceptingExecutableInvoker.lambda$invoke$0(InterceptingExecutableInvoker.java:93)
	at org.junit.jupiter.engine.execution.InvocationInterceptorChain$InterceptedInvocation.proceed(InvocationInterceptorChain.java:106)
	at org.junit.jupiter.engine.execution.InvocationInterceptorChain.proceed(InvocationInterceptorChain.java:64)
	at org.junit.jupiter.engine.execution.InvocationInterceptorChain.chainAndInvoke(InvocationInterceptorChain.java:45)
	at org.junit.jupiter.engine.execution.InvocationInterceptorChain.invoke(InvocationInterceptorChain.java:37)
	at org.junit.jupiter.engine.execution.InterceptingExecutableInvoker.invoke(InterceptingExecutableInvoker.java:92)
	at org.junit.jupiter.engine.execution.InterceptingExecutableInvoker.invoke(InterceptingExecutableInvoker.java:86)
	at org.junit.jupiter.engine.descriptor.TestMethodTestDescriptor.lambda$invokeTestMethod$7(TestMethodTestDescriptor.java:217)
	at org.junit.platform.engine.support.hierarchical.ThrowableCollector.execute(ThrowableCollector.java:73)
	at org.junit.jupiter.engine.descriptor.TestMethodTestDescriptor.invokeTestMethod(TestMethodTestDescriptor.java:213)
	at org.junit.jupiter.engine.descriptor.TestMethodTestDescriptor.execute(TestMethodTestDescriptor.java:138)
	at org.junit.jupiter.engine.descriptor.TestMethodTestDescriptor.execute(TestMethodTestDescriptor.java:68)
	at org.junit.platform.engine.support.hierarchical.NodeTestTask.lambda$executeRecursively$6(NodeTestTask.java:151)
	at org.junit.platform.engine.support.hierarchical.ThrowableCollector.execute(ThrowableCollector.java:73)
	at org.junit.platform.engine.support.hierarchical.NodeTestTask.lambda$executeRecursively$8(NodeTestTask.java:141)
	at org.junit.platform.engine.support.hierarchical.Node.around(Node.java:137)
	at org.junit.platform.engine.support.hierarchical.NodeTestTask.lambda$executeRecursively$9(NodeTestTask.java:139)
	at org.junit.platform.engine.support.hierarchical.ThrowableCollector.execute(ThrowableCollector.java:73)
	at org.junit.platform.engine.support.hierarchical.NodeTestTask.executeRecursively(NodeTestTask.java:138)
	at org.junit.platform.engine.support.hierarchical.NodeTestTask.execute(NodeTestTask.java:95)
	at java.base/java.util.ArrayList.forEach(ArrayList.java:1511)
	at org.junit.platform.engine.support.hierarchical.SameThreadHierarchicalTestExecutorService.invokeAll(SameThreadHierarchicalTestExecutorService.java:41)
	at org.junit.platform.engine.support.hierarchical.NodeTestTask.lambda$executeRecursively$6(NodeTestTask.java:155)
	at org.junit.platform.engine.support.hierarchical.ThrowableCollector.execute(ThrowableCollector.java:73)
	at org.junit.platform.engine.support.hierarchical.NodeTestTask.lambda$executeRecursively$8(NodeTestTask.java:141)
	at org.junit.platform.engine.support.hierarchical.Node.around(Node.java:137)
	at org.junit.platform.engine.support.hierarchical.NodeTestTask.lambda$executeRecursively$9(NodeTestTask.java:139)
	at org.junit.platform.engine.support.hierarchical.ThrowableCollector.execute(ThrowableCollector.java:73)
	at org.junit.platform.engine.support.hierarchical.NodeTestTask.executeRecursively(NodeTestTask.java:138)
	at org.junit.platform.engine.support.hierarchical.NodeTestTask.execute(NodeTestTask.java:95)
	at java.base/java.util.ArrayList.forEach(ArrayList.java:1511)
	at org.junit.platform.engine.support.hierarchical.SameThreadHierarchicalTestExecutorService.invokeAll(SameThreadHierarchicalTestExecutorService.java:41)
	at org.junit.platform.engine.support.hierarchical.NodeTestTask.lambda$executeRecursively$6(NodeTestTask.java:155)
	at org.junit.platform.engine.support.hierarchical.ThrowableCollector.execute(ThrowableCollector.java:73)
	at org.junit.platform.engine.support.hierarchical.NodeTestTask.lambda$executeRecursively$8(NodeTestTask.java:141)
	at org.junit.platform.engine.support.hierarchical.Node.around(Node.java:137)
	at org.junit.platform.engine.support.hierarchical.NodeTestTask.lambda$executeRecursively$9(NodeTestTask.java:139)
	at org.junit.platform.engine.support.hierarchical.ThrowableCollector.execute(ThrowableCollector.java:73)
	at org.junit.platform.engine.support.hierarchical.NodeTestTask.executeRecursively(NodeTestTask.java:138)
	at org.junit.platform.engine.support.hierarchical.NodeTestTask.execute(NodeTestTask.java:95)
	at org.junit.platform.engine.support.hierarchical.SameThreadHierarchicalTestExecutorService.submit(SameThreadHierarchicalTestExecutorService.java:35)
	at org.junit.platform.engine.support.hierarchical.HierarchicalTestExecutor.execute(HierarchicalTestExecutor.java:57)
	at org.junit.platform.engine.support.hierarchical.HierarchicalTestEngine.execute(HierarchicalTestEngine.java:54)
	at org.junit.platform.launcher.core.DefaultLauncher.execute(DefaultLauncher.java:220)
	at org.junit.platform.launcher.core.DefaultLauncher.lambda$execute$6(DefaultLauncher.java:188)
	at org.junit.platform.launcher.core.DefaultLauncher.withInterceptedStreams(DefaultLauncher.java:202)
	at org.junit.platform.launcher.core.DefaultLauncher.execute(DefaultLauncher.java:181)
	at org.junit.platform.launcher.core.DefaultLauncher.execute(DefaultLauncher.java:128)
	at org.apache.maven.surefire.junitplatform.JUnitPlatformProvider.invokeAllTests(JUnitPlatformProvider.java:150)
	at org.apache.maven.surefire.junitplatform.JUnitPlatformProvider.invoke(JUnitPlatformProvider.java:124)
	at org.apache.maven.surefire.booter.ForkedBooter.invokeProviderInSameClassLoader(ForkedBooter.java:384)
	at org.apache.maven.surefire.booter.ForkedBooter.runSuitesInProcess(ForkedBooter.java:345)
	at org.apache.maven.surefire.booter.ForkedBooter.execute(ForkedBooter.java:126)
	at org.apache.maven.surefire.booter.ForkedBooter.main(ForkedBooter.java:418)
20:51:24.587 [main] INFO com.weatherapp.service.WeatherService - Buscando clima para: 'Londres'
20:51:24.587 [main] DEBUG com.weatherapp.service.WeatherService - Ubicaci¾n resuelta: GeoLocation{ciudad='Londres, Reino Unido', latitud=51,5074, longitud=-0,1278}
20:51:24.587 [main] INFO com.weatherapp.service.WeatherService - ? Datos climßticos obtenidos exitosamente para: Londres, Reino Unido
20:51:24.609 [main] INFO com.weatherapp.service.WeatherService - Buscando clima para: 'BerlÝn'
20:51:24.609 [main] DEBUG com.weatherapp.service.WeatherService - Ubicaci¾n resuelta: GeoLocation{ciudad='BerlÝn, Alemania', latitud=52,5200, longitud=13,4050}
20:51:24.609 [main] INFO com.weatherapp.service.WeatherService - ? Datos climßticos obtenidos exitosamente para: BerlÝn, Alemania
20:51:24.614 [main] INFO com.weatherapp.service.WeatherService - Buscando clima para: 'ParÝs'
20:51:24.614 [main] DEBUG com.weatherapp.service.WeatherService - Ubicaci¾n resuelta: GeoLocation{ciudad='ParÝs, Francia', latitud=48,8566, longitud=2,3522}
20:51:24.615 [main] INFO com.weatherapp.service.WeatherService - ? Datos climßticos obtenidos exitosamente para: ParÝs, Francia
20:51:24.624 [main] INFO com.weatherapp.service.WeatherService - Buscando clima para: 'Madrid'
20:51:24.625 [main] DEBUG com.weatherapp.service.WeatherService - Ubicaci¾n resuelta: GeoLocation{ciudad='Madrid, Espa±a', latitud=40,4168, longitud=-3,7038}
20:51:24.625 [main] INFO com.weatherapp.service.WeatherService - ? Datos climßticos obtenidos exitosamente para: Madrid, Espa±a
[INFO] Tests run: 12, Failures: 0, Errors: 0, Skipped: 0, Time elapsed: 0.079 s - in com.weatherapp.service.WeatherServiceTest
[INFO] Running com.weatherapp.service.WeatherServiceValidationTest
20:51:24.636 [main] INFO com.weatherapp.service.WeatherService - Buscando clima para: 'Madrid'
20:51:24.637 [main] DEBUG com.weatherapp.service.WeatherService - Ubicaci¾n resuelta: GeoLocation{ciudad='Madrid, Espa±a', latitud=40,4168, longitud=-3,7038}
20:51:24.637 [main] INFO com.weatherapp.service.WeatherService - ? Datos climßticos obtenidos exitosamente para: Madrid, Espa±a
20:51:24.640 [main] INFO com.weatherapp.service.WeatherService - Buscando clima para: 'Test City'
20:51:24.642 [main] DEBUG com.weatherapp.service.WeatherService - Ubicaci¾n resuelta: GeoLocation{ciudad='Madrid, Espa±a', latitud=40,4168, longitud=-3,7038}
20:51:24.643 [main] INFO com.weatherapp.service.WeatherService - ? Datos climßticos obtenidos exitosamente para: Madrid, Espa±a
20:51:24.647 [main] INFO com.weatherapp.service.WeatherService - Buscando clima para: 'Test City'
20:51:24.647 [main] DEBUG com.weatherapp.service.WeatherService - Ubicaci¾n resuelta: GeoLocation{ciudad='Madrid, Espa±a', latitud=40,4168, longitud=-3,7038}
20:51:24.647 [main] INFO com.weatherapp.service.WeatherService - ? Datos climßticos obtenidos exitosamente para: Madrid, Espa±a
20:51:24.651 [main] INFO com.weatherapp.service.WeatherService - Buscando clima para: 'Madrid'
20:51:24.651 [main] DEBUG com.weatherapp.service.WeatherService - Ubicaci¾n resuelta: GeoLocation{ciudad='Madrid, Espa±a', latitud=40,4168, longitud=-3,7038}
20:51:24.652 [main] INFO com.weatherapp.service.WeatherService - ? Datos climßticos obtenidos exitosamente para: Madrid, Espa±a
20:51:24.655 [main] INFO com.weatherapp.service.WeatherService - Buscando clima para: 'Test City'
20:51:24.655 [main] DEBUG com.weatherapp.service.WeatherService - Ubicaci¾n resuelta: GeoLocation{ciudad='Madrid, Espa±a', latitud=40,4168, longitud=-3,7038}
20:51:24.656 [main] WARN com.weatherapp.service.WeatherService - Validaci¾n fallida para 'Test City': ? Temperatura irreal: -61.0░C (-61.0░C). Debe estar entre -60.0░C y 60.0░C
com.weatherapp.exception.WeatherDataException: ? Temperatura irreal: -61.0░C (-61.0░C). Debe estar entre -60.0░C y 60.0░C
	at com.weatherapp.client.OpenMeteoClient.getWeatherData(OpenMeteoClient.java:86)
	at com.weatherapp.service.WeatherService.getWeatherByCityName(WeatherService.java:63)
	at com.weatherapp.service.WeatherServiceValidationTest.lambda$testTemperatureInvalid_TooCold$8(WeatherServiceValidationTest.java:199)
	at org.junit.jupiter.api.AssertThrows.assertThrows(AssertThrows.java:53)
	at org.junit.jupiter.api.AssertThrows.assertThrows(AssertThrows.java:39)
	at org.junit.jupiter.api.Assertions.assertThrows(Assertions.java:3099)
	at com.weatherapp.service.WeatherServiceValidationTest.testTemperatureInvalid_TooCold(WeatherServiceValidationTest.java:197)
	at java.base/jdk.internal.reflect.NativeMethodAccessorImpl.invoke0(Native Method)
	at java.base/jdk.internal.reflect.NativeMethodAccessorImpl.invoke(NativeMethodAccessorImpl.java:77)
	at java.base/jdk.internal.reflect.DelegatingMethodAccessorImpl.invoke(DelegatingMethodAccessorImpl.java:43)
	at java.base/java.lang.reflect.Method.invoke(Method.java:568)
	at org.junit.platform.commons.util.ReflectionUtils.invokeMethod(ReflectionUtils.java:727)
	at org.junit.jupiter.engine.execution.MethodInvocation.proceed(MethodInvocation.java:60)
	at org.junit.jupiter.engine.execution.InvocationInterceptorChain$ValidatingInvocation.proceed(InvocationInterceptorChain.java:131)
	at org.junit.jupiter.engine.extension.TimeoutExtension.intercept(TimeoutExtension.java:156)
	at org.junit.jupiter.engine.extension.TimeoutExtension.interceptTestableMethod(TimeoutExtension.java:147)
	at org.junit.jupiter.engine.extension.TimeoutExtension.interceptTestMethod(TimeoutExtension.java:86)
	at org.junit.jupiter.engine.execution.InterceptingExecutableInvoker$ReflectiveInterceptorCall.lambda$ofVoidMethod$0(InterceptingExecutableInvoker.java:103)
	at org.junit.jupiter.engine.execution.InterceptingExecutableInvoker.lambda$invoke$0(InterceptingExecutableInvoker.java:93)
	at org.junit.jupiter.engine.execution.InvocationInterceptorChain$InterceptedInvocation.proceed(InvocationInterceptorChain.java:106)
	at org.junit.jupiter.engine.execution.InvocationInterceptorChain.proceed(InvocationInterceptorChain.java:64)
	at org.junit.jupiter.engine.execution.InvocationInterceptorChain.chainAndInvoke(InvocationInterceptorChain.java:45)
	at org.junit.jupiter.engine.execution.InvocationInterceptorChain.invoke(InvocationInterceptorChain.java:37)
	at org.junit.jupiter.engine.execution.InterceptingExecutableInvoker.invoke(InterceptingExecutableInvoker.java:92)
	at org.junit.jupiter.engine.execution.InterceptingExecutableInvoker.invoke(InterceptingExecutableInvoker.java:86)
	at org.junit.jupiter.engine.descriptor.TestMethodTestDescriptor.lambda$invokeTestMethod$7(TestMethodTestDescriptor.java:217)
	at org.junit.platform.engine.support.hierarchical.ThrowableCollector.execute(ThrowableCollector.java:73)
	at org.junit.jupiter.engine.descriptor.TestMethodTestDescriptor.invokeTestMethod(TestMethodTestDescriptor.java:213)
	at org.junit.jupiter.engine.descriptor.TestMethodTestDescriptor.execute(TestMethodTestDescriptor.java:138)
	at org.junit.jupiter.engine.descriptor.TestMethodTestDescriptor.execute(TestMethodTestDescriptor.java:68)
	at org.junit.platform.engine.support.hierarchical.NodeTestTask.lambda$executeRecursively$6(NodeTestTask.java:151)
	at org.junit.platform.engine.support.hierarchical.ThrowableCollector.execute(ThrowableCollector.java:73)
	at org.junit.platform.engine.support.hierarchical.NodeTestTask.lambda$executeRecursively$8(NodeTestTask.java:141)
	at org.junit.platform.engine.support.hierarchical.Node.around(Node.java:137)
	at org.junit.platform.engine.support.hierarchical.NodeTestTask.lambda$executeRecursively$9(NodeTestTask.java:139)
	at org.junit.platform.engine.support.hierarchical.ThrowableCollector.execute(ThrowableCollector.java:73)
	at org.junit.platform.engine.support.hierarchical.NodeTestTask.executeRecursively(NodeTestTask.java:138)
	at org.junit.platform.engine.support.hierarchical.NodeTestTask.execute(NodeTestTask.java:95)
	at java.base/java.util.ArrayList.forEach(ArrayList.java:1511)
	at org.junit.platform.engine.support.hierarchical.SameThreadHierarchicalTestExecutorService.invokeAll(SameThreadHierarchicalTestExecutorService.java:41)
	at org.junit.platform.engine.support.hierarchical.NodeTestTask.lambda$executeRecursively$6(NodeTestTask.java:155)
	at org.junit.platform.engine.support.hierarchical.ThrowableCollector.execute(ThrowableCollector.java:73)
	at org.junit.platform.engine.support.hierarchical.NodeTestTask.lambda$executeRecursively$8(NodeTestTask.java:141)
	at org.junit.platform.engine.support.hierarchical.Node.around(Node.java:137)
	at org.junit.platform.engine.support.hierarchical.NodeTestTask.lambda$executeRecursively$9(NodeTestTask.java:139)
	at org.junit.platform.engine.support.hierarchical.ThrowableCollector.execute(ThrowableCollector.java:73)
	at org.junit.platform.engine.support.hierarchical.NodeTestTask.executeRecursively(NodeTestTask.java:138)
	at org.junit.platform.engine.support.hierarchical.NodeTestTask.execute(NodeTestTask.java:95)
	at java.base/java.util.ArrayList.forEach(ArrayList.java:1511)
	at org.junit.platform.engine.support.hierarchical.SameThreadHierarchicalTestExecutorService.invokeAll(SameThreadHierarchicalTestExecutorService.java:41)
	at org.junit.platform.engine.support.hierarchical.NodeTestTask.lambda$executeRecursively$6(NodeTestTask.java:155)
	at org.junit.platform.engine.support.hierarchical.ThrowableCollector.execute(ThrowableCollector.java:73)
	at org.junit.platform.engine.support.hierarchical.NodeTestTask.lambda$executeRecursively$8(NodeTestTask.java:141)
	at org.junit.platform.engine.support.hierarchical.Node.around(Node.java:137)
	at org.junit.platform.engine.support.hierarchical.NodeTestTask.lambda$executeRecursively$9(NodeTestTask.java:139)
	at org.junit.platform.engine.support.hierarchical.ThrowableCollector.execute(ThrowableCollector.java:73)
	at org.junit.platform.engine.support.hierarchical.NodeTestTask.executeRecursively(NodeTestTask.java:138)
	at org.junit.platform.engine.support.hierarchical.NodeTestTask.execute(NodeTestTask.java:95)
	at org.junit.platform.engine.support.hierarchical.SameThreadHierarchicalTestExecutorService.submit(SameThreadHierarchicalTestExecutorService.java:35)
	at org.junit.platform.engine.support.hierarchical.HierarchicalTestExecutor.execute(HierarchicalTestExecutor.java:57)
	at org.junit.platform.engine.support.hierarchical.HierarchicalTestEngine.execute(HierarchicalTestEngine.java:54)
	at org.junit.platform.launcher.core.DefaultLauncher.execute(DefaultLauncher.java:220)
	at org.junit.platform.launcher.core.DefaultLauncher.lambda$execute$6(DefaultLauncher.java:188)
	at org.junit.platform.launcher.core.DefaultLauncher.withInterceptedStreams(DefaultLauncher.java:202)
	at org.junit.platform.launcher.core.DefaultLauncher.execute(DefaultLauncher.java:181)
	at org.junit.platform.launcher.core.DefaultLauncher.execute(DefaultLauncher.java:128)
	at org.apache.maven.surefire.junitplatform.JUnitPlatformProvider.invokeAllTests(JUnitPlatformProvider.java:150)
	at org.apache.maven.surefire.junitplatform.JUnitPlatformProvider.invoke(JUnitPlatformProvider.java:124)
	at org.apache.maven.surefire.booter.ForkedBooter.invokeProviderInSameClassLoader(ForkedBooter.java:384)
	at org.apache.maven.surefire.booter.ForkedBooter.runSuitesInProcess(ForkedBooter.java:345)
	at org.apache.maven.surefire.booter.ForkedBooter.execute(ForkedBooter.java:126)
	at org.apache.maven.surefire.booter.ForkedBooter.main(ForkedBooter.java:418)
20:51:24.663 [main] INFO com.weatherapp.service.WeatherService - Buscando clima para: 'Test City'
20:51:24.664 [main] DEBUG com.weatherapp.service.WeatherService - Ubicaci¾n resuelta: GeoLocation{ciudad='Madrid, Espa±a', latitud=40,4168, longitud=-3,7038}
20:51:24.664 [main] INFO com.weatherapp.service.WeatherService - ? Datos climßticos obtenidos exitosamente para: Madrid, Espa±a
20:51:24.669 [main] INFO com.weatherapp.service.WeatherService - Buscando clima para: 'Test City'
20:51:24.669 [main] DEBUG com.weatherapp.service.WeatherService - Ubicaci¾n resuelta: GeoLocation{ciudad='Madrid, Espa±a', latitud=40,4168, longitud=-3,7038}
20:51:24.670 [main] WARN com.weatherapp.service.WeatherService - Validaci¾n fallida para 'Test City': ? Temperatura aparente irreal: -61.0░C (-61.0░C). Debe estar entre -60.0░C y 60.0░C
com.weatherapp.exception.WeatherDataException: ? Temperatura aparente irreal: -61.0░C (-61.0░C). Debe estar entre -60.0░C y 60.0░C
	at com.weatherapp.client.OpenMeteoClient.getWeatherData(OpenMeteoClient.java:86)
	at com.weatherapp.service.WeatherService.getWeatherByCityName(WeatherService.java:63)
	at com.weatherapp.service.WeatherServiceValidationTest.lambda$testApparentTemperatureInvalid_TooCold$11(WeatherServiceValidationTest.java:252)
	at org.junit.jupiter.api.AssertThrows.assertThrows(AssertThrows.java:53)
	at org.junit.jupiter.api.AssertThrows.assertThrows(AssertThrows.java:39)
	at org.junit.jupiter.api.Assertions.assertThrows(Assertions.java:3099)
	at com.weatherapp.service.WeatherServiceValidationTest.testApparentTemperatureInvalid_TooCold(WeatherServiceValidationTest.java:250)
	at java.base/jdk.internal.reflect.NativeMethodAccessorImpl.invoke0(Native Method)
	at java.base/jdk.internal.reflect.NativeMethodAccessorImpl.invoke(NativeMethodAccessorImpl.java:77)
	at java.base/jdk.internal.reflect.DelegatingMethodAccessorImpl.invoke(DelegatingMethodAccessorImpl.java:43)
	at java.base/java.lang.reflect.Method.invoke(Method.java:568)
	at org.junit.platform.commons.util.ReflectionUtils.invokeMethod(ReflectionUtils.java:727)
	at org.junit.jupiter.engine.execution.MethodInvocation.proceed(MethodInvocation.java:60)
	at org.junit.jupiter.engine.execution.InvocationInterceptorChain$ValidatingInvocation.proceed(InvocationInterceptorChain.java:131)
	at org.junit.jupiter.engine.extension.TimeoutExtension.intercept(TimeoutExtension.java:156)
	at org.junit.jupiter.engine.extension.TimeoutExtension.interceptTestableMethod(TimeoutExtension.java:147)
	at org.junit.jupiter.engine.extension.TimeoutExtension.interceptTestMethod(TimeoutExtension.java:86)
	at org.junit.jupiter.engine.execution.InterceptingExecutableInvoker$ReflectiveInterceptorCall.lambda$ofVoidMethod$0(InterceptingExecutableInvoker.java:103)
	at org.junit.jupiter.engine.execution.InterceptingExecutableInvoker.lambda$invoke$0(InterceptingExecutableInvoker.java:93)
	at org.junit.jupiter.engine.execution.InvocationInterceptorChain$InterceptedInvocation.proceed(InvocationInterceptorChain.java:106)
	at org.junit.jupiter.engine.execution.InvocationInterceptorChain.proceed(InvocationInterceptorChain.java:64)
	at org.junit.jupiter.engine.execution.InvocationInterceptorChain.chainAndInvoke(InvocationInterceptorChain.java:45)
	at org.junit.jupiter.engine.execution.InvocationInterceptorChain.invoke(InvocationInterceptorChain.java:37)
	at org.junit.jupiter.engine.execution.InterceptingExecutableInvoker.invoke(InterceptingExecutableInvoker.java:92)
	at org.junit.jupiter.engine.execution.InterceptingExecutableInvoker.invoke(InterceptingExecutableInvoker.java:86)
	at org.junit.jupiter.engine.descriptor.TestMethodTestDescriptor.lambda$invokeTestMethod$7(TestMethodTestDescriptor.java:217)
	at org.junit.platform.engine.support.hierarchical.ThrowableCollector.execute(ThrowableCollector.java:73)
	at org.junit.jupiter.engine.descriptor.TestMethodTestDescriptor.invokeTestMethod(TestMethodTestDescriptor.java:213)
	at org.junit.jupiter.engine.descriptor.TestMethodTestDescriptor.execute(TestMethodTestDescriptor.java:138)
	at org.junit.jupiter.engine.descriptor.TestMethodTestDescriptor.execute(TestMethodTestDescriptor.java:68)
	at org.junit.platform.engine.support.hierarchical.NodeTestTask.lambda$executeRecursively$6(NodeTestTask.java:151)
	at org.junit.platform.engine.support.hierarchical.ThrowableCollector.execute(ThrowableCollector.java:73)
	at org.junit.platform.engine.support.hierarchical.NodeTestTask.lambda$executeRecursively$8(NodeTestTask.java:141)
	at org.junit.platform.engine.support.hierarchical.Node.around(Node.java:137)
	at org.junit.platform.engine.support.hierarchical.NodeTestTask.lambda$executeRecursively$9(NodeTestTask.java:139)
	at org.junit.platform.engine.support.hierarchical.ThrowableCollector.execute(ThrowableCollector.java:73)
	at org.junit.platform.engine.support.hierarchical.NodeTestTask.executeRecursively(NodeTestTask.java:138)
	at org.junit.platform.engine.support.hierarchical.NodeTestTask.execute(NodeTestTask.java:95)
	at java.base/java.util.ArrayList.forEach(ArrayList.java:1511)
	at org.junit.platform.engine.support.hierarchical.SameThreadHierarchicalTestExecutorService.invokeAll(SameThreadHierarchicalTestExecutorService.java:41)
	at org.junit.platform.engine.support.hierarchical.NodeTestTask.lambda$executeRecursively$6(NodeTestTask.java:155)
	at org.junit.platform.engine.support.hierarchical.ThrowableCollector.execute(ThrowableCollector.java:73)
	at org.junit.platform.engine.support.hierarchical.NodeTestTask.lambda$executeRecursively$8(NodeTestTask.java:141)
	at org.junit.platform.engine.support.hierarchical.Node.around(Node.java:137)
	at org.junit.platform.engine.support.hierarchical.NodeTestTask.lambda$executeRecursively$9(NodeTestTask.java:139)
	at org.junit.platform.engine.support.hierarchical.ThrowableCollector.execute(ThrowableCollector.java:73)
	at org.junit.platform.engine.support.hierarchical.NodeTestTask.executeRecursively(NodeTestTask.java:138)
	at org.junit.platform.engine.support.hierarchical.NodeTestTask.execute(NodeTestTask.java:95)
	at java.base/java.util.ArrayList.forEach(ArrayList.java:1511)
	at org.junit.platform.engine.support.hierarchical.SameThreadHierarchicalTestExecutorService.invokeAll(SameThreadHierarchicalTestExecutorService.java:41)
	at org.junit.platform.engine.support.hierarchical.NodeTestTask.lambda$executeRecursively$6(NodeTestTask.java:155)
	at org.junit.platform.engine.support.hierarchical.ThrowableCollector.execute(ThrowableCollector.java:73)
	at org.junit.platform.engine.support.hierarchical.NodeTestTask.lambda$executeRecursively$8(NodeTestTask.java:141)
	at org.junit.platform.engine.support.hierarchical.Node.around(Node.java:137)
	at org.junit.platform.engine.support.hierarchical.NodeTestTask.lambda$executeRecursively$9(NodeTestTask.java:139)
	at org.junit.platform.engine.support.hierarchical.ThrowableCollector.execute(ThrowableCollector.java:73)
	at org.junit.platform.engine.support.hierarchical.NodeTestTask.executeRecursively(NodeTestTask.java:138)
	at org.junit.platform.engine.support.hierarchical.NodeTestTask.execute(NodeTestTask.java:95)
	at org.junit.platform.engine.support.hierarchical.SameThreadHierarchicalTestExecutorService.submit(SameThreadHierarchicalTestExecutorService.java:35)
	at org.junit.platform.engine.support.hierarchical.HierarchicalTestExecutor.execute(HierarchicalTestExecutor.java:57)
	at org.junit.platform.engine.support.hierarchical.HierarchicalTestEngine.execute(HierarchicalTestEngine.java:54)
	at org.junit.platform.launcher.core.DefaultLauncher.execute(DefaultLauncher.java:220)
	at org.junit.platform.launcher.core.DefaultLauncher.lambda$execute$6(DefaultLauncher.java:188)
	at org.junit.platform.launcher.core.DefaultLauncher.withInterceptedStreams(DefaultLauncher.java:202)
	at org.junit.platform.launcher.core.DefaultLauncher.execute(DefaultLauncher.java:181)
	at org.junit.platform.launcher.core.DefaultLauncher.execute(DefaultLauncher.java:128)
	at org.apache.maven.surefire.junitplatform.JUnitPlatformProvider.invokeAllTests(JUnitPlatformProvider.java:150)
	at org.apache.maven.surefire.junitplatform.JUnitPlatformProvider.invoke(JUnitPlatformProvider.java:124)
	at org.apache.maven.surefire.booter.ForkedBooter.invokeProviderInSameClassLoader(ForkedBooter.java:384)
	at org.apache.maven.surefire.booter.ForkedBooter.runSuitesInProcess(ForkedBooter.java:345)
	at org.apache.maven.surefire.booter.ForkedBooter.execute(ForkedBooter.java:126)
	at org.apache.maven.surefire.booter.ForkedBooter.main(ForkedBooter.java:418)
20:51:24.675 [main] INFO com.weatherapp.service.WeatherService - Buscando clima para: 'Test City'
20:51:24.675 [main] DEBUG com.weatherapp.service.WeatherService - Ubicaci¾n resuelta: GeoLocation{ciudad='Madrid, Espa±a', latitud=40,4168, longitud=-3,7038}
20:51:24.676 [main] INFO com.weatherapp.service.WeatherService - ? Datos climßticos obtenidos exitosamente para: Madrid, Espa±a
20:51:24.679 [main] INFO com.weatherapp.service.WeatherService - Buscando clima para: 'Polo Norte'
20:51:24.680 [main] DEBUG com.weatherapp.service.WeatherService - Ubicaci¾n resuelta: GeoLocation{ciudad='Polo Norte', latitud=90,0000, longitud=0,0000}
20:51:24.680 [main] INFO com.weatherapp.service.WeatherService - ? Datos climßticos obtenidos exitosamente para: Polo Norte
20:51:24.685 [main] INFO com.weatherapp.service.WeatherService - Buscando clima para: 'Polo Sur'
20:51:24.686 [main] DEBUG com.weatherapp.service.WeatherService - Ubicaci¾n resuelta: GeoLocation{ciudad='Polo Sur', latitud=-90,0000, longitud=0,0000}
20:51:24.687 [main] INFO com.weatherapp.service.WeatherService - ? Datos climßticos obtenidos exitosamente para: Polo Sur
20:51:24.690 [main] INFO com.weatherapp.service.WeatherService - Buscando clima para: 'Test City'
20:51:24.690 [main] DEBUG com.weatherapp.service.WeatherService - Ubicaci¾n resuelta: GeoLocation{ciudad='Madrid, Espa±a', latitud=40,4168, longitud=-3,7038}
20:51:24.692 [main] WARN com.weatherapp.service.WeatherService - Validaci¾n fallida para 'Test City': ? Temperatura irreal: 61.0░C (61.0░C). Debe estar entre -60.0░C y 60.0░C
com.weatherapp.exception.WeatherDataException: ? Temperatura irreal: 61.0░C (61.0░C). Debe estar entre -60.0░C y 60.0░C
	at com.weatherapp.client.OpenMeteoClient.getWeatherData(OpenMeteoClient.java:86)
	at com.weatherapp.service.WeatherService.getWeatherByCityName(WeatherService.java:63)
	at com.weatherapp.service.WeatherServiceValidationTest.lambda$testTemperatureInvalid_TooHot$9(WeatherServiceValidationTest.java:216)
	at org.junit.jupiter.api.AssertThrows.assertThrows(AssertThrows.java:53)
	at org.junit.jupiter.api.AssertThrows.assertThrows(AssertThrows.java:39)
	at org.junit.jupiter.api.Assertions.assertThrows(Assertions.java:3099)
	at com.weatherapp.service.WeatherServiceValidationTest.testTemperatureInvalid_TooHot(WeatherServiceValidationTest.java:214)
	at java.base/jdk.internal.reflect.NativeMethodAccessorImpl.invoke0(Native Method)
	at java.base/jdk.internal.reflect.NativeMethodAccessorImpl.invoke(NativeMethodAccessorImpl.java:77)
	at java.base/jdk.internal.reflect.DelegatingMethodAccessorImpl.invoke(DelegatingMethodAccessorImpl.java:43)
	at java.base/java.lang.reflect.Method.invoke(Method.java:568)
	at org.junit.platform.commons.util.ReflectionUtils.invokeMethod(ReflectionUtils.java:727)
	at org.junit.jupiter.engine.execution.MethodInvocation.proceed(MethodInvocation.java:60)
	at org.junit.jupiter.engine.execution.InvocationInterceptorChain$ValidatingInvocation.proceed(InvocationInterceptorChain.java:131)
	at org.junit.jupiter.engine.extension.TimeoutExtension.intercept(TimeoutExtension.java:156)
	at org.junit.jupiter.engine.extension.TimeoutExtension.interceptTestableMethod(TimeoutExtension.java:147)
	at org.junit.jupiter.engine.extension.TimeoutExtension.interceptTestMethod(TimeoutExtension.java:86)
	at org.junit.jupiter.engine.execution.InterceptingExecutableInvoker$ReflectiveInterceptorCall.lambda$ofVoidMethod$0(InterceptingExecutableInvoker.java:103)
	at org.junit.jupiter.engine.execution.InterceptingExecutableInvoker.lambda$invoke$0(InterceptingExecutableInvoker.java:93)
	at org.junit.jupiter.engine.execution.InvocationInterceptorChain$InterceptedInvocation.proceed(InvocationInterceptorChain.java:106)
	at org.junit.jupiter.engine.execution.InvocationInterceptorChain.proceed(InvocationInterceptorChain.java:64)
	at org.junit.jupiter.engine.execution.InvocationInterceptorChain.chainAndInvoke(InvocationInterceptorChain.java:45)
	at org.junit.jupiter.engine.execution.InvocationInterceptorChain.invoke(InvocationInterceptorChain.java:37)
	at org.junit.jupiter.engine.execution.InterceptingExecutableInvoker.invoke(InterceptingExecutableInvoker.java:92)
	at org.junit.jupiter.engine.execution.InterceptingExecutableInvoker.invoke(InterceptingExecutableInvoker.java:86)
	at org.junit.jupiter.engine.descriptor.TestMethodTestDescriptor.lambda$invokeTestMethod$7(TestMethodTestDescriptor.java:217)
	at org.junit.platform.engine.support.hierarchical.ThrowableCollector.execute(ThrowableCollector.java:73)
	at org.junit.jupiter.engine.descriptor.TestMethodTestDescriptor.invokeTestMethod(TestMethodTestDescriptor.java:213)
	at org.junit.jupiter.engine.descriptor.TestMethodTestDescriptor.execute(TestMethodTestDescriptor.java:138)
	at org.junit.jupiter.engine.descriptor.TestMethodTestDescriptor.execute(TestMethodTestDescriptor.java:68)
	at org.junit.platform.engine.support.hierarchical.NodeTestTask.lambda$executeRecursively$6(NodeTestTask.java:151)
	at org.junit.platform.engine.support.hierarchical.ThrowableCollector.execute(ThrowableCollector.java:73)
	at org.junit.platform.engine.support.hierarchical.NodeTestTask.lambda$executeRecursively$8(NodeTestTask.java:141)
	at org.junit.platform.engine.support.hierarchical.Node.around(Node.java:137)
	at org.junit.platform.engine.support.hierarchical.NodeTestTask.lambda$executeRecursively$9(NodeTestTask.java:139)
	at org.junit.platform.engine.support.hierarchical.ThrowableCollector.execute(ThrowableCollector.java:73)
	at org.junit.platform.engine.support.hierarchical.NodeTestTask.executeRecursively(NodeTestTask.java:138)
	at org.junit.platform.engine.support.hierarchical.NodeTestTask.execute(NodeTestTask.java:95)
	at java.base/java.util.ArrayList.forEach(ArrayList.java:1511)
	at org.junit.platform.engine.support.hierarchical.SameThreadHierarchicalTestExecutorService.invokeAll(SameThreadHierarchicalTestExecutorService.java:41)
	at org.junit.platform.engine.support.hierarchical.NodeTestTask.lambda$executeRecursively$6(NodeTestTask.java:155)
	at org.junit.platform.engine.support.hierarchical.ThrowableCollector.execute(ThrowableCollector.java:73)
	at org.junit.platform.engine.support.hierarchical.NodeTestTask.lambda$executeRecursively$8(NodeTestTask.java:141)
	at org.junit.platform.engine.support.hierarchical.Node.around(Node.java:137)
	at org.junit.platform.engine.support.hierarchical.NodeTestTask.lambda$executeRecursively$9(NodeTestTask.java:139)
	at org.junit.platform.engine.support.hierarchical.ThrowableCollector.execute(ThrowableCollector.java:73)
	at org.junit.platform.engine.support.hierarchical.NodeTestTask.executeRecursively(NodeTestTask.java:138)
	at org.junit.platform.engine.support.hierarchical.NodeTestTask.execute(NodeTestTask.java:95)
	at java.base/java.util.ArrayList.forEach(ArrayList.java:1511)
	at org.junit.platform.engine.support.hierarchical.SameThreadHierarchicalTestExecutorService.invokeAll(SameThreadHierarchicalTestExecutorService.java:41)
	at org.junit.platform.engine.support.hierarchical.NodeTestTask.lambda$executeRecursively$6(NodeTestTask.java:155)
	at org.junit.platform.engine.support.hierarchical.ThrowableCollector.execute(ThrowableCollector.java:73)
	at org.junit.platform.engine.support.hierarchical.NodeTestTask.lambda$executeRecursively$8(NodeTestTask.java:141)
	at org.junit.platform.engine.support.hierarchical.Node.around(Node.java:137)
	at org.junit.platform.engine.support.hierarchical.NodeTestTask.lambda$executeRecursively$9(NodeTestTask.java:139)
	at org.junit.platform.engine.support.hierarchical.ThrowableCollector.execute(ThrowableCollector.java:73)
	at org.junit.platform.engine.support.hierarchical.NodeTestTask.executeRecursively(NodeTestTask.java:138)
	at org.junit.platform.engine.support.hierarchical.NodeTestTask.execute(NodeTestTask.java:95)
	at org.junit.platform.engine.support.hierarchical.SameThreadHierarchicalTestExecutorService.submit(SameThreadHierarchicalTestExecutorService.java:35)
	at org.junit.platform.engine.support.hierarchical.HierarchicalTestExecutor.execute(HierarchicalTestExecutor.java:57)
	at org.junit.platform.engine.support.hierarchical.HierarchicalTestEngine.execute(HierarchicalTestEngine.java:54)
	at org.junit.platform.launcher.core.DefaultLauncher.execute(DefaultLauncher.java:220)
	at org.junit.platform.launcher.core.DefaultLauncher.lambda$execute$6(DefaultLauncher.java:188)
	at org.junit.platform.launcher.core.DefaultLauncher.withInterceptedStreams(DefaultLauncher.java:202)
	at org.junit.platform.launcher.core.DefaultLauncher.execute(DefaultLauncher.java:181)
	at org.junit.platform.launcher.core.DefaultLauncher.execute(DefaultLauncher.java:128)
	at org.apache.maven.surefire.junitplatform.JUnitPlatformProvider.invokeAllTests(JUnitPlatformProvider.java:150)
	at org.apache.maven.surefire.junitplatform.JUnitPlatformProvider.invoke(JUnitPlatformProvider.java:124)
	at org.apache.maven.surefire.booter.ForkedBooter.invokeProviderInSameClassLoader(ForkedBooter.java:384)
	at org.apache.maven.surefire.booter.ForkedBooter.runSuitesInProcess(ForkedBooter.java:345)
	at org.apache.maven.surefire.booter.ForkedBooter.execute(ForkedBooter.java:126)
	at org.apache.maven.surefire.booter.ForkedBooter.main(ForkedBooter.java:418)
20:51:24.701 [main] INFO com.weatherapp.service.WeatherService - Buscando clima para: 'Test City'
20:51:24.701 [main] DEBUG com.weatherapp.service.WeatherService - Ubicaci¾n resuelta: GeoLocation{ciudad='Madrid, Espa±a', latitud=40,4168, longitud=-3,7038}
20:51:24.702 [main] INFO com.weatherapp.service.WeatherService - ? Datos climßticos obtenidos exitosamente para: Madrid, Espa±a
20:51:24.706 [main] INFO com.weatherapp.service.WeatherService - Buscando clima para: 'LÝnea de fecha +'
20:51:24.707 [main] DEBUG com.weatherapp.service.WeatherService - Ubicaci¾n resuelta: GeoLocation{ciudad='LÝnea de fecha +', latitud=0,0000, longitud=180,0000}
20:51:24.707 [main] INFO com.weatherapp.service.WeatherService - ? Datos climßticos obtenidos exitosamente para: LÝnea de fecha +
20:51:24.710 [main] INFO com.weatherapp.service.WeatherService - Buscando clima para: 'Test City'
20:51:24.710 [main] DEBUG com.weatherapp.service.WeatherService - Ubicaci¾n resuelta: GeoLocation{ciudad='Madrid, Espa±a', latitud=40,4168, longitud=-3,7038}
20:51:24.711 [main] WARN com.weatherapp.service.WeatherService - Validaci¾n fallida para 'Test City': ? Humedad invßlida: 101%. Debe estar entre 0% y 100%
com.weatherapp.exception.WeatherDataException: ? Humedad invßlida: 101%. Debe estar entre 0% y 100%
	at com.weatherapp.client.OpenMeteoClient.getWeatherData(OpenMeteoClient.java:86)
	at com.weatherapp.service.WeatherService.getWeatherByCityName(WeatherService.java:63)
	at com.weatherapp.service.WeatherServiceValidationTest.lambda$testHumidityInvalid_GreaterThan100$4(WeatherServiceValidationTest.java:129)
	at org.junit.jupiter.api.AssertThrows.assertThrows(AssertThrows.java:53)
	at org.junit.jupiter.api.AssertThrows.assertThrows(AssertThrows.java:39)
	at org.junit.jupiter.api.Assertions.assertThrows(Assertions.java:3099)
	at com.weatherapp.service.WeatherServiceValidationTest.testHumidityInvalid_GreaterThan100(WeatherServiceValidationTest.java:127)
	at java.base/jdk.internal.reflect.NativeMethodAccessorImpl.invoke0(Native Method)
	at java.base/jdk.internal.reflect.NativeMethodAccessorImpl.invoke(NativeMethodAccessorImpl.java:77)
	at java.base/jdk.internal.reflect.DelegatingMethodAccessorImpl.invoke(DelegatingMethodAccessorImpl.java:43)
	at java.base/java.lang.reflect.Method.invoke(Method.java:568)
	at org.junit.platform.commons.util.ReflectionUtils.invokeMethod(ReflectionUtils.java:727)
	at org.junit.jupiter.engine.execution.MethodInvocation.proceed(MethodInvocation.java:60)
	at org.junit.jupiter.engine.execution.InvocationInterceptorChain$ValidatingInvocation.proceed(InvocationInterceptorChain.java:131)
	at org.junit.jupiter.engine.extension.TimeoutExtension.intercept(TimeoutExtension.java:156)
	at org.junit.jupiter.engine.extension.TimeoutExtension.interceptTestableMethod(TimeoutExtension.java:147)
	at org.junit.jupiter.engine.extension.TimeoutExtension.interceptTestMethod(TimeoutExtension.java:86)
	at org.junit.jupiter.engine.execution.InterceptingExecutableInvoker$ReflectiveInterceptorCall.lambda$ofVoidMethod$0(InterceptingExecutableInvoker.java:103)
	at org.junit.jupiter.engine.execution.InterceptingExecutableInvoker.lambda$invoke$0(InterceptingExecutableInvoker.java:93)
	at org.junit.jupiter.engine.execution.InvocationInterceptorChain$InterceptedInvocation.proceed(InvocationInterceptorChain.java:106)
	at org.junit.jupiter.engine.execution.InvocationInterceptorChain.proceed(InvocationInterceptorChain.java:64)
	at org.junit.jupiter.engine.execution.InvocationInterceptorChain.chainAndInvoke(InvocationInterceptorChain.java:45)
	at org.junit.jupiter.engine.execution.InvocationInterceptorChain.invoke(InvocationInterceptorChain.java:37)
	at org.junit.jupiter.engine.execution.InterceptingExecutableInvoker.invoke(InterceptingExecutableInvoker.java:92)
	at org.junit.jupiter.engine.execution.InterceptingExecutableInvoker.invoke(InterceptingExecutableInvoker.java:86)
	at org.junit.jupiter.engine.descriptor.TestMethodTestDescriptor.lambda$invokeTestMethod$7(TestMethodTestDescriptor.java:217)
	at org.junit.platform.engine.support.hierarchical.ThrowableCollector.execute(ThrowableCollector.java:73)
	at org.junit.jupiter.engine.descriptor.TestMethodTestDescriptor.invokeTestMethod(TestMethodTestDescriptor.java:213)
	at org.junit.jupiter.engine.descriptor.TestMethodTestDescriptor.execute(TestMethodTestDescriptor.java:138)
	at org.junit.jupiter.engine.descriptor.TestMethodTestDescriptor.execute(TestMethodTestDescriptor.java:68)
	at org.junit.platform.engine.support.hierarchical.NodeTestTask.lambda$executeRecursively$6(NodeTestTask.java:151)
	at org.junit.platform.engine.support.hierarchical.ThrowableCollector.execute(ThrowableCollector.java:73)
	at org.junit.platform.engine.support.hierarchical.NodeTestTask.lambda$executeRecursively$8(NodeTestTask.java:141)
	at org.junit.platform.engine.support.hierarchical.Node.around(Node.java:137)
	at org.junit.platform.engine.support.hierarchical.NodeTestTask.lambda$executeRecursively$9(NodeTestTask.java:139)
	at org.junit.platform.engine.support.hierarchical.ThrowableCollector.execute(ThrowableCollector.java:73)
	at org.junit.platform.engine.support.hierarchical.NodeTestTask.executeRecursively(NodeTestTask.java:138)
	at org.junit.platform.engine.support.hierarchical.NodeTestTask.execute(NodeTestTask.java:95)
	at java.base/java.util.ArrayList.forEach(ArrayList.java:1511)
	at org.junit.platform.engine.support.hierarchical.SameThreadHierarchicalTestExecutorService.invokeAll(SameThreadHierarchicalTestExecutorService.java:41)
	at org.junit.platform.engine.support.hierarchical.NodeTestTask.lambda$executeRecursively$6(NodeTestTask.java:155)
	at org.junit.platform.engine.support.hierarchical.ThrowableCollector.execute(ThrowableCollector.java:73)
	at org.junit.platform.engine.support.hierarchical.NodeTestTask.lambda$executeRecursively$8(NodeTestTask.java:141)
	at org.junit.platform.engine.support.hierarchical.Node.around(Node.java:137)
	at org.junit.platform.engine.support.hierarchical.NodeTestTask.lambda$executeRecursively$9(NodeTestTask.java:139)
	at org.junit.platform.engine.support.hierarchical.ThrowableCollector.execute(ThrowableCollector.java:73)
	at org.junit.platform.engine.support.hierarchical.NodeTestTask.executeRecursively(NodeTestTask.java:138)
	at org.junit.platform.engine.support.hierarchical.NodeTestTask.execute(NodeTestTask.java:95)
	at java.base/java.util.ArrayList.forEach(ArrayList.java:1511)
	at org.junit.platform.engine.support.hierarchical.SameThreadHierarchicalTestExecutorService.invokeAll(SameThreadHierarchicalTestExecutorService.java:41)
	at org.junit.platform.engine.support.hierarchical.NodeTestTask.lambda$executeRecursively$6(NodeTestTask.java:155)
	at org.junit.platform.engine.support.hierarchical.ThrowableCollector.execute(ThrowableCollector.java:73)
	at org.junit.platform.engine.support.hierarchical.NodeTestTask.lambda$executeRecursively$8(NodeTestTask.java:141)
	at org.junit.platform.engine.support.hierarchical.Node.around(Node.java:137)
	at org.junit.platform.engine.support.hierarchical.NodeTestTask.lambda$executeRecursively$9(NodeTestTask.java:139)
	at org.junit.platform.engine.support.hierarchical.ThrowableCollector.execute(ThrowableCollector.java:73)
	at org.junit.platform.engine.support.hierarchical.NodeTestTask.executeRecursively(NodeTestTask.java:138)
	at org.junit.platform.engine.support.hierarchical.NodeTestTask.execute(NodeTestTask.java:95)
	at org.junit.platform.engine.support.hierarchical.SameThreadHierarchicalTestExecutorService.submit(SameThreadHierarchicalTestExecutorService.java:35)
	at org.junit.platform.engine.support.hierarchical.HierarchicalTestExecutor.execute(HierarchicalTestExecutor.java:57)
	at org.junit.platform.engine.support.hierarchical.HierarchicalTestEngine.execute(HierarchicalTestEngine.java:54)
	at org.junit.platform.launcher.core.DefaultLauncher.execute(DefaultLauncher.java:220)
	at org.junit.platform.launcher.core.DefaultLauncher.lambda$execute$6(DefaultLauncher.java:188)
	at org.junit.platform.launcher.core.DefaultLauncher.withInterceptedStreams(DefaultLauncher.java:202)
	at org.junit.platform.launcher.core.DefaultLauncher.execute(DefaultLauncher.java:181)
	at org.junit.platform.launcher.core.DefaultLauncher.execute(DefaultLauncher.java:128)
	at org.apache.maven.surefire.junitplatform.JUnitPlatformProvider.invokeAllTests(JUnitPlatformProvider.java:150)
	at org.apache.maven.surefire.junitplatform.JUnitPlatformProvider.invoke(JUnitPlatformProvider.java:124)
	at org.apache.maven.surefire.booter.ForkedBooter.invokeProviderInSameClassLoader(ForkedBooter.java:384)
	at org.apache.maven.surefire.booter.ForkedBooter.runSuitesInProcess(ForkedBooter.java:345)
	at org.apache.maven.surefire.booter.ForkedBooter.execute(ForkedBooter.java:126)
	at org.apache.maven.surefire.booter.ForkedBooter.main(ForkedBooter.java:418)
20:51:24.717 [main] INFO com.weatherapp.service.WeatherService - Buscando clima para: 'LÝnea de fecha'
20:51:24.717 [main] DEBUG com.weatherapp.service.WeatherService - Ubicaci¾n resuelta: GeoLocation{ciudad='LÝnea de fecha', latitud=0,0000, longitud=-180,0000}
20:51:24.717 [main] INFO com.weatherapp.service.WeatherService - ? Datos climßticos obtenidos exitosamente para: LÝnea de fecha
20:51:24.720 [main] INFO com.weatherapp.service.WeatherService - Buscando clima para: 'Test City'
20:51:24.720 [main] DEBUG com.weatherapp.service.WeatherService - Ubicaci¾n resuelta: GeoLocation{ciudad='Madrid, Espa±a', latitud=40,4168, longitud=-3,7038}
20:51:24.721 [main] WARN com.weatherapp.service.WeatherService - Validaci¾n fallida para 'Test City': ? Humedad invßlida: -1%. Debe estar entre 0% y 100%
com.weatherapp.exception.WeatherDataException: ? Humedad invßlida: -1%. Debe estar entre 0% y 100%
	at com.weatherapp.client.OpenMeteoClient.getWeatherData(OpenMeteoClient.java:86)
	at com.weatherapp.service.WeatherService.getWeatherByCityName(WeatherService.java:63)
	at com.weatherapp.service.WeatherServiceValidationTest.lambda$testHumidityInvalid_Negative$3(WeatherServiceValidationTest.java:111)
	at org.junit.jupiter.api.AssertThrows.assertThrows(AssertThrows.java:53)
	at org.junit.jupiter.api.AssertThrows.assertThrows(AssertThrows.java:39)
	at org.junit.jupiter.api.Assertions.assertThrows(Assertions.java:3099)
	at com.weatherapp.service.WeatherServiceValidationTest.testHumidityInvalid_Negative(WeatherServiceValidationTest.java:109)
	at java.base/jdk.internal.reflect.NativeMethodAccessorImpl.invoke0(Native Method)
	at java.base/jdk.internal.reflect.NativeMethodAccessorImpl.invoke(NativeMethodAccessorImpl.java:77)
	at java.base/jdk.internal.reflect.DelegatingMethodAccessorImpl.invoke(DelegatingMethodAccessorImpl.java:43)
	at java.base/java.lang.reflect.Method.invoke(Method.java:568)
	at org.junit.platform.commons.util.ReflectionUtils.invokeMethod(ReflectionUtils.java:727)
	at org.junit.jupiter.engine.execution.MethodInvocation.proceed(MethodInvocation.java:60)
	at org.junit.jupiter.engine.execution.InvocationInterceptorChain$ValidatingInvocation.proceed(InvocationInterceptorChain.java:131)
	at org.junit.jupiter.engine.extension.TimeoutExtension.intercept(TimeoutExtension.java:156)
	at org.junit.jupiter.engine.extension.TimeoutExtension.interceptTestableMethod(TimeoutExtension.java:147)
	at org.junit.jupiter.engine.extension.TimeoutExtension.interceptTestMethod(TimeoutExtension.java:86)
	at org.junit.jupiter.engine.execution.InterceptingExecutableInvoker$ReflectiveInterceptorCall.lambda$ofVoidMethod$0(InterceptingExecutableInvoker.java:103)
	at org.junit.jupiter.engine.execution.InterceptingExecutableInvoker.lambda$invoke$0(InterceptingExecutableInvoker.java:93)
	at org.junit.jupiter.engine.execution.InvocationInterceptorChain$InterceptedInvocation.proceed(InvocationInterceptorChain.java:106)
	at org.junit.jupiter.engine.execution.InvocationInterceptorChain.proceed(InvocationInterceptorChain.java:64)
	at org.junit.jupiter.engine.execution.InvocationInterceptorChain.chainAndInvoke(InvocationInterceptorChain.java:45)
	at org.junit.jupiter.engine.execution.InvocationInterceptorChain.invoke(InvocationInterceptorChain.java:37)
	at org.junit.jupiter.engine.execution.InterceptingExecutableInvoker.invoke(InterceptingExecutableInvoker.java:92)
	at org.junit.jupiter.engine.execution.InterceptingExecutableInvoker.invoke(InterceptingExecutableInvoker.java:86)
	at org.junit.jupiter.engine.descriptor.TestMethodTestDescriptor.lambda$invokeTestMethod$7(TestMethodTestDescriptor.java:217)
	at org.junit.platform.engine.support.hierarchical.ThrowableCollector.execute(ThrowableCollector.java:73)
	at org.junit.jupiter.engine.descriptor.TestMethodTestDescriptor.invokeTestMethod(TestMethodTestDescriptor.java:213)
	at org.junit.jupiter.engine.descriptor.TestMethodTestDescriptor.execute(TestMethodTestDescriptor.java:138)
	at org.junit.jupiter.engine.descriptor.TestMethodTestDescriptor.execute(TestMethodTestDescriptor.java:68)
	at org.junit.platform.engine.support.hierarchical.NodeTestTask.lambda$executeRecursively$6(NodeTestTask.java:151)
	at org.junit.platform.engine.support.hierarchical.ThrowableCollector.execute(ThrowableCollector.java:73)
	at org.junit.platform.engine.support.hierarchical.NodeTestTask.lambda$executeRecursively$8(NodeTestTask.java:141)
	at org.junit.platform.engine.support.hierarchical.Node.around(Node.java:137)
	at org.junit.platform.engine.support.hierarchical.NodeTestTask.lambda$executeRecursively$9(NodeTestTask.java:139)
	at org.junit.platform.engine.support.hierarchical.ThrowableCollector.execute(ThrowableCollector.java:73)
	at org.junit.platform.engine.support.hierarchical.NodeTestTask.executeRecursively(NodeTestTask.java:138)
	at org.junit.platform.engine.support.hierarchical.NodeTestTask.execute(NodeTestTask.java:95)
	at java.base/java.util.ArrayList.forEach(ArrayList.java:1511)
	at org.junit.platform.engine.support.hierarchical.SameThreadHierarchicalTestExecutorService.invokeAll(SameThreadHierarchicalTestExecutorService.java:41)
	at org.junit.platform.engine.support.hierarchical.NodeTestTask.lambda$executeRecursively$6(NodeTestTask.java:155)
	at org.junit.platform.engine.support.hierarchical.ThrowableCollector.execute(ThrowableCollector.java:73)
	at org.junit.platform.engine.support.hierarchical.NodeTestTask.lambda$executeRecursively$8(NodeTestTask.java:141)
	at org.junit.platform.engine.support.hierarchical.Node.around(Node.java:137)
	at org.junit.platform.engine.support.hierarchical.NodeTestTask.lambda$executeRecursively$9(NodeTestTask.java:139)
	at org.junit.platform.engine.support.hierarchical.ThrowableCollector.execute(ThrowableCollector.java:73)
	at org.junit.platform.engine.support.hierarchical.NodeTestTask.executeRecursively(NodeTestTask.java:138)
	at org.junit.platform.engine.support.hierarchical.NodeTestTask.execute(NodeTestTask.java:95)
	at java.base/java.util.ArrayList.forEach(ArrayList.java:1511)
	at org.junit.platform.engine.support.hierarchical.SameThreadHierarchicalTestExecutorService.invokeAll(SameThreadHierarchicalTestExecutorService.java:41)
	at org.junit.platform.engine.support.hierarchical.NodeTestTask.lambda$executeRecursively$6(NodeTestTask.java:155)
	at org.junit.platform.engine.support.hierarchical.ThrowableCollector.execute(ThrowableCollector.java:73)
	at org.junit.platform.engine.support.hierarchical.NodeTestTask.lambda$executeRecursively$8(NodeTestTask.java:141)
	at org.junit.platform.engine.support.hierarchical.Node.around(Node.java:137)
	at org.junit.platform.engine.support.hierarchical.NodeTestTask.lambda$executeRecursively$9(NodeTestTask.java:139)
	at org.junit.platform.engine.support.hierarchical.ThrowableCollector.execute(ThrowableCollector.java:73)
	at org.junit.platform.engine.support.hierarchical.NodeTestTask.executeRecursively(NodeTestTask.java:138)
	at org.junit.platform.engine.support.hierarchical.NodeTestTask.execute(NodeTestTask.java:95)
	at org.junit.platform.engine.support.hierarchical.SameThreadHierarchicalTestExecutorService.submit(SameThreadHierarchicalTestExecutorService.java:35)
	at org.junit.platform.engine.support.hierarchical.HierarchicalTestExecutor.execute(HierarchicalTestExecutor.java:57)
	at org.junit.platform.engine.support.hierarchical.HierarchicalTestEngine.execute(HierarchicalTestEngine.java:54)
	at org.junit.platform.launcher.core.DefaultLauncher.execute(DefaultLauncher.java:220)
	at org.junit.platform.launcher.core.DefaultLauncher.lambda$execute$6(DefaultLauncher.java:188)
	at org.junit.platform.launcher.core.DefaultLauncher.withInterceptedStreams(DefaultLauncher.java:202)
	at org.junit.platform.launcher.core.DefaultLauncher.execute(DefaultLauncher.java:181)
	at org.junit.platform.launcher.core.DefaultLauncher.execute(DefaultLauncher.java:128)
	at org.apache.maven.surefire.junitplatform.JUnitPlatformProvider.invokeAllTests(JUnitPlatformProvider.java:150)
	at org.apache.maven.surefire.junitplatform.JUnitPlatformProvider.invoke(JUnitPlatformProvider.java:124)
	at org.apache.maven.surefire.booter.ForkedBooter.invokeProviderInSameClassLoader(ForkedBooter.java:384)
	at org.apache.maven.surefire.booter.ForkedBooter.runSuitesInProcess(ForkedBooter.java:345)
	at org.apache.maven.surefire.booter.ForkedBooter.execute(ForkedBooter.java:126)
	at org.apache.maven.surefire.booter.ForkedBooter.main(ForkedBooter.java:418)
20:51:24.726 [main] INFO com.weatherapp.service.WeatherService - Buscando clima para: 'Test City'
20:51:24.726 [main] DEBUG com.weatherapp.service.WeatherService - Ubicaci¾n resuelta: GeoLocation{ciudad='Madrid, Espa±a', latitud=40,4168, longitud=-3,7038}
20:51:24.727 [main] INFO com.weatherapp.service.WeatherService - ? Datos climßticos obtenidos exitosamente para: Madrid, Espa±a
20:51:24.732 [main] INFO com.weatherapp.service.WeatherService - Buscando clima para: 'Test City'
20:51:24.733 [main] DEBUG com.weatherapp.service.WeatherService - Ubicaci¾n resuelta: GeoLocation{ciudad='Madrid, Espa±a', latitud=40,4168, longitud=-3,7038}
20:51:24.733 [main] INFO com.weatherapp.service.WeatherService - ? Datos climßticos obtenidos exitosamente para: Madrid, Espa±a
20:51:24.737 [main] INFO com.weatherapp.service.WeatherService - Buscando clima para: 'Test City'
20:51:24.737 [main] DEBUG com.weatherapp.service.WeatherService - Ubicaci¾n resuelta: GeoLocation{ciudad='Madrid, Espa±a', latitud=40,4168, longitud=-3,7038}
20:51:24.737 [main] INFO com.weatherapp.service.WeatherService - ? Datos climßticos obtenidos exitosamente para: Madrid, Espa±a
20:51:24.739 [main] INFO com.weatherapp.service.WeatherService - Buscando clima para: 'Madrid'
20:51:24.740 [main] ERROR com.weatherapp.service.WeatherService - Error de conectividad para 'Madrid'
java.lang.RuntimeException: Error de conexi¾n despuÚs de 3 intentos
	at com.weatherapp.client.OpenMeteoClient.resolveCity(OpenMeteoClient.java:58)
	at com.weatherapp.service.WeatherService.getWeatherByCityName(WeatherService.java:60)
	at com.weatherapp.service.WeatherServiceValidationTest.lambda$testNetworkError$20(WeatherServiceValidationTest.java:406)
	at org.junit.jupiter.api.AssertThrows.assertThrows(AssertThrows.java:53)
	at org.junit.jupiter.api.AssertThrows.assertThrows(AssertThrows.java:39)
	at org.junit.jupiter.api.Assertions.assertThrows(Assertions.java:3099)
	at com.weatherapp.service.WeatherServiceValidationTest.testNetworkError(WeatherServiceValidationTest.java:404)
	at java.base/jdk.internal.reflect.NativeMethodAccessorImpl.invoke0(Native Method)
	at java.base/jdk.internal.reflect.NativeMethodAccessorImpl.invoke(NativeMethodAccessorImpl.java:77)
	at java.base/jdk.internal.reflect.DelegatingMethodAccessorImpl.invoke(DelegatingMethodAccessorImpl.java:43)
	at java.base/java.lang.reflect.Method.invoke(Method.java:568)
	at org.junit.platform.commons.util.ReflectionUtils.invokeMethod(ReflectionUtils.java:727)
	at org.junit.jupiter.engine.execution.MethodInvocation.proceed(MethodInvocation.java:60)
	at org.junit.jupiter.engine.execution.InvocationInterceptorChain$ValidatingInvocation.proceed(InvocationInterceptorChain.java:131)
	at org.junit.jupiter.engine.extension.TimeoutExtension.intercept(TimeoutExtension.java:156)
	at org.junit.jupiter.engine.extension.TimeoutExtension.interceptTestableMethod(TimeoutExtension.java:147)
	at org.junit.jupiter.engine.extension.TimeoutExtension.interceptTestMethod(TimeoutExtension.java:86)
	at org.junit.jupiter.engine.execution.InterceptingExecutableInvoker$ReflectiveInterceptorCall.lambda$ofVoidMethod$0(InterceptingExecutableInvoker.java:103)
	at org.junit.jupiter.engine.execution.InterceptingExecutableInvoker.lambda$invoke$0(InterceptingExecutableInvoker.java:93)
	at org.junit.jupiter.engine.execution.InvocationInterceptorChain$InterceptedInvocation.proceed(InvocationInterceptorChain.java:106)
	at org.junit.jupiter.engine.execution.InvocationInterceptorChain.proceed(InvocationInterceptorChain.java:64)
	at org.junit.jupiter.engine.execution.InvocationInterceptorChain.chainAndInvoke(InvocationInterceptorChain.java:45)
	at org.junit.jupiter.engine.execution.InvocationInterceptorChain.invoke(InvocationInterceptorChain.java:37)
	at org.junit.jupiter.engine.execution.InterceptingExecutableInvoker.invoke(InterceptingExecutableInvoker.java:92)
	at org.junit.jupiter.engine.execution.InterceptingExecutableInvoker.invoke(InterceptingExecutableInvoker.java:86)
	at org.junit.jupiter.engine.descriptor.TestMethodTestDescriptor.lambda$invokeTestMethod$7(TestMethodTestDescriptor.java:217)
	at org.junit.platform.engine.support.hierarchical.ThrowableCollector.execute(ThrowableCollector.java:73)
	at org.junit.jupiter.engine.descriptor.TestMethodTestDescriptor.invokeTestMethod(TestMethodTestDescriptor.java:213)
	at org.junit.jupiter.engine.descriptor.TestMethodTestDescriptor.execute(TestMethodTestDescriptor.java:138)
	at org.junit.jupiter.engine.descriptor.TestMethodTestDescriptor.execute(TestMethodTestDescriptor.java:68)
	at org.junit.platform.engine.support.hierarchical.NodeTestTask.lambda$executeRecursively$6(NodeTestTask.java:151)
	at org.junit.platform.engine.support.hierarchical.ThrowableCollector.execute(ThrowableCollector.java:73)
	at org.junit.platform.engine.support.hierarchical.NodeTestTask.lambda$executeRecursively$8(NodeTestTask.java:141)
	at org.junit.platform.engine.support.hierarchical.Node.around(Node.java:137)
	at org.junit.platform.engine.support.hierarchical.NodeTestTask.lambda$executeRecursively$9(NodeTestTask.java:139)
	at org.junit.platform.engine.support.hierarchical.ThrowableCollector.execute(ThrowableCollector.java:73)
	at org.junit.platform.engine.support.hierarchical.NodeTestTask.executeRecursively(NodeTestTask.java:138)
	at org.junit.platform.engine.support.hierarchical.NodeTestTask.execute(NodeTestTask.java:95)
	at java.base/java.util.ArrayList.forEach(ArrayList.java:1511)
	at org.junit.platform.engine.support.hierarchical.SameThreadHierarchicalTestExecutorService.invokeAll(SameThreadHierarchicalTestExecutorService.java:41)
	at org.junit.platform.engine.support.hierarchical.NodeTestTask.lambda$executeRecursively$6(NodeTestTask.java:155)
	at org.junit.platform.engine.support.hierarchical.ThrowableCollector.execute(ThrowableCollector.java:73)
	at org.junit.platform.engine.support.hierarchical.NodeTestTask.lambda$executeRecursively$8(NodeTestTask.java:141)
	at org.junit.platform.engine.support.hierarchical.Node.around(Node.java:137)
	at org.junit.platform.engine.support.hierarchical.NodeTestTask.lambda$executeRecursively$9(NodeTestTask.java:139)
	at org.junit.platform.engine.support.hierarchical.ThrowableCollector.execute(ThrowableCollector.java:73)
	at org.junit.platform.engine.support.hierarchical.NodeTestTask.executeRecursively(NodeTestTask.java:138)
	at org.junit.platform.engine.support.hierarchical.NodeTestTask.execute(NodeTestTask.java:95)
	at java.base/java.util.ArrayList.forEach(ArrayList.java:1511)
	at org.junit.platform.engine.support.hierarchical.SameThreadHierarchicalTestExecutorService.invokeAll(SameThreadHierarchicalTestExecutorService.java:41)
	at org.junit.platform.engine.support.hierarchical.NodeTestTask.lambda$executeRecursively$6(NodeTestTask.java:155)
	at org.junit.platform.engine.support.hierarchical.ThrowableCollector.execute(ThrowableCollector.java:73)
	at org.junit.platform.engine.support.hierarchical.NodeTestTask.lambda$executeRecursively$8(NodeTestTask.java:141)
	at org.junit.platform.engine.support.hierarchical.Node.around(Node.java:137)
	at org.junit.platform.engine.support.hierarchical.NodeTestTask.lambda$executeRecursively$9(NodeTestTask.java:139)
	at org.junit.platform.engine.support.hierarchical.ThrowableCollector.execute(ThrowableCollector.java:73)
	at org.junit.platform.engine.support.hierarchical.NodeTestTask.executeRecursively(NodeTestTask.java:138)
	at org.junit.platform.engine.support.hierarchical.NodeTestTask.execute(NodeTestTask.java:95)
	at org.junit.platform.engine.support.hierarchical.SameThreadHierarchicalTestExecutorService.submit(SameThreadHierarchicalTestExecutorService.java:35)
	at org.junit.platform.engine.support.hierarchical.HierarchicalTestExecutor.execute(HierarchicalTestExecutor.java:57)
	at org.junit.platform.engine.support.hierarchical.HierarchicalTestEngine.execute(HierarchicalTestEngine.java:54)
	at org.junit.platform.launcher.core.DefaultLauncher.execute(DefaultLauncher.java:220)
	at org.junit.platform.launcher.core.DefaultLauncher.lambda$execute$6(DefaultLauncher.java:188)
	at org.junit.platform.launcher.core.DefaultLauncher.withInterceptedStreams(DefaultLauncher.java:202)
	at org.junit.platform.launcher.core.DefaultLauncher.execute(DefaultLauncher.java:181)
	at org.junit.platform.launcher.core.DefaultLauncher.execute(DefaultLauncher.java:128)
	at org.apache.maven.surefire.junitplatform.JUnitPlatformProvider.invokeAllTests(JUnitPlatformProvider.java:150)
	at org.apache.maven.surefire.junitplatform.JUnitPlatformProvider.invoke(JUnitPlatformProvider.java:124)
	at org.apache.maven.surefire.booter.ForkedBooter.invokeProviderInSameClassLoader(ForkedBooter.java:384)
	at org.apache.maven.surefire.booter.ForkedBooter.runSuitesInProcess(ForkedBooter.java:345)
	at org.apache.maven.surefire.booter.ForkedBooter.execute(ForkedBooter.java:126)
	at org.apache.maven.surefire.booter.ForkedBooter.main(ForkedBooter.java:418)
20:51:24.744 [main] INFO com.weatherapp.service.WeatherService - Buscando clima para: 'Test City'
20:51:24.744 [main] DEBUG com.weatherapp.service.WeatherService - Ubicaci¾n resuelta: GeoLocation{ciudad='Madrid, Espa±a', latitud=40,4168, longitud=-3,7038}
20:51:24.745 [main] INFO com.weatherapp.service.WeatherService - ? Datos climßticos obtenidos exitosamente para: Madrid, Espa±a
20:51:24.747 [main] INFO com.weatherapp.service.WeatherService - Buscando clima para: 'Test City'
20:51:24.748 [main] DEBUG com.weatherapp.service.WeatherService - Ubicaci¾n resuelta: GeoLocation{ciudad='Madrid, Espa±a', latitud=40,4168, longitud=-3,7038}
20:51:24.748 [main] WARN com.weatherapp.service.WeatherService - Validaci¾n fallida para 'Test City': ? Temperatura irreal: 142.0░F (61.1░C). Debe estar entre -60.0░C y 60.0░C
com.weatherapp.exception.WeatherDataException: ? Temperatura irreal: 142.0░F (61.1░C). Debe estar entre -60.0░C y 60.0░C
	at com.weatherapp.client.OpenMeteoClient.getWeatherData(OpenMeteoClient.java:86)
	at com.weatherapp.service.WeatherService.getWeatherByCityName(WeatherService.java:63)
	at com.weatherapp.service.WeatherServiceValidationTest.lambda$testTemperatureInvalid_FahrenheitTooHot$23(WeatherServiceValidationTest.java:460)
	at org.junit.jupiter.api.AssertThrows.assertThrows(AssertThrows.java:53)
	at org.junit.jupiter.api.AssertThrows.assertThrows(AssertThrows.java:39)
	at org.junit.jupiter.api.Assertions.assertThrows(Assertions.java:3099)
	at com.weatherapp.service.WeatherServiceValidationTest.testTemperatureInvalid_FahrenheitTooHot(WeatherServiceValidationTest.java:458)
	at java.base/jdk.internal.reflect.NativeMethodAccessorImpl.invoke0(Native Method)
	at java.base/jdk.internal.reflect.NativeMethodAccessorImpl.invoke(NativeMethodAccessorImpl.java:77)
	at java.base/jdk.internal.reflect.DelegatingMethodAccessorImpl.invoke(DelegatingMethodAccessorImpl.java:43)
	at java.base/java.lang.reflect.Method.invoke(Method.java:568)
	at org.junit.platform.commons.util.ReflectionUtils.invokeMethod(ReflectionUtils.java:727)
	at org.junit.jupiter.engine.execution.MethodInvocation.proceed(MethodInvocation.java:60)
	at org.junit.jupiter.engine.execution.InvocationInterceptorChain$ValidatingInvocation.proceed(InvocationInterceptorChain.java:131)
	at org.junit.jupiter.engine.extension.TimeoutExtension.intercept(TimeoutExtension.java:156)
	at org.junit.jupiter.engine.extension.TimeoutExtension.interceptTestableMethod(TimeoutExtension.java:147)
	at org.junit.jupiter.engine.extension.TimeoutExtension.interceptTestMethod(TimeoutExtension.java:86)
	at org.junit.jupiter.engine.execution.InterceptingExecutableInvoker$ReflectiveInterceptorCall.lambda$ofVoidMethod$0(InterceptingExecutableInvoker.java:103)
	at org.junit.jupiter.engine.execution.InterceptingExecutableInvoker.lambda$invoke$0(InterceptingExecutableInvoker.java:93)
	at org.junit.jupiter.engine.execution.InvocationInterceptorChain$InterceptedInvocation.proceed(InvocationInterceptorChain.java:106)
	at org.junit.jupiter.engine.execution.InvocationInterceptorChain.proceed(InvocationInterceptorChain.java:64)
	at org.junit.jupiter.engine.execution.InvocationInterceptorChain.chainAndInvoke(InvocationInterceptorChain.java:45)
	at org.junit.jupiter.engine.execution.InvocationInterceptorChain.invoke(InvocationInterceptorChain.java:37)
	at org.junit.jupiter.engine.execution.InterceptingExecutableInvoker.invoke(InterceptingExecutableInvoker.java:92)
	at org.junit.jupiter.engine.execution.InterceptingExecutableInvoker.invoke(InterceptingExecutableInvoker.java:86)
	at org.junit.jupiter.engine.descriptor.TestMethodTestDescriptor.lambda$invokeTestMethod$7(TestMethodTestDescriptor.java:217)
	at org.junit.platform.engine.support.hierarchical.ThrowableCollector.execute(ThrowableCollector.java:73)
	at org.junit.jupiter.engine.descriptor.TestMethodTestDescriptor.invokeTestMethod(TestMethodTestDescriptor.java:213)
	at org.junit.jupiter.engine.descriptor.TestMethodTestDescriptor.execute(TestMethodTestDescriptor.java:138)
	at org.junit.jupiter.engine.descriptor.TestMethodTestDescriptor.execute(TestMethodTestDescriptor.java:68)
	at org.junit.platform.engine.support.hierarchical.NodeTestTask.lambda$executeRecursively$6(NodeTestTask.java:151)
	at org.junit.platform.engine.support.hierarchical.ThrowableCollector.execute(ThrowableCollector.java:73)
	at org.junit.platform.engine.support.hierarchical.NodeTestTask.lambda$executeRecursively$8(NodeTestTask.java:141)
	at org.junit.platform.engine.support.hierarchical.Node.around(Node.java:137)
	at org.junit.platform.engine.support.hierarchical.NodeTestTask.lambda$executeRecursively$9(NodeTestTask.java:139)
	at org.junit.platform.engine.support.hierarchical.ThrowableCollector.execute(ThrowableCollector.java:73)
	at org.junit.platform.engine.support.hierarchical.NodeTestTask.executeRecursively(NodeTestTask.java:138)
	at org.junit.platform.engine.support.hierarchical.NodeTestTask.execute(NodeTestTask.java:95)
	at java.base/java.util.ArrayList.forEach(ArrayList.java:1511)
	at org.junit.platform.engine.support.hierarchical.SameThreadHierarchicalTestExecutorService.invokeAll(SameThreadHierarchicalTestExecutorService.java:41)
	at org.junit.platform.engine.support.hierarchical.NodeTestTask.lambda$executeRecursively$6(NodeTestTask.java:155)
	at org.junit.platform.engine.support.hierarchical.ThrowableCollector.execute(ThrowableCollector.java:73)
	at org.junit.platform.engine.support.hierarchical.NodeTestTask.lambda$executeRecursively$8(NodeTestTask.java:141)
	at org.junit.platform.engine.support.hierarchical.Node.around(Node.java:137)
	at org.junit.platform.engine.support.hierarchical.NodeTestTask.lambda$executeRecursively$9(NodeTestTask.java:139)
	at org.junit.platform.engine.support.hierarchical.ThrowableCollector.execute(ThrowableCollector.java:73)
	at org.junit.platform.engine.support.hierarchical.NodeTestTask.executeRecursively(NodeTestTask.java:138)
	at org.junit.platform.engine.support.hierarchical.NodeTestTask.execute(NodeTestTask.java:95)
	at java.base/java.util.ArrayList.forEach(ArrayList.java:1511)
	at org.junit.platform.engine.support.hierarchical.SameThreadHierarchicalTestExecutorService.invokeAll(SameThreadHierarchicalTestExecutorService.java:41)
	at org.junit.platform.engine.support.hierarchical.NodeTestTask.lambda$executeRecursively$6(NodeTestTask.java:155)
	at org.junit.platform.engine.support.hierarchical.ThrowableCollector.execute(ThrowableCollector.java:73)
	at org.junit.platform.engine.support.hierarchical.NodeTestTask.lambda$executeRecursively$8(NodeTestTask.java:141)
	at org.junit.platform.engine.support.hierarchical.Node.around(Node.java:137)
	at org.junit.platform.engine.support.hierarchical.NodeTestTask.lambda$executeRecursively$9(NodeTestTask.java:139)
	at org.junit.platform.engine.support.hierarchical.ThrowableCollector.execute(ThrowableCollector.java:73)
	at org.junit.platform.engine.support.hierarchical.NodeTestTask.executeRecursively(NodeTestTask.java:138)
	at org.junit.platform.engine.support.hierarchical.NodeTestTask.execute(NodeTestTask.java:95)
	at org.junit.platform.engine.support.hierarchical.SameThreadHierarchicalTestExecutorService.submit(SameThreadHierarchicalTestExecutorService.java:35)
	at org.junit.platform.engine.support.hierarchical.HierarchicalTestExecutor.execute(HierarchicalTestExecutor.java:57)
	at org.junit.platform.engine.support.hierarchical.HierarchicalTestEngine.execute(HierarchicalTestEngine.java:54)
	at org.junit.platform.launcher.core.DefaultLauncher.execute(DefaultLauncher.java:220)
	at org.junit.platform.launcher.core.DefaultLauncher.lambda$execute$6(DefaultLauncher.java:188)
	at org.junit.platform.launcher.core.DefaultLauncher.withInterceptedStreams(DefaultLauncher.java:202)
	at org.junit.platform.launcher.core.DefaultLauncher.execute(DefaultLauncher.java:181)
	at org.junit.platform.launcher.core.DefaultLauncher.execute(DefaultLauncher.java:128)
	at org.apache.maven.surefire.junitplatform.JUnitPlatformProvider.invokeAllTests(JUnitPlatformProvider.java:150)
	at org.apache.maven.surefire.junitplatform.JUnitPlatformProvider.invoke(JUnitPlatformProvider.java:124)
	at org.apache.maven.surefire.booter.ForkedBooter.invokeProviderInSameClassLoader(ForkedBooter.java:384)
	at org.apache.maven.surefire.booter.ForkedBooter.runSuitesInProcess(ForkedBooter.java:345)
	at org.apache.maven.surefire.booter.ForkedBooter.execute(ForkedBooter.java:126)
	at org.apache.maven.surefire.booter.ForkedBooter.main(ForkedBooter.java:418)
20:51:24.750 [main] INFO com.weatherapp.service.WeatherService - Buscando clima para: 'XyzyZ999'
20:51:24.751 [main] WARN com.weatherapp.service.WeatherService - Ciudad no encontrada: 'XyzyZ999'
com.weatherapp.exception.CityNotFoundException: ? Ciudad no encontrada: 'XyzyZ999'
	at com.weatherapp.client.OpenMeteoClient.resolveCity(OpenMeteoClient.java:58)
	at com.weatherapp.service.WeatherService.getWeatherByCityName(WeatherService.java:60)
	at com.weatherapp.service.WeatherServiceValidationTest.lambda$testCityNotFound$18(WeatherServiceValidationTest.java:378)
	at org.junit.jupiter.api.AssertThrows.assertThrows(AssertThrows.java:53)
	at org.junit.jupiter.api.AssertThrows.assertThrows(AssertThrows.java:39)
	at org.junit.jupiter.api.Assertions.assertThrows(Assertions.java:3099)
	at com.weatherapp.service.WeatherServiceValidationTest.testCityNotFound(WeatherServiceValidationTest.java:376)
	at java.base/jdk.internal.reflect.NativeMethodAccessorImpl.invoke0(Native Method)
	at java.base/jdk.internal.reflect.NativeMethodAccessorImpl.invoke(NativeMethodAccessorImpl.java:77)
	at java.base/jdk.internal.reflect.DelegatingMethodAccessorImpl.invoke(DelegatingMethodAccessorImpl.java:43)
	at java.base/java.lang.reflect.Method.invoke(Method.java:568)
	at org.junit.platform.commons.util.ReflectionUtils.invokeMethod(ReflectionUtils.java:727)
	at org.junit.jupiter.engine.execution.MethodInvocation.proceed(MethodInvocation.java:60)
	at org.junit.jupiter.engine.execution.InvocationInterceptorChain$ValidatingInvocation.proceed(InvocationInterceptorChain.java:131)
	at org.junit.jupiter.engine.extension.TimeoutExtension.intercept(TimeoutExtension.java:156)
	at org.junit.jupiter.engine.extension.TimeoutExtension.interceptTestableMethod(TimeoutExtension.java:147)
	at org.junit.jupiter.engine.extension.TimeoutExtension.interceptTestMethod(TimeoutExtension.java:86)
	at org.junit.jupiter.engine.execution.InterceptingExecutableInvoker$ReflectiveInterceptorCall.lambda$ofVoidMethod$0(InterceptingExecutableInvoker.java:103)
	at org.junit.jupiter.engine.execution.InterceptingExecutableInvoker.lambda$invoke$0(InterceptingExecutableInvoker.java:93)
	at org.junit.jupiter.engine.execution.InvocationInterceptorChain$InterceptedInvocation.proceed(InvocationInterceptorChain.java:106)
	at org.junit.jupiter.engine.execution.InvocationInterceptorChain.proceed(InvocationInterceptorChain.java:64)
	at org.junit.jupiter.engine.execution.InvocationInterceptorChain.chainAndInvoke(InvocationInterceptorChain.java:45)
	at org.junit.jupiter.engine.execution.InvocationInterceptorChain.invoke(InvocationInterceptorChain.java:37)
	at org.junit.jupiter.engine.execution.InterceptingExecutableInvoker.invoke(InterceptingExecutableInvoker.java:92)
	at org.junit.jupiter.engine.execution.InterceptingExecutableInvoker.invoke(InterceptingExecutableInvoker.java:86)
	at org.junit.jupiter.engine.descriptor.TestMethodTestDescriptor.lambda$invokeTestMethod$7(TestMethodTestDescriptor.java:217)
	at org.junit.platform.engine.support.hierarchical.ThrowableCollector.execute(ThrowableCollector.java:73)
	at org.junit.jupiter.engine.descriptor.TestMethodTestDescriptor.invokeTestMethod(TestMethodTestDescriptor.java:213)
	at org.junit.jupiter.engine.descriptor.TestMethodTestDescriptor.execute(TestMethodTestDescriptor.java:138)
	at org.junit.jupiter.engine.descriptor.TestMethodTestDescriptor.execute(TestMethodTestDescriptor.java:68)
	at org.junit.platform.engine.support.hierarchical.NodeTestTask.lambda$executeRecursively$6(NodeTestTask.java:151)
	at org.junit.platform.engine.support.hierarchical.ThrowableCollector.execute(ThrowableCollector.java:73)
	at org.junit.platform.engine.support.hierarchical.NodeTestTask.lambda$executeRecursively$8(NodeTestTask.java:141)
	at org.junit.platform.engine.support.hierarchical.Node.around(Node.java:137)
	at org.junit.platform.engine.support.hierarchical.NodeTestTask.lambda$executeRecursively$9(NodeTestTask.java:139)
	at org.junit.platform.engine.support.hierarchical.ThrowableCollector.execute(ThrowableCollector.java:73)
	at org.junit.platform.engine.support.hierarchical.NodeTestTask.executeRecursively(NodeTestTask.java:138)
	at org.junit.platform.engine.support.hierarchical.NodeTestTask.execute(NodeTestTask.java:95)
	at java.base/java.util.ArrayList.forEach(ArrayList.java:1511)
	at org.junit.platform.engine.support.hierarchical.SameThreadHierarchicalTestExecutorService.invokeAll(SameThreadHierarchicalTestExecutorService.java:41)
	at org.junit.platform.engine.support.hierarchical.NodeTestTask.lambda$executeRecursively$6(NodeTestTask.java:155)
	at org.junit.platform.engine.support.hierarchical.ThrowableCollector.execute(ThrowableCollector.java:73)
	at org.junit.platform.engine.support.hierarchical.NodeTestTask.lambda$executeRecursively$8(NodeTestTask.java:141)
	at org.junit.platform.engine.support.hierarchical.Node.around(Node.java:137)
	at org.junit.platform.engine.support.hierarchical.NodeTestTask.lambda$executeRecursively$9(NodeTestTask.java:139)
	at org.junit.platform.engine.support.hierarchical.ThrowableCollector.execute(ThrowableCollector.java:73)
	at org.junit.platform.engine.support.hierarchical.NodeTestTask.executeRecursively(NodeTestTask.java:138)
	at org.junit.platform.engine.support.hierarchical.NodeTestTask.execute(NodeTestTask.java:95)
	at java.base/java.util.ArrayList.forEach(ArrayList.java:1511)
	at org.junit.platform.engine.support.hierarchical.SameThreadHierarchicalTestExecutorService.invokeAll(SameThreadHierarchicalTestExecutorService.java:41)
	at org.junit.platform.engine.support.hierarchical.NodeTestTask.lambda$executeRecursively$6(NodeTestTask.java:155)
	at org.junit.platform.engine.support.hierarchical.ThrowableCollector.execute(ThrowableCollector.java:73)
	at org.junit.platform.engine.support.hierarchical.NodeTestTask.lambda$executeRecursively$8(NodeTestTask.java:141)
	at org.junit.platform.engine.support.hierarchical.Node.around(Node.java:137)
	at org.junit.platform.engine.support.hierarchical.NodeTestTask.lambda$executeRecursively$9(NodeTestTask.java:139)
	at org.junit.platform.engine.support.hierarchical.ThrowableCollector.execute(ThrowableCollector.java:73)
	at org.junit.platform.engine.support.hierarchical.NodeTestTask.executeRecursively(NodeTestTask.java:138)
	at org.junit.platform.engine.support.hierarchical.NodeTestTask.execute(NodeTestTask.java:95)
	at org.junit.platform.engine.support.hierarchical.SameThreadHierarchicalTestExecutorService.submit(SameThreadHierarchicalTestExecutorService.java:35)
	at org.junit.platform.engine.support.hierarchical.HierarchicalTestExecutor.execute(HierarchicalTestExecutor.java:57)
	at org.junit.platform.engine.support.hierarchical.HierarchicalTestEngine.execute(HierarchicalTestEngine.java:54)
	at org.junit.platform.launcher.core.DefaultLauncher.execute(DefaultLauncher.java:220)
	at org.junit.platform.launcher.core.DefaultLauncher.lambda$execute$6(DefaultLauncher.java:188)
	at org.junit.platform.launcher.core.DefaultLauncher.withInterceptedStreams(DefaultLauncher.java:202)
	at org.junit.platform.launcher.core.DefaultLauncher.execute(DefaultLauncher.java:181)
	at org.junit.platform.launcher.core.DefaultLauncher.execute(DefaultLauncher.java:128)
	at org.apache.maven.surefire.junitplatform.JUnitPlatformProvider.invokeAllTests(JUnitPlatformProvider.java:150)
	at org.apache.maven.surefire.junitplatform.JUnitPlatformProvider.invoke(JUnitPlatformProvider.java:124)
	at org.apache.maven.surefire.booter.ForkedBooter.invokeProviderInSameClassLoader(ForkedBooter.java:384)
	at org.apache.maven.surefire.booter.ForkedBooter.runSuitesInProcess(ForkedBooter.java:345)
	at org.apache.maven.surefire.booter.ForkedBooter.execute(ForkedBooter.java:126)
	at org.apache.maven.surefire.booter.ForkedBooter.main(ForkedBooter.java:418)
[INFO] Tests run: 24, Failures: 0, Errors: 0, Skipped: 0, Time elapsed: 0.123 s - in com.weatherapp.service.WeatherServiceValidationTest
[INFO] 
[INFO] Results:
[INFO] 
[INFO] Tests run: 199, Failures: 0, Errors: 0, Skipped: 0
[INFO] 
[INFO] ------------------------------------------------------------------------
[INFO] BUILD SUCCESS
[INFO] ------------------------------------------------------------------------
[INFO] Total time:  01:57 min
[INFO] Finished at: 2026-03-24T20:51:25-05:00
[INFO] ------------------------------------------------------------------------
