timeout : ERROR: Sintaxis no válida. La opción predeterminada no está 
permitida más
En línea: 1 Carácter: 1
+ timeout 300 mvn test > test-output.txt 2>&1; Get-Content test-output. ...
+ ~~~~~~~~~~~~~~~~~~~~~~~~~~~~~~~~~~~~~~~~~~~
    + CategoryInfo          : NotSpecified: (ERROR: Sintaxis...á permitida más 
   :String) [], RemoteException
    + FullyQualifiedErrorId : NativeCommandError
 
de "1" veces.
Escriba "TIMEOUT /?" para su uso.
