[INFO] Scanning for projects...
[INFO] 
[INFO] ---------------------< com.weatherapp:weather-app >---------------------
[INFO] Building Weather App 1.0.0
[INFO]   from pom.xml
[INFO] --------------------------------[ jar ]---------------------------------
[INFO] 
[INFO] --- resources:3.3.1:resources (default-resources) @ weather-app ---
[INFO] skip non existing resourceDirectory C:\Users\betan\weather-app\src\main\resources
[INFO] 
[INFO] --- compiler:3.10.1:compile (default-compile) @ weather-app ---
[INFO] Nothing to compile - all classes are up to date
[INFO] 
[INFO] --- resources:3.3.1:testResources (default-testResources) @ weather-app ---
[INFO] skip non existing resourceDirectory C:\Users\betan\weather-app\src\test\resources
[INFO] 
[INFO] --- compiler:3.10.1:testCompile (default-testCompile) @ weather-app ---
[INFO] Nothing to compile - all classes are up to date
[INFO] 
[INFO] --- surefire:2.22.2:test (default-test) @ weather-app ---
[INFO] 
[INFO] -------------------------------------------------------
[INFO]  T E S T S
[INFO] -------------------------------------------------------
[INFO] Running com.weatherapp.cache.WeatherCacheTest
23:37:17.274 [main] INFO com.weatherapp.cache.WeatherCache - WeatherCache inicializado con TTL: 2000ms (0 minutos)
23:37:17.282 [main] INFO com.weatherapp.cache.WeatherCache - WeatherCache inicializado con TTL: 500ms (0 minutos)
23:37:17.282 [main] DEBUG com.weatherapp.cache.WeatherCache - ? Datos almacenados en cachÚ para 'madrid'
23:37:17.282 [main] DEBUG com.weatherapp.cache.WeatherCache - ? CachÚ HIT para 'madrid' (edad: 0ms)
23:37:17.888 [main] DEBUG com.weatherapp.cache.WeatherCache - ? CachÚ EXPIRADO para 'madrid' (edad: 606ms, TTL: 500ms)
23:37:17.894 [main] INFO com.weatherapp.cache.WeatherCache - WeatherCache inicializado con TTL: 2000ms (0 minutos)
23:37:17.894 [main] DEBUG com.weatherapp.cache.WeatherCache - ? Datos almacenados en cachÚ para 'madrid'
23:37:17.894 [main] DEBUG com.weatherapp.cache.WeatherCache - ? Datos almacenados en cachÚ para 'barcelona'
23:37:17.895 [main] INFO com.weatherapp.cache.WeatherCache - WeatherCache inicializado con TTL: 2000ms (0 minutos)
23:37:17.896 [main] INFO com.weatherapp.cache.WeatherCache - WeatherCache inicializado con TTL: 2000ms (0 minutos)
23:37:17.896 [main] DEBUG com.weatherapp.cache.WeatherCache - ? Datos almacenados en cachÚ para 'madrid'
23:37:17.896 [main] DEBUG com.weatherapp.cache.WeatherCache - ? Datos almacenados en cachÚ para 'barcelona'
23:37:17.896 [main] DEBUG com.weatherapp.cache.WeatherCache - ? Datos almacenados en cachÚ para 'valencia'
23:37:17.896 [main] DEBUG com.weatherapp.cache.WeatherCache - ? CachÚ HIT para 'madrid' (edad: 0ms)
23:37:17.897 [main] DEBUG com.weatherapp.cache.WeatherCache - ? CachÚ HIT para 'barcelona' (edad: 1ms)
23:37:17.897 [main] DEBUG com.weatherapp.cache.WeatherCache - ? CachÚ HIT para 'valencia' (edad: 1ms)
23:37:17.897 [main] INFO com.weatherapp.cache.WeatherCache - WeatherCache inicializado con TTL: 2000ms (0 minutos)
23:37:17.897 [main] DEBUG com.weatherapp.cache.WeatherCache - ? CachÚ MISS para 'ciudadinexistente'
23:37:17.898 [main] INFO com.weatherapp.cache.WeatherCache - WeatherCache inicializado con TTL: 2000ms (0 minutos)
23:37:17.898 [main] DEBUG com.weatherapp.cache.WeatherCache - ? Datos almacenados en cachÚ para 'madrid'
23:37:17.898 [main] DEBUG com.weatherapp.cache.WeatherCache - ? CachÚ HIT para 'madrid' (edad: 0ms)
23:37:20.002 [main] DEBUG com.weatherapp.cache.WeatherCache - ? CachÚ EXPIRADO para 'madrid' (edad: 2104ms, TTL: 2000ms)
23:37:20.003 [main] INFO com.weatherapp.cache.WeatherCache - WeatherCache inicializado con TTL: 2000ms (0 minutos)
23:37:20.003 [main] DEBUG com.weatherapp.cache.WeatherCache - ? Datos almacenados en cachÚ para 'madrid'
23:37:20.003 [main] DEBUG com.weatherapp.cache.WeatherCache - ? CachÚ HIT para 'madrid' (edad: 0ms)
23:37:20.004 [main] INFO com.weatherapp.cache.WeatherCache - WeatherCache inicializado con TTL: 2000ms (0 minutos)
23:37:20.004 [main] DEBUG com.weatherapp.cache.WeatherCache - ? Datos almacenados en cachÚ para 'madrid'
23:37:20.514 [main] DEBUG com.weatherapp.cache.WeatherCache - ? CachÚ HIT para 'madrid' (edad: 510ms)
23:37:20.514 [main] INFO com.weatherapp.cache.WeatherCache - WeatherCache inicializado con TTL: 2000ms (0 minutos)
23:37:20.515 [main] DEBUG com.weatherapp.cache.WeatherCache - ? Datos almacenados en cachÚ para 'madrid'
23:37:20.516 [Thread-0] DEBUG com.weatherapp.cache.WeatherCache - ? CachÚ HIT para 'madrid' (edad: 1ms)
23:37:20.517 [Thread-1] DEBUG com.weatherapp.cache.WeatherCache - ? CachÚ HIT para 'madrid' (edad: 1ms)
23:37:20.517 [Thread-2] DEBUG com.weatherapp.cache.WeatherCache - ? CachÚ HIT para 'madrid' (edad: 2ms)
23:37:20.517 [Thread-3] DEBUG com.weatherapp.cache.WeatherCache - ? CachÚ HIT para 'madrid' (edad: 2ms)
23:37:20.517 [Thread-4] DEBUG com.weatherapp.cache.WeatherCache - ? CachÚ HIT para 'madrid' (edad: 2ms)
23:37:20.518 [Thread-5] DEBUG com.weatherapp.cache.WeatherCache - ? CachÚ HIT para 'madrid' (edad: 3ms)
23:37:20.518 [Thread-6] DEBUG com.weatherapp.cache.WeatherCache - ? CachÚ HIT para 'madrid' (edad: 3ms)
23:37:20.518 [Thread-7] DEBUG com.weatherapp.cache.WeatherCache - ? CachÚ HIT para 'madrid' (edad: 3ms)
23:37:20.519 [Thread-8] DEBUG com.weatherapp.cache.WeatherCache - ? CachÚ HIT para 'madrid' (edad: 4ms)
23:37:20.519 [Thread-9] DEBUG com.weatherapp.cache.WeatherCache - ? CachÚ HIT para 'madrid' (edad: 4ms)
23:37:20.520 [main] INFO com.weatherapp.cache.WeatherCache - WeatherCache inicializado con TTL: 2000ms (0 minutos)
23:37:20.520 [main] WARN com.weatherapp.cache.WeatherCache - Intento de poner en cachÚ con datos invßlidos: city=Madrid, data=null
23:37:20.520 [main] DEBUG com.weatherapp.cache.WeatherCache - ? CachÚ MISS para 'madrid'
23:37:20.521 [main] INFO com.weatherapp.cache.WeatherCache - WeatherCache inicializado con TTL: 2000ms (0 minutos)
23:37:20.521 [main] DEBUG com.weatherapp.cache.WeatherCache - ? Datos almacenados en cachÚ para 'madrid'
23:37:20.521 [main] DEBUG com.weatherapp.cache.WeatherCache - ? Datos almacenados en cachÚ para 'barcelona'
23:37:22.624 [main] INFO com.weatherapp.cache.WeatherCache - ? CachÚ limpiado: 2 entradas eliminadas (2 ? 0)
23:37:22.625 [main] INFO com.weatherapp.cache.WeatherCache - WeatherCache inicializado con TTL: 2000ms (0 minutos)
23:37:22.627 [Thread-10] DEBUG com.weatherapp.cache.WeatherCache - ? Datos almacenados en cachÚ para 'city0'
23:37:22.628 [Thread-11] DEBUG com.weatherapp.cache.WeatherCache - ? Datos almacenados en cachÚ para 'city1'
23:37:22.628 [Thread-13] DEBUG com.weatherapp.cache.WeatherCache - ? Datos almacenados en cachÚ para 'city3'
23:37:22.628 [Thread-12] DEBUG com.weatherapp.cache.WeatherCache - ? Datos almacenados en cachÚ para 'city2'
23:37:22.628 [Thread-14] DEBUG com.weatherapp.cache.WeatherCache - ? Datos almacenados en cachÚ para 'city4'
23:37:22.628 [Thread-15] DEBUG com.weatherapp.cache.WeatherCache - ? Datos almacenados en cachÚ para 'city5'
23:37:22.628 [Thread-16] DEBUG com.weatherapp.cache.WeatherCache - ? Datos almacenados en cachÚ para 'city6'
23:37:22.629 [Thread-17] DEBUG com.weatherapp.cache.WeatherCache - ? Datos almacenados en cachÚ para 'city7'
23:37:22.629 [Thread-18] DEBUG com.weatherapp.cache.WeatherCache - ? Datos almacenados en cachÚ para 'city8'
23:37:22.629 [Thread-19] DEBUG com.weatherapp.cache.WeatherCache - ? Datos almacenados en cachÚ para 'city9'
23:37:22.630 [main] INFO com.weatherapp.cache.WeatherCache - WeatherCache inicializado con TTL: 2000ms (0 minutos)
23:37:22.630 [main] WARN com.weatherapp.cache.WeatherCache - Intento de poner en cachÚ con datos invßlidos: city=null, data=WeatherData{ciudad='Madrid, Espa±a', temp=25,5░C, sensaci¾n=23,0░C, humedad=60%, clima='?? Despejado'}
23:37:22.630 [main] WARN com.weatherapp.cache.WeatherCache - Intento de poner en cachÚ con datos invßlidos: city=, data=WeatherData{ciudad='Madrid, Espa±a', temp=25,5░C, sensaci¾n=23,0░C, humedad=60%, clima='?? Despejado'}
23:37:22.631 [main] WARN com.weatherapp.cache.WeatherCache - Intento de poner en cachÚ con datos invßlidos: city=   , data=WeatherData{ciudad='Madrid, Espa±a', temp=25,5░C, sensaci¾n=23,0░C, humedad=60%, clima='?? Despejado'}
23:37:22.631 [main] INFO com.weatherapp.cache.WeatherCache - WeatherCache inicializado con TTL: 2000ms (0 minutos)
23:37:22.631 [main] DEBUG com.weatherapp.cache.WeatherCache - ? Datos almacenados en cachÚ para 'madrid'
23:37:22.631 [main] DEBUG com.weatherapp.cache.WeatherCache - ? CachÚ HIT para 'madrid' (edad: 0ms)
23:37:22.631 [main] DEBUG com.weatherapp.cache.WeatherCache - ? CachÚ HIT para 'madrid' (edad: 0ms)
23:37:22.631 [main] DEBUG com.weatherapp.cache.WeatherCache - ? CachÚ HIT para 'madrid' (edad: 0ms)
23:37:22.632 [main] INFO com.weatherapp.cache.WeatherCache - WeatherCache inicializado con TTL: 2000ms (0 minutos)
23:37:22.632 [main] DEBUG com.weatherapp.cache.WeatherCache - ? Datos almacenados en cachÚ para 'madrid'
23:37:22.632 [main] DEBUG com.weatherapp.cache.WeatherCache - ? Datos almacenados en cachÚ para 'madrid'
23:37:22.632 [main] DEBUG com.weatherapp.cache.WeatherCache - ? CachÚ HIT para 'madrid' (edad: 0ms)
23:37:22.633 [main] INFO com.weatherapp.cache.WeatherCache - WeatherCache inicializado con TTL: 2000ms (0 minutos)
23:37:22.633 [main] DEBUG com.weatherapp.cache.WeatherCache - ? Datos almacenados en cachÚ para 'madrid'
23:37:22.633 [main] DEBUG com.weatherapp.cache.WeatherCache - ? Datos almacenados en cachÚ para 'barcelona'
23:37:22.633 [main] DEBUG com.weatherapp.cache.WeatherCache - ? Datos almacenados en cachÚ para 'valencia'
23:37:22.633 [main] INFO com.weatherapp.cache.WeatherCache - ? CachÚ completamente limpiado (3 entradas eliminadas)
23:37:22.633 [main] DEBUG com.weatherapp.cache.WeatherCache - ? CachÚ MISS para 'madrid'
[INFO] Tests run: 16, Failures: 0, Errors: 0, Skipped: 0, Time elapsed: 5.447 s - in com.weatherapp.cache.WeatherCacheTest
[INFO] Running com.weatherapp.client.OpenMeteoClientErrorTest
23:37:22.812 [main] WARN com.weatherapp.client.WeatherDataValidator - Validaci¾n de geolocalizaci¾n fallida: ? Longitud invßlida: -181,0000. Debe estar entre -180,0 y 180,0
23:37:22.831 [main] WARN com.weatherapp.client.WeatherDataValidator - Validaci¾n de geolocalizaci¾n fallida: ? Latitud invßlida: -91,0000. Debe estar entre -90,0 y 90,0
23:37:22.864 [main] WARN com.weatherapp.client.WeatherDataValidator - Validaci¾n de geolocalizaci¾n fallida: ? Longitud invßlida: 181,0000. Debe estar entre -180,0 y 180,0
23:37:22.872 [main] WARN com.weatherapp.client.WeatherDataValidator - Validaci¾n de geolocalizaci¾n fallida: ? Latitud invßlida: 91,0000. Debe estar entre -90,0 y 90,0
[INFO] Tests run: 26, Failures: 0, Errors: 0, Skipped: 0, Time elapsed: 0.224 s - in com.weatherapp.client.OpenMeteoClientErrorTest
[INFO] Running com.weatherapp.client.OpenMeteoClientGeocodeTest
23:37:22.876 [main] INFO com.weatherapp.client.OpenMeteoClient - Resolviendo ciudad: New York
23:37:22.876 [main] DEBUG com.weatherapp.client.OpenMeteoClient - Intento 1/3: GET https://geocoding-api.open-meteo.com/v1/search?name=New+York&language=es&limit=1
23:37:23.668 [main] DEBUG com.weatherapp.client.OpenMeteoClient - Respuesta exitosa (200 OK)
23:37:23.672 [main] DEBUG com.weatherapp.client.WeatherDataParser - Ciudad resuelta: York, Estados Unidos (40.86807, -97.592)
23:37:23.675 [main] INFO com.weatherapp.client.OpenMeteoClient - Resolviendo ciudad: Madrid
23:37:23.675 [main] DEBUG com.weatherapp.client.OpenMeteoClient - Intento 1/3: GET https://geocoding-api.open-meteo.com/v1/search?name=Madrid&language=es&limit=1
23:37:24.447 [main] DEBUG com.weatherapp.client.OpenMeteoClient - Respuesta exitosa (200 OK)
23:37:24.448 [main] DEBUG com.weatherapp.client.WeatherDataParser - Ciudad resuelta: Madrid, Espa±a (40.4165, -3.70256)
23:37:24.448 [main] INFO com.weatherapp.client.OpenMeteoClient - Resolviendo ciudad: London
23:37:24.448 [main] DEBUG com.weatherapp.client.OpenMeteoClient - Intento 1/3: GET https://geocoding-api.open-meteo.com/v1/search?name=London&language=es&limit=1
23:37:24.643 [main] DEBUG com.weatherapp.client.OpenMeteoClient - Respuesta exitosa (200 OK)
23:37:24.643 [main] DEBUG com.weatherapp.client.WeatherDataParser - Ciudad resuelta: Londres, Reino Unido (51.50853, -0.12574)
23:37:24.643 [main] INFO com.weatherapp.client.OpenMeteoClient - Resolviendo ciudad: Paris
23:37:24.643 [main] DEBUG com.weatherapp.client.OpenMeteoClient - Intento 1/3: GET https://geocoding-api.open-meteo.com/v1/search?name=Paris&language=es&limit=1
23:37:24.828 [main] DEBUG com.weatherapp.client.OpenMeteoClient - Respuesta exitosa (200 OK)
23:37:24.829 [main] DEBUG com.weatherapp.client.WeatherDataParser - Ciudad resuelta: ParÝs, Francia (48.85341, 2.3488)
23:37:24.829 [main] INFO com.weatherapp.client.OpenMeteoClient - Resolviendo ciudad: New York
23:37:24.829 [main] DEBUG com.weatherapp.client.OpenMeteoClient - Intento 1/3: GET https://geocoding-api.open-meteo.com/v1/search?name=New+York&language=es&limit=1
23:37:25.020 [main] DEBUG com.weatherapp.client.OpenMeteoClient - Respuesta exitosa (200 OK)
23:37:25.020 [main] DEBUG com.weatherapp.client.WeatherDataParser - Ciudad resuelta: York, Estados Unidos (40.86807, -97.592)
23:37:25.041 [main] INFO com.weatherapp.client.OpenMeteoClient - Resolviendo ciudad: SÒo Paulo
23:37:25.041 [main] DEBUG com.weatherapp.client.OpenMeteoClient - Intento 1/3: GET https://geocoding-api.open-meteo.com/v1/search?name=S%C3%A3o+Paulo&language=es&limit=1
23:37:25.738 [main] DEBUG com.weatherapp.client.OpenMeteoClient - Respuesta exitosa (200 OK)
23:37:25.738 [main] DEBUG com.weatherapp.client.WeatherDataParser - Ciudad resuelta: SÒo Paulo, Brasil (-23.5475, -46.63611)
23:37:25.740 [main] INFO com.weatherapp.client.OpenMeteoClient - Resolviendo ciudad: Madrid
23:37:25.741 [main] DEBUG com.weatherapp.client.OpenMeteoClient - Intento 1/3: GET https://geocoding-api.open-meteo.com/v1/search?name=Madrid&language=es&limit=1
23:37:26.439 [main] DEBUG com.weatherapp.client.OpenMeteoClient - Respuesta exitosa (200 OK)
23:37:26.439 [main] DEBUG com.weatherapp.client.WeatherDataParser - Ciudad resuelta: Madrid, Espa±a (40.4165, -3.70256)
23:37:26.441 [main] INFO com.weatherapp.client.OpenMeteoClient - Resolviendo ciudad: Nueva York
23:37:26.441 [main] DEBUG com.weatherapp.client.OpenMeteoClient - Intento 1/3: GET https://geocoding-api.open-meteo.com/v1/search?name=Nueva+York&language=es&limit=1
23:37:27.133 [main] DEBUG com.weatherapp.client.OpenMeteoClient - Respuesta exitosa (200 OK)
23:37:27.134 [main] DEBUG com.weatherapp.client.WeatherDataParser - Ciudad resuelta: Nueva York, Estados Unidos (40.71427, -74.00597)
23:37:27.136 [main] INFO com.weatherapp.client.OpenMeteoClient - Resolviendo ciudad: Mexico
23:37:27.136 [main] DEBUG com.weatherapp.client.OpenMeteoClient - Intento 1/3: GET https://geocoding-api.open-meteo.com/v1/search?name=Mexico&language=es&limit=1
23:37:27.845 [main] DEBUG com.weatherapp.client.OpenMeteoClient - Respuesta exitosa (200 OK)
23:37:27.845 [main] DEBUG com.weatherapp.client.WeatherDataParser - Ciudad resuelta: MÚxico, MÚxico (23.0, -102.0)
23:37:27.848 [main] INFO com.weatherapp.client.OpenMeteoClient - Resolviendo ciudad: Springfield
23:37:27.848 [main] DEBUG com.weatherapp.client.OpenMeteoClient - Intento 1/3: GET https://geocoding-api.open-meteo.com/v1/search?name=Springfield&language=es&limit=1
23:37:28.634 [main] DEBUG com.weatherapp.client.OpenMeteoClient - Respuesta exitosa (200 OK)
23:37:28.634 [main] DEBUG com.weatherapp.client.WeatherDataParser - Ciudad resuelta: Springfield, Estados Unidos (37.21533, -93.29824)
23:37:28.637 [main] INFO com.weatherapp.client.OpenMeteoClient - Resolviendo ciudad: Madrid
23:37:28.637 [main] DEBUG com.weatherapp.client.OpenMeteoClient - Intento 1/3: GET https://geocoding-api.open-meteo.com/v1/search?name=Madrid&language=es&limit=1
23:37:29.416 [main] DEBUG com.weatherapp.client.OpenMeteoClient - Respuesta exitosa (200 OK)
23:37:29.416 [main] DEBUG com.weatherapp.client.WeatherDataParser - Ciudad resuelta: Madrid, Espa±a (40.4165, -3.70256)
23:37:29.416 [main] INFO com.weatherapp.client.OpenMeteoClient - Resolviendo ciudad: Madrid
23:37:29.416 [main] DEBUG com.weatherapp.client.OpenMeteoClient - Intento 1/3: GET https://geocoding-api.open-meteo.com/v1/search?name=Madrid&language=es&limit=1
23:37:29.620 [main] DEBUG com.weatherapp.client.OpenMeteoClient - Respuesta exitosa (200 OK)
23:37:29.621 [main] DEBUG com.weatherapp.client.WeatherDataParser - Ciudad resuelta: Madrid, Espa±a (40.4165, -3.70256)
23:37:29.623 [main] INFO com.weatherapp.client.OpenMeteoClient - Resolviendo ciudad: Rio de Janeiro
23:37:29.623 [main] DEBUG com.weatherapp.client.OpenMeteoClient - Intento 1/3: GET https://geocoding-api.open-meteo.com/v1/search?name=Rio+de+Janeiro&language=es&limit=1
23:37:30.337 [main] DEBUG com.weatherapp.client.OpenMeteoClient - Respuesta exitosa (200 OK)
23:37:30.338 [main] DEBUG com.weatherapp.client.WeatherDataParser - Ciudad resuelta: RÝo de Janeiro, Brasil (-22.90642, -43.18223)
23:37:30.340 [main] INFO com.weatherapp.client.OpenMeteoClient - Resolviendo ciudad: Los Angeles
23:37:30.340 [main] DEBUG com.weatherapp.client.OpenMeteoClient - Intento 1/3: GET https://geocoding-api.open-meteo.com/v1/search?name=Los+Angeles&language=es&limit=1
23:37:31.099 [main] DEBUG com.weatherapp.client.OpenMeteoClient - Respuesta exitosa (200 OK)
23:37:31.100 [main] DEBUG com.weatherapp.client.WeatherDataParser - Ciudad resuelta: Los ┴ngeles, Estados Unidos (34.05223, -118.24368)
23:37:31.102 [main] INFO com.weatherapp.client.OpenMeteoClient - Resolviendo ciudad: London
23:37:31.102 [main] DEBUG com.weatherapp.client.OpenMeteoClient - Intento 1/3: GET https://geocoding-api.open-meteo.com/v1/search?name=London&language=es&limit=1
23:37:31.824 [main] DEBUG com.weatherapp.client.OpenMeteoClient - Respuesta exitosa (200 OK)
23:37:31.824 [main] DEBUG com.weatherapp.client.WeatherDataParser - Ciudad resuelta: Londres, Reino Unido (51.50853, -0.12574)
23:37:31.826 [main] INFO com.weatherapp.client.OpenMeteoClient - Resolviendo ciudad: Paris
23:37:31.827 [main] DEBUG com.weatherapp.client.OpenMeteoClient - Intento 1/3: GET https://geocoding-api.open-meteo.com/v1/search?name=Paris&language=es&limit=1
23:37:32.532 [main] DEBUG com.weatherapp.client.OpenMeteoClient - Respuesta exitosa (200 OK)
23:37:32.532 [main] DEBUG com.weatherapp.client.WeatherDataParser - Ciudad resuelta: ParÝs, Francia (48.85341, 2.3488)
23:37:32.535 [main] INFO com.weatherapp.client.OpenMeteoClient - Resolviendo ciudad: Madrid
23:37:32.535 [main] DEBUG com.weatherapp.client.OpenMeteoClient - Intento 1/3: GET https://geocoding-api.open-meteo.com/v1/search?name=Madrid&language=es&limit=1
23:37:33.237 [main] DEBUG com.weatherapp.client.OpenMeteoClient - Respuesta exitosa (200 OK)
23:37:33.238 [main] DEBUG com.weatherapp.client.WeatherDataParser - Ciudad resuelta: Madrid, Espa±a (40.4165, -3.70256)
23:37:33.240 [main] INFO com.weatherapp.client.OpenMeteoClient - Resolviendo ciudad: Tokyo
23:37:33.240 [main] DEBUG com.weatherapp.client.OpenMeteoClient - Intento 1/3: GET https://geocoding-api.open-meteo.com/v1/search?name=Tokyo&language=es&limit=1
23:37:33.951 [main] DEBUG com.weatherapp.client.OpenMeteoClient - Respuesta exitosa (200 OK)
23:37:33.952 [main] DEBUG com.weatherapp.client.WeatherDataParser - Ciudad resuelta: Tokio, Jap¾n (35.6895, 139.69171)
23:37:33.953 [main] INFO com.weatherapp.client.OpenMeteoClient - Resolviendo ciudad: Madrid
23:37:33.954 [main] DEBUG com.weatherapp.client.OpenMeteoClient - Intento 1/3: GET https://geocoding-api.open-meteo.com/v1/search?name=Madrid&language=es&limit=1
23:37:34.740 [main] DEBUG com.weatherapp.client.OpenMeteoClient - Respuesta exitosa (200 OK)
23:37:34.740 [main] DEBUG com.weatherapp.client.WeatherDataParser - Ciudad resuelta: Madrid, Espa±a (40.4165, -3.70256)
23:37:34.740 [main] INFO com.weatherapp.client.OpenMeteoClient - Resolviendo ciudad:   Madrid  
23:37:34.740 [main] DEBUG com.weatherapp.client.OpenMeteoClient - Intento 1/3: GET https://geocoding-api.open-meteo.com/v1/search?name=Madrid&language=es&limit=1
23:37:34.933 [main] DEBUG com.weatherapp.client.OpenMeteoClient - Respuesta exitosa (200 OK)
23:37:34.933 [main] DEBUG com.weatherapp.client.WeatherDataParser - Ciudad resuelta: Madrid, Espa±a (40.4165, -3.70256)
23:37:34.935 [main] INFO com.weatherapp.client.OpenMeteoClient - Resolviendo ciudad: Madrid
23:37:34.935 [main] DEBUG com.weatherapp.client.OpenMeteoClient - Intento 1/3: GET https://geocoding-api.open-meteo.com/v1/search?name=Madrid&language=es&limit=1
23:37:35.627 [main] DEBUG com.weatherapp.client.OpenMeteoClient - Respuesta exitosa (200 OK)
23:37:35.627 [main] DEBUG com.weatherapp.client.WeatherDataParser - Ciudad resuelta: Madrid, Espa±a (40.4165, -3.70256)
23:37:35.632 [main] INFO com.weatherapp.client.OpenMeteoClient - Resolviendo ciudad: Zurich
23:37:35.632 [main] DEBUG com.weatherapp.client.OpenMeteoClient - Intento 1/3: GET https://geocoding-api.open-meteo.com/v1/search?name=Zurich&language=es&limit=1
23:37:36.348 [main] DEBUG com.weatherapp.client.OpenMeteoClient - Respuesta exitosa (200 OK)
23:37:36.348 [main] DEBUG com.weatherapp.client.WeatherDataParser - Ciudad resuelta: Z·rich, Suiza (47.36667, 8.55)
23:37:36.350 [main] INFO com.weatherapp.client.OpenMeteoClient - Resolviendo ciudad: XYZ123NoExistsCity
23:37:36.350 [main] DEBUG com.weatherapp.client.OpenMeteoClient - Intento 1/3: GET https://geocoding-api.open-meteo.com/v1/search?name=XYZ123NoExistsCity&language=es&limit=1
23:37:37.050 [main] DEBUG com.weatherapp.client.OpenMeteoClient - Respuesta exitosa (200 OK)
[INFO] Tests run: 21, Failures: 0, Errors: 0, Skipped: 0, Time elapsed: 14.173 s - in com.weatherapp.client.OpenMeteoClientGeocodeTest
[INFO] Running com.weatherapp.client.OpenMeteoClientWeatherTest
23:37:37.054 [main] INFO com.weatherapp.client.OpenMeteoClient - Obteniendo datos climßticos para: Madrid
23:37:37.054 [main] DEBUG com.weatherapp.client.OpenMeteoClient - Intento 1/3: GET https://api.open-meteo.com/v1/forecast?latitude=40.4168&longitude=-3.7038&current=temperature_2m,apparent_temperature,relative_humidity_2m,weather_code&temperature_unit=celsius
23:37:37.879 [main] DEBUG com.weatherapp.client.OpenMeteoClient - Respuesta exitosa (200 OK)
23:37:37.879 [main] DEBUG com.weatherapp.client.WeatherDataParser - Clima obtenido: 5.9 - ?? Mayormente despejado
23:37:37.882 [main] INFO com.weatherapp.client.OpenMeteoClient - Obteniendo datos climßticos para: South Pole
23:37:37.882 [main] DEBUG com.weatherapp.client.OpenMeteoClient - Intento 1/3: GET https://api.open-meteo.com/v1/forecast?latitude=-90.0000&longitude=0.0000&current=temperature_2m,apparent_temperature,relative_humidity_2m,weather_code&temperature_unit=celsius
23:37:38.713 [main] DEBUG com.weatherapp.client.OpenMeteoClient - Respuesta exitosa (200 OK)
23:37:38.713 [main] DEBUG com.weatherapp.client.WeatherDataParser - Clima obtenido: -52.5 - ?? Mayormente despejado
23:37:38.715 [main] INFO com.weatherapp.client.OpenMeteoClient - Obteniendo datos climßticos para: Singapore
23:37:38.715 [main] DEBUG com.weatherapp.client.OpenMeteoClient - Intento 1/3: GET https://api.open-meteo.com/v1/forecast?latitude=1.3521&longitude=103.8198&current=temperature_2m,apparent_temperature,relative_humidity_2m,weather_code&temperature_unit=celsius
23:37:39.458 [main] DEBUG com.weatherapp.client.OpenMeteoClient - Respuesta exitosa (200 OK)
23:37:39.458 [main] DEBUG com.weatherapp.client.WeatherDataParser - Clima obtenido: 32.2 - ?? Mayormente despejado
23:37:39.460 [main] INFO com.weatherapp.client.OpenMeteoClient - Obteniendo datos climßticos para: North Pole
23:37:39.460 [main] DEBUG com.weatherapp.client.OpenMeteoClient - Intento 1/3: GET https://api.open-meteo.com/v1/forecast?latitude=90.0000&longitude=0.0000&current=temperature_2m,apparent_temperature,relative_humidity_2m,weather_code&temperature_unit=celsius
23:37:40.235 [main] DEBUG com.weatherapp.client.OpenMeteoClient - Respuesta exitosa (200 OK)
23:37:40.236 [main] DEBUG com.weatherapp.client.WeatherDataParser - Clima obtenido: -22.5 - ?? Mayormente despejado
23:37:40.238 [main] INFO com.weatherapp.client.OpenMeteoClient - Obteniendo datos climßticos para: Madrid
23:37:40.238 [main] DEBUG com.weatherapp.client.OpenMeteoClient - Intento 1/3: GET https://api.open-meteo.com/v1/forecast?latitude=40.4168&longitude=-3.7038&current=temperature_2m,apparent_temperature,relative_humidity_2m,weather_code&temperature_unit=celsius
23:37:41.086 [main] DEBUG com.weatherapp.client.OpenMeteoClient - Respuesta exitosa (200 OK)
23:37:41.087 [main] DEBUG com.weatherapp.client.WeatherDataParser - Clima obtenido: 5.9 - ?? Mayormente despejado
23:37:41.089 [main] INFO com.weatherapp.client.OpenMeteoClient - Obteniendo datos climßticos para: Madrid
23:37:41.089 [main] DEBUG com.weatherapp.client.OpenMeteoClient - Intento 1/3: GET https://api.open-meteo.com/v1/forecast?latitude=40.4168&longitude=-3.7038&current=temperature_2m,apparent_temperature,relative_humidity_2m,weather_code&temperature_unit=celsius
23:37:41.837 [main] DEBUG com.weatherapp.client.OpenMeteoClient - Respuesta exitosa (200 OK)
23:37:41.837 [main] DEBUG com.weatherapp.client.WeatherDataParser - Clima obtenido: 5.9 - ?? Mayormente despejado
23:37:41.839 [main] INFO com.weatherapp.client.OpenMeteoClient - Obteniendo datos climßticos para: Madrid
23:37:41.839 [main] DEBUG com.weatherapp.client.OpenMeteoClient - Intento 1/3: GET https://api.open-meteo.com/v1/forecast?latitude=40.4168&longitude=-3.7038&current=temperature_2m,apparent_temperature,relative_humidity_2m,weather_code&temperature_unit=celsius
23:37:42.596 [main] DEBUG com.weatherapp.client.OpenMeteoClient - Respuesta exitosa (200 OK)
23:37:42.596 [main] DEBUG com.weatherapp.client.WeatherDataParser - Clima obtenido: 5.9 - ?? Mayormente despejado
23:37:42.599 [main] WARN com.weatherapp.client.WeatherDataValidator - Validaci¾n de geolocalizaci¾n fallida: ? Latitud invßlida: 91,0000. Debe estar entre -90,0 y 90,0
23:37:42.602 [main] INFO com.weatherapp.client.OpenMeteoClient - Obteniendo datos climßticos para: South Pole
23:37:42.602 [main] DEBUG com.weatherapp.client.OpenMeteoClient - Intento 1/3: GET https://api.open-meteo.com/v1/forecast?latitude=-90.0000&longitude=0.0000&current=temperature_2m,apparent_temperature,relative_humidity_2m,weather_code&temperature_unit=celsius
23:37:43.371 [main] DEBUG com.weatherapp.client.OpenMeteoClient - Respuesta exitosa (200 OK)
23:37:43.372 [main] DEBUG com.weatherapp.client.WeatherDataParser - Clima obtenido: -52.5 - ?? Mayormente despejado
23:37:43.375 [main] WARN com.weatherapp.client.WeatherDataValidator - Validaci¾n de geolocalizaci¾n fallida: ? Longitud invßlida: -181,0000. Debe estar entre -180,0 y 180,0
23:37:43.377 [main] INFO com.weatherapp.client.OpenMeteoClient - Obteniendo datos climßticos para: Date Line East
23:37:43.377 [main] DEBUG com.weatherapp.client.OpenMeteoClient - Intento 1/3: GET https://api.open-meteo.com/v1/forecast?latitude=0.0000&longitude=180.0000&current=temperature_2m,apparent_temperature,relative_humidity_2m,weather_code&temperature_unit=celsius
23:37:44.134 [main] DEBUG com.weatherapp.client.OpenMeteoClient - Respuesta exitosa (200 OK)
23:37:44.134 [main] DEBUG com.weatherapp.client.WeatherDataParser - Clima obtenido: 28.1 - ?? Mayormente despejado
23:37:44.136 [main] INFO com.weatherapp.client.OpenMeteoClient - Obteniendo datos climßticos para: Madrid
23:37:44.137 [main] DEBUG com.weatherapp.client.OpenMeteoClient - Intento 1/3: GET https://api.open-meteo.com/v1/forecast?latitude=40.4168&longitude=-3.7038&current=temperature_2m,apparent_temperature,relative_humidity_2m,weather_code&temperature_unit=celsius
23:37:44.952 [main] DEBUG com.weatherapp.client.OpenMeteoClient - Respuesta exitosa (200 OK)
23:37:44.952 [main] DEBUG com.weatherapp.client.WeatherDataParser - Clima obtenido: 5.9 - ?? Mayormente despejado
23:37:44.954 [main] INFO com.weatherapp.client.OpenMeteoClient - Obteniendo datos climßticos para: Madrid
23:37:44.954 [main] DEBUG com.weatherapp.client.OpenMeteoClient - Intento 1/3: GET https://api.open-meteo.com/v1/forecast?latitude=40.4168&longitude=-3.7038&current=temperature_2m,apparent_temperature,relative_humidity_2m,weather_code&temperature_unit=celsius
23:37:45.715 [main] DEBUG com.weatherapp.client.OpenMeteoClient - Respuesta exitosa (200 OK)
23:37:45.715 [main] DEBUG com.weatherapp.client.WeatherDataParser - Clima obtenido: 5.9 - ?? Mayormente despejado
23:37:45.715 [main] INFO com.weatherapp.client.OpenMeteoClient - Obteniendo datos climßticos para: Madrid
23:37:45.715 [main] DEBUG com.weatherapp.client.OpenMeteoClient - Intento 1/3: GET https://api.open-meteo.com/v1/forecast?latitude=40.4168&longitude=-3.7038&current=temperature_2m,apparent_temperature,relative_humidity_2m,weather_code&temperature_unit=celsius
23:37:45.906 [main] DEBUG com.weatherapp.client.OpenMeteoClient - Respuesta exitosa (200 OK)
23:37:45.906 [main] DEBUG com.weatherapp.client.WeatherDataParser - Clima obtenido: 5.9 - ?? Mayormente despejado
23:37:45.911 [main] INFO com.weatherapp.client.OpenMeteoClient - Obteniendo datos climßticos para: Madrid
23:37:45.911 [main] DEBUG com.weatherapp.client.OpenMeteoClient - Intento 1/3: GET https://api.open-meteo.com/v1/forecast?latitude=40.4168&longitude=-3.7038&current=temperature_2m,apparent_temperature,relative_humidity_2m,weather_code&temperature_unit=celsius
23:37:46.717 [main] DEBUG com.weatherapp.client.OpenMeteoClient - Respuesta exitosa (200 OK)
23:37:46.717 [main] DEBUG com.weatherapp.client.WeatherDataParser - Clima obtenido: 5.9 - ?? Mayormente despejado
23:37:46.717 [main] INFO com.weatherapp.client.OpenMeteoClient - Obteniendo datos climßticos para: Madrid
23:37:46.717 [main] DEBUG com.weatherapp.client.OpenMeteoClient - Intento 1/3: GET https://api.open-meteo.com/v1/forecast?latitude=40.4168&longitude=-3.7038&current=temperature_2m,apparent_temperature,relative_humidity_2m,weather_code&temperature_unit=fahrenheit
23:37:46.924 [main] DEBUG com.weatherapp.client.OpenMeteoClient - Respuesta exitosa (200 OK)
23:37:46.924 [main] DEBUG com.weatherapp.client.WeatherDataParser - Clima obtenido: 42.6 - ?? Mayormente despejado
23:37:46.930 [main] INFO com.weatherapp.client.OpenMeteoClient - Obteniendo datos climßticos para: Madrid
23:37:46.930 [main] DEBUG com.weatherapp.client.OpenMeteoClient - Intento 1/3: GET https://api.open-meteo.com/v1/forecast?latitude=40.4168&longitude=-3.7038&current=temperature_2m,apparent_temperature,relative_humidity_2m,weather_code&temperature_unit=celsius
23:37:47.743 [main] DEBUG com.weatherapp.client.OpenMeteoClient - Respuesta exitosa (200 OK)
23:37:47.743 [main] DEBUG com.weatherapp.client.WeatherDataParser - Clima obtenido: 5.9 - ?? Mayormente despejado
23:37:47.746 [main] WARN com.weatherapp.client.WeatherDataValidator - Validaci¾n de geolocalizaci¾n fallida: ? Longitud invßlida: 181,0000. Debe estar entre -180,0 y 180,0
23:37:47.749 [main] INFO com.weatherapp.client.OpenMeteoClient - Obteniendo datos climßticos para: Madrid
23:37:47.749 [main] DEBUG com.weatherapp.client.OpenMeteoClient - Intento 1/3: GET https://api.open-meteo.com/v1/forecast?latitude=40.4168&longitude=-3.7038&current=temperature_2m,apparent_temperature,relative_humidity_2m,weather_code&temperature_unit=celsius
23:37:48.583 [main] DEBUG com.weatherapp.client.OpenMeteoClient - Respuesta exitosa (200 OK)
23:37:48.583 [main] DEBUG com.weatherapp.client.WeatherDataParser - Clima obtenido: 5.9 - ?? Mayormente despejado
23:37:48.585 [main] INFO com.weatherapp.client.OpenMeteoClient - Obteniendo datos climßticos para: Madrid
23:37:48.585 [main] DEBUG com.weatherapp.client.OpenMeteoClient - Intento 1/3: GET https://api.open-meteo.com/v1/forecast?latitude=40.4168&longitude=-3.7038&current=temperature_2m,apparent_temperature,relative_humidity_2m,weather_code&temperature_unit=celsius
23:37:49.406 [main] DEBUG com.weatherapp.client.OpenMeteoClient - Respuesta exitosa (200 OK)
23:37:49.406 [main] DEBUG com.weatherapp.client.WeatherDataParser - Clima obtenido: 5.9 - ?? Mayormente despejado
23:37:49.408 [main] INFO com.weatherapp.client.OpenMeteoClient - Obteniendo datos climßticos para: Stockholm
23:37:49.408 [main] DEBUG com.weatherapp.client.OpenMeteoClient - Intento 1/3: GET https://api.open-meteo.com/v1/forecast?latitude=59.3293&longitude=18.0686&current=temperature_2m,apparent_temperature,relative_humidity_2m,weather_code&temperature_unit=celsius
23:37:50.160 [main] DEBUG com.weatherapp.client.OpenMeteoClient - Respuesta exitosa (200 OK)
23:37:50.160 [main] DEBUG com.weatherapp.client.WeatherDataParser - Clima obtenido: 3.7 - ?? Parcialmente nublado
23:37:50.165 [main] INFO com.weatherapp.client.OpenMeteoClient - Obteniendo datos climßticos para: London
23:37:50.166 [main] DEBUG com.weatherapp.client.OpenMeteoClient - Intento 1/3: GET https://api.open-meteo.com/v1/forecast?latitude=51.5074&longitude=-0.1278&current=temperature_2m,apparent_temperature,relative_humidity_2m,weather_code&temperature_unit=celsius
23:37:50.932 [main] DEBUG com.weatherapp.client.OpenMeteoClient - Respuesta exitosa (200 OK)
23:37:50.932 [main] DEBUG com.weatherapp.client.WeatherDataParser - Clima obtenido: 10.2 - ?? Parcialmente nublado
23:37:50.935 [main] INFO com.weatherapp.client.OpenMeteoClient - Obteniendo datos climßticos para: Madrid
23:37:50.935 [main] DEBUG com.weatherapp.client.OpenMeteoClient - Intento 1/3: GET https://api.open-meteo.com/v1/forecast?latitude=40.4168&longitude=-3.7038&current=temperature_2m,apparent_temperature,relative_humidity_2m,weather_code&temperature_unit=celsius
23:37:51.766 [main] DEBUG com.weatherapp.client.OpenMeteoClient - Respuesta exitosa (200 OK)
23:37:51.767 [main] DEBUG com.weatherapp.client.WeatherDataParser - Clima obtenido: 5.9 - ?? Mayormente despejado
23:37:51.767 [main] INFO com.weatherapp.client.OpenMeteoClient - Obteniendo datos climßticos para: Madrid
23:37:51.767 [main] DEBUG com.weatherapp.client.OpenMeteoClient - Intento 1/3: GET https://api.open-meteo.com/v1/forecast?latitude=40.4168&longitude=-3.7038&current=temperature_2m,apparent_temperature,relative_humidity_2m,weather_code&temperature_unit=kelvin
23:37:51.976 [main] WARN com.weatherapp.client.OpenMeteoClient - Error HTTP 400
23:37:51.976 [main] DEBUG com.weatherapp.client.OpenMeteoClient - Reintentando en 1000ms...
23:37:52.982 [main] DEBUG com.weatherapp.client.OpenMeteoClient - Intento 2/3: GET https://api.open-meteo.com/v1/forecast?latitude=40.4168&longitude=-3.7038&current=temperature_2m,apparent_temperature,relative_humidity_2m,weather_code&temperature_unit=kelvin
23:37:53.194 [main] WARN com.weatherapp.client.OpenMeteoClient - Error HTTP 400
23:37:53.194 [main] DEBUG com.weatherapp.client.OpenMeteoClient - Reintentando en 2000ms...
23:37:55.206 [main] DEBUG com.weatherapp.client.OpenMeteoClient - Intento 3/3: GET https://api.open-meteo.com/v1/forecast?latitude=40.4168&longitude=-3.7038&current=temperature_2m,apparent_temperature,relative_humidity_2m,weather_code&temperature_unit=kelvin
23:37:55.418 [main] WARN com.weatherapp.client.OpenMeteoClient - Error HTTP 400
23:37:55.418 [main] ERROR com.weatherapp.client.OpenMeteoClient - Error: No se pudo completar la solicitud despuÚs de 3 intentos
23:37:55.421 [main] INFO com.weatherapp.client.OpenMeteoClient - Obteniendo datos climßticos para: Madrid, Espa±a
23:37:55.421 [main] DEBUG com.weatherapp.client.OpenMeteoClient - Intento 1/3: GET https://api.open-meteo.com/v1/forecast?latitude=40.4168&longitude=-3.7038&current=temperature_2m,apparent_temperature,relative_humidity_2m,weather_code&temperature_unit=celsius
23:37:56.243 [main] DEBUG com.weatherapp.client.OpenMeteoClient - Respuesta exitosa (200 OK)
23:37:56.243 [main] DEBUG com.weatherapp.client.WeatherDataParser - Clima obtenido: 5.9 - ?? Mayormente despejado
23:37:56.248 [main] INFO com.weatherapp.client.OpenMeteoClient - Obteniendo datos climßticos para: Madrid
23:37:56.248 [main] DEBUG com.weatherapp.client.OpenMeteoClient - Intento 1/3: GET https://api.open-meteo.com/v1/forecast?latitude=40.4168&longitude=-3.7038&current=temperature_2m,apparent_temperature,relative_humidity_2m,weather_code&temperature_unit=kelvin
23:37:57.010 [main] WARN com.weatherapp.client.OpenMeteoClient - Error HTTP 400
23:37:57.010 [main] DEBUG com.weatherapp.client.OpenMeteoClient - Reintentando en 1000ms...
23:37:58.023 [main] DEBUG com.weatherapp.client.OpenMeteoClient - Intento 2/3: GET https://api.open-meteo.com/v1/forecast?latitude=40.4168&longitude=-3.7038&current=temperature_2m,apparent_temperature,relative_humidity_2m,weather_code&temperature_unit=kelvin
23:37:58.221 [main] WARN com.weatherapp.client.OpenMeteoClient - Error HTTP 400
23:37:58.221 [main] DEBUG com.weatherapp.client.OpenMeteoClient - Reintentando en 2000ms...
23:38:00.225 [main] DEBUG com.weatherapp.client.OpenMeteoClient - Intento 3/3: GET https://api.open-meteo.com/v1/forecast?latitude=40.4168&longitude=-3.7038&current=temperature_2m,apparent_temperature,relative_humidity_2m,weather_code&temperature_unit=kelvin
23:38:00.418 [main] WARN com.weatherapp.client.OpenMeteoClient - Error HTTP 400
23:38:00.418 [main] ERROR com.weatherapp.client.OpenMeteoClient - Error: No se pudo completar la solicitud despuÚs de 3 intentos
23:38:00.421 [main] INFO com.weatherapp.client.OpenMeteoClient - Obteniendo datos climßticos para: Madrid
23:38:00.421 [main] DEBUG com.weatherapp.client.OpenMeteoClient - Intento 1/3: GET https://api.open-meteo.com/v1/forecast?latitude=40.4168&longitude=-3.7038&current=temperature_2m,apparent_temperature,relative_humidity_2m,weather_code&temperature_unit=celsius
23:38:01.165 [main] DEBUG com.weatherapp.client.OpenMeteoClient - Respuesta exitosa (200 OK)
23:38:01.165 [main] DEBUG com.weatherapp.client.WeatherDataParser - Clima obtenido: 5.9 - ?? Mayormente despejado
23:38:01.168 [main] INFO com.weatherapp.client.OpenMeteoClient - Obteniendo datos climßticos para: Madrid
23:38:01.168 [main] DEBUG com.weatherapp.client.OpenMeteoClient - Intento 1/3: GET https://api.open-meteo.com/v1/forecast?latitude=40.4168&longitude=-3.7038&current=temperature_2m,apparent_temperature,relative_humidity_2m,weather_code&temperature_unit=fahrenheit
23:38:01.921 [main] DEBUG com.weatherapp.client.OpenMeteoClient - Respuesta exitosa (200 OK)
23:38:01.921 [main] DEBUG com.weatherapp.client.WeatherDataParser - Clima obtenido: 42.6 - ?? Mayormente despejado
23:38:01.924 [main] WARN com.weatherapp.client.WeatherDataValidator - Validaci¾n de geolocalizaci¾n fallida: ? Latitud invßlida: -91,0000. Debe estar entre -90,0 y 90,0
23:38:01.926 [main] INFO com.weatherapp.client.OpenMeteoClient - Obteniendo datos climßticos para: Date Line West
23:38:01.926 [main] DEBUG com.weatherapp.client.OpenMeteoClient - Intento 1/3: GET https://api.open-meteo.com/v1/forecast?latitude=0.0000&longitude=-180.0000&current=temperature_2m,apparent_temperature,relative_humidity_2m,weather_code&temperature_unit=celsius
23:38:02.685 [main] DEBUG com.weatherapp.client.OpenMeteoClient - Respuesta exitosa (200 OK)
23:38:02.685 [main] DEBUG com.weatherapp.client.WeatherDataParser - Clima obtenido: 28.2 - ?? Mayormente despejado
[INFO] Tests run: 32, Failures: 0, Errors: 0, Skipped: 0, Time elapsed: 25.632 s - in com.weatherapp.client.OpenMeteoClientWeatherTest
[INFO] Running com.weatherapp.integration.WeatherAppEndToEndTest
23:38:02.688 [main] INFO com.weatherapp.service.WeatherService - Buscando clima para: 'Madrid'
23:38:02.688 [main] INFO com.weatherapp.client.OpenMeteoClient - Resolviendo ciudad: Madrid
23:38:02.688 [main] DEBUG com.weatherapp.client.OpenMeteoClient - Intento 1/3: GET https://geocoding-api.open-meteo.com/v1/search?name=Madrid&language=es&limit=1
23:38:03.459 [main] DEBUG com.weatherapp.client.OpenMeteoClient - Respuesta exitosa (200 OK)
23:38:03.459 [main] DEBUG com.weatherapp.client.WeatherDataParser - Ciudad resuelta: Madrid, Espa±a (40.4165, -3.70256)
23:38:03.459 [main] DEBUG com.weatherapp.service.WeatherService - Ubicaci¾n resuelta: GeoLocation{ciudad='Madrid, Espa±a', latitud=40,4165, longitud=-3,7026}
23:38:03.459 [main] INFO com.weatherapp.client.OpenMeteoClient - Obteniendo datos climßticos para: Madrid, Espa±a
23:38:03.459 [main] DEBUG com.weatherapp.client.OpenMeteoClient - Intento 1/3: GET https://api.open-meteo.com/v1/forecast?latitude=40.4165&longitude=-3.7026&current=temperature_2m,apparent_temperature,relative_humidity_2m,weather_code&temperature_unit=celsius
23:38:04.233 [main] DEBUG com.weatherapp.client.OpenMeteoClient - Respuesta exitosa (200 OK)
23:38:04.233 [main] DEBUG com.weatherapp.client.WeatherDataParser - Clima obtenido: 6.0 - ?? Mayormente despejado
23:38:04.233 [main] INFO com.weatherapp.service.WeatherService - ? Datos climßticos obtenidos exitosamente para: Madrid, Espa±a
23:38:04.234 [main] INFO com.weatherapp.service.WeatherService - Buscando clima para: 'Madrid'
23:38:04.234 [main] INFO com.weatherapp.client.OpenMeteoClient - Resolviendo ciudad: Madrid
23:38:04.234 [main] DEBUG com.weatherapp.client.OpenMeteoClient - Intento 1/3: GET https://geocoding-api.open-meteo.com/v1/search?name=Madrid&language=es&limit=1
23:38:04.429 [main] DEBUG com.weatherapp.client.OpenMeteoClient - Respuesta exitosa (200 OK)
23:38:04.429 [main] DEBUG com.weatherapp.client.WeatherDataParser - Ciudad resuelta: Madrid, Espa±a (40.4165, -3.70256)
23:38:04.429 [main] DEBUG com.weatherapp.service.WeatherService - Ubicaci¾n resuelta: GeoLocation{ciudad='Madrid, Espa±a', latitud=40,4165, longitud=-3,7026}
23:38:04.429 [main] INFO com.weatherapp.client.OpenMeteoClient - Obteniendo datos climßticos para: Madrid, Espa±a
23:38:04.429 [main] DEBUG com.weatherapp.client.OpenMeteoClient - Intento 1/3: GET https://api.open-meteo.com/v1/forecast?latitude=40.4165&longitude=-3.7026&current=temperature_2m,apparent_temperature,relative_humidity_2m,weather_code&temperature_unit=celsius
23:38:04.641 [main] DEBUG com.weatherapp.client.OpenMeteoClient - Respuesta exitosa (200 OK)
23:38:04.641 [main] DEBUG com.weatherapp.client.WeatherDataParser - Clima obtenido: 6.0 - ?? Mayormente despejado
23:38:04.641 [main] INFO com.weatherapp.service.WeatherService - ? Datos climßticos obtenidos exitosamente para: Madrid, Espa±a
23:38:04.645 [main] INFO com.weatherapp.service.WeatherService - Buscando clima para: 'XYZ123NonExistentCity'
23:38:04.645 [main] INFO com.weatherapp.client.OpenMeteoClient - Resolviendo ciudad: XYZ123NonExistentCity
23:38:04.645 [main] DEBUG com.weatherapp.client.OpenMeteoClient - Intento 1/3: GET https://geocoding-api.open-meteo.com/v1/search?name=XYZ123NonExistentCity&language=es&limit=1
23:38:05.354 [main] DEBUG com.weatherapp.client.OpenMeteoClient - Respuesta exitosa (200 OK)
23:38:05.354 [main] WARN com.weatherapp.service.WeatherService - Ciudad no encontrada: 'XYZ123NonExistentCity'
com.weatherapp.exception.CityNotFoundException: ? Ciudad no encontrada: 'XYZ123NonExistentCity'
	at com.weatherapp.client.WeatherDataParser.parseGeocodingResponse(WeatherDataParser.java:48)
	at com.weatherapp.client.OpenMeteoClient.resolveCity(OpenMeteoClient.java:72)
	at com.weatherapp.service.WeatherService.getWeatherByCityName(WeatherService.java:55)
	at com.weatherapp.integration.WeatherAppEndToEndTest.lambda$testNonExistentCityThrowsException$0(WeatherAppEndToEndTest.java:326)
	at org.junit.jupiter.api.AssertThrows.assertThrows(AssertThrows.java:53)
	at org.junit.jupiter.api.AssertThrows.assertThrows(AssertThrows.java:35)
	at org.junit.jupiter.api.Assertions.assertThrows(Assertions.java:3083)
	at com.weatherapp.integration.WeatherAppEndToEndTest.testNonExistentCityThrowsException(WeatherAppEndToEndTest.java:325)
	at java.base/jdk.internal.reflect.NativeMethodAccessorImpl.invoke0(Native Method)
	at java.base/jdk.internal.reflect.NativeMethodAccessorImpl.invoke(NativeMethodAccessorImpl.java:77)
	at java.base/jdk.internal.reflect.DelegatingMethodAccessorImpl.invoke(DelegatingMethodAccessorImpl.java:43)
	at java.base/java.lang.reflect.Method.invoke(Method.java:568)
	at org.junit.platform.commons.util.ReflectionUtils.invokeMethod(ReflectionUtils.java:727)
	at org.junit.jupiter.engine.execution.MethodInvocation.proceed(MethodInvocation.java:60)
	at org.junit.jupiter.engine.execution.InvocationInterceptorChain$ValidatingInvocation.proceed(InvocationInterceptorChain.java:131)
	at org.junit.jupiter.engine.extension.TimeoutExtension.intercept(TimeoutExtension.java:156)
	at org.junit.jupiter.engine.extension.TimeoutExtension.interceptTestableMethod(TimeoutExtension.java:147)
	at org.junit.jupiter.engine.extension.TimeoutExtension.interceptTestMethod(TimeoutExtension.java:86)
	at org.junit.jupiter.engine.execution.InterceptingExecutableInvoker$ReflectiveInterceptorCall.lambda$ofVoidMethod$0(InterceptingExecutableInvoker.java:103)
	at org.junit.jupiter.engine.execution.InterceptingExecutableInvoker.lambda$invoke$0(InterceptingExecutableInvoker.java:93)
	at org.junit.jupiter.engine.execution.InvocationInterceptorChain$InterceptedInvocation.proceed(InvocationInterceptorChain.java:106)
	at org.junit.jupiter.engine.execution.InvocationInterceptorChain.proceed(InvocationInterceptorChain.java:64)
	at org.junit.jupiter.engine.execution.InvocationInterceptorChain.chainAndInvoke(InvocationInterceptorChain.java:45)
	at org.junit.jupiter.engine.execution.InvocationInterceptorChain.invoke(InvocationInterceptorChain.java:37)
	at org.junit.jupiter.engine.execution.InterceptingExecutableInvoker.invoke(InterceptingExecutableInvoker.java:92)
	at org.junit.jupiter.engine.execution.InterceptingExecutableInvoker.invoke(InterceptingExecutableInvoker.java:86)
	at org.junit.jupiter.engine.descriptor.TestMethodTestDescriptor.lambda$invokeTestMethod$7(TestMethodTestDescriptor.java:217)
	at org.junit.platform.engine.support.hierarchical.ThrowableCollector.execute(ThrowableCollector.java:73)
	at org.junit.jupiter.engine.descriptor.TestMethodTestDescriptor.invokeTestMethod(TestMethodTestDescriptor.java:213)
	at org.junit.jupiter.engine.descriptor.TestMethodTestDescriptor.execute(TestMethodTestDescriptor.java:138)
	at org.junit.jupiter.engine.descriptor.TestMethodTestDescriptor.execute(TestMethodTestDescriptor.java:68)
	at org.junit.platform.engine.support.hierarchical.NodeTestTask.lambda$executeRecursively$6(NodeTestTask.java:151)
	at org.junit.platform.engine.support.hierarchical.ThrowableCollector.execute(ThrowableCollector.java:73)
	at org.junit.platform.engine.support.hierarchical.NodeTestTask.lambda$executeRecursively$8(NodeTestTask.java:141)
	at org.junit.platform.engine.support.hierarchical.Node.around(Node.java:137)
	at org.junit.platform.engine.support.hierarchical.NodeTestTask.lambda$executeRecursively$9(NodeTestTask.java:139)
	at org.junit.platform.engine.support.hierarchical.ThrowableCollector.execute(ThrowableCollector.java:73)
	at org.junit.platform.engine.support.hierarchical.NodeTestTask.executeRecursively(NodeTestTask.java:138)
	at org.junit.platform.engine.support.hierarchical.NodeTestTask.execute(NodeTestTask.java:95)
	at java.base/java.util.ArrayList.forEach(ArrayList.java:1511)
	at org.junit.platform.engine.support.hierarchical.SameThreadHierarchicalTestExecutorService.invokeAll(SameThreadHierarchicalTestExecutorService.java:41)
	at org.junit.platform.engine.support.hierarchical.NodeTestTask.lambda$executeRecursively$6(NodeTestTask.java:155)
	at org.junit.platform.engine.support.hierarchical.ThrowableCollector.execute(ThrowableCollector.java:73)
	at org.junit.platform.engine.support.hierarchical.NodeTestTask.lambda$executeRecursively$8(NodeTestTask.java:141)
	at org.junit.platform.engine.support.hierarchical.Node.around(Node.java:137)
	at org.junit.platform.engine.support.hierarchical.NodeTestTask.lambda$executeRecursively$9(NodeTestTask.java:139)
	at org.junit.platform.engine.support.hierarchical.ThrowableCollector.execute(ThrowableCollector.java:73)
	at org.junit.platform.engine.support.hierarchical.NodeTestTask.executeRecursively(NodeTestTask.java:138)
	at org.junit.platform.engine.support.hierarchical.NodeTestTask.execute(NodeTestTask.java:95)
	at java.base/java.util.ArrayList.forEach(ArrayList.java:1511)
	at org.junit.platform.engine.support.hierarchical.SameThreadHierarchicalTestExecutorService.invokeAll(SameThreadHierarchicalTestExecutorService.java:41)
	at org.junit.platform.engine.support.hierarchical.NodeTestTask.lambda$executeRecursively$6(NodeTestTask.java:155)
	at org.junit.platform.engine.support.hierarchical.ThrowableCollector.execute(ThrowableCollector.java:73)
	at org.junit.platform.engine.support.hierarchical.NodeTestTask.lambda$executeRecursively$8(NodeTestTask.java:141)
	at org.junit.platform.engine.support.hierarchical.Node.around(Node.java:137)
	at org.junit.platform.engine.support.hierarchical.NodeTestTask.lambda$executeRecursively$9(NodeTestTask.java:139)
	at org.junit.platform.engine.support.hierarchical.ThrowableCollector.execute(ThrowableCollector.java:73)
	at org.junit.platform.engine.support.hierarchical.NodeTestTask.executeRecursively(NodeTestTask.java:138)
	at org.junit.platform.engine.support.hierarchical.NodeTestTask.execute(NodeTestTask.java:95)
	at org.junit.platform.engine.support.hierarchical.SameThreadHierarchicalTestExecutorService.submit(SameThreadHierarchicalTestExecutorService.java:35)
	at org.junit.platform.engine.support.hierarchical.HierarchicalTestExecutor.execute(HierarchicalTestExecutor.java:57)
	at org.junit.platform.engine.support.hierarchical.HierarchicalTestEngine.execute(HierarchicalTestEngine.java:54)
	at org.junit.platform.launcher.core.DefaultLauncher.execute(DefaultLauncher.java:220)
	at org.junit.platform.launcher.core.DefaultLauncher.lambda$execute$6(DefaultLauncher.java:188)
	at org.junit.platform.launcher.core.DefaultLauncher.withInterceptedStreams(DefaultLauncher.java:202)
	at org.junit.platform.launcher.core.DefaultLauncher.execute(DefaultLauncher.java:181)
	at org.junit.platform.launcher.core.DefaultLauncher.execute(DefaultLauncher.java:128)
	at org.apache.maven.surefire.junitplatform.JUnitPlatformProvider.invokeAllTests(JUnitPlatformProvider.java:150)
	at org.apache.maven.surefire.junitplatform.JUnitPlatformProvider.invoke(JUnitPlatformProvider.java:124)
	at org.apache.maven.surefire.booter.ForkedBooter.invokeProviderInSameClassLoader(ForkedBooter.java:384)
	at org.apache.maven.surefire.booter.ForkedBooter.runSuitesInProcess(ForkedBooter.java:345)
	at org.apache.maven.surefire.booter.ForkedBooter.execute(ForkedBooter.java:126)
	at org.apache.maven.surefire.booter.ForkedBooter.main(ForkedBooter.java:418)
23:38:05.358 [main] INFO com.weatherapp.service.WeatherService - Buscando clima para: 'Cairo'
23:38:05.358 [main] INFO com.weatherapp.client.OpenMeteoClient - Resolviendo ciudad: Cairo
23:38:05.358 [main] DEBUG com.weatherapp.client.OpenMeteoClient - Intento 1/3: GET https://geocoding-api.open-meteo.com/v1/search?name=Cairo&language=es&limit=1
23:38:06.081 [main] DEBUG com.weatherapp.client.OpenMeteoClient - Respuesta exitosa (200 OK)
23:38:06.081 [main] DEBUG com.weatherapp.client.WeatherDataParser - Ciudad resuelta: Cairo, Egipto (30.06263, 31.24967)
23:38:06.081 [main] DEBUG com.weatherapp.service.WeatherService - Ubicaci¾n resuelta: GeoLocation{ciudad='Cairo, Egipto', latitud=30,0626, longitud=31,2497}
23:38:06.081 [main] INFO com.weatherapp.client.OpenMeteoClient - Obteniendo datos climßticos para: Cairo, Egipto
23:38:06.081 [main] DEBUG com.weatherapp.client.OpenMeteoClient - Intento 1/3: GET https://api.open-meteo.com/v1/forecast?latitude=30.0626&longitude=31.2497&current=temperature_2m,apparent_temperature,relative_humidity_2m,weather_code&temperature_unit=celsius
23:38:16.093 [main] WARN com.weatherapp.client.OpenMeteoClient - Error de conexi¾n: HttpConnectTimeoutException - HTTP connect timed out
23:38:16.094 [main] DEBUG com.weatherapp.client.OpenMeteoClient - Reintentando en 1000ms...
23:38:17.103 [main] DEBUG com.weatherapp.client.OpenMeteoClient - Intento 2/3: GET https://api.open-meteo.com/v1/forecast?latitude=30.0626&longitude=31.2497&current=temperature_2m,apparent_temperature,relative_humidity_2m,weather_code&temperature_unit=celsius
23:38:17.848 [main] DEBUG com.weatherapp.client.OpenMeteoClient - Respuesta exitosa (200 OK)
23:38:17.848 [main] DEBUG com.weatherapp.client.WeatherDataParser - Clima obtenido: 13.2 - ?? Mayormente despejado
23:38:17.848 [main] INFO com.weatherapp.service.WeatherService - ? Datos climßticos obtenidos exitosamente para: Cairo, Egipto
23:38:17.852 [main] INFO com.weatherapp.service.WeatherService - Buscando clima para: 'Sao Paulo'
23:38:17.852 [main] INFO com.weatherapp.client.OpenMeteoClient - Resolviendo ciudad: Sao Paulo
23:38:17.853 [main] DEBUG com.weatherapp.client.OpenMeteoClient - Intento 1/3: GET https://geocoding-api.open-meteo.com/v1/search?name=Sao+Paulo&language=es&limit=1
23:38:18.626 [main] DEBUG com.weatherapp.client.OpenMeteoClient - Respuesta exitosa (200 OK)
23:38:18.626 [main] DEBUG com.weatherapp.client.WeatherDataParser - Ciudad resuelta: SÒo Paulo, Brasil (-23.5475, -46.63611)
23:38:18.626 [main] DEBUG com.weatherapp.service.WeatherService - Ubicaci¾n resuelta: GeoLocation{ciudad='SÒo Paulo, Brasil', latitud=-23,5475, longitud=-46,6361}
23:38:18.626 [main] INFO com.weatherapp.client.OpenMeteoClient - Obteniendo datos climßticos para: SÒo Paulo, Brasil
23:38:18.626 [main] DEBUG com.weatherapp.client.OpenMeteoClient - Intento 1/3: GET https://api.open-meteo.com/v1/forecast?latitude=-23.5475&longitude=-46.6361&current=temperature_2m,apparent_temperature,relative_humidity_2m,weather_code&temperature_unit=celsius
23:38:19.399 [main] DEBUG com.weatherapp.client.OpenMeteoClient - Respuesta exitosa (200 OK)
23:38:19.399 [main] DEBUG com.weatherapp.client.WeatherDataParser - Clima obtenido: 20.1 - ?? Mayormente despejado
23:38:19.399 [main] INFO com.weatherapp.service.WeatherService - ? Datos climßticos obtenidos exitosamente para: SÒo Paulo, Brasil
23:38:19.401 [main] INFO com.weatherapp.service.WeatherService - Buscando clima para: 'New York'
23:38:19.401 [main] INFO com.weatherapp.client.OpenMeteoClient - Resolviendo ciudad: New York
23:38:19.401 [main] DEBUG com.weatherapp.client.OpenMeteoClient - Intento 1/3: GET https://geocoding-api.open-meteo.com/v1/search?name=New+York&language=es&limit=1
23:38:20.119 [main] DEBUG com.weatherapp.client.OpenMeteoClient - Respuesta exitosa (200 OK)
23:38:20.119 [main] DEBUG com.weatherapp.client.WeatherDataParser - Ciudad resuelta: York, Estados Unidos (40.86807, -97.592)
23:38:20.119 [main] DEBUG com.weatherapp.service.WeatherService - Ubicaci¾n resuelta: GeoLocation{ciudad='York, Estados Unidos', latitud=40,8681, longitud=-97,5920}
23:38:20.119 [main] INFO com.weatherapp.client.OpenMeteoClient - Obteniendo datos climßticos para: York, Estados Unidos
23:38:20.119 [main] DEBUG com.weatherapp.client.OpenMeteoClient - Intento 1/3: GET https://api.open-meteo.com/v1/forecast?latitude=40.8681&longitude=-97.5920&current=temperature_2m,apparent_temperature,relative_humidity_2m,weather_code&temperature_unit=celsius
23:38:30.122 [main] WARN com.weatherapp.client.OpenMeteoClient - Error de conexi¾n: HttpConnectTimeoutException - HTTP connect timed out
23:38:30.122 [main] DEBUG com.weatherapp.client.OpenMeteoClient - Reintentando en 1000ms...
23:38:31.127 [main] DEBUG com.weatherapp.client.OpenMeteoClient - Intento 2/3: GET https://api.open-meteo.com/v1/forecast?latitude=40.8681&longitude=-97.5920&current=temperature_2m,apparent_temperature,relative_humidity_2m,weather_code&temperature_unit=celsius
23:38:31.879 [main] DEBUG com.weatherapp.client.OpenMeteoClient - Respuesta exitosa (200 OK)
23:38:31.879 [main] DEBUG com.weatherapp.client.WeatherDataParser - Clima obtenido: 3.0 - ?? Despejado
23:38:31.879 [main] INFO com.weatherapp.service.WeatherService - ? Datos climßticos obtenidos exitosamente para: York, Estados Unidos
23:38:31.881 [main] INFO com.weatherapp.service.WeatherService - Buscando clima para: 'Madrid'
23:38:31.881 [main] INFO com.weatherapp.client.OpenMeteoClient - Resolviendo ciudad: Madrid
23:38:31.881 [main] DEBUG com.weatherapp.client.OpenMeteoClient - Intento 1/3: GET https://geocoding-api.open-meteo.com/v1/search?name=Madrid&language=es&limit=1
23:38:32.651 [main] DEBUG com.weatherapp.client.OpenMeteoClient - Respuesta exitosa (200 OK)
23:38:32.651 [main] DEBUG com.weatherapp.client.WeatherDataParser - Ciudad resuelta: Madrid, Espa±a (40.4165, -3.70256)
23:38:32.651 [main] DEBUG com.weatherapp.service.WeatherService - Ubicaci¾n resuelta: GeoLocation{ciudad='Madrid, Espa±a', latitud=40,4165, longitud=-3,7026}
23:38:32.651 [main] INFO com.weatherapp.client.OpenMeteoClient - Obteniendo datos climßticos para: Madrid, Espa±a
23:38:32.651 [main] DEBUG com.weatherapp.client.OpenMeteoClient - Intento 1/3: GET https://api.open-meteo.com/v1/forecast?latitude=40.4165&longitude=-3.7026&current=temperature_2m,apparent_temperature,relative_humidity_2m,weather_code&temperature_unit=celsius
23:38:42.665 [main] WARN com.weatherapp.client.OpenMeteoClient - Error de conexi¾n: HttpConnectTimeoutException - HTTP connect timed out
23:38:42.665 [main] DEBUG com.weatherapp.client.OpenMeteoClient - Reintentando en 1000ms...
23:38:43.678 [main] DEBUG com.weatherapp.client.OpenMeteoClient - Intento 2/3: GET https://api.open-meteo.com/v1/forecast?latitude=40.4165&longitude=-3.7026&current=temperature_2m,apparent_temperature,relative_humidity_2m,weather_code&temperature_unit=celsius
23:38:44.505 [main] DEBUG com.weatherapp.client.OpenMeteoClient - Respuesta exitosa (200 OK)
23:38:44.505 [main] DEBUG com.weatherapp.client.WeatherDataParser - Clima obtenido: 6.0 - ?? Mayormente despejado
23:38:44.505 [main] INFO com.weatherapp.service.WeatherService - ? Datos climßticos obtenidos exitosamente para: Madrid, Espa±a
23:38:44.509 [main] INFO com.weatherapp.service.WeatherService - Buscando clima para: 'Madrid'
23:38:44.509 [main] INFO com.weatherapp.client.OpenMeteoClient - Resolviendo ciudad: Madrid
23:38:44.509 [main] DEBUG com.weatherapp.client.OpenMeteoClient - Intento 1/3: GET https://geocoding-api.open-meteo.com/v1/search?name=Madrid&language=es&limit=1
23:38:45.221 [main] DEBUG com.weatherapp.client.OpenMeteoClient - Respuesta exitosa (200 OK)
23:38:45.221 [main] DEBUG com.weatherapp.client.WeatherDataParser - Ciudad resuelta: Madrid, Espa±a (40.4165, -3.70256)
23:38:45.221 [main] DEBUG com.weatherapp.service.WeatherService - Ubicaci¾n resuelta: GeoLocation{ciudad='Madrid, Espa±a', latitud=40,4165, longitud=-3,7026}
23:38:45.221 [main] INFO com.weatherapp.client.OpenMeteoClient - Obteniendo datos climßticos para: Madrid, Espa±a
23:38:45.221 [main] DEBUG com.weatherapp.client.OpenMeteoClient - Intento 1/3: GET https://api.open-meteo.com/v1/forecast?latitude=40.4165&longitude=-3.7026&current=temperature_2m,apparent_temperature,relative_humidity_2m,weather_code&temperature_unit=fahrenheit
23:38:55.225 [main] WARN com.weatherapp.client.OpenMeteoClient - Error de conexi¾n: HttpConnectTimeoutException - HTTP connect timed out
23:38:55.225 [main] DEBUG com.weatherapp.client.OpenMeteoClient - Reintentando en 1000ms...
23:38:56.237 [main] DEBUG com.weatherapp.client.OpenMeteoClient - Intento 2/3: GET https://api.open-meteo.com/v1/forecast?latitude=40.4165&longitude=-3.7026&current=temperature_2m,apparent_temperature,relative_humidity_2m,weather_code&temperature_unit=fahrenheit
23:38:57.043 [main] DEBUG com.weatherapp.client.OpenMeteoClient - Respuesta exitosa (200 OK)
23:38:57.043 [main] DEBUG com.weatherapp.client.WeatherDataParser - Clima obtenido: 42.8 - ?? Mayormente despejado
23:38:57.043 [main] INFO com.weatherapp.service.WeatherService - ? Datos climßticos obtenidos exitosamente para: Madrid, Espa±a
23:38:57.045 [main] INFO com.weatherapp.service.WeatherService - Buscando clima para: 'Reykjavik'
23:38:57.045 [main] INFO com.weatherapp.client.OpenMeteoClient - Resolviendo ciudad: Reykjavik
23:38:57.045 [main] DEBUG com.weatherapp.client.OpenMeteoClient - Intento 1/3: GET https://geocoding-api.open-meteo.com/v1/search?name=Reykjavik&language=es&limit=1
23:38:57.821 [main] DEBUG com.weatherapp.client.OpenMeteoClient - Respuesta exitosa (200 OK)
23:38:57.821 [main] DEBUG com.weatherapp.client.WeatherDataParser - Ciudad resuelta: Reikiavik, Islandia (64.13548, -21.89541)
23:38:57.821 [main] DEBUG com.weatherapp.service.WeatherService - Ubicaci¾n resuelta: GeoLocation{ciudad='Reikiavik, Islandia', latitud=64,1355, longitud=-21,8954}
23:38:57.821 [main] INFO com.weatherapp.client.OpenMeteoClient - Obteniendo datos climßticos para: Reikiavik, Islandia
23:38:57.821 [main] DEBUG com.weatherapp.client.OpenMeteoClient - Intento 1/3: GET https://api.open-meteo.com/v1/forecast?latitude=64.1355&longitude=-21.8954&current=temperature_2m,apparent_temperature,relative_humidity_2m,weather_code&temperature_unit=celsius
23:38:58.575 [main] DEBUG com.weatherapp.client.OpenMeteoClient - Respuesta exitosa (200 OK)
23:38:58.575 [main] DEBUG com.weatherapp.client.WeatherDataParser - Clima obtenido: 0.0 - ?? Parcialmente nublado
23:38:58.575 [main] INFO com.weatherapp.service.WeatherService - ? Datos climßticos obtenidos exitosamente para: Reikiavik, Islandia
23:38:58.575 [main] INFO com.weatherapp.service.WeatherService - Buscando clima para: 'Singapore'
23:38:58.575 [main] INFO com.weatherapp.client.OpenMeteoClient - Resolviendo ciudad: Singapore
23:38:58.575 [main] DEBUG com.weatherapp.client.OpenMeteoClient - Intento 1/3: GET https://geocoding-api.open-meteo.com/v1/search?name=Singapore&language=es&limit=1
23:38:58.768 [main] DEBUG com.weatherapp.client.OpenMeteoClient - Respuesta exitosa (200 OK)
23:38:58.768 [main] DEBUG com.weatherapp.client.WeatherDataParser - Ciudad resuelta: Singapur, Singapur (1.28967, 103.85007)
23:38:58.768 [main] DEBUG com.weatherapp.service.WeatherService - Ubicaci¾n resuelta: GeoLocation{ciudad='Singapur, Singapur', latitud=1,2897, longitud=103,8501}
23:38:58.768 [main] INFO com.weatherapp.client.OpenMeteoClient - Obteniendo datos climßticos para: Singapur, Singapur
23:38:58.768 [main] DEBUG com.weatherapp.client.OpenMeteoClient - Intento 1/3: GET https://api.open-meteo.com/v1/forecast?latitude=1.2897&longitude=103.8501&current=temperature_2m,apparent_temperature,relative_humidity_2m,weather_code&temperature_unit=celsius
23:38:58.954 [main] DEBUG com.weatherapp.client.OpenMeteoClient - Respuesta exitosa (200 OK)
23:38:58.954 [main] DEBUG com.weatherapp.client.WeatherDataParser - Clima obtenido: 32.4 - ?? Mayormente despejado
23:38:58.954 [main] INFO com.weatherapp.service.WeatherService - ? Datos climßticos obtenidos exitosamente para: Singapur, Singapur
23:38:58.956 [main] INFO com.weatherapp.service.WeatherService - Buscando clima para: 'Barcelona'
23:38:58.957 [main] INFO com.weatherapp.client.OpenMeteoClient - Resolviendo ciudad: Barcelona
23:38:58.957 [main] DEBUG com.weatherapp.client.OpenMeteoClient - Intento 1/3: GET https://geocoding-api.open-meteo.com/v1/search?name=Barcelona&language=es&limit=1
23:38:59.737 [main] DEBUG com.weatherapp.client.OpenMeteoClient - Respuesta exitosa (200 OK)
23:38:59.737 [main] DEBUG com.weatherapp.client.WeatherDataParser - Ciudad resuelta: Barcelona, Espa±a (41.38879, 2.15899)
23:38:59.737 [main] DEBUG com.weatherapp.service.WeatherService - Ubicaci¾n resuelta: GeoLocation{ciudad='Barcelona, Espa±a', latitud=41,3888, longitud=2,1590}
23:38:59.737 [main] INFO com.weatherapp.client.OpenMeteoClient - Obteniendo datos climßticos para: Barcelona, Espa±a
23:38:59.737 [main] DEBUG com.weatherapp.client.OpenMeteoClient - Intento 1/3: GET https://api.open-meteo.com/v1/forecast?latitude=41.3888&longitude=2.1590&current=temperature_2m,apparent_temperature,relative_humidity_2m,weather_code&temperature_unit=celsius
23:39:00.496 [main] DEBUG com.weatherapp.client.OpenMeteoClient - Respuesta exitosa (200 OK)
23:39:00.496 [main] DEBUG com.weatherapp.client.WeatherDataParser - Clima obtenido: 10.3 - ?? Mayormente despejado
23:39:00.496 [main] INFO com.weatherapp.service.WeatherService - ? Datos climßticos obtenidos exitosamente para: Barcelona, Espa±a
23:39:00.499 [main] INFO com.weatherapp.service.WeatherService - Buscando clima para: 'Madrid'
23:39:00.500 [main] INFO com.weatherapp.client.OpenMeteoClient - Resolviendo ciudad: Madrid
23:39:00.500 [main] DEBUG com.weatherapp.client.OpenMeteoClient - Intento 1/3: GET https://geocoding-api.open-meteo.com/v1/search?name=Madrid&language=es&limit=1
23:39:01.245 [main] DEBUG com.weatherapp.client.OpenMeteoClient - Respuesta exitosa (200 OK)
23:39:01.246 [main] DEBUG com.weatherapp.client.WeatherDataParser - Ciudad resuelta: Madrid, Espa±a (40.4165, -3.70256)
23:39:01.246 [main] DEBUG com.weatherapp.service.WeatherService - Ubicaci¾n resuelta: GeoLocation{ciudad='Madrid, Espa±a', latitud=40,4165, longitud=-3,7026}
23:39:01.246 [main] INFO com.weatherapp.client.OpenMeteoClient - Obteniendo datos climßticos para: Madrid, Espa±a
23:39:01.246 [main] DEBUG com.weatherapp.client.OpenMeteoClient - Intento 1/3: GET https://api.open-meteo.com/v1/forecast?latitude=40.4165&longitude=-3.7026&current=temperature_2m,apparent_temperature,relative_humidity_2m,weather_code&temperature_unit=kelvin
23:39:01.987 [main] WARN com.weatherapp.client.OpenMeteoClient - Error HTTP 400
23:39:01.987 [main] DEBUG com.weatherapp.client.OpenMeteoClient - Reintentando en 1000ms...
23:39:02.996 [main] DEBUG com.weatherapp.client.OpenMeteoClient - Intento 2/3: GET https://api.open-meteo.com/v1/forecast?latitude=40.4165&longitude=-3.7026&current=temperature_2m,apparent_temperature,relative_humidity_2m,weather_code&temperature_unit=kelvin
23:39:03.178 [main] WARN com.weatherapp.client.OpenMeteoClient - Error HTTP 400
23:39:03.178 [main] DEBUG com.weatherapp.client.OpenMeteoClient - Reintentando en 2000ms...
23:39:05.184 [main] DEBUG com.weatherapp.client.OpenMeteoClient - Intento 3/3: GET https://api.open-meteo.com/v1/forecast?latitude=40.4165&longitude=-3.7026&current=temperature_2m,apparent_temperature,relative_humidity_2m,weather_code&temperature_unit=kelvin
23:39:05.366 [main] WARN com.weatherapp.client.OpenMeteoClient - Error HTTP 400
23:39:05.366 [main] ERROR com.weatherapp.client.OpenMeteoClient - Error: No se pudo completar la solicitud despuÚs de 3 intentos
23:39:05.366 [main] WARN com.weatherapp.service.WeatherService - Error del dominio para 'Madrid': Error: No se pudo completar la solicitud despuÚs de 3 intentos
com.weatherapp.exception.NetworkException: Error: No se pudo completar la solicitud despuÚs de 3 intentos
	at com.weatherapp.client.OpenMeteoClient.executeRequestWithRetry(OpenMeteoClient.java:171)
	at com.weatherapp.client.OpenMeteoClient.getWeatherData(OpenMeteoClient.java:105)
	at com.weatherapp.service.WeatherService.getWeatherByCityName(WeatherService.java:58)
	at com.weatherapp.integration.WeatherAppEndToEndTest.testCompleteFlowKelvin(WeatherAppEndToEndTest.java:153)
	at java.base/jdk.internal.reflect.NativeMethodAccessorImpl.invoke0(Native Method)
	at java.base/jdk.internal.reflect.NativeMethodAccessorImpl.invoke(NativeMethodAccessorImpl.java:77)
	at java.base/jdk.internal.reflect.DelegatingMethodAccessorImpl.invoke(DelegatingMethodAccessorImpl.java:43)
	at java.base/java.lang.reflect.Method.invoke(Method.java:568)
	at org.junit.platform.commons.util.ReflectionUtils.invokeMethod(ReflectionUtils.java:727)
	at org.junit.jupiter.engine.execution.MethodInvocation.proceed(MethodInvocation.java:60)
	at org.junit.jupiter.engine.execution.InvocationInterceptorChain$ValidatingInvocation.proceed(InvocationInterceptorChain.java:131)
	at org.junit.jupiter.engine.extension.TimeoutExtension.intercept(TimeoutExtension.java:156)
	at org.junit.jupiter.engine.extension.TimeoutExtension.interceptTestableMethod(TimeoutExtension.java:147)
	at org.junit.jupiter.engine.extension.TimeoutExtension.interceptTestMethod(TimeoutExtension.java:86)
	at org.junit.jupiter.engine.execution.InterceptingExecutableInvoker$ReflectiveInterceptorCall.lambda$ofVoidMethod$0(InterceptingExecutableInvoker.java:103)
	at org.junit.jupiter.engine.execution.InterceptingExecutableInvoker.lambda$invoke$0(InterceptingExecutableInvoker.java:93)
	at org.junit.jupiter.engine.execution.InvocationInterceptorChain$InterceptedInvocation.proceed(InvocationInterceptorChain.java:106)
	at org.junit.jupiter.engine.execution.InvocationInterceptorChain.proceed(InvocationInterceptorChain.java:64)
	at org.junit.jupiter.engine.execution.InvocationInterceptorChain.chainAndInvoke(InvocationInterceptorChain.java:45)
	at org.junit.jupiter.engine.execution.InvocationInterceptorChain.invoke(InvocationInterceptorChain.java:37)
	at org.junit.jupiter.engine.execution.InterceptingExecutableInvoker.invoke(InterceptingExecutableInvoker.java:92)
	at org.junit.jupiter.engine.execution.InterceptingExecutableInvoker.invoke(InterceptingExecutableInvoker.java:86)
	at org.junit.jupiter.engine.descriptor.TestMethodTestDescriptor.lambda$invokeTestMethod$7(TestMethodTestDescriptor.java:217)
	at org.junit.platform.engine.support.hierarchical.ThrowableCollector.execute(ThrowableCollector.java:73)
	at org.junit.jupiter.engine.descriptor.TestMethodTestDescriptor.invokeTestMethod(TestMethodTestDescriptor.java:213)
	at org.junit.jupiter.engine.descriptor.TestMethodTestDescriptor.execute(TestMethodTestDescriptor.java:138)
	at org.junit.jupiter.engine.descriptor.TestMethodTestDescriptor.execute(TestMethodTestDescriptor.java:68)
	at org.junit.platform.engine.support.hierarchical.NodeTestTask.lambda$executeRecursively$6(NodeTestTask.java:151)
	at org.junit.platform.engine.support.hierarchical.ThrowableCollector.execute(ThrowableCollector.java:73)
	at org.junit.platform.engine.support.hierarchical.NodeTestTask.lambda$executeRecursively$8(NodeTestTask.java:141)
	at org.junit.platform.engine.support.hierarchical.Node.around(Node.java:137)
	at org.junit.platform.engine.support.hierarchical.NodeTestTask.lambda$executeRecursively$9(NodeTestTask.java:139)
	at org.junit.platform.engine.support.hierarchical.ThrowableCollector.execute(ThrowableCollector.java:73)
	at org.junit.platform.engine.support.hierarchical.NodeTestTask.executeRecursively(NodeTestTask.java:138)
	at org.junit.platform.engine.support.hierarchical.NodeTestTask.execute(NodeTestTask.java:95)
	at java.base/java.util.ArrayList.forEach(ArrayList.java:1511)
	at org.junit.platform.engine.support.hierarchical.SameThreadHierarchicalTestExecutorService.invokeAll(SameThreadHierarchicalTestExecutorService.java:41)
	at org.junit.platform.engine.support.hierarchical.NodeTestTask.lambda$executeRecursively$6(NodeTestTask.java:155)
	at org.junit.platform.engine.support.hierarchical.ThrowableCollector.execute(ThrowableCollector.java:73)
	at org.junit.platform.engine.support.hierarchical.NodeTestTask.lambda$executeRecursively$8(NodeTestTask.java:141)
	at org.junit.platform.engine.support.hierarchical.Node.around(Node.java:137)
	at org.junit.platform.engine.support.hierarchical.NodeTestTask.lambda$executeRecursively$9(NodeTestTask.java:139)
	at org.junit.platform.engine.support.hierarchical.ThrowableCollector.execute(ThrowableCollector.java:73)
	at org.junit.platform.engine.support.hierarchical.NodeTestTask.executeRecursively(NodeTestTask.java:138)
	at org.junit.platform.engine.support.hierarchical.NodeTestTask.execute(NodeTestTask.java:95)
	at java.base/java.util.ArrayList.forEach(ArrayList.java:1511)
	at org.junit.platform.engine.support.hierarchical.SameThreadHierarchicalTestExecutorService.invokeAll(SameThreadHierarchicalTestExecutorService.java:41)
	at org.junit.platform.engine.support.hierarchical.NodeTestTask.lambda$executeRecursively$6(NodeTestTask.java:155)
	at org.junit.platform.engine.support.hierarchical.ThrowableCollector.execute(ThrowableCollector.java:73)
	at org.junit.platform.engine.support.hierarchical.NodeTestTask.lambda$executeRecursively$8(NodeTestTask.java:141)
	at org.junit.platform.engine.support.hierarchical.Node.around(Node.java:137)
	at org.junit.platform.engine.support.hierarchical.NodeTestTask.lambda$executeRecursively$9(NodeTestTask.java:139)
	at org.junit.platform.engine.support.hierarchical.ThrowableCollector.execute(ThrowableCollector.java:73)
	at org.junit.platform.engine.support.hierarchical.NodeTestTask.executeRecursively(NodeTestTask.java:138)
	at org.junit.platform.engine.support.hierarchical.NodeTestTask.execute(NodeTestTask.java:95)
	at org.junit.platform.engine.support.hierarchical.SameThreadHierarchicalTestExecutorService.submit(SameThreadHierarchicalTestExecutorService.java:35)
	at org.junit.platform.engine.support.hierarchical.HierarchicalTestExecutor.execute(HierarchicalTestExecutor.java:57)
	at org.junit.platform.engine.support.hierarchical.HierarchicalTestEngine.execute(HierarchicalTestEngine.java:54)
	at org.junit.platform.launcher.core.DefaultLauncher.execute(DefaultLauncher.java:220)
	at org.junit.platform.launcher.core.DefaultLauncher.lambda$execute$6(DefaultLauncher.java:188)
	at org.junit.platform.launcher.core.DefaultLauncher.withInterceptedStreams(DefaultLauncher.java:202)
	at org.junit.platform.launcher.core.DefaultLauncher.execute(DefaultLauncher.java:181)
	at org.junit.platform.launcher.core.DefaultLauncher.execute(DefaultLauncher.java:128)
	at org.apache.maven.surefire.junitplatform.JUnitPlatformProvider.invokeAllTests(JUnitPlatformProvider.java:150)
	at org.apache.maven.surefire.junitplatform.JUnitPlatformProvider.invoke(JUnitPlatformProvider.java:124)
	at org.apache.maven.surefire.booter.ForkedBooter.invokeProviderInSameClassLoader(ForkedBooter.java:384)
	at org.apache.maven.surefire.booter.ForkedBooter.runSuitesInProcess(ForkedBooter.java:345)
	at org.apache.maven.surefire.booter.ForkedBooter.execute(ForkedBooter.java:126)
	at org.apache.maven.surefire.booter.ForkedBooter.main(ForkedBooter.java:418)
23:39:05.369 [main] INFO com.weatherapp.service.WeatherService - Buscando clima para: 'London'
23:39:05.369 [main] INFO com.weatherapp.client.OpenMeteoClient - Resolviendo ciudad: London
23:39:05.369 [main] DEBUG com.weatherapp.client.OpenMeteoClient - Intento 1/3: GET https://geocoding-api.open-meteo.com/v1/search?name=London&language=es&limit=1
23:39:06.071 [main] DEBUG com.weatherapp.client.OpenMeteoClient - Respuesta exitosa (200 OK)
23:39:06.071 [main] DEBUG com.weatherapp.client.WeatherDataParser - Ciudad resuelta: Londres, Reino Unido (51.50853, -0.12574)
23:39:06.071 [main] DEBUG com.weatherapp.service.WeatherService - Ubicaci¾n resuelta: GeoLocation{ciudad='Londres, Reino Unido', latitud=51,5085, longitud=-0,1257}
23:39:06.071 [main] INFO com.weatherapp.client.OpenMeteoClient - Obteniendo datos climßticos para: Londres, Reino Unido
23:39:06.071 [main] DEBUG com.weatherapp.client.OpenMeteoClient - Intento 1/3: GET https://api.open-meteo.com/v1/forecast?latitude=51.5085&longitude=-0.1257&current=temperature_2m,apparent_temperature,relative_humidity_2m,weather_code&temperature_unit=celsius
23:39:06.847 [main] DEBUG com.weatherapp.client.OpenMeteoClient - Respuesta exitosa (200 OK)
23:39:06.847 [main] DEBUG com.weatherapp.client.WeatherDataParser - Clima obtenido: 10.2 - ?? Parcialmente nublado
23:39:06.847 [main] INFO com.weatherapp.service.WeatherService - ? Datos climßticos obtenidos exitosamente para: Londres, Reino Unido
23:39:06.851 [main] INFO com.weatherapp.service.WeatherService - Buscando clima para: 'Madrid'
23:39:06.851 [main] INFO com.weatherapp.client.OpenMeteoClient - Resolviendo ciudad: Madrid
23:39:06.851 [main] DEBUG com.weatherapp.client.OpenMeteoClient - Intento 1/3: GET https://geocoding-api.open-meteo.com/v1/search?name=Madrid&language=es&limit=1
23:39:07.573 [main] DEBUG com.weatherapp.client.OpenMeteoClient - Respuesta exitosa (200 OK)
23:39:07.573 [main] DEBUG com.weatherapp.client.WeatherDataParser - Ciudad resuelta: Madrid, Espa±a (40.4165, -3.70256)
23:39:07.573 [main] DEBUG com.weatherapp.service.WeatherService - Ubicaci¾n resuelta: GeoLocation{ciudad='Madrid, Espa±a', latitud=40,4165, longitud=-3,7026}
23:39:07.573 [main] INFO com.weatherapp.client.OpenMeteoClient - Obteniendo datos climßticos para: Madrid, Espa±a
23:39:07.573 [main] DEBUG com.weatherapp.client.OpenMeteoClient - Intento 1/3: GET https://api.open-meteo.com/v1/forecast?latitude=40.4165&longitude=-3.7026&current=temperature_2m,apparent_temperature,relative_humidity_2m,weather_code&temperature_unit=celsius
23:39:08.409 [main] DEBUG com.weatherapp.client.OpenMeteoClient - Respuesta exitosa (200 OK)
23:39:08.410 [main] DEBUG com.weatherapp.client.WeatherDataParser - Clima obtenido: 6.0 - ?? Mayormente despejado
23:39:08.410 [main] INFO com.weatherapp.service.WeatherService - ? Datos climßticos obtenidos exitosamente para: Madrid, Espa±a
23:39:08.412 [main] INFO com.weatherapp.service.WeatherService - Buscando clima para: 'Singapore'
23:39:08.412 [main] INFO com.weatherapp.client.OpenMeteoClient - Resolviendo ciudad: Singapore
23:39:08.412 [main] DEBUG com.weatherapp.client.OpenMeteoClient - Intento 1/3: GET https://geocoding-api.open-meteo.com/v1/search?name=Singapore&language=es&limit=1
23:39:09.134 [main] DEBUG com.weatherapp.client.OpenMeteoClient - Respuesta exitosa (200 OK)
23:39:09.134 [main] DEBUG com.weatherapp.client.WeatherDataParser - Ciudad resuelta: Singapur, Singapur (1.28967, 103.85007)
23:39:09.134 [main] DEBUG com.weatherapp.service.WeatherService - Ubicaci¾n resuelta: GeoLocation{ciudad='Singapur, Singapur', latitud=1,2897, longitud=103,8501}
23:39:09.134 [main] INFO com.weatherapp.client.OpenMeteoClient - Obteniendo datos climßticos para: Singapur, Singapur
23:39:09.134 [main] DEBUG com.weatherapp.client.OpenMeteoClient - Intento 1/3: GET https://api.open-meteo.com/v1/forecast?latitude=1.2897&longitude=103.8501&current=temperature_2m,apparent_temperature,relative_humidity_2m,weather_code&temperature_unit=celsius
23:39:09.892 [main] DEBUG com.weatherapp.client.OpenMeteoClient - Respuesta exitosa (200 OK)
23:39:09.892 [main] DEBUG com.weatherapp.client.WeatherDataParser - Clima obtenido: 32.4 - ?? Mayormente despejado
23:39:09.892 [main] INFO com.weatherapp.service.WeatherService - ? Datos climßticos obtenidos exitosamente para: Singapur, Singapur
23:39:09.895 [main] INFO com.weatherapp.service.WeatherService - Buscando clima para: 'Paris'
23:39:09.895 [main] INFO com.weatherapp.client.OpenMeteoClient - Resolviendo ciudad: Paris
23:39:09.895 [main] DEBUG com.weatherapp.client.OpenMeteoClient - Intento 1/3: GET https://geocoding-api.open-meteo.com/v1/search?name=Paris&language=es&limit=1
23:39:10.611 [main] DEBUG com.weatherapp.client.OpenMeteoClient - Respuesta exitosa (200 OK)
23:39:10.613 [main] DEBUG com.weatherapp.client.WeatherDataParser - Ciudad resuelta: ParÝs, Francia (48.85341, 2.3488)
23:39:10.613 [main] DEBUG com.weatherapp.service.WeatherService - Ubicaci¾n resuelta: GeoLocation{ciudad='ParÝs, Francia', latitud=48,8534, longitud=2,3488}
23:39:10.613 [main] INFO com.weatherapp.client.OpenMeteoClient - Obteniendo datos climßticos para: ParÝs, Francia
23:39:10.613 [main] DEBUG com.weatherapp.client.OpenMeteoClient - Intento 1/3: GET https://api.open-meteo.com/v1/forecast?latitude=48.8534&longitude=2.3488&current=temperature_2m,apparent_temperature,relative_humidity_2m,weather_code&temperature_unit=celsius
23:39:11.370 [main] DEBUG com.weatherapp.client.OpenMeteoClient - Respuesta exitosa (200 OK)
23:39:11.370 [main] DEBUG com.weatherapp.client.WeatherDataParser - Clima obtenido: 8.4 - ?? Mayormente despejado
23:39:11.370 [main] INFO com.weatherapp.service.WeatherService - ? Datos climßticos obtenidos exitosamente para: ParÝs, Francia
23:39:11.372 [main] INFO com.weatherapp.service.WeatherService - Buscando clima para: 'Tokyo'
23:39:11.372 [main] INFO com.weatherapp.client.OpenMeteoClient - Resolviendo ciudad: Tokyo
23:39:11.372 [main] DEBUG com.weatherapp.client.OpenMeteoClient - Intento 1/3: GET https://geocoding-api.open-meteo.com/v1/search?name=Tokyo&language=es&limit=1
23:39:12.135 [main] DEBUG com.weatherapp.client.OpenMeteoClient - Respuesta exitosa (200 OK)
23:39:12.136 [main] DEBUG com.weatherapp.client.WeatherDataParser - Ciudad resuelta: Tokio, Jap¾n (35.6895, 139.69171)
23:39:12.136 [main] DEBUG com.weatherapp.service.WeatherService - Ubicaci¾n resuelta: GeoLocation{ciudad='Tokio, Jap¾n', latitud=35,6895, longitud=139,6917}
23:39:12.136 [main] INFO com.weatherapp.client.OpenMeteoClient - Obteniendo datos climßticos para: Tokio, Jap¾n
23:39:12.136 [main] DEBUG com.weatherapp.client.OpenMeteoClient - Intento 1/3: GET https://api.open-meteo.com/v1/forecast?latitude=35.6895&longitude=139.6917&current=temperature_2m,apparent_temperature,relative_humidity_2m,weather_code&temperature_unit=celsius
23:39:12.976 [main] DEBUG com.weatherapp.client.OpenMeteoClient - Respuesta exitosa (200 OK)
23:39:12.976 [main] DEBUG com.weatherapp.client.WeatherDataParser - Clima obtenido: 15.4 - ?? Despejado
23:39:12.976 [main] INFO com.weatherapp.service.WeatherService - ? Datos climßticos obtenidos exitosamente para: Tokio, Jap¾n
23:39:12.978 [main] INFO com.weatherapp.service.WeatherService - Buscando clima para: 'Zurich'
23:39:12.978 [main] INFO com.weatherapp.client.OpenMeteoClient - Resolviendo ciudad: Zurich
23:39:12.978 [main] DEBUG com.weatherapp.client.OpenMeteoClient - Intento 1/3: GET https://geocoding-api.open-meteo.com/v1/search?name=Zurich&language=es&limit=1
23:39:13.690 [main] DEBUG com.weatherapp.client.OpenMeteoClient - Respuesta exitosa (200 OK)
23:39:13.691 [main] DEBUG com.weatherapp.client.WeatherDataParser - Ciudad resuelta: Z·rich, Suiza (47.36667, 8.55)
23:39:13.691 [main] DEBUG com.weatherapp.service.WeatherService - Ubicaci¾n resuelta: GeoLocation{ciudad='Z·rich, Suiza', latitud=47,3667, longitud=8,5500}
23:39:13.691 [main] INFO com.weatherapp.client.OpenMeteoClient - Obteniendo datos climßticos para: Z·rich, Suiza
23:39:13.691 [main] DEBUG com.weatherapp.client.OpenMeteoClient - Intento 1/3: GET https://api.open-meteo.com/v1/forecast?latitude=47.3667&longitude=8.5500&current=temperature_2m,apparent_temperature,relative_humidity_2m,weather_code&temperature_unit=celsius
23:39:14.925 [main] DEBUG com.weatherapp.client.OpenMeteoClient - Respuesta exitosa (200 OK)
23:39:14.925 [main] DEBUG com.weatherapp.client.WeatherDataParser - Clima obtenido: 3.5 - ?? Mayormente despejado
23:39:14.925 [main] INFO com.weatherapp.service.WeatherService - ? Datos climßticos obtenidos exitosamente para: Z·rich, Suiza
23:39:14.928 [main] INFO com.weatherapp.service.WeatherService - Buscando clima para: 'New York'
23:39:14.928 [main] INFO com.weatherapp.client.OpenMeteoClient - Resolviendo ciudad: New York
23:39:14.928 [main] DEBUG com.weatherapp.client.OpenMeteoClient - Intento 1/3: GET https://geocoding-api.open-meteo.com/v1/search?name=New+York&language=es&limit=1
23:39:15.679 [main] DEBUG com.weatherapp.client.OpenMeteoClient - Respuesta exitosa (200 OK)
23:39:15.679 [main] DEBUG com.weatherapp.client.WeatherDataParser - Ciudad resuelta: York, Estados Unidos (40.86807, -97.592)
23:39:15.680 [main] DEBUG com.weatherapp.service.WeatherService - Ubicaci¾n resuelta: GeoLocation{ciudad='York, Estados Unidos', latitud=40,8681, longitud=-97,5920}
23:39:15.680 [main] INFO com.weatherapp.client.OpenMeteoClient - Obteniendo datos climßticos para: York, Estados Unidos
23:39:15.680 [main] DEBUG com.weatherapp.client.OpenMeteoClient - Intento 1/3: GET https://api.open-meteo.com/v1/forecast?latitude=40.8681&longitude=-97.5920&current=temperature_2m,apparent_temperature,relative_humidity_2m,weather_code&temperature_unit=celsius
23:39:16.431 [main] DEBUG com.weatherapp.client.OpenMeteoClient - Respuesta exitosa (200 OK)
23:39:16.431 [main] DEBUG com.weatherapp.client.WeatherDataParser - Clima obtenido: 3.0 - ?? Despejado
23:39:16.432 [main] INFO com.weatherapp.service.WeatherService - ? Datos climßticos obtenidos exitosamente para: York, Estados Unidos
23:39:16.434 [main] INFO com.weatherapp.service.WeatherService - Buscando clima para: 'Madrid'
23:39:16.434 [main] INFO com.weatherapp.client.OpenMeteoClient - Resolviendo ciudad: Madrid
23:39:16.434 [main] DEBUG com.weatherapp.client.OpenMeteoClient - Intento 1/3: GET https://geocoding-api.open-meteo.com/v1/search?name=Madrid&language=es&limit=1
23:39:17.211 [main] DEBUG com.weatherapp.client.OpenMeteoClient - Respuesta exitosa (200 OK)
23:39:17.212 [main] DEBUG com.weatherapp.client.WeatherDataParser - Ciudad resuelta: Madrid, Espa±a (40.4165, -3.70256)
23:39:17.212 [main] DEBUG com.weatherapp.service.WeatherService - Ubicaci¾n resuelta: GeoLocation{ciudad='Madrid, Espa±a', latitud=40,4165, longitud=-3,7026}
23:39:17.212 [main] INFO com.weatherapp.client.OpenMeteoClient - Obteniendo datos climßticos para: Madrid, Espa±a
23:39:17.212 [main] DEBUG com.weatherapp.client.OpenMeteoClient - Intento 1/3: GET https://api.open-meteo.com/v1/forecast?latitude=40.4165&longitude=-3.7026&current=temperature_2m,apparent_temperature,relative_humidity_2m,weather_code&temperature_unit=celsius
23:39:18.055 [main] DEBUG com.weatherapp.client.OpenMeteoClient - Respuesta exitosa (200 OK)
23:39:18.055 [main] DEBUG com.weatherapp.client.WeatherDataParser - Clima obtenido: 6.0 - ?? Mayormente despejado
23:39:18.055 [main] INFO com.weatherapp.service.WeatherService - ? Datos climßticos obtenidos exitosamente para: Madrid, Espa±a
23:39:18.055 [main] INFO com.weatherapp.service.WeatherService - Buscando clima para: 'London'
23:39:18.055 [main] INFO com.weatherapp.client.OpenMeteoClient - Resolviendo ciudad: London
23:39:18.055 [main] DEBUG com.weatherapp.client.OpenMeteoClient - Intento 1/3: GET https://geocoding-api.open-meteo.com/v1/search?name=London&language=es&limit=1
23:39:18.241 [main] DEBUG com.weatherapp.client.OpenMeteoClient - Respuesta exitosa (200 OK)
23:39:18.241 [main] DEBUG com.weatherapp.client.WeatherDataParser - Ciudad resuelta: Londres, Reino Unido (51.50853, -0.12574)
23:39:18.242 [main] DEBUG com.weatherapp.service.WeatherService - Ubicaci¾n resuelta: GeoLocation{ciudad='Londres, Reino Unido', latitud=51,5085, longitud=-0,1257}
23:39:18.242 [main] INFO com.weatherapp.client.OpenMeteoClient - Obteniendo datos climßticos para: Londres, Reino Unido
23:39:18.242 [main] DEBUG com.weatherapp.client.OpenMeteoClient - Intento 1/3: GET https://api.open-meteo.com/v1/forecast?latitude=51.5085&longitude=-0.1257&current=temperature_2m,apparent_temperature,relative_humidity_2m,weather_code&temperature_unit=celsius
23:39:18.442 [main] DEBUG com.weatherapp.client.OpenMeteoClient - Respuesta exitosa (200 OK)
23:39:18.443 [main] DEBUG com.weatherapp.client.WeatherDataParser - Clima obtenido: 10.2 - ?? Parcialmente nublado
23:39:18.443 [main] INFO com.weatherapp.service.WeatherService - ? Datos climßticos obtenidos exitosamente para: Londres, Reino Unido
23:39:18.443 [main] INFO com.weatherapp.service.WeatherService - Buscando clima para: 'Paris'
23:39:18.443 [main] INFO com.weatherapp.client.OpenMeteoClient - Resolviendo ciudad: Paris
23:39:18.443 [main] DEBUG com.weatherapp.client.OpenMeteoClient - Intento 1/3: GET https://geocoding-api.open-meteo.com/v1/search?name=Paris&language=es&limit=1
23:39:18.639 [main] DEBUG com.weatherapp.client.OpenMeteoClient - Respuesta exitosa (200 OK)
23:39:18.639 [main] DEBUG com.weatherapp.client.WeatherDataParser - Ciudad resuelta: ParÝs, Francia (48.85341, 2.3488)
23:39:18.639 [main] DEBUG com.weatherapp.service.WeatherService - Ubicaci¾n resuelta: GeoLocation{ciudad='ParÝs, Francia', latitud=48,8534, longitud=2,3488}
23:39:18.639 [main] INFO com.weatherapp.client.OpenMeteoClient - Obteniendo datos climßticos para: ParÝs, Francia
23:39:18.639 [main] DEBUG com.weatherapp.client.OpenMeteoClient - Intento 1/3: GET https://api.open-meteo.com/v1/forecast?latitude=48.8534&longitude=2.3488&current=temperature_2m,apparent_temperature,relative_humidity_2m,weather_code&temperature_unit=celsius
23:39:18.848 [main] DEBUG com.weatherapp.client.OpenMeteoClient - Respuesta exitosa (200 OK)
23:39:18.848 [main] DEBUG com.weatherapp.client.WeatherDataParser - Clima obtenido: 8.4 - ?? Mayormente despejado
23:39:18.848 [main] INFO com.weatherapp.service.WeatherService - ? Datos climßticos obtenidos exitosamente para: ParÝs, Francia
23:39:18.848 [main] INFO com.weatherapp.service.WeatherService - Buscando clima para: 'Berlin'
23:39:18.848 [main] INFO com.weatherapp.client.OpenMeteoClient - Resolviendo ciudad: Berlin
23:39:18.848 [main] DEBUG com.weatherapp.client.OpenMeteoClient - Intento 1/3: GET https://geocoding-api.open-meteo.com/v1/search?name=Berlin&language=es&limit=1
23:39:19.043 [main] DEBUG com.weatherapp.client.OpenMeteoClient - Respuesta exitosa (200 OK)
23:39:19.043 [main] DEBUG com.weatherapp.client.WeatherDataParser - Ciudad resuelta: BerlÝn, Alemania (52.52437, 13.41053)
23:39:19.043 [main] DEBUG com.weatherapp.service.WeatherService - Ubicaci¾n resuelta: GeoLocation{ciudad='BerlÝn, Alemania', latitud=52,5244, longitud=13,4105}
23:39:19.043 [main] INFO com.weatherapp.client.OpenMeteoClient - Obteniendo datos climßticos para: BerlÝn, Alemania
23:39:19.043 [main] DEBUG com.weatherapp.client.OpenMeteoClient - Intento 1/3: GET https://api.open-meteo.com/v1/forecast?latitude=52.5244&longitude=13.4105&current=temperature_2m,apparent_temperature,relative_humidity_2m,weather_code&temperature_unit=celsius
23:39:19.252 [main] DEBUG com.weatherapp.client.OpenMeteoClient - Respuesta exitosa (200 OK)
23:39:19.252 [main] DEBUG com.weatherapp.client.WeatherDataParser - Clima obtenido: 6.1 - ?? Parcialmente nublado
23:39:19.252 [main] INFO com.weatherapp.service.WeatherService - ? Datos climßticos obtenidos exitosamente para: BerlÝn, Alemania
23:39:19.252 [main] INFO com.weatherapp.service.WeatherService - Buscando clima para: 'Amsterdam'
23:39:19.252 [main] INFO com.weatherapp.client.OpenMeteoClient - Resolviendo ciudad: Amsterdam
23:39:19.252 [main] DEBUG com.weatherapp.client.OpenMeteoClient - Intento 1/3: GET https://geocoding-api.open-meteo.com/v1/search?name=Amsterdam&language=es&limit=1
23:39:19.445 [main] DEBUG com.weatherapp.client.OpenMeteoClient - Respuesta exitosa (200 OK)
23:39:19.445 [main] DEBUG com.weatherapp.client.WeatherDataParser - Ciudad resuelta: ┴msterdam, Holanda (52.37403, 4.88969)
23:39:19.445 [main] DEBUG com.weatherapp.service.WeatherService - Ubicaci¾n resuelta: GeoLocation{ciudad='┴msterdam, Holanda', latitud=52,3740, longitud=4,8897}
23:39:19.446 [main] INFO com.weatherapp.client.OpenMeteoClient - Obteniendo datos climßticos para: ┴msterdam, Holanda
23:39:19.446 [main] DEBUG com.weatherapp.client.OpenMeteoClient - Intento 1/3: GET https://api.open-meteo.com/v1/forecast?latitude=52.3740&longitude=4.8897&current=temperature_2m,apparent_temperature,relative_humidity_2m,weather_code&temperature_unit=celsius
23:39:19.682 [main] DEBUG com.weatherapp.client.OpenMeteoClient - Respuesta exitosa (200 OK)
23:39:19.682 [main] DEBUG com.weatherapp.client.WeatherDataParser - Clima obtenido: 8.9 - ?? Parcialmente nublado
23:39:19.682 [main] INFO com.weatherapp.service.WeatherService - ? Datos climßticos obtenidos exitosamente para: ┴msterdam, Holanda
23:39:19.686 [main] INFO com.weatherapp.service.WeatherService - Buscando clima para: 'Madrid'
23:39:19.686 [main] INFO com.weatherapp.client.OpenMeteoClient - Resolviendo ciudad: Madrid
23:39:19.686 [main] DEBUG com.weatherapp.client.OpenMeteoClient - Intento 1/3: GET https://geocoding-api.open-meteo.com/v1/search?name=Madrid&language=es&limit=1
23:39:20.478 [main] DEBUG com.weatherapp.client.OpenMeteoClient - Respuesta exitosa (200 OK)
23:39:20.479 [main] DEBUG com.weatherapp.client.WeatherDataParser - Ciudad resuelta: Madrid, Espa±a (40.4165, -3.70256)
23:39:20.479 [main] DEBUG com.weatherapp.service.WeatherService - Ubicaci¾n resuelta: GeoLocation{ciudad='Madrid, Espa±a', latitud=40,4165, longitud=-3,7026}
23:39:20.479 [main] INFO com.weatherapp.client.OpenMeteoClient - Obteniendo datos climßticos para: Madrid, Espa±a
23:39:20.479 [main] DEBUG com.weatherapp.client.OpenMeteoClient - Intento 1/3: GET https://api.open-meteo.com/v1/forecast?latitude=40.4165&longitude=-3.7026&current=temperature_2m,apparent_temperature,relative_humidity_2m,weather_code&temperature_unit=celsius
23:39:21.237 [main] DEBUG com.weatherapp.client.OpenMeteoClient - Respuesta exitosa (200 OK)
23:39:21.237 [main] DEBUG com.weatherapp.client.WeatherDataParser - Clima obtenido: 6.0 - ?? Mayormente despejado
23:39:21.237 [main] INFO com.weatherapp.service.WeatherService - ? Datos climßticos obtenidos exitosamente para: Madrid, Espa±a
23:39:21.240 [main] INFO com.weatherapp.service.WeatherService - Buscando clima para: 'Barrow'
23:39:21.240 [main] INFO com.weatherapp.client.OpenMeteoClient - Resolviendo ciudad: Barrow
23:39:21.240 [main] DEBUG com.weatherapp.client.OpenMeteoClient - Intento 1/3: GET https://geocoding-api.open-meteo.com/v1/search?name=Barrow&language=es&limit=1
23:39:21.939 [main] DEBUG com.weatherapp.client.OpenMeteoClient - Respuesta exitosa (200 OK)
23:39:21.939 [main] DEBUG com.weatherapp.client.WeatherDataParser - Ciudad resuelta: Barrow in Furness, Reino Unido (54.11094, -3.22758)
23:39:21.939 [main] DEBUG com.weatherapp.service.WeatherService - Ubicaci¾n resuelta: GeoLocation{ciudad='Barrow in Furness, Reino Unido', latitud=54,1109, longitud=-3,2276}
23:39:21.939 [main] INFO com.weatherapp.client.OpenMeteoClient - Obteniendo datos climßticos para: Barrow in Furness, Reino Unido
23:39:21.939 [main] DEBUG com.weatherapp.client.OpenMeteoClient - Intento 1/3: GET https://api.open-meteo.com/v1/forecast?latitude=54.1109&longitude=-3.2276&current=temperature_2m,apparent_temperature,relative_humidity_2m,weather_code&temperature_unit=celsius
23:39:22.697 [main] DEBUG com.weatherapp.client.OpenMeteoClient - Respuesta exitosa (200 OK)
23:39:22.699 [main] DEBUG com.weatherapp.client.WeatherDataParser - Clima obtenido: 9.5 - ?? Parcialmente nublado
23:39:22.699 [main] INFO com.weatherapp.service.WeatherService - ? Datos climßticos obtenidos exitosamente para: Barrow in Furness, Reino Unido
[INFO] Tests run: 23, Failures: 0, Errors: 0, Skipped: 0, Time elapsed: 80.011 s - in com.weatherapp.integration.WeatherAppEndToEndTest
[INFO] Running com.weatherapp.service.CachedWeatherServiceTest
23:39:23.497 [main] INFO com.weatherapp.cache.WeatherCache - WeatherCache inicializado con TTL: 2000ms (0 minutos)
23:39:23.499 [main] INFO com.weatherapp.service.CachedWeatherService - CachedWeatherService inicializado con cachÚ
23:39:23.531 [main] INFO com.weatherapp.cache.WeatherCache - WeatherCache inicializado con TTL: 2000ms (0 minutos)
23:39:23.533 [main] INFO com.weatherapp.service.CachedWeatherService - CachedWeatherService inicializado con cachÚ
23:39:23.533 [main] DEBUG com.weatherapp.cache.WeatherCache - ? CachÚ MISS para 'madrid'
23:39:23.533 [main] INFO com.weatherapp.service.CachedWeatherService - ? Consultando API para: 'Madrid'
23:39:23.539 [main] DEBUG com.weatherapp.cache.WeatherCache - ? Datos almacenados en cachÚ para 'madrid'
23:39:23.539 [main] INFO com.weatherapp.service.CachedWeatherService - ? Datos obtenidos y almacenados en cachÚ para: 'Madrid'
23:39:23.539 [main] DEBUG com.weatherapp.cache.WeatherCache - ? CachÚ MISS para 'barcelona'
23:39:23.539 [main] INFO com.weatherapp.service.CachedWeatherService - ? Consultando API para: 'Barcelona'
23:39:23.539 [main] DEBUG com.weatherapp.cache.WeatherCache - ? Datos almacenados en cachÚ para 'barcelona'
23:39:23.539 [main] INFO com.weatherapp.service.CachedWeatherService - ? Datos obtenidos y almacenados en cachÚ para: 'Barcelona'
23:39:23.539 [main] INFO com.weatherapp.cache.WeatherCache - ? CachÚ completamente limpiado (2 entradas eliminadas)
23:39:23.539 [main] DEBUG com.weatherapp.cache.WeatherCache - ? CachÚ MISS para 'madrid'
23:39:23.539 [main] INFO com.weatherapp.service.CachedWeatherService - ? Consultando API para: 'Madrid'
23:39:23.540 [main] DEBUG com.weatherapp.cache.WeatherCache - ? Datos almacenados en cachÚ para 'madrid'
23:39:23.540 [main] INFO com.weatherapp.service.CachedWeatherService - ? Datos obtenidos y almacenados en cachÚ para: 'Madrid'
23:39:23.545 [main] INFO com.weatherapp.cache.WeatherCache - WeatherCache inicializado con TTL: 2000ms (0 minutos)
23:39:23.545 [main] INFO com.weatherapp.service.CachedWeatherService - CachedWeatherService inicializado con cachÚ
23:39:23.545 [main] DEBUG com.weatherapp.cache.WeatherCache - ? CachÚ MISS para 'madrid'
23:39:23.545 [main] INFO com.weatherapp.service.CachedWeatherService - ? Consultando API para: 'Madrid'
23:39:23.545 [main] DEBUG com.weatherapp.cache.WeatherCache - ? Datos almacenados en cachÚ para 'madrid'
23:39:23.545 [main] INFO com.weatherapp.service.CachedWeatherService - ? Datos obtenidos y almacenados en cachÚ para: 'Madrid'
23:39:23.549 [main] INFO com.weatherapp.cache.WeatherCache - WeatherCache inicializado con TTL: 2000ms (0 minutos)
23:39:23.549 [main] INFO com.weatherapp.service.CachedWeatherService - CachedWeatherService inicializado con cachÚ
23:39:23.549 [main] DEBUG com.weatherapp.cache.WeatherCache - ? CachÚ MISS para 'madrid'
23:39:23.549 [main] INFO com.weatherapp.service.CachedWeatherService - ? Consultando API para: 'madrid'
23:39:23.549 [main] DEBUG com.weatherapp.cache.WeatherCache - ? Datos almacenados en cachÚ para 'madrid'
23:39:23.549 [main] INFO com.weatherapp.service.CachedWeatherService - ? Datos obtenidos y almacenados en cachÚ para: 'madrid'
23:39:23.549 [main] DEBUG com.weatherapp.cache.WeatherCache - ? CachÚ HIT para 'madrid' (edad: 0ms)
23:39:23.549 [main] INFO com.weatherapp.service.CachedWeatherService - ? Retornando datos de CACH╔ para: 'MADRID'
23:39:23.550 [main] DEBUG com.weatherapp.cache.WeatherCache - ? CachÚ HIT para 'madrid' (edad: 1ms)
23:39:23.550 [main] INFO com.weatherapp.service.CachedWeatherService - ? Retornando datos de CACH╔ para: 'Madrid'
23:39:23.550 [main] DEBUG com.weatherapp.cache.WeatherCache - ? CachÚ HIT para 'madrid' (edad: 1ms)
23:39:23.550 [main] INFO com.weatherapp.service.CachedWeatherService - ? Retornando datos de CACH╔ para: 'MaDrId'
23:39:23.552 [main] INFO com.weatherapp.cache.WeatherCache - WeatherCache inicializado con TTL: 2000ms (0 minutos)
23:39:23.552 [main] INFO com.weatherapp.service.CachedWeatherService - CachedWeatherService inicializado con cachÚ
23:39:23.553 [main] DEBUG com.weatherapp.cache.WeatherCache - ? CachÚ MISS para 'madrid'
23:39:23.553 [main] INFO com.weatherapp.service.CachedWeatherService - ? Consultando API para: 'Madrid'
23:39:23.553 [main] DEBUG com.weatherapp.cache.WeatherCache - ? Datos almacenados en cachÚ para 'madrid'
23:39:23.553 [main] INFO com.weatherapp.service.CachedWeatherService - ? Datos obtenidos y almacenados en cachÚ para: 'Madrid'
23:39:23.554 [main] DEBUG com.weatherapp.cache.WeatherCache - ? CachÚ MISS para 'barcelona'
23:39:23.554 [main] INFO com.weatherapp.service.CachedWeatherService - ? Consultando API para: 'Barcelona'
23:39:23.554 [main] DEBUG com.weatherapp.cache.WeatherCache - ? Datos almacenados en cachÚ para 'barcelona'
23:39:23.554 [main] INFO com.weatherapp.service.CachedWeatherService - ? Datos obtenidos y almacenados en cachÚ para: 'Barcelona'
23:39:23.554 [main] DEBUG com.weatherapp.cache.WeatherCache - ? CachÚ HIT para 'madrid' (edad: 1ms)
23:39:23.554 [main] INFO com.weatherapp.service.CachedWeatherService - ? Retornando datos de CACH╔ para: 'Madrid'
23:39:23.554 [main] DEBUG com.weatherapp.cache.WeatherCache - ? CachÚ HIT para 'barcelona' (edad: 0ms)
23:39:23.554 [main] INFO com.weatherapp.service.CachedWeatherService - ? Retornando datos de CACH╔ para: 'Barcelona'
23:39:23.554 [main] DEBUG com.weatherapp.cache.WeatherCache - ? CachÚ HIT para 'madrid' (edad: 1ms)
23:39:23.554 [main] INFO com.weatherapp.service.CachedWeatherService - ? Retornando datos de CACH╔ para: 'Madrid'
23:39:23.557 [main] INFO com.weatherapp.cache.WeatherCache - WeatherCache inicializado con TTL: 2000ms (0 minutos)
23:39:23.557 [main] INFO com.weatherapp.service.CachedWeatherService - CachedWeatherService inicializado con cachÚ
23:39:23.559 [main] INFO com.weatherapp.cache.WeatherCache - WeatherCache inicializado con TTL: 2000ms (0 minutos)
23:39:23.559 [main] INFO com.weatherapp.service.CachedWeatherService - CachedWeatherService inicializado con cachÚ
23:39:23.560 [main] DEBUG com.weatherapp.cache.WeatherCache - ? CachÚ MISS para 'madrid'
23:39:23.560 [main] INFO com.weatherapp.service.CachedWeatherService - ? Consultando API para: 'Madrid'
23:39:23.560 [main] DEBUG com.weatherapp.cache.WeatherCache - ? Datos almacenados en cachÚ para 'madrid'
23:39:23.560 [main] INFO com.weatherapp.service.CachedWeatherService - ? Datos obtenidos y almacenados en cachÚ para: 'Madrid'
23:39:23.560 [main] DEBUG com.weatherapp.cache.WeatherCache - ? CachÚ HIT para 'madrid' (edad: 0ms)
23:39:23.560 [main] INFO com.weatherapp.service.CachedWeatherService - ? Retornando datos de CACH╔ para: 'Madrid'
23:39:23.563 [main] INFO com.weatherapp.cache.WeatherCache - WeatherCache inicializado con TTL: 2000ms (0 minutos)
23:39:23.563 [main] INFO com.weatherapp.service.CachedWeatherService - CachedWeatherService inicializado con cachÚ
23:39:23.565 [main] DEBUG com.weatherapp.cache.WeatherCache - ? CachÚ MISS para 'madrid'
23:39:23.565 [main] INFO com.weatherapp.service.CachedWeatherService - ? Consultando API para: 'Madrid'
23:39:23.565 [main] DEBUG com.weatherapp.cache.WeatherCache - ? Datos almacenados en cachÚ para 'madrid'
23:39:23.565 [main] INFO com.weatherapp.service.CachedWeatherService - ? Datos obtenidos y almacenados en cachÚ para: 'Madrid'
23:39:23.565 [main] DEBUG com.weatherapp.cache.WeatherCache - ? CachÚ MISS para 'barcelona'
23:39:23.565 [main] INFO com.weatherapp.service.CachedWeatherService - ? Consultando API para: 'Barcelona'
23:39:23.565 [main] DEBUG com.weatherapp.cache.WeatherCache - ? Datos almacenados en cachÚ para 'barcelona'
23:39:23.566 [main] INFO com.weatherapp.service.CachedWeatherService - ? Datos obtenidos y almacenados en cachÚ para: 'Barcelona'
23:39:23.566 [main] DEBUG com.weatherapp.cache.WeatherCache - ? CachÚ MISS para 'valencia'
23:39:23.566 [main] INFO com.weatherapp.service.CachedWeatherService - ? Consultando API para: 'Valencia'
23:39:23.566 [main] DEBUG com.weatherapp.cache.WeatherCache - ? Datos almacenados en cachÚ para 'valencia'
23:39:23.566 [main] INFO com.weatherapp.service.CachedWeatherService - ? Datos obtenidos y almacenados en cachÚ para: 'Valencia'
23:39:23.566 [main] DEBUG com.weatherapp.cache.WeatherCache - ? CachÚ MISS para 'sevilla'
23:39:23.566 [main] INFO com.weatherapp.service.CachedWeatherService - ? Consultando API para: 'Sevilla'
23:39:23.566 [main] DEBUG com.weatherapp.cache.WeatherCache - ? Datos almacenados en cachÚ para 'sevilla'
23:39:23.566 [main] INFO com.weatherapp.service.CachedWeatherService - ? Datos obtenidos y almacenados en cachÚ para: 'Sevilla'
23:39:23.567 [main] DEBUG com.weatherapp.cache.WeatherCache - ? CachÚ MISS para 'bilbao'
23:39:23.567 [main] INFO com.weatherapp.service.CachedWeatherService - ? Consultando API para: 'Bilbao'
23:39:23.567 [main] DEBUG com.weatherapp.cache.WeatherCache - ? Datos almacenados en cachÚ para 'bilbao'
23:39:23.567 [main] INFO com.weatherapp.service.CachedWeatherService - ? Datos obtenidos y almacenados en cachÚ para: 'Bilbao'
23:39:23.567 [main] DEBUG com.weatherapp.cache.WeatherCache - ? CachÚ HIT para 'madrid' (edad: 2ms)
23:39:23.567 [main] INFO com.weatherapp.service.CachedWeatherService - ? Retornando datos de CACH╔ para: 'Madrid'
23:39:23.567 [main] DEBUG com.weatherapp.cache.WeatherCache - ? CachÚ HIT para 'barcelona' (edad: 2ms)
23:39:23.567 [main] INFO com.weatherapp.service.CachedWeatherService - ? Retornando datos de CACH╔ para: 'Barcelona'
23:39:23.567 [main] DEBUG com.weatherapp.cache.WeatherCache - ? CachÚ HIT para 'valencia' (edad: 1ms)
23:39:23.567 [main] INFO com.weatherapp.service.CachedWeatherService - ? Retornando datos de CACH╔ para: 'Valencia'
23:39:23.567 [main] DEBUG com.weatherapp.cache.WeatherCache - ? CachÚ HIT para 'sevilla' (edad: 1ms)
23:39:23.567 [main] INFO com.weatherapp.service.CachedWeatherService - ? Retornando datos de CACH╔ para: 'Sevilla'
23:39:23.567 [main] DEBUG com.weatherapp.cache.WeatherCache - ? CachÚ HIT para 'bilbao' (edad: 0ms)
23:39:23.567 [main] INFO com.weatherapp.service.CachedWeatherService - ? Retornando datos de CACH╔ para: 'Bilbao'
23:39:23.567 [main] DEBUG com.weatherapp.cache.WeatherCache - ? CachÚ HIT para 'madrid' (edad: 2ms)
23:39:23.567 [main] INFO com.weatherapp.service.CachedWeatherService - ? Retornando datos de CACH╔ para: 'Madrid'
23:39:23.567 [main] DEBUG com.weatherapp.cache.WeatherCache - ? CachÚ HIT para 'barcelona' (edad: 2ms)
23:39:23.567 [main] INFO com.weatherapp.service.CachedWeatherService - ? Retornando datos de CACH╔ para: 'Barcelona'
23:39:23.567 [main] DEBUG com.weatherapp.cache.WeatherCache - ? CachÚ HIT para 'valencia' (edad: 1ms)
23:39:23.567 [main] INFO com.weatherapp.service.CachedWeatherService - ? Retornando datos de CACH╔ para: 'Valencia'
23:39:23.567 [main] DEBUG com.weatherapp.cache.WeatherCache - ? CachÚ HIT para 'sevilla' (edad: 1ms)
23:39:23.567 [main] INFO com.weatherapp.service.CachedWeatherService - ? Retornando datos de CACH╔ para: 'Sevilla'
23:39:23.567 [main] DEBUG com.weatherapp.cache.WeatherCache - ? CachÚ HIT para 'bilbao' (edad: 0ms)
23:39:23.567 [main] INFO com.weatherapp.service.CachedWeatherService - ? Retornando datos de CACH╔ para: 'Bilbao'
23:39:23.569 [main] DEBUG com.weatherapp.cache.WeatherCache - ? CachÚ HIT para 'madrid' (edad: 4ms)
23:39:23.569 [main] INFO com.weatherapp.service.CachedWeatherService - ? Retornando datos de CACH╔ para: 'Madrid'
23:39:23.569 [main] DEBUG com.weatherapp.cache.WeatherCache - ? CachÚ HIT para 'barcelona' (edad: 4ms)
23:39:23.569 [main] INFO com.weatherapp.service.CachedWeatherService - ? Retornando datos de CACH╔ para: 'Barcelona'
23:39:23.569 [main] DEBUG com.weatherapp.cache.WeatherCache - ? CachÚ HIT para 'valencia' (edad: 3ms)
23:39:23.569 [main] INFO com.weatherapp.service.CachedWeatherService - ? Retornando datos de CACH╔ para: 'Valencia'
23:39:23.569 [main] DEBUG com.weatherapp.cache.WeatherCache - ? CachÚ HIT para 'sevilla' (edad: 3ms)
23:39:23.569 [main] INFO com.weatherapp.service.CachedWeatherService - ? Retornando datos de CACH╔ para: 'Sevilla'
23:39:23.569 [main] DEBUG com.weatherapp.cache.WeatherCache - ? CachÚ HIT para 'bilbao' (edad: 2ms)
23:39:23.569 [main] INFO com.weatherapp.service.CachedWeatherService - ? Retornando datos de CACH╔ para: 'Bilbao'
23:39:23.569 [main] DEBUG com.weatherapp.cache.WeatherCache - ? CachÚ HIT para 'madrid' (edad: 4ms)
23:39:23.569 [main] INFO com.weatherapp.service.CachedWeatherService - ? Retornando datos de CACH╔ para: 'Madrid'
23:39:23.569 [main] DEBUG com.weatherapp.cache.WeatherCache - ? CachÚ HIT para 'barcelona' (edad: 4ms)
23:39:23.569 [main] INFO com.weatherapp.service.CachedWeatherService - ? Retornando datos de CACH╔ para: 'Barcelona'
23:39:23.569 [main] DEBUG com.weatherapp.cache.WeatherCache - ? CachÚ HIT para 'valencia' (edad: 3ms)
23:39:23.570 [main] INFO com.weatherapp.service.CachedWeatherService - ? Retornando datos de CACH╔ para: 'Valencia'
23:39:23.570 [main] DEBUG com.weatherapp.cache.WeatherCache - ? CachÚ HIT para 'sevilla' (edad: 4ms)
23:39:23.570 [main] INFO com.weatherapp.service.CachedWeatherService - ? Retornando datos de CACH╔ para: 'Sevilla'
23:39:23.570 [main] DEBUG com.weatherapp.cache.WeatherCache - ? CachÚ HIT para 'bilbao' (edad: 3ms)
23:39:23.570 [main] INFO com.weatherapp.service.CachedWeatherService - ? Retornando datos de CACH╔ para: 'Bilbao'
23:39:23.570 [main] DEBUG com.weatherapp.cache.WeatherCache - ? CachÚ HIT para 'madrid' (edad: 5ms)
23:39:23.570 [main] INFO com.weatherapp.service.CachedWeatherService - ? Retornando datos de CACH╔ para: 'Madrid'
23:39:23.570 [main] DEBUG com.weatherapp.cache.WeatherCache - ? CachÚ HIT para 'barcelona' (edad: 5ms)
23:39:23.570 [main] INFO com.weatherapp.service.CachedWeatherService - ? Retornando datos de CACH╔ para: 'Barcelona'
23:39:23.570 [main] DEBUG com.weatherapp.cache.WeatherCache - ? CachÚ HIT para 'valencia' (edad: 4ms)
23:39:23.570 [main] INFO com.weatherapp.service.CachedWeatherService - ? Retornando datos de CACH╔ para: 'Valencia'
23:39:23.570 [main] DEBUG com.weatherapp.cache.WeatherCache - ? CachÚ HIT para 'sevilla' (edad: 4ms)
23:39:23.570 [main] INFO com.weatherapp.service.CachedWeatherService - ? Retornando datos de CACH╔ para: 'Sevilla'
23:39:23.570 [main] DEBUG com.weatherapp.cache.WeatherCache - ? CachÚ HIT para 'bilbao' (edad: 3ms)
23:39:23.570 [main] INFO com.weatherapp.service.CachedWeatherService - ? Retornando datos de CACH╔ para: 'Bilbao'
23:39:23.571 [main] DEBUG com.weatherapp.cache.WeatherCache - ? CachÚ HIT para 'madrid' (edad: 6ms)
23:39:23.571 [main] INFO com.weatherapp.service.CachedWeatherService - ? Retornando datos de CACH╔ para: 'Madrid'
23:39:23.571 [main] DEBUG com.weatherapp.cache.WeatherCache - ? CachÚ HIT para 'barcelona' (edad: 6ms)
23:39:23.571 [main] INFO com.weatherapp.service.CachedWeatherService - ? Retornando datos de CACH╔ para: 'Barcelona'
23:39:23.571 [main] DEBUG com.weatherapp.cache.WeatherCache - ? CachÚ HIT para 'valencia' (edad: 5ms)
23:39:23.571 [main] INFO com.weatherapp.service.CachedWeatherService - ? Retornando datos de CACH╔ para: 'Valencia'
23:39:23.571 [main] DEBUG com.weatherapp.cache.WeatherCache - ? CachÚ HIT para 'sevilla' (edad: 5ms)
23:39:23.571 [main] INFO com.weatherapp.service.CachedWeatherService - ? Retornando datos de CACH╔ para: 'Sevilla'
23:39:23.571 [main] DEBUG com.weatherapp.cache.WeatherCache - ? CachÚ HIT para 'bilbao' (edad: 4ms)
23:39:23.571 [main] INFO com.weatherapp.service.CachedWeatherService - ? Retornando datos de CACH╔ para: 'Bilbao'
23:39:23.571 [main] DEBUG com.weatherapp.cache.WeatherCache - ? CachÚ HIT para 'madrid' (edad: 6ms)
23:39:23.571 [main] INFO com.weatherapp.service.CachedWeatherService - ? Retornando datos de CACH╔ para: 'Madrid'
23:39:23.571 [main] DEBUG com.weatherapp.cache.WeatherCache - ? CachÚ HIT para 'barcelona' (edad: 6ms)
23:39:23.571 [main] INFO com.weatherapp.service.CachedWeatherService - ? Retornando datos de CACH╔ para: 'Barcelona'
23:39:23.571 [main] DEBUG com.weatherapp.cache.WeatherCache - ? CachÚ HIT para 'valencia' (edad: 5ms)
23:39:23.571 [main] INFO com.weatherapp.service.CachedWeatherService - ? Retornando datos de CACH╔ para: 'Valencia'
23:39:23.571 [main] DEBUG com.weatherapp.cache.WeatherCache - ? CachÚ HIT para 'sevilla' (edad: 5ms)
23:39:23.571 [main] INFO com.weatherapp.service.CachedWeatherService - ? Retornando datos de CACH╔ para: 'Sevilla'
23:39:23.571 [main] DEBUG com.weatherapp.cache.WeatherCache - ? CachÚ HIT para 'bilbao' (edad: 4ms)
23:39:23.571 [main] INFO com.weatherapp.service.CachedWeatherService - ? Retornando datos de CACH╔ para: 'Bilbao'
23:39:23.572 [main] DEBUG com.weatherapp.cache.WeatherCache - ? CachÚ HIT para 'madrid' (edad: 7ms)
23:39:23.572 [main] INFO com.weatherapp.service.CachedWeatherService - ? Retornando datos de CACH╔ para: 'Madrid'
23:39:23.572 [main] DEBUG com.weatherapp.cache.WeatherCache - ? CachÚ HIT para 'barcelona' (edad: 7ms)
23:39:23.572 [main] INFO com.weatherapp.service.CachedWeatherService - ? Retornando datos de CACH╔ para: 'Barcelona'
23:39:23.572 [main] DEBUG com.weatherapp.cache.WeatherCache - ? CachÚ HIT para 'valencia' (edad: 6ms)
23:39:23.572 [main] INFO com.weatherapp.service.CachedWeatherService - ? Retornando datos de CACH╔ para: 'Valencia'
23:39:23.572 [main] DEBUG com.weatherapp.cache.WeatherCache - ? CachÚ HIT para 'sevilla' (edad: 6ms)
23:39:23.572 [main] INFO com.weatherapp.service.CachedWeatherService - ? Retornando datos de CACH╔ para: 'Sevilla'
23:39:23.572 [main] DEBUG com.weatherapp.cache.WeatherCache - ? CachÚ HIT para 'bilbao' (edad: 5ms)
23:39:23.572 [main] INFO com.weatherapp.service.CachedWeatherService - ? Retornando datos de CACH╔ para: 'Bilbao'
23:39:23.572 [main] DEBUG com.weatherapp.cache.WeatherCache - ? CachÚ HIT para 'madrid' (edad: 7ms)
23:39:23.572 [main] INFO com.weatherapp.service.CachedWeatherService - ? Retornando datos de CACH╔ para: 'Madrid'
23:39:23.572 [main] DEBUG com.weatherapp.cache.WeatherCache - ? CachÚ HIT para 'barcelona' (edad: 7ms)
23:39:23.572 [main] INFO com.weatherapp.service.CachedWeatherService - ? Retornando datos de CACH╔ para: 'Barcelona'
23:39:23.572 [main] DEBUG com.weatherapp.cache.WeatherCache - ? CachÚ HIT para 'valencia' (edad: 6ms)
23:39:23.572 [main] INFO com.weatherapp.service.CachedWeatherService - ? Retornando datos de CACH╔ para: 'Valencia'
23:39:23.572 [main] DEBUG com.weatherapp.cache.WeatherCache - ? CachÚ HIT para 'sevilla' (edad: 6ms)
23:39:23.573 [main] INFO com.weatherapp.service.CachedWeatherService - ? Retornando datos de CACH╔ para: 'Sevilla'
23:39:23.573 [main] DEBUG com.weatherapp.cache.WeatherCache - ? CachÚ HIT para 'bilbao' (edad: 6ms)
23:39:23.573 [main] INFO com.weatherapp.service.CachedWeatherService - ? Retornando datos de CACH╔ para: 'Bilbao'
23:39:23.578 [main] INFO com.weatherapp.cache.WeatherCache - WeatherCache inicializado con TTL: 2000ms (0 minutos)
23:39:23.578 [main] INFO com.weatherapp.service.CachedWeatherService - CachedWeatherService inicializado con cachÚ
23:39:23.578 [main] DEBUG com.weatherapp.cache.WeatherCache - ? CachÚ MISS para 'madrid'
23:39:23.578 [main] INFO com.weatherapp.service.CachedWeatherService - ? Consultando API para: 'Madrid'
23:39:23.579 [main] DEBUG com.weatherapp.cache.WeatherCache - ? Datos almacenados en cachÚ para 'madrid'
23:39:23.579 [main] INFO com.weatherapp.service.CachedWeatherService - ? Datos obtenidos y almacenados en cachÚ para: 'Madrid'
23:39:25.686 [main] INFO com.weatherapp.cache.WeatherCache - ? CachÚ limpiado: 1 entradas eliminadas (1 ? 0)
23:39:25.688 [main] INFO com.weatherapp.cache.WeatherCache - WeatherCache inicializado con TTL: 2000ms (0 minutos)
23:39:25.688 [main] INFO com.weatherapp.service.CachedWeatherService - CachedWeatherService inicializado con cachÚ
23:39:25.688 [main] DEBUG com.weatherapp.cache.WeatherCache - ? CachÚ MISS para 'madrid'
23:39:25.688 [main] INFO com.weatherapp.service.CachedWeatherService - ? Consultando API para: 'Madrid'
23:39:25.689 [main] DEBUG com.weatherapp.cache.WeatherCache - ? Datos almacenados en cachÚ para 'madrid'
23:39:25.689 [main] INFO com.weatherapp.service.CachedWeatherService - ? Datos obtenidos y almacenados en cachÚ para: 'Madrid'
23:39:25.689 [main] DEBUG com.weatherapp.cache.WeatherCache - ? CachÚ HIT para 'madrid' (edad: 0ms)
23:39:25.689 [main] INFO com.weatherapp.service.CachedWeatherService - ? Retornando datos de CACH╔ para: 'Madrid'
23:39:25.690 [main] INFO com.weatherapp.cache.WeatherCache - WeatherCache inicializado con TTL: 2000ms (0 minutos)
23:39:25.690 [main] INFO com.weatherapp.service.CachedWeatherService - CachedWeatherService inicializado con cachÚ
23:39:25.692 [main] INFO com.weatherapp.cache.WeatherCache - WeatherCache inicializado con TTL: 2000ms (0 minutos)
23:39:25.692 [main] INFO com.weatherapp.service.CachedWeatherService - CachedWeatherService inicializado con cachÚ
23:39:25.692 [main] DEBUG com.weatherapp.cache.WeatherCache - ? CachÚ MISS para 'madrid'
23:39:25.692 [main] INFO com.weatherapp.service.CachedWeatherService - ? Consultando API para: 'Madrid'
23:39:25.692 [main] DEBUG com.weatherapp.cache.WeatherCache - ? Datos almacenados en cachÚ para 'madrid'
23:39:25.693 [main] INFO com.weatherapp.service.CachedWeatherService - ? Datos obtenidos y almacenados en cachÚ para: 'Madrid'
23:39:25.693 [main] DEBUG com.weatherapp.cache.WeatherCache - ? CachÚ HIT para 'madrid' (edad: 1ms)
23:39:25.693 [main] INFO com.weatherapp.service.CachedWeatherService - ? Retornando datos de CACH╔ para: 'Madrid'
23:39:25.693 [main] DEBUG com.weatherapp.cache.WeatherCache - ? CachÚ HIT para 'madrid' (edad: 1ms)
23:39:25.693 [main] INFO com.weatherapp.service.CachedWeatherService - ? Retornando datos de CACH╔ para: 'Madrid'
23:39:25.693 [main] DEBUG com.weatherapp.cache.WeatherCache - ? CachÚ HIT para 'madrid' (edad: 1ms)
23:39:25.693 [main] INFO com.weatherapp.service.CachedWeatherService - ? Retornando datos de CACH╔ para: 'Madrid'
23:39:25.693 [main] DEBUG com.weatherapp.cache.WeatherCache - ? CachÚ HIT para 'madrid' (edad: 1ms)
23:39:25.693 [main] INFO com.weatherapp.service.CachedWeatherService - ? Retornando datos de CACH╔ para: 'Madrid'
23:39:25.693 [main] DEBUG com.weatherapp.cache.WeatherCache - ? CachÚ HIT para 'madrid' (edad: 1ms)
23:39:25.693 [main] INFO com.weatherapp.service.CachedWeatherService - ? Retornando datos de CACH╔ para: 'Madrid'
23:39:25.693 [main] DEBUG com.weatherapp.cache.WeatherCache - ? CachÚ HIT para 'madrid' (edad: 1ms)
23:39:25.693 [main] INFO com.weatherapp.service.CachedWeatherService - ? Retornando datos de CACH╔ para: 'Madrid'
23:39:25.693 [main] DEBUG com.weatherapp.cache.WeatherCache - ? CachÚ HIT para 'madrid' (edad: 1ms)
23:39:25.693 [main] INFO com.weatherapp.service.CachedWeatherService - ? Retornando datos de CACH╔ para: 'Madrid'
23:39:25.693 [main] DEBUG com.weatherapp.cache.WeatherCache - ? CachÚ HIT para 'madrid' (edad: 1ms)
23:39:25.693 [main] INFO com.weatherapp.service.CachedWeatherService - ? Retornando datos de CACH╔ para: 'Madrid'
23:39:25.693 [main] DEBUG com.weatherapp.cache.WeatherCache - ? CachÚ HIT para 'madrid' (edad: 1ms)
23:39:25.693 [main] INFO com.weatherapp.service.CachedWeatherService - ? Retornando datos de CACH╔ para: 'Madrid'
23:39:25.693 [main] DEBUG com.weatherapp.cache.WeatherCache - ? CachÚ HIT para 'madrid' (edad: 1ms)
23:39:25.693 [main] INFO com.weatherapp.service.CachedWeatherService - ? Retornando datos de CACH╔ para: 'Madrid'
23:39:25.693 [main] DEBUG com.weatherapp.cache.WeatherCache - ? CachÚ HIT para 'madrid' (edad: 1ms)
23:39:25.693 [main] INFO com.weatherapp.service.CachedWeatherService - ? Retornando datos de CACH╔ para: 'Madrid'
23:39:25.693 [main] DEBUG com.weatherapp.cache.WeatherCache - ? CachÚ HIT para 'madrid' (edad: 1ms)
23:39:25.693 [main] INFO com.weatherapp.service.CachedWeatherService - ? Retornando datos de CACH╔ para: 'Madrid'
23:39:25.693 [main] DEBUG com.weatherapp.cache.WeatherCache - ? CachÚ HIT para 'madrid' (edad: 1ms)
23:39:25.693 [main] INFO com.weatherapp.service.CachedWeatherService - ? Retornando datos de CACH╔ para: 'Madrid'
23:39:25.693 [main] DEBUG com.weatherapp.cache.WeatherCache - ? CachÚ HIT para 'madrid' (edad: 1ms)
23:39:25.693 [main] INFO com.weatherapp.service.CachedWeatherService - ? Retornando datos de CACH╔ para: 'Madrid'
23:39:25.693 [main] DEBUG com.weatherapp.cache.WeatherCache - ? CachÚ HIT para 'madrid' (edad: 1ms)
23:39:25.693 [main] INFO com.weatherapp.service.CachedWeatherService - ? Retornando datos de CACH╔ para: 'Madrid'
23:39:25.693 [main] DEBUG com.weatherapp.cache.WeatherCache - ? CachÚ HIT para 'madrid' (edad: 1ms)
23:39:25.693 [main] INFO com.weatherapp.service.CachedWeatherService - ? Retornando datos de CACH╔ para: 'Madrid'
23:39:25.693 [main] DEBUG com.weatherapp.cache.WeatherCache - ? CachÚ HIT para 'madrid' (edad: 1ms)
23:39:25.693 [main] INFO com.weatherapp.service.CachedWeatherService - ? Retornando datos de CACH╔ para: 'Madrid'
23:39:25.693 [main] DEBUG com.weatherapp.cache.WeatherCache - ? CachÚ HIT para 'madrid' (edad: 1ms)
23:39:25.693 [main] INFO com.weatherapp.service.CachedWeatherService - ? Retornando datos de CACH╔ para: 'Madrid'
23:39:25.693 [main] DEBUG com.weatherapp.cache.WeatherCache - ? CachÚ HIT para 'madrid' (edad: 1ms)
23:39:25.694 [main] INFO com.weatherapp.service.CachedWeatherService - ? Retornando datos de CACH╔ para: 'Madrid'
23:39:25.694 [main] DEBUG com.weatherapp.cache.WeatherCache - ? CachÚ HIT para 'madrid' (edad: 2ms)
23:39:25.694 [main] INFO com.weatherapp.service.CachedWeatherService - ? Retornando datos de CACH╔ para: 'Madrid'
23:39:25.694 [main] DEBUG com.weatherapp.cache.WeatherCache - ? CachÚ HIT para 'madrid' (edad: 2ms)
23:39:25.694 [main] INFO com.weatherapp.service.CachedWeatherService - ? Retornando datos de CACH╔ para: 'Madrid'
23:39:25.694 [main] DEBUG com.weatherapp.cache.WeatherCache - ? CachÚ HIT para 'madrid' (edad: 2ms)
23:39:25.694 [main] INFO com.weatherapp.service.CachedWeatherService - ? Retornando datos de CACH╔ para: 'Madrid'
23:39:25.694 [main] DEBUG com.weatherapp.cache.WeatherCache - ? CachÚ HIT para 'madrid' (edad: 2ms)
23:39:25.694 [main] INFO com.weatherapp.service.CachedWeatherService - ? Retornando datos de CACH╔ para: 'Madrid'
23:39:25.694 [main] DEBUG com.weatherapp.cache.WeatherCache - ? CachÚ HIT para 'madrid' (edad: 2ms)
23:39:25.694 [main] INFO com.weatherapp.service.CachedWeatherService - ? Retornando datos de CACH╔ para: 'Madrid'
23:39:25.694 [main] DEBUG com.weatherapp.cache.WeatherCache - ? CachÚ HIT para 'madrid' (edad: 2ms)
23:39:25.694 [main] INFO com.weatherapp.service.CachedWeatherService - ? Retornando datos de CACH╔ para: 'Madrid'
23:39:25.694 [main] DEBUG com.weatherapp.cache.WeatherCache - ? CachÚ HIT para 'madrid' (edad: 2ms)
23:39:25.694 [main] INFO com.weatherapp.service.CachedWeatherService - ? Retornando datos de CACH╔ para: 'Madrid'
23:39:25.694 [main] DEBUG com.weatherapp.cache.WeatherCache - ? CachÚ HIT para 'madrid' (edad: 2ms)
23:39:25.694 [main] INFO com.weatherapp.service.CachedWeatherService - ? Retornando datos de CACH╔ para: 'Madrid'
23:39:25.694 [main] DEBUG com.weatherapp.cache.WeatherCache - ? CachÚ HIT para 'madrid' (edad: 2ms)
23:39:25.694 [main] INFO com.weatherapp.service.CachedWeatherService - ? Retornando datos de CACH╔ para: 'Madrid'
23:39:25.694 [main] DEBUG com.weatherapp.cache.WeatherCache - ? CachÚ HIT para 'madrid' (edad: 2ms)
23:39:25.694 [main] INFO com.weatherapp.service.CachedWeatherService - ? Retornando datos de CACH╔ para: 'Madrid'
23:39:25.694 [main] DEBUG com.weatherapp.cache.WeatherCache - ? CachÚ HIT para 'madrid' (edad: 2ms)
23:39:25.694 [main] INFO com.weatherapp.service.CachedWeatherService - ? Retornando datos de CACH╔ para: 'Madrid'
23:39:25.694 [main] DEBUG com.weatherapp.cache.WeatherCache - ? CachÚ HIT para 'madrid' (edad: 2ms)
23:39:25.694 [main] INFO com.weatherapp.service.CachedWeatherService - ? Retornando datos de CACH╔ para: 'Madrid'
23:39:25.694 [main] DEBUG com.weatherapp.cache.WeatherCache - ? CachÚ HIT para 'madrid' (edad: 2ms)
23:39:25.694 [main] INFO com.weatherapp.service.CachedWeatherService - ? Retornando datos de CACH╔ para: 'Madrid'
23:39:25.694 [main] DEBUG com.weatherapp.cache.WeatherCache - ? CachÚ HIT para 'madrid' (edad: 2ms)
23:39:25.694 [main] INFO com.weatherapp.service.CachedWeatherService - ? Retornando datos de CACH╔ para: 'Madrid'
23:39:25.694 [main] DEBUG com.weatherapp.cache.WeatherCache - ? CachÚ HIT para 'madrid' (edad: 2ms)
23:39:25.694 [main] INFO com.weatherapp.service.CachedWeatherService - ? Retornando datos de CACH╔ para: 'Madrid'
23:39:25.694 [main] DEBUG com.weatherapp.cache.WeatherCache - ? CachÚ HIT para 'madrid' (edad: 2ms)
23:39:25.694 [main] INFO com.weatherapp.service.CachedWeatherService - ? Retornando datos de CACH╔ para: 'Madrid'
23:39:25.694 [main] DEBUG com.weatherapp.cache.WeatherCache - ? CachÚ HIT para 'madrid' (edad: 2ms)
23:39:25.694 [main] INFO com.weatherapp.service.CachedWeatherService - ? Retornando datos de CACH╔ para: 'Madrid'
23:39:25.694 [main] DEBUG com.weatherapp.cache.WeatherCache - ? CachÚ HIT para 'madrid' (edad: 2ms)
23:39:25.695 [main] INFO com.weatherapp.service.CachedWeatherService - ? Retornando datos de CACH╔ para: 'Madrid'
23:39:25.695 [main] DEBUG com.weatherapp.cache.WeatherCache - ? CachÚ HIT para 'madrid' (edad: 3ms)
23:39:25.695 [main] INFO com.weatherapp.service.CachedWeatherService - ? Retornando datos de CACH╔ para: 'Madrid'
23:39:25.695 [main] DEBUG com.weatherapp.cache.WeatherCache - ? CachÚ HIT para 'madrid' (edad: 3ms)
23:39:25.695 [main] INFO com.weatherapp.service.CachedWeatherService - ? Retornando datos de CACH╔ para: 'Madrid'
23:39:25.695 [main] DEBUG com.weatherapp.cache.WeatherCache - ? CachÚ HIT para 'madrid' (edad: 3ms)
23:39:25.695 [main] INFO com.weatherapp.service.CachedWeatherService - ? Retornando datos de CACH╔ para: 'Madrid'
23:39:25.695 [main] DEBUG com.weatherapp.cache.WeatherCache - ? CachÚ HIT para 'madrid' (edad: 3ms)
23:39:25.695 [main] INFO com.weatherapp.service.CachedWeatherService - ? Retornando datos de CACH╔ para: 'Madrid'
23:39:25.695 [main] DEBUG com.weatherapp.cache.WeatherCache - ? CachÚ HIT para 'madrid' (edad: 3ms)
23:39:25.695 [main] INFO com.weatherapp.service.CachedWeatherService - ? Retornando datos de CACH╔ para: 'Madrid'
23:39:25.695 [main] DEBUG com.weatherapp.cache.WeatherCache - ? CachÚ HIT para 'madrid' (edad: 3ms)
23:39:25.695 [main] INFO com.weatherapp.service.CachedWeatherService - ? Retornando datos de CACH╔ para: 'Madrid'
23:39:25.695 [main] DEBUG com.weatherapp.cache.WeatherCache - ? CachÚ HIT para 'madrid' (edad: 3ms)
23:39:25.695 [main] INFO com.weatherapp.service.CachedWeatherService - ? Retornando datos de CACH╔ para: 'Madrid'
23:39:25.695 [main] DEBUG com.weatherapp.cache.WeatherCache - ? CachÚ HIT para 'madrid' (edad: 3ms)
23:39:25.695 [main] INFO com.weatherapp.service.CachedWeatherService - ? Retornando datos de CACH╔ para: 'Madrid'
23:39:25.695 [main] DEBUG com.weatherapp.cache.WeatherCache - ? CachÚ HIT para 'madrid' (edad: 3ms)
23:39:25.695 [main] INFO com.weatherapp.service.CachedWeatherService - ? Retornando datos de CACH╔ para: 'Madrid'
23:39:25.695 [main] DEBUG com.weatherapp.cache.WeatherCache - ? CachÚ HIT para 'madrid' (edad: 3ms)
23:39:25.695 [main] INFO com.weatherapp.service.CachedWeatherService - ? Retornando datos de CACH╔ para: 'Madrid'
23:39:25.695 [main] DEBUG com.weatherapp.cache.WeatherCache - ? CachÚ HIT para 'madrid' (edad: 3ms)
23:39:25.695 [main] INFO com.weatherapp.service.CachedWeatherService - ? Retornando datos de CACH╔ para: 'Madrid'
23:39:25.695 [main] DEBUG com.weatherapp.cache.WeatherCache - ? CachÚ HIT para 'madrid' (edad: 3ms)
23:39:25.695 [main] INFO com.weatherapp.service.CachedWeatherService - ? Retornando datos de CACH╔ para: 'Madrid'
23:39:25.695 [main] DEBUG com.weatherapp.cache.WeatherCache - ? CachÚ HIT para 'madrid' (edad: 3ms)
23:39:25.695 [main] INFO com.weatherapp.service.CachedWeatherService - ? Retornando datos de CACH╔ para: 'Madrid'
23:39:25.695 [main] DEBUG com.weatherapp.cache.WeatherCache - ? CachÚ HIT para 'madrid' (edad: 3ms)
23:39:25.695 [main] INFO com.weatherapp.service.CachedWeatherService - ? Retornando datos de CACH╔ para: 'Madrid'
23:39:25.695 [main] DEBUG com.weatherapp.cache.WeatherCache - ? CachÚ HIT para 'madrid' (edad: 3ms)
23:39:25.695 [main] INFO com.weatherapp.service.CachedWeatherService - ? Retornando datos de CACH╔ para: 'Madrid'
23:39:25.695 [main] DEBUG com.weatherapp.cache.WeatherCache - ? CachÚ HIT para 'madrid' (edad: 3ms)
23:39:25.695 [main] INFO com.weatherapp.service.CachedWeatherService - ? Retornando datos de CACH╔ para: 'Madrid'
23:39:25.695 [main] DEBUG com.weatherapp.cache.WeatherCache - ? CachÚ HIT para 'madrid' (edad: 3ms)
23:39:25.696 [main] INFO com.weatherapp.service.CachedWeatherService - ? Retornando datos de CACH╔ para: 'Madrid'
23:39:25.696 [main] DEBUG com.weatherapp.cache.WeatherCache - ? CachÚ HIT para 'madrid' (edad: 4ms)
23:39:25.696 [main] INFO com.weatherapp.service.CachedWeatherService - ? Retornando datos de CACH╔ para: 'Madrid'
23:39:25.696 [main] DEBUG com.weatherapp.cache.WeatherCache - ? CachÚ HIT para 'madrid' (edad: 4ms)
23:39:25.696 [main] INFO com.weatherapp.service.CachedWeatherService - ? Retornando datos de CACH╔ para: 'Madrid'
23:39:25.696 [main] DEBUG com.weatherapp.cache.WeatherCache - ? CachÚ HIT para 'madrid' (edad: 4ms)
23:39:25.696 [main] INFO com.weatherapp.service.CachedWeatherService - ? Retornando datos de CACH╔ para: 'Madrid'
23:39:25.696 [main] DEBUG com.weatherapp.cache.WeatherCache - ? CachÚ HIT para 'madrid' (edad: 4ms)
23:39:25.696 [main] INFO com.weatherapp.service.CachedWeatherService - ? Retornando datos de CACH╔ para: 'Madrid'
23:39:25.696 [main] DEBUG com.weatherapp.cache.WeatherCache - ? CachÚ HIT para 'madrid' (edad: 4ms)
23:39:25.696 [main] INFO com.weatherapp.service.CachedWeatherService - ? Retornando datos de CACH╔ para: 'Madrid'
23:39:25.696 [main] DEBUG com.weatherapp.cache.WeatherCache - ? CachÚ HIT para 'madrid' (edad: 4ms)
23:39:25.696 [main] INFO com.weatherapp.service.CachedWeatherService - ? Retornando datos de CACH╔ para: 'Madrid'
23:39:25.696 [main] DEBUG com.weatherapp.cache.WeatherCache - ? CachÚ HIT para 'madrid' (edad: 4ms)
23:39:25.696 [main] INFO com.weatherapp.service.CachedWeatherService - ? Retornando datos de CACH╔ para: 'Madrid'
23:39:25.696 [main] DEBUG com.weatherapp.cache.WeatherCache - ? CachÚ HIT para 'madrid' (edad: 4ms)
23:39:25.696 [main] INFO com.weatherapp.service.CachedWeatherService - ? Retornando datos de CACH╔ para: 'Madrid'
23:39:25.696 [main] DEBUG com.weatherapp.cache.WeatherCache - ? CachÚ HIT para 'madrid' (edad: 4ms)
23:39:25.696 [main] INFO com.weatherapp.service.CachedWeatherService - ? Retornando datos de CACH╔ para: 'Madrid'
23:39:25.696 [main] DEBUG com.weatherapp.cache.WeatherCache - ? CachÚ HIT para 'madrid' (edad: 4ms)
23:39:25.696 [main] INFO com.weatherapp.service.CachedWeatherService - ? Retornando datos de CACH╔ para: 'Madrid'
23:39:25.696 [main] DEBUG com.weatherapp.cache.WeatherCache - ? CachÚ HIT para 'madrid' (edad: 4ms)
23:39:25.696 [main] INFO com.weatherapp.service.CachedWeatherService - ? Retornando datos de CACH╔ para: 'Madrid'
23:39:25.696 [main] DEBUG com.weatherapp.cache.WeatherCache - ? CachÚ HIT para 'madrid' (edad: 4ms)
23:39:25.696 [main] INFO com.weatherapp.service.CachedWeatherService - ? Retornando datos de CACH╔ para: 'Madrid'
23:39:25.696 [main] DEBUG com.weatherapp.cache.WeatherCache - ? CachÚ HIT para 'madrid' (edad: 4ms)
23:39:25.696 [main] INFO com.weatherapp.service.CachedWeatherService - ? Retornando datos de CACH╔ para: 'Madrid'
23:39:25.696 [main] DEBUG com.weatherapp.cache.WeatherCache - ? CachÚ HIT para 'madrid' (edad: 4ms)
23:39:25.696 [main] INFO com.weatherapp.service.CachedWeatherService - ? Retornando datos de CACH╔ para: 'Madrid'
23:39:25.696 [main] DEBUG com.weatherapp.cache.WeatherCache - ? CachÚ HIT para 'madrid' (edad: 4ms)
23:39:25.696 [main] INFO com.weatherapp.service.CachedWeatherService - ? Retornando datos de CACH╔ para: 'Madrid'
23:39:25.696 [main] DEBUG com.weatherapp.cache.WeatherCache - ? CachÚ HIT para 'madrid' (edad: 4ms)
23:39:25.696 [main] INFO com.weatherapp.service.CachedWeatherService - ? Retornando datos de CACH╔ para: 'Madrid'
23:39:25.696 [main] DEBUG com.weatherapp.cache.WeatherCache - ? CachÚ HIT para 'madrid' (edad: 4ms)
23:39:25.696 [main] INFO com.weatherapp.service.CachedWeatherService - ? Retornando datos de CACH╔ para: 'Madrid'
23:39:25.696 [main] DEBUG com.weatherapp.cache.WeatherCache - ? CachÚ HIT para 'madrid' (edad: 4ms)
23:39:25.696 [main] INFO com.weatherapp.service.CachedWeatherService - ? Retornando datos de CACH╔ para: 'Madrid'
23:39:25.696 [main] DEBUG com.weatherapp.cache.WeatherCache - ? CachÚ HIT para 'madrid' (edad: 4ms)
23:39:25.696 [main] INFO com.weatherapp.service.CachedWeatherService - ? Retornando datos de CACH╔ para: 'Madrid'
23:39:25.696 [main] DEBUG com.weatherapp.cache.WeatherCache - ? CachÚ HIT para 'madrid' (edad: 4ms)
23:39:25.696 [main] INFO com.weatherapp.service.CachedWeatherService - ? Retornando datos de CACH╔ para: 'Madrid'
23:39:25.696 [main] DEBUG com.weatherapp.cache.WeatherCache - ? CachÚ HIT para 'madrid' (edad: 4ms)
23:39:25.696 [main] INFO com.weatherapp.service.CachedWeatherService - ? Retornando datos de CACH╔ para: 'Madrid'
23:39:25.696 [main] DEBUG com.weatherapp.cache.WeatherCache - ? CachÚ HIT para 'madrid' (edad: 4ms)
23:39:25.697 [main] INFO com.weatherapp.service.CachedWeatherService - ? Retornando datos de CACH╔ para: 'Madrid'
23:39:25.697 [main] DEBUG com.weatherapp.cache.WeatherCache - ? CachÚ HIT para 'madrid' (edad: 5ms)
23:39:25.697 [main] INFO com.weatherapp.service.CachedWeatherService - ? Retornando datos de CACH╔ para: 'Madrid'
23:39:25.697 [main] DEBUG com.weatherapp.cache.WeatherCache - ? CachÚ HIT para 'madrid' (edad: 5ms)
23:39:25.697 [main] INFO com.weatherapp.service.CachedWeatherService - ? Retornando datos de CACH╔ para: 'Madrid'
23:39:25.697 [main] DEBUG com.weatherapp.cache.WeatherCache - ? CachÚ HIT para 'madrid' (edad: 5ms)
23:39:25.697 [main] INFO com.weatherapp.service.CachedWeatherService - ? Retornando datos de CACH╔ para: 'Madrid'
23:39:25.697 [main] DEBUG com.weatherapp.cache.WeatherCache - ? CachÚ HIT para 'madrid' (edad: 5ms)
23:39:25.697 [main] INFO com.weatherapp.service.CachedWeatherService - ? Retornando datos de CACH╔ para: 'Madrid'
23:39:25.697 [main] DEBUG com.weatherapp.cache.WeatherCache - ? CachÚ HIT para 'madrid' (edad: 5ms)
23:39:25.697 [main] INFO com.weatherapp.service.CachedWeatherService - ? Retornando datos de CACH╔ para: 'Madrid'
23:39:25.697 [main] DEBUG com.weatherapp.cache.WeatherCache - ? CachÚ HIT para 'madrid' (edad: 5ms)
23:39:25.697 [main] INFO com.weatherapp.service.CachedWeatherService - ? Retornando datos de CACH╔ para: 'Madrid'
23:39:25.697 [main] DEBUG com.weatherapp.cache.WeatherCache - ? CachÚ HIT para 'madrid' (edad: 5ms)
23:39:25.697 [main] INFO com.weatherapp.service.CachedWeatherService - ? Retornando datos de CACH╔ para: 'Madrid'
23:39:25.697 [main] DEBUG com.weatherapp.cache.WeatherCache - ? CachÚ HIT para 'madrid' (edad: 5ms)
23:39:25.697 [main] INFO com.weatherapp.service.CachedWeatherService - ? Retornando datos de CACH╔ para: 'Madrid'
23:39:25.697 [main] DEBUG com.weatherapp.cache.WeatherCache - ? CachÚ HIT para 'madrid' (edad: 5ms)
23:39:25.697 [main] INFO com.weatherapp.service.CachedWeatherService - ? Retornando datos de CACH╔ para: 'Madrid'
23:39:25.697 [main] DEBUG com.weatherapp.cache.WeatherCache - ? CachÚ HIT para 'madrid' (edad: 5ms)
23:39:25.697 [main] INFO com.weatherapp.service.CachedWeatherService - ? Retornando datos de CACH╔ para: 'Madrid'
23:39:25.697 [main] DEBUG com.weatherapp.cache.WeatherCache - ? CachÚ HIT para 'madrid' (edad: 5ms)
23:39:25.697 [main] INFO com.weatherapp.service.CachedWeatherService - ? Retornando datos de CACH╔ para: 'Madrid'
23:39:25.697 [main] DEBUG com.weatherapp.cache.WeatherCache - ? CachÚ HIT para 'madrid' (edad: 5ms)
23:39:25.697 [main] INFO com.weatherapp.service.CachedWeatherService - ? Retornando datos de CACH╔ para: 'Madrid'
23:39:25.697 [main] DEBUG com.weatherapp.cache.WeatherCache - ? CachÚ HIT para 'madrid' (edad: 5ms)
23:39:25.697 [main] INFO com.weatherapp.service.CachedWeatherService - ? Retornando datos de CACH╔ para: 'Madrid'
23:39:25.697 [main] DEBUG com.weatherapp.cache.WeatherCache - ? CachÚ HIT para 'madrid' (edad: 5ms)
23:39:25.697 [main] INFO com.weatherapp.service.CachedWeatherService - ? Retornando datos de CACH╔ para: 'Madrid'
23:39:25.697 [main] DEBUG com.weatherapp.cache.WeatherCache - ? CachÚ HIT para 'madrid' (edad: 5ms)
23:39:25.697 [main] INFO com.weatherapp.service.CachedWeatherService - ? Retornando datos de CACH╔ para: 'Madrid'
23:39:25.697 [main] DEBUG com.weatherapp.cache.WeatherCache - ? CachÚ HIT para 'madrid' (edad: 5ms)
23:39:25.697 [main] INFO com.weatherapp.service.CachedWeatherService - ? Retornando datos de CACH╔ para: 'Madrid'
23:39:25.697 [main] DEBUG com.weatherapp.cache.WeatherCache - ? CachÚ HIT para 'madrid' (edad: 5ms)
23:39:25.697 [main] INFO com.weatherapp.service.CachedWeatherService - ? Retornando datos de CACH╔ para: 'Madrid'
23:39:25.697 [main] DEBUG com.weatherapp.cache.WeatherCache - ? CachÚ HIT para 'madrid' (edad: 5ms)
23:39:25.697 [main] INFO com.weatherapp.service.CachedWeatherService - ? Retornando datos de CACH╔ para: 'Madrid'
23:39:25.697 [main] DEBUG com.weatherapp.cache.WeatherCache - ? CachÚ HIT para 'madrid' (edad: 5ms)
23:39:25.697 [main] INFO com.weatherapp.service.CachedWeatherService - ? Retornando datos de CACH╔ para: 'Madrid'
23:39:25.697 [main] DEBUG com.weatherapp.cache.WeatherCache - ? CachÚ HIT para 'madrid' (edad: 5ms)
23:39:25.697 [main] INFO com.weatherapp.service.CachedWeatherService - ? Retornando datos de CACH╔ para: 'Madrid'
23:39:25.697 [main] DEBUG com.weatherapp.cache.WeatherCache - ? CachÚ HIT para 'madrid' (edad: 5ms)
23:39:25.697 [main] INFO com.weatherapp.service.CachedWeatherService - ? Retornando datos de CACH╔ para: 'Madrid'
23:39:25.697 [main] DEBUG com.weatherapp.cache.WeatherCache - ? CachÚ HIT para 'madrid' (edad: 5ms)
23:39:25.697 [main] INFO com.weatherapp.service.CachedWeatherService - ? Retornando datos de CACH╔ para: 'Madrid'
23:39:25.697 [main] DEBUG com.weatherapp.cache.WeatherCache - ? CachÚ HIT para 'madrid' (edad: 5ms)
23:39:25.697 [main] INFO com.weatherapp.service.CachedWeatherService - ? Retornando datos de CACH╔ para: 'Madrid'
23:39:25.700 [main] INFO com.weatherapp.cache.WeatherCache - WeatherCache inicializado con TTL: 2000ms (0 minutos)
23:39:25.700 [main] INFO com.weatherapp.service.CachedWeatherService - CachedWeatherService inicializado con cachÚ
23:39:25.700 [main] DEBUG com.weatherapp.cache.WeatherCache - ? CachÚ MISS para 'madrid'
23:39:25.700 [main] INFO com.weatherapp.service.CachedWeatherService - ? Consultando API para: 'Madrid'
23:39:25.700 [main] DEBUG com.weatherapp.cache.WeatherCache - ? Datos almacenados en cachÚ para 'madrid'
23:39:25.700 [main] INFO com.weatherapp.service.CachedWeatherService - ? Datos obtenidos y almacenados en cachÚ para: 'Madrid'
23:39:25.700 [main] DEBUG com.weatherapp.cache.WeatherCache - ? CachÚ MISS para 'barcelona'
23:39:25.700 [main] INFO com.weatherapp.service.CachedWeatherService - ? Consultando API para: 'Barcelona'
23:39:25.701 [main] DEBUG com.weatherapp.cache.WeatherCache - ? Datos almacenados en cachÚ para 'barcelona'
23:39:25.701 [main] INFO com.weatherapp.service.CachedWeatherService - ? Datos obtenidos y almacenados en cachÚ para: 'Barcelona'
23:39:25.702 [main] INFO com.weatherapp.cache.WeatherCache - WeatherCache inicializado con TTL: 2000ms (0 minutos)
23:39:25.702 [main] INFO com.weatherapp.service.CachedWeatherService - CachedWeatherService inicializado con cachÚ
23:39:25.707 [main] DEBUG com.weatherapp.cache.WeatherCache - ? CachÚ MISS para 'invalidcity'
23:39:25.707 [main] INFO com.weatherapp.service.CachedWeatherService - ? Consultando API para: 'InvalidCity'
[INFO] Tests run: 14, Failures: 0, Errors: 0, Skipped: 0, Time elapsed: 3.006 s - in com.weatherapp.service.CachedWeatherServiceTest
[INFO] Running com.weatherapp.service.WeatherServiceEdgeCasesTest
23:39:25.790 [main] INFO com.weatherapp.service.WeatherService - Buscando clima para: 'Beijing'
23:39:25.791 [main] DEBUG com.weatherapp.service.WeatherService - Ubicaci¾n resuelta: GeoLocation{ciudad='??', latitud=39,9042, longitud=116,4074}
23:39:25.791 [main] INFO com.weatherapp.service.WeatherService - ? Datos climßticos obtenidos exitosamente para: ??
23:39:25.803 [main] INFO com.weatherapp.service.WeatherService - Buscando clima para: 'Madrid'
23:39:25.803 [main] DEBUG com.weatherapp.service.WeatherService - Ubicaci¾n resuelta: GeoLocation{ciudad='Madrid', latitud=40,4168, longitud=-3,7038}
23:39:25.804 [main] INFO com.weatherapp.service.WeatherService - ? Datos climßticos obtenidos exitosamente para: Madrid
23:39:25.806 [main] INFO com.weatherapp.service.WeatherService - Buscando clima para: 'Madrid'
23:39:25.807 [main] DEBUG com.weatherapp.service.WeatherService - Ubicaci¾n resuelta: GeoLocation{ciudad='Madrid', latitud=40,4168, longitud=-3,7038}
23:39:25.807 [main] INFO com.weatherapp.service.WeatherService - ? Datos climßticos obtenidos exitosamente para: Madrid
23:39:25.809 [main] INFO com.weatherapp.service.WeatherService - Buscando clima para: 'Death Valley'
23:39:25.809 [main] DEBUG com.weatherapp.service.WeatherService - Ubicaci¾n resuelta: GeoLocation{ciudad='Death Valley', latitud=31,9454, longitud=35,9284}
23:39:25.810 [main] INFO com.weatherapp.service.WeatherService - ? Datos climßticos obtenidos exitosamente para: Death Valley
23:39:25.814 [main] INFO com.weatherapp.service.WeatherService - Buscando clima para: 'Madrid'
23:39:25.815 [main] DEBUG com.weatherapp.service.WeatherService - Ubicaci¾n resuelta: GeoLocation{ciudad='Madrid', latitud=40,4168, longitud=-3,7038}
23:39:25.815 [main] INFO com.weatherapp.service.WeatherService - ? Datos climßticos obtenidos exitosamente para: Madrid
23:39:25.819 [main] INFO com.weatherapp.service.WeatherService - Buscando clima para: 'Arctic City'
23:39:25.819 [main] DEBUG com.weatherapp.service.WeatherService - Ubicaci¾n resuelta: GeoLocation{ciudad='Arctic City', latitud=60,0000, longitud=0,0000}
23:39:25.819 [main] INFO com.weatherapp.service.WeatherService - ? Datos climßticos obtenidos exitosamente para: Arctic City
23:39:25.822 [main] INFO com.weatherapp.service.WeatherService - Buscando clima para: 'South Pole'
23:39:25.822 [main] DEBUG com.weatherapp.service.WeatherService - Ubicaci¾n resuelta: GeoLocation{ciudad='South Pole', latitud=-90,0000, longitud=0,0000}
23:39:25.822 [main] INFO com.weatherapp.service.WeatherService - ? Datos climßticos obtenidos exitosamente para: South Pole
23:39:25.825 [main] INFO com.weatherapp.service.WeatherService - Buscando clima para: 'Madrid'
23:39:25.825 [main] DEBUG com.weatherapp.service.WeatherService - Ubicaci¾n resuelta: GeoLocation{ciudad='Madrid', latitud=40,4168, longitud=-3,7038}
23:39:25.825 [main] INFO com.weatherapp.service.WeatherService - ? Datos climßticos obtenidos exitosamente para: Madrid
23:39:25.829 [main] INFO com.weatherapp.service.WeatherService - Buscando clima para: 'Rio de Janeiro'
23:39:25.829 [main] DEBUG com.weatherapp.service.WeatherService - Ubicaci¾n resuelta: GeoLocation{ciudad='Rio de Janeiro', latitud=-22,9068, longitud=-43,1729}
23:39:25.830 [main] INFO com.weatherapp.service.WeatherService - ? Datos climßticos obtenidos exitosamente para: Rio de Janeiro
23:39:25.833 [main] INFO com.weatherapp.service.WeatherService - Buscando clima para: 'Nueva York'
23:39:25.833 [main] DEBUG com.weatherapp.service.WeatherService - Ubicaci¾n resuelta: GeoLocation{ciudad='New York', latitud=40,7128, longitud=-74,0060}
23:39:25.834 [main] INFO com.weatherapp.service.WeatherService - ? Datos climßticos obtenidos exitosamente para: New York
23:39:25.836 [main] INFO com.weatherapp.service.WeatherService - Buscando clima para: 'South Pole'
23:39:25.836 [main] DEBUG com.weatherapp.service.WeatherService - Ubicaci¾n resuelta: GeoLocation{ciudad='South Pole', latitud=-90,0000, longitud=0,0000}
23:39:25.836 [main] INFO com.weatherapp.service.WeatherService - ? Datos climßticos obtenidos exitosamente para: South Pole
23:39:25.836 [main] INFO com.weatherapp.service.WeatherService - Buscando clima para: 'Death Valley'
23:39:25.836 [main] DEBUG com.weatherapp.service.WeatherService - Ubicaci¾n resuelta: GeoLocation{ciudad='Death Valley', latitud=31,9454, longitud=35,9284}
23:39:25.837 [main] INFO com.weatherapp.service.WeatherService - ? Datos climßticos obtenidos exitosamente para: Death Valley
23:39:25.839 [main] INFO com.weatherapp.service.WeatherService - Buscando clima para: 'New York'
23:39:25.839 [main] DEBUG com.weatherapp.service.WeatherService - Ubicaci¾n resuelta: GeoLocation{ciudad='New York, USA', latitud=40,7128, longitud=-74,0060}
23:39:25.840 [main] INFO com.weatherapp.service.WeatherService - ? Datos climßticos obtenidos exitosamente para: New York, USA
23:39:25.842 [main] INFO com.weatherapp.service.WeatherService - Buscando clima para: 'Madrid'
23:39:25.842 [main] DEBUG com.weatherapp.service.WeatherService - Ubicaci¾n resuelta: GeoLocation{ciudad='Madrid', latitud=40,4168, longitud=-3,7038}
23:39:25.843 [main] INFO com.weatherapp.service.WeatherService - ? Datos climßticos obtenidos exitosamente para: Madrid
23:39:25.845 [main] INFO com.weatherapp.service.WeatherService - Buscando clima para: 'Cairo'
23:39:25.845 [main] DEBUG com.weatherapp.service.WeatherService - Ubicaci¾n resuelta: GeoLocation{ciudad='Cairo', latitud=30,0444, longitud=31,2357}
23:39:25.845 [main] INFO com.weatherapp.service.WeatherService - ? Datos climßticos obtenidos exitosamente para: Cairo
23:39:25.849 [main] INFO com.weatherapp.service.WeatherService - Buscando clima para: 'Madrid'
23:39:25.850 [main] DEBUG com.weatherapp.service.WeatherService - Ubicaci¾n resuelta: GeoLocation{ciudad='Madrid', latitud=40,4168, longitud=-3,7038}
23:39:25.850 [main] INFO com.weatherapp.service.WeatherService - ? Datos climßticos obtenidos exitosamente para: Madrid
23:39:25.855 [main] INFO com.weatherapp.service.WeatherService - Buscando clima para: 'SÒo Paulo'
23:39:25.855 [main] DEBUG com.weatherapp.service.WeatherService - Ubicaci¾n resuelta: GeoLocation{ciudad='SÒo Paulo, Brasil', latitud=-23,5505, longitud=-46,6333}
23:39:25.856 [main] INFO com.weatherapp.service.WeatherService - ? Datos climßticos obtenidos exitosamente para: SÒo Paulo, Brasil
23:39:25.858 [main] INFO com.weatherapp.service.WeatherService - Buscando clima para: 'Moscow'
23:39:25.858 [main] DEBUG com.weatherapp.service.WeatherService - Ubicaci¾n resuelta: GeoLocation{ciudad='??????', latitud=55,7558, longitud=37,6173}
23:39:25.859 [main] INFO com.weatherapp.service.WeatherService - ? Datos climßticos obtenidos exitosamente para: ??????
23:39:25.861 [main] INFO com.weatherapp.service.WeatherService - Buscando clima para: 'Madrid'
23:39:25.861 [main] DEBUG com.weatherapp.service.WeatherService - Ubicaci¾n resuelta: GeoLocation{ciudad='Madrid', latitud=40,4168, longitud=-3,7038}
23:39:25.862 [main] INFO com.weatherapp.service.WeatherService - ? Datos climßticos obtenidos exitosamente para: Madrid
[INFO] Tests run: 18, Failures: 0, Errors: 0, Skipped: 0, Time elapsed: 0.145 s - in com.weatherapp.service.WeatherServiceEdgeCasesTest
[INFO] Running com.weatherapp.service.WeatherServiceIntegrationTest
23:39:25.868 [main] INFO com.weatherapp.service.WeatherService - Buscando clima para: 'London'
23:39:25.868 [main] DEBUG com.weatherapp.service.WeatherService - Ubicaci¾n resuelta: GeoLocation{ciudad='London, UK', latitud=51,5074, longitud=-0,1278}
23:39:25.868 [main] INFO com.weatherapp.service.WeatherService - ? Datos climßticos obtenidos exitosamente para: London, UK
23:39:25.870 [main] INFO com.weatherapp.service.WeatherService - Buscando clima para: 'Madrid'
23:39:25.870 [main] DEBUG com.weatherapp.service.WeatherService - Ubicaci¾n resuelta: GeoLocation{ciudad='Madrid', latitud=40,4168, longitud=-3,7038}
23:39:25.871 [main] INFO com.weatherapp.service.WeatherService - ? Datos climßticos obtenidos exitosamente para: Madrid
23:39:25.874 [main] INFO com.weatherapp.service.WeatherService - Buscando clima para: 'Madrid'
23:39:25.875 [main] ERROR com.weatherapp.service.WeatherService - Error de conectividad para 'Madrid'
java.lang.RuntimeException: Network timeout
	at com.weatherapp.client.OpenMeteoClient.resolveCity(OpenMeteoClient.java:58)
	at com.weatherapp.service.WeatherService.getWeatherByCityName(WeatherService.java:55)
	at com.weatherapp.service.WeatherServiceIntegrationTest.lambda$testGeocodeFailureNetworkError$1(WeatherServiceIntegrationTest.java:189)
	at org.junit.jupiter.api.AssertThrows.assertThrows(AssertThrows.java:53)
	at org.junit.jupiter.api.AssertThrows.assertThrows(AssertThrows.java:35)
	at org.junit.jupiter.api.Assertions.assertThrows(Assertions.java:3083)
	at com.weatherapp.service.WeatherServiceIntegrationTest.testGeocodeFailureNetworkError(WeatherServiceIntegrationTest.java:188)
	at java.base/jdk.internal.reflect.NativeMethodAccessorImpl.invoke0(Native Method)
	at java.base/jdk.internal.reflect.NativeMethodAccessorImpl.invoke(NativeMethodAccessorImpl.java:77)
	at java.base/jdk.internal.reflect.DelegatingMethodAccessorImpl.invoke(DelegatingMethodAccessorImpl.java:43)
	at java.base/java.lang.reflect.Method.invoke(Method.java:568)
	at org.junit.platform.commons.util.ReflectionUtils.invokeMethod(ReflectionUtils.java:727)
	at org.junit.jupiter.engine.execution.MethodInvocation.proceed(MethodInvocation.java:60)
	at org.junit.jupiter.engine.execution.InvocationInterceptorChain$ValidatingInvocation.proceed(InvocationInterceptorChain.java:131)
	at org.junit.jupiter.engine.extension.TimeoutExtension.intercept(TimeoutExtension.java:156)
	at org.junit.jupiter.engine.extension.TimeoutExtension.interceptTestableMethod(TimeoutExtension.java:147)
	at org.junit.jupiter.engine.extension.TimeoutExtension.interceptTestMethod(TimeoutExtension.java:86)
	at org.junit.jupiter.engine.execution.InterceptingExecutableInvoker$ReflectiveInterceptorCall.lambda$ofVoidMethod$0(InterceptingExecutableInvoker.java:103)
	at org.junit.jupiter.engine.execution.InterceptingExecutableInvoker.lambda$invoke$0(InterceptingExecutableInvoker.java:93)
	at org.junit.jupiter.engine.execution.InvocationInterceptorChain$InterceptedInvocation.proceed(InvocationInterceptorChain.java:106)
	at org.junit.jupiter.engine.execution.InvocationInterceptorChain.proceed(InvocationInterceptorChain.java:64)
	at org.junit.jupiter.engine.execution.InvocationInterceptorChain.chainAndInvoke(InvocationInterceptorChain.java:45)
	at org.junit.jupiter.engine.execution.InvocationInterceptorChain.invoke(InvocationInterceptorChain.java:37)
	at org.junit.jupiter.engine.execution.InterceptingExecutableInvoker.invoke(InterceptingExecutableInvoker.java:92)
	at org.junit.jupiter.engine.execution.InterceptingExecutableInvoker.invoke(InterceptingExecutableInvoker.java:86)
	at org.junit.jupiter.engine.descriptor.TestMethodTestDescriptor.lambda$invokeTestMethod$7(TestMethodTestDescriptor.java:217)
	at org.junit.platform.engine.support.hierarchical.ThrowableCollector.execute(ThrowableCollector.java:73)
	at org.junit.jupiter.engine.descriptor.TestMethodTestDescriptor.invokeTestMethod(TestMethodTestDescriptor.java:213)
	at org.junit.jupiter.engine.descriptor.TestMethodTestDescriptor.execute(TestMethodTestDescriptor.java:138)
	at org.junit.jupiter.engine.descriptor.TestMethodTestDescriptor.execute(TestMethodTestDescriptor.java:68)
	at org.junit.platform.engine.support.hierarchical.NodeTestTask.lambda$executeRecursively$6(NodeTestTask.java:151)
	at org.junit.platform.engine.support.hierarchical.ThrowableCollector.execute(ThrowableCollector.java:73)
	at org.junit.platform.engine.support.hierarchical.NodeTestTask.lambda$executeRecursively$8(NodeTestTask.java:141)
	at org.junit.platform.engine.support.hierarchical.Node.around(Node.java:137)
	at org.junit.platform.engine.support.hierarchical.NodeTestTask.lambda$executeRecursively$9(NodeTestTask.java:139)
	at org.junit.platform.engine.support.hierarchical.ThrowableCollector.execute(ThrowableCollector.java:73)
	at org.junit.platform.engine.support.hierarchical.NodeTestTask.executeRecursively(NodeTestTask.java:138)
	at org.junit.platform.engine.support.hierarchical.NodeTestTask.execute(NodeTestTask.java:95)
	at java.base/java.util.ArrayList.forEach(ArrayList.java:1511)
	at org.junit.platform.engine.support.hierarchical.SameThreadHierarchicalTestExecutorService.invokeAll(SameThreadHierarchicalTestExecutorService.java:41)
	at org.junit.platform.engine.support.hierarchical.NodeTestTask.lambda$executeRecursively$6(NodeTestTask.java:155)
	at org.junit.platform.engine.support.hierarchical.ThrowableCollector.execute(ThrowableCollector.java:73)
	at org.junit.platform.engine.support.hierarchical.NodeTestTask.lambda$executeRecursively$8(NodeTestTask.java:141)
	at org.junit.platform.engine.support.hierarchical.Node.around(Node.java:137)
	at org.junit.platform.engine.support.hierarchical.NodeTestTask.lambda$executeRecursively$9(NodeTestTask.java:139)
	at org.junit.platform.engine.support.hierarchical.ThrowableCollector.execute(ThrowableCollector.java:73)
	at org.junit.platform.engine.support.hierarchical.NodeTestTask.executeRecursively(NodeTestTask.java:138)
	at org.junit.platform.engine.support.hierarchical.NodeTestTask.execute(NodeTestTask.java:95)
	at java.base/java.util.ArrayList.forEach(ArrayList.java:1511)
	at org.junit.platform.engine.support.hierarchical.SameThreadHierarchicalTestExecutorService.invokeAll(SameThreadHierarchicalTestExecutorService.java:41)
	at org.junit.platform.engine.support.hierarchical.NodeTestTask.lambda$executeRecursively$6(NodeTestTask.java:155)
	at org.junit.platform.engine.support.hierarchical.ThrowableCollector.execute(ThrowableCollector.java:73)
	at org.junit.platform.engine.support.hierarchical.NodeTestTask.lambda$executeRecursively$8(NodeTestTask.java:141)
	at org.junit.platform.engine.support.hierarchical.Node.around(Node.java:137)
	at org.junit.platform.engine.support.hierarchical.NodeTestTask.lambda$executeRecursively$9(NodeTestTask.java:139)
	at org.junit.platform.engine.support.hierarchical.ThrowableCollector.execute(ThrowableCollector.java:73)
	at org.junit.platform.engine.support.hierarchical.NodeTestTask.executeRecursively(NodeTestTask.java:138)
	at org.junit.platform.engine.support.hierarchical.NodeTestTask.execute(NodeTestTask.java:95)
	at org.junit.platform.engine.support.hierarchical.SameThreadHierarchicalTestExecutorService.submit(SameThreadHierarchicalTestExecutorService.java:35)
	at org.junit.platform.engine.support.hierarchical.HierarchicalTestExecutor.execute(HierarchicalTestExecutor.java:57)
	at org.junit.platform.engine.support.hierarchical.HierarchicalTestEngine.execute(HierarchicalTestEngine.java:54)
	at org.junit.platform.launcher.core.DefaultLauncher.execute(DefaultLauncher.java:220)
	at org.junit.platform.launcher.core.DefaultLauncher.lambda$execute$6(DefaultLauncher.java:188)
	at org.junit.platform.launcher.core.DefaultLauncher.withInterceptedStreams(DefaultLauncher.java:202)
	at org.junit.platform.launcher.core.DefaultLauncher.execute(DefaultLauncher.java:181)
	at org.junit.platform.launcher.core.DefaultLauncher.execute(DefaultLauncher.java:128)
	at org.apache.maven.surefire.junitplatform.JUnitPlatformProvider.invokeAllTests(JUnitPlatformProvider.java:150)
	at org.apache.maven.surefire.junitplatform.JUnitPlatformProvider.invoke(JUnitPlatformProvider.java:124)
	at org.apache.maven.surefire.booter.ForkedBooter.invokeProviderInSameClassLoader(ForkedBooter.java:384)
	at org.apache.maven.surefire.booter.ForkedBooter.runSuitesInProcess(ForkedBooter.java:345)
	at org.apache.maven.surefire.booter.ForkedBooter.execute(ForkedBooter.java:126)
	at org.apache.maven.surefire.booter.ForkedBooter.main(ForkedBooter.java:418)
23:39:25.879 [main] INFO com.weatherapp.service.WeatherService - Buscando clima para: 'NonExistent'
23:39:25.881 [main] ERROR com.weatherapp.service.WeatherService - Error de conectividad para 'NonExistent'
java.lang.IllegalArgumentException: City not found
	at com.weatherapp.client.OpenMeteoClient.resolveCity(OpenMeteoClient.java:58)
	at com.weatherapp.service.WeatherService.getWeatherByCityName(WeatherService.java:55)
	at com.weatherapp.service.WeatherServiceIntegrationTest.lambda$testErrorMessagesHaveContext$3(WeatherServiceIntegrationTest.java:302)
	at org.junit.jupiter.api.AssertThrows.assertThrows(AssertThrows.java:53)
	at org.junit.jupiter.api.AssertThrows.assertThrows(AssertThrows.java:35)
	at org.junit.jupiter.api.Assertions.assertThrows(Assertions.java:3083)
	at com.weatherapp.service.WeatherServiceIntegrationTest.testErrorMessagesHaveContext(WeatherServiceIntegrationTest.java:301)
	at java.base/jdk.internal.reflect.NativeMethodAccessorImpl.invoke0(Native Method)
	at java.base/jdk.internal.reflect.NativeMethodAccessorImpl.invoke(NativeMethodAccessorImpl.java:77)
	at java.base/jdk.internal.reflect.DelegatingMethodAccessorImpl.invoke(DelegatingMethodAccessorImpl.java:43)
	at java.base/java.lang.reflect.Method.invoke(Method.java:568)
	at org.junit.platform.commons.util.ReflectionUtils.invokeMethod(ReflectionUtils.java:727)
	at org.junit.jupiter.engine.execution.MethodInvocation.proceed(MethodInvocation.java:60)
	at org.junit.jupiter.engine.execution.InvocationInterceptorChain$ValidatingInvocation.proceed(InvocationInterceptorChain.java:131)
	at org.junit.jupiter.engine.extension.TimeoutExtension.intercept(TimeoutExtension.java:156)
	at org.junit.jupiter.engine.extension.TimeoutExtension.interceptTestableMethod(TimeoutExtension.java:147)
	at org.junit.jupiter.engine.extension.TimeoutExtension.interceptTestMethod(TimeoutExtension.java:86)
	at org.junit.jupiter.engine.execution.InterceptingExecutableInvoker$ReflectiveInterceptorCall.lambda$ofVoidMethod$0(InterceptingExecutableInvoker.java:103)
	at org.junit.jupiter.engine.execution.InterceptingExecutableInvoker.lambda$invoke$0(InterceptingExecutableInvoker.java:93)
	at org.junit.jupiter.engine.execution.InvocationInterceptorChain$InterceptedInvocation.proceed(InvocationInterceptorChain.java:106)
	at org.junit.jupiter.engine.execution.InvocationInterceptorChain.proceed(InvocationInterceptorChain.java:64)
	at org.junit.jupiter.engine.execution.InvocationInterceptorChain.chainAndInvoke(InvocationInterceptorChain.java:45)
	at org.junit.jupiter.engine.execution.InvocationInterceptorChain.invoke(InvocationInterceptorChain.java:37)
	at org.junit.jupiter.engine.execution.InterceptingExecutableInvoker.invoke(InterceptingExecutableInvoker.java:92)
	at org.junit.jupiter.engine.execution.InterceptingExecutableInvoker.invoke(InterceptingExecutableInvoker.java:86)
	at org.junit.jupiter.engine.descriptor.TestMethodTestDescriptor.lambda$invokeTestMethod$7(TestMethodTestDescriptor.java:217)
	at org.junit.platform.engine.support.hierarchical.ThrowableCollector.execute(ThrowableCollector.java:73)
	at org.junit.jupiter.engine.descriptor.TestMethodTestDescriptor.invokeTestMethod(TestMethodTestDescriptor.java:213)
	at org.junit.jupiter.engine.descriptor.TestMethodTestDescriptor.execute(TestMethodTestDescriptor.java:138)
	at org.junit.jupiter.engine.descriptor.TestMethodTestDescriptor.execute(TestMethodTestDescriptor.java:68)
	at org.junit.platform.engine.support.hierarchical.NodeTestTask.lambda$executeRecursively$6(NodeTestTask.java:151)
	at org.junit.platform.engine.support.hierarchical.ThrowableCollector.execute(ThrowableCollector.java:73)
	at org.junit.platform.engine.support.hierarchical.NodeTestTask.lambda$executeRecursively$8(NodeTestTask.java:141)
	at org.junit.platform.engine.support.hierarchical.Node.around(Node.java:137)
	at org.junit.platform.engine.support.hierarchical.NodeTestTask.lambda$executeRecursively$9(NodeTestTask.java:139)
	at org.junit.platform.engine.support.hierarchical.ThrowableCollector.execute(ThrowableCollector.java:73)
	at org.junit.platform.engine.support.hierarchical.NodeTestTask.executeRecursively(NodeTestTask.java:138)
	at org.junit.platform.engine.support.hierarchical.NodeTestTask.execute(NodeTestTask.java:95)
	at java.base/java.util.ArrayList.forEach(ArrayList.java:1511)
	at org.junit.platform.engine.support.hierarchical.SameThreadHierarchicalTestExecutorService.invokeAll(SameThreadHierarchicalTestExecutorService.java:41)
	at org.junit.platform.engine.support.hierarchical.NodeTestTask.lambda$executeRecursively$6(NodeTestTask.java:155)
	at org.junit.platform.engine.support.hierarchical.ThrowableCollector.execute(ThrowableCollector.java:73)
	at org.junit.platform.engine.support.hierarchical.NodeTestTask.lambda$executeRecursively$8(NodeTestTask.java:141)
	at org.junit.platform.engine.support.hierarchical.Node.around(Node.java:137)
	at org.junit.platform.engine.support.hierarchical.NodeTestTask.lambda$executeRecursively$9(NodeTestTask.java:139)
	at org.junit.platform.engine.support.hierarchical.ThrowableCollector.execute(ThrowableCollector.java:73)
	at org.junit.platform.engine.support.hierarchical.NodeTestTask.executeRecursively(NodeTestTask.java:138)
	at org.junit.platform.engine.support.hierarchical.NodeTestTask.execute(NodeTestTask.java:95)
	at java.base/java.util.ArrayList.forEach(ArrayList.java:1511)
	at org.junit.platform.engine.support.hierarchical.SameThreadHierarchicalTestExecutorService.invokeAll(SameThreadHierarchicalTestExecutorService.java:41)
	at org.junit.platform.engine.support.hierarchical.NodeTestTask.lambda$executeRecursively$6(NodeTestTask.java:155)
	at org.junit.platform.engine.support.hierarchical.ThrowableCollector.execute(ThrowableCollector.java:73)
	at org.junit.platform.engine.support.hierarchical.NodeTestTask.lambda$executeRecursively$8(NodeTestTask.java:141)
	at org.junit.platform.engine.support.hierarchical.Node.around(Node.java:137)
	at org.junit.platform.engine.support.hierarchical.NodeTestTask.lambda$executeRecursively$9(NodeTestTask.java:139)
	at org.junit.platform.engine.support.hierarchical.ThrowableCollector.execute(ThrowableCollector.java:73)
	at org.junit.platform.engine.support.hierarchical.NodeTestTask.executeRecursively(NodeTestTask.java:138)
	at org.junit.platform.engine.support.hierarchical.NodeTestTask.execute(NodeTestTask.java:95)
	at org.junit.platform.engine.support.hierarchical.SameThreadHierarchicalTestExecutorService.submit(SameThreadHierarchicalTestExecutorService.java:35)
	at org.junit.platform.engine.support.hierarchical.HierarchicalTestExecutor.execute(HierarchicalTestExecutor.java:57)
	at org.junit.platform.engine.support.hierarchical.HierarchicalTestEngine.execute(HierarchicalTestEngine.java:54)
	at org.junit.platform.launcher.core.DefaultLauncher.execute(DefaultLauncher.java:220)
	at org.junit.platform.launcher.core.DefaultLauncher.lambda$execute$6(DefaultLauncher.java:188)
	at org.junit.platform.launcher.core.DefaultLauncher.withInterceptedStreams(DefaultLauncher.java:202)
	at org.junit.platform.launcher.core.DefaultLauncher.execute(DefaultLauncher.java:181)
	at org.junit.platform.launcher.core.DefaultLauncher.execute(DefaultLauncher.java:128)
	at org.apache.maven.surefire.junitplatform.JUnitPlatformProvider.invokeAllTests(JUnitPlatformProvider.java:150)
	at org.apache.maven.surefire.junitplatform.JUnitPlatformProvider.invoke(JUnitPlatformProvider.java:124)
	at org.apache.maven.surefire.booter.ForkedBooter.invokeProviderInSameClassLoader(ForkedBooter.java:384)
	at org.apache.maven.surefire.booter.ForkedBooter.runSuitesInProcess(ForkedBooter.java:345)
	at org.apache.maven.surefire.booter.ForkedBooter.execute(ForkedBooter.java:126)
	at org.apache.maven.surefire.booter.ForkedBooter.main(ForkedBooter.java:418)
23:39:25.886 [main] INFO com.weatherapp.service.WeatherService - Buscando clima para: 'Madrid'
23:39:25.886 [main] DEBUG com.weatherapp.service.WeatherService - Ubicaci¾n resuelta: GeoLocation{ciudad='Madrid', latitud=40,4168, longitud=-3,7038}
23:39:25.886 [main] INFO com.weatherapp.service.WeatherService - ? Datos climßticos obtenidos exitosamente para: Madrid
23:39:25.887 [main] INFO com.weatherapp.service.WeatherService - Buscando clima para: 'Madrid'
23:39:25.887 [main] DEBUG com.weatherapp.service.WeatherService - Ubicaci¾n resuelta: GeoLocation{ciudad='Madrid', latitud=40,4168, longitud=-3,7038}
23:39:25.887 [main] INFO com.weatherapp.service.WeatherService - ? Datos climßticos obtenidos exitosamente para: Madrid
23:39:25.887 [main] INFO com.weatherapp.service.WeatherService - Buscando clima para: 'Madrid'
23:39:25.887 [main] DEBUG com.weatherapp.service.WeatherService - Ubicaci¾n resuelta: GeoLocation{ciudad='Madrid', latitud=40,4168, longitud=-3,7038}
23:39:25.887 [main] INFO com.weatherapp.service.WeatherService - ? Datos climßticos obtenidos exitosamente para: Madrid
23:39:25.891 [main] INFO com.weatherapp.service.WeatherService - Buscando clima para: 'NonExistentCity'
23:39:25.892 [main] WARN com.weatherapp.service.WeatherService - Ciudad no encontrada: 'NonExistentCity'
com.weatherapp.exception.CityNotFoundException: ? Ciudad no encontrada: 'NonExistentCity'
	at com.weatherapp.client.OpenMeteoClient.resolveCity(OpenMeteoClient.java:58)
	at com.weatherapp.service.WeatherService.getWeatherByCityName(WeatherService.java:55)
	at com.weatherapp.service.WeatherServiceIntegrationTest.lambda$testGeocodeFailureCityNotFound$0(WeatherServiceIntegrationTest.java:173)
	at org.junit.jupiter.api.AssertThrows.assertThrows(AssertThrows.java:53)
	at org.junit.jupiter.api.AssertThrows.assertThrows(AssertThrows.java:35)
	at org.junit.jupiter.api.Assertions.assertThrows(Assertions.java:3083)
	at com.weatherapp.service.WeatherServiceIntegrationTest.testGeocodeFailureCityNotFound(WeatherServiceIntegrationTest.java:172)
	at java.base/jdk.internal.reflect.NativeMethodAccessorImpl.invoke0(Native Method)
	at java.base/jdk.internal.reflect.NativeMethodAccessorImpl.invoke(NativeMethodAccessorImpl.java:77)
	at java.base/jdk.internal.reflect.DelegatingMethodAccessorImpl.invoke(DelegatingMethodAccessorImpl.java:43)
	at java.base/java.lang.reflect.Method.invoke(Method.java:568)
	at org.junit.platform.commons.util.ReflectionUtils.invokeMethod(ReflectionUtils.java:727)
	at org.junit.jupiter.engine.execution.MethodInvocation.proceed(MethodInvocation.java:60)
	at org.junit.jupiter.engine.execution.InvocationInterceptorChain$ValidatingInvocation.proceed(InvocationInterceptorChain.java:131)
	at org.junit.jupiter.engine.extension.TimeoutExtension.intercept(TimeoutExtension.java:156)
	at org.junit.jupiter.engine.extension.TimeoutExtension.interceptTestableMethod(TimeoutExtension.java:147)
	at org.junit.jupiter.engine.extension.TimeoutExtension.interceptTestMethod(TimeoutExtension.java:86)
	at org.junit.jupiter.engine.execution.InterceptingExecutableInvoker$ReflectiveInterceptorCall.lambda$ofVoidMethod$0(InterceptingExecutableInvoker.java:103)
	at org.junit.jupiter.engine.execution.InterceptingExecutableInvoker.lambda$invoke$0(InterceptingExecutableInvoker.java:93)
	at org.junit.jupiter.engine.execution.InvocationInterceptorChain$InterceptedInvocation.proceed(InvocationInterceptorChain.java:106)
	at org.junit.jupiter.engine.execution.InvocationInterceptorChain.proceed(InvocationInterceptorChain.java:64)
	at org.junit.jupiter.engine.execution.InvocationInterceptorChain.chainAndInvoke(InvocationInterceptorChain.java:45)
	at org.junit.jupiter.engine.execution.InvocationInterceptorChain.invoke(InvocationInterceptorChain.java:37)
	at org.junit.jupiter.engine.execution.InterceptingExecutableInvoker.invoke(InterceptingExecutableInvoker.java:92)
	at org.junit.jupiter.engine.execution.InterceptingExecutableInvoker.invoke(InterceptingExecutableInvoker.java:86)
	at org.junit.jupiter.engine.descriptor.TestMethodTestDescriptor.lambda$invokeTestMethod$7(TestMethodTestDescriptor.java:217)
	at org.junit.platform.engine.support.hierarchical.ThrowableCollector.execute(ThrowableCollector.java:73)
	at org.junit.jupiter.engine.descriptor.TestMethodTestDescriptor.invokeTestMethod(TestMethodTestDescriptor.java:213)
	at org.junit.jupiter.engine.descriptor.TestMethodTestDescriptor.execute(TestMethodTestDescriptor.java:138)
	at org.junit.jupiter.engine.descriptor.TestMethodTestDescriptor.execute(TestMethodTestDescriptor.java:68)
	at org.junit.platform.engine.support.hierarchical.NodeTestTask.lambda$executeRecursively$6(NodeTestTask.java:151)
	at org.junit.platform.engine.support.hierarchical.ThrowableCollector.execute(ThrowableCollector.java:73)
	at org.junit.platform.engine.support.hierarchical.NodeTestTask.lambda$executeRecursively$8(NodeTestTask.java:141)
	at org.junit.platform.engine.support.hierarchical.Node.around(Node.java:137)
	at org.junit.platform.engine.support.hierarchical.NodeTestTask.lambda$executeRecursively$9(NodeTestTask.java:139)
	at org.junit.platform.engine.support.hierarchical.ThrowableCollector.execute(ThrowableCollector.java:73)
	at org.junit.platform.engine.support.hierarchical.NodeTestTask.executeRecursively(NodeTestTask.java:138)
	at org.junit.platform.engine.support.hierarchical.NodeTestTask.execute(NodeTestTask.java:95)
	at java.base/java.util.ArrayList.forEach(ArrayList.java:1511)
	at org.junit.platform.engine.support.hierarchical.SameThreadHierarchicalTestExecutorService.invokeAll(SameThreadHierarchicalTestExecutorService.java:41)
	at org.junit.platform.engine.support.hierarchical.NodeTestTask.lambda$executeRecursively$6(NodeTestTask.java:155)
	at org.junit.platform.engine.support.hierarchical.ThrowableCollector.execute(ThrowableCollector.java:73)
	at org.junit.platform.engine.support.hierarchical.NodeTestTask.lambda$executeRecursively$8(NodeTestTask.java:141)
	at org.junit.platform.engine.support.hierarchical.Node.around(Node.java:137)
	at org.junit.platform.engine.support.hierarchical.NodeTestTask.lambda$executeRecursively$9(NodeTestTask.java:139)
	at org.junit.platform.engine.support.hierarchical.ThrowableCollector.execute(ThrowableCollector.java:73)
	at org.junit.platform.engine.support.hierarchical.NodeTestTask.executeRecursively(NodeTestTask.java:138)
	at org.junit.platform.engine.support.hierarchical.NodeTestTask.execute(NodeTestTask.java:95)
	at java.base/java.util.ArrayList.forEach(ArrayList.java:1511)
	at org.junit.platform.engine.support.hierarchical.SameThreadHierarchicalTestExecutorService.invokeAll(SameThreadHierarchicalTestExecutorService.java:41)
	at org.junit.platform.engine.support.hierarchical.NodeTestTask.lambda$executeRecursively$6(NodeTestTask.java:155)
	at org.junit.platform.engine.support.hierarchical.ThrowableCollector.execute(ThrowableCollector.java:73)
	at org.junit.platform.engine.support.hierarchical.NodeTestTask.lambda$executeRecursively$8(NodeTestTask.java:141)
	at org.junit.platform.engine.support.hierarchical.Node.around(Node.java:137)
	at org.junit.platform.engine.support.hierarchical.NodeTestTask.lambda$executeRecursively$9(NodeTestTask.java:139)
	at org.junit.platform.engine.support.hierarchical.ThrowableCollector.execute(ThrowableCollector.java:73)
	at org.junit.platform.engine.support.hierarchical.NodeTestTask.executeRecursively(NodeTestTask.java:138)
	at org.junit.platform.engine.support.hierarchical.NodeTestTask.execute(NodeTestTask.java:95)
	at org.junit.platform.engine.support.hierarchical.SameThreadHierarchicalTestExecutorService.submit(SameThreadHierarchicalTestExecutorService.java:35)
	at org.junit.platform.engine.support.hierarchical.HierarchicalTestExecutor.execute(HierarchicalTestExecutor.java:57)
	at org.junit.platform.engine.support.hierarchical.HierarchicalTestEngine.execute(HierarchicalTestEngine.java:54)
	at org.junit.platform.launcher.core.DefaultLauncher.execute(DefaultLauncher.java:220)
	at org.junit.platform.launcher.core.DefaultLauncher.lambda$execute$6(DefaultLauncher.java:188)
	at org.junit.platform.launcher.core.DefaultLauncher.withInterceptedStreams(DefaultLauncher.java:202)
	at org.junit.platform.launcher.core.DefaultLauncher.execute(DefaultLauncher.java:181)
	at org.junit.platform.launcher.core.DefaultLauncher.execute(DefaultLauncher.java:128)
	at org.apache.maven.surefire.junitplatform.JUnitPlatformProvider.invokeAllTests(JUnitPlatformProvider.java:150)
	at org.apache.maven.surefire.junitplatform.JUnitPlatformProvider.invoke(JUnitPlatformProvider.java:124)
	at org.apache.maven.surefire.booter.ForkedBooter.invokeProviderInSameClassLoader(ForkedBooter.java:384)
	at org.apache.maven.surefire.booter.ForkedBooter.runSuitesInProcess(ForkedBooter.java:345)
	at org.apache.maven.surefire.booter.ForkedBooter.execute(ForkedBooter.java:126)
	at org.apache.maven.surefire.booter.ForkedBooter.main(ForkedBooter.java:418)
23:39:25.895 [main] INFO com.weatherapp.service.WeatherService - Buscando clima para: 'Madrid'
23:39:25.895 [main] DEBUG com.weatherapp.service.WeatherService - Ubicaci¾n resuelta: GeoLocation{ciudad='Madrid', latitud=40,4168, longitud=-3,7038}
23:39:25.895 [main] INFO com.weatherapp.service.WeatherService - ? Datos climßticos obtenidos exitosamente para: Madrid
23:39:25.895 [main] INFO com.weatherapp.service.WeatherService - Buscando clima para: 'London'
23:39:25.895 [main] DEBUG com.weatherapp.service.WeatherService - Ubicaci¾n resuelta: GeoLocation{ciudad='London', latitud=51,5074, longitud=-0,1278}
23:39:25.895 [main] INFO com.weatherapp.service.WeatherService - ? Datos climßticos obtenidos exitosamente para: London
23:39:25.897 [main] INFO com.weatherapp.service.WeatherService - Buscando clima para: 'Madrid'
23:39:25.897 [main] DEBUG com.weatherapp.service.WeatherService - Ubicaci¾n resuelta: GeoLocation{ciudad='Madrid, Espa±a', latitud=40,4168, longitud=-3,7038}
23:39:25.897 [main] INFO com.weatherapp.service.WeatherService - ? Datos climßticos obtenidos exitosamente para: Madrid, Espa±a
23:39:25.900 [main] INFO com.weatherapp.service.WeatherService - Buscando clima para: 'Madrid'
23:39:25.900 [main] DEBUG com.weatherapp.service.WeatherService - Ubicaci¾n resuelta: GeoLocation{ciudad='Madrid', latitud=40,4168, longitud=-3,7038}
23:39:25.901 [main] INFO com.weatherapp.service.WeatherService - ? Datos climßticos obtenidos exitosamente para: Madrid
23:39:25.903 [main] INFO com.weatherapp.service.WeatherService - Buscando clima para: 'Madrid'
23:39:25.903 [main] DEBUG com.weatherapp.service.WeatherService - Ubicaci¾n resuelta: GeoLocation{ciudad='Madrid', latitud=40,4168, longitud=-3,7038}
23:39:25.903 [main] INFO com.weatherapp.service.WeatherService - ? Datos climßticos obtenidos exitosamente para: Madrid
23:39:25.907 [main] INFO com.weatherapp.service.WeatherService - Buscando clima para: 'Madrid'
23:39:25.907 [main] DEBUG com.weatherapp.service.WeatherService - Ubicaci¾n resuelta: GeoLocation{ciudad='Madrid', latitud=40,4168, longitud=-3,7038}
23:39:25.908 [main] ERROR com.weatherapp.service.WeatherService - Error de conectividad para 'Madrid'
java.lang.RuntimeException: Weather API error
	at com.weatherapp.client.OpenMeteoClient.getWeatherData(OpenMeteoClient.java:86)
	at com.weatherapp.service.WeatherService.getWeatherByCityName(WeatherService.java:58)
	at com.weatherapp.service.WeatherServiceIntegrationTest.lambda$testWeatherFetchFailureAfterSuccessfulGeocode$2(WeatherServiceIntegrationTest.java:206)
	at org.junit.jupiter.api.AssertThrows.assertThrows(AssertThrows.java:53)
	at org.junit.jupiter.api.AssertThrows.assertThrows(AssertThrows.java:35)
	at org.junit.jupiter.api.Assertions.assertThrows(Assertions.java:3083)
	at com.weatherapp.service.WeatherServiceIntegrationTest.testWeatherFetchFailureAfterSuccessfulGeocode(WeatherServiceIntegrationTest.java:205)
	at java.base/jdk.internal.reflect.NativeMethodAccessorImpl.invoke0(Native Method)
	at java.base/jdk.internal.reflect.NativeMethodAccessorImpl.invoke(NativeMethodAccessorImpl.java:77)
	at java.base/jdk.internal.reflect.DelegatingMethodAccessorImpl.invoke(DelegatingMethodAccessorImpl.java:43)
	at java.base/java.lang.reflect.Method.invoke(Method.java:568)
	at org.junit.platform.commons.util.ReflectionUtils.invokeMethod(ReflectionUtils.java:727)
	at org.junit.jupiter.engine.execution.MethodInvocation.proceed(MethodInvocation.java:60)
	at org.junit.jupiter.engine.execution.InvocationInterceptorChain$ValidatingInvocation.proceed(InvocationInterceptorChain.java:131)
	at org.junit.jupiter.engine.extension.TimeoutExtension.intercept(TimeoutExtension.java:156)
	at org.junit.jupiter.engine.extension.TimeoutExtension.interceptTestableMethod(TimeoutExtension.java:147)
	at org.junit.jupiter.engine.extension.TimeoutExtension.interceptTestMethod(TimeoutExtension.java:86)
	at org.junit.jupiter.engine.execution.InterceptingExecutableInvoker$ReflectiveInterceptorCall.lambda$ofVoidMethod$0(InterceptingExecutableInvoker.java:103)
	at org.junit.jupiter.engine.execution.InterceptingExecutableInvoker.lambda$invoke$0(InterceptingExecutableInvoker.java:93)
	at org.junit.jupiter.engine.execution.InvocationInterceptorChain$InterceptedInvocation.proceed(InvocationInterceptorChain.java:106)
	at org.junit.jupiter.engine.execution.InvocationInterceptorChain.proceed(InvocationInterceptorChain.java:64)
	at org.junit.jupiter.engine.execution.InvocationInterceptorChain.chainAndInvoke(InvocationInterceptorChain.java:45)
	at org.junit.jupiter.engine.execution.InvocationInterceptorChain.invoke(InvocationInterceptorChain.java:37)
	at org.junit.jupiter.engine.execution.InterceptingExecutableInvoker.invoke(InterceptingExecutableInvoker.java:92)
	at org.junit.jupiter.engine.execution.InterceptingExecutableInvoker.invoke(InterceptingExecutableInvoker.java:86)
	at org.junit.jupiter.engine.descriptor.TestMethodTestDescriptor.lambda$invokeTestMethod$7(TestMethodTestDescriptor.java:217)
	at org.junit.platform.engine.support.hierarchical.ThrowableCollector.execute(ThrowableCollector.java:73)
	at org.junit.jupiter.engine.descriptor.TestMethodTestDescriptor.invokeTestMethod(TestMethodTestDescriptor.java:213)
	at org.junit.jupiter.engine.descriptor.TestMethodTestDescriptor.execute(TestMethodTestDescriptor.java:138)
	at org.junit.jupiter.engine.descriptor.TestMethodTestDescriptor.execute(TestMethodTestDescriptor.java:68)
	at org.junit.platform.engine.support.hierarchical.NodeTestTask.lambda$executeRecursively$6(NodeTestTask.java:151)
	at org.junit.platform.engine.support.hierarchical.ThrowableCollector.execute(ThrowableCollector.java:73)
	at org.junit.platform.engine.support.hierarchical.NodeTestTask.lambda$executeRecursively$8(NodeTestTask.java:141)
	at org.junit.platform.engine.support.hierarchical.Node.around(Node.java:137)
	at org.junit.platform.engine.support.hierarchical.NodeTestTask.lambda$executeRecursively$9(NodeTestTask.java:139)
	at org.junit.platform.engine.support.hierarchical.ThrowableCollector.execute(ThrowableCollector.java:73)
	at org.junit.platform.engine.support.hierarchical.NodeTestTask.executeRecursively(NodeTestTask.java:138)
	at org.junit.platform.engine.support.hierarchical.NodeTestTask.execute(NodeTestTask.java:95)
	at java.base/java.util.ArrayList.forEach(ArrayList.java:1511)
	at org.junit.platform.engine.support.hierarchical.SameThreadHierarchicalTestExecutorService.invokeAll(SameThreadHierarchicalTestExecutorService.java:41)
	at org.junit.platform.engine.support.hierarchical.NodeTestTask.lambda$executeRecursively$6(NodeTestTask.java:155)
	at org.junit.platform.engine.support.hierarchical.ThrowableCollector.execute(ThrowableCollector.java:73)
	at org.junit.platform.engine.support.hierarchical.NodeTestTask.lambda$executeRecursively$8(NodeTestTask.java:141)
	at org.junit.platform.engine.support.hierarchical.Node.around(Node.java:137)
	at org.junit.platform.engine.support.hierarchical.NodeTestTask.lambda$executeRecursively$9(NodeTestTask.java:139)
	at org.junit.platform.engine.support.hierarchical.ThrowableCollector.execute(ThrowableCollector.java:73)
	at org.junit.platform.engine.support.hierarchical.NodeTestTask.executeRecursively(NodeTestTask.java:138)
	at org.junit.platform.engine.support.hierarchical.NodeTestTask.execute(NodeTestTask.java:95)
	at java.base/java.util.ArrayList.forEach(ArrayList.java:1511)
	at org.junit.platform.engine.support.hierarchical.SameThreadHierarchicalTestExecutorService.invokeAll(SameThreadHierarchicalTestExecutorService.java:41)
	at org.junit.platform.engine.support.hierarchical.NodeTestTask.lambda$executeRecursively$6(NodeTestTask.java:155)
	at org.junit.platform.engine.support.hierarchical.ThrowableCollector.execute(ThrowableCollector.java:73)
	at org.junit.platform.engine.support.hierarchical.NodeTestTask.lambda$executeRecursively$8(NodeTestTask.java:141)
	at org.junit.platform.engine.support.hierarchical.Node.around(Node.java:137)
	at org.junit.platform.engine.support.hierarchical.NodeTestTask.lambda$executeRecursively$9(NodeTestTask.java:139)
	at org.junit.platform.engine.support.hierarchical.ThrowableCollector.execute(ThrowableCollector.java:73)
	at org.junit.platform.engine.support.hierarchical.NodeTestTask.executeRecursively(NodeTestTask.java:138)
	at org.junit.platform.engine.support.hierarchical.NodeTestTask.execute(NodeTestTask.java:95)
	at org.junit.platform.engine.support.hierarchical.SameThreadHierarchicalTestExecutorService.submit(SameThreadHierarchicalTestExecutorService.java:35)
	at org.junit.platform.engine.support.hierarchical.HierarchicalTestExecutor.execute(HierarchicalTestExecutor.java:57)
	at org.junit.platform.engine.support.hierarchical.HierarchicalTestEngine.execute(HierarchicalTestEngine.java:54)
	at org.junit.platform.launcher.core.DefaultLauncher.execute(DefaultLauncher.java:220)
	at org.junit.platform.launcher.core.DefaultLauncher.lambda$execute$6(DefaultLauncher.java:188)
	at org.junit.platform.launcher.core.DefaultLauncher.withInterceptedStreams(DefaultLauncher.java:202)
	at org.junit.platform.launcher.core.DefaultLauncher.execute(DefaultLauncher.java:181)
	at org.junit.platform.launcher.core.DefaultLauncher.execute(DefaultLauncher.java:128)
	at org.apache.maven.surefire.junitplatform.JUnitPlatformProvider.invokeAllTests(JUnitPlatformProvider.java:150)
	at org.apache.maven.surefire.junitplatform.JUnitPlatformProvider.invoke(JUnitPlatformProvider.java:124)
	at org.apache.maven.surefire.booter.ForkedBooter.invokeProviderInSameClassLoader(ForkedBooter.java:384)
	at org.apache.maven.surefire.booter.ForkedBooter.runSuitesInProcess(ForkedBooter.java:345)
	at org.apache.maven.surefire.booter.ForkedBooter.execute(ForkedBooter.java:126)
	at org.apache.maven.surefire.booter.ForkedBooter.main(ForkedBooter.java:418)
23:39:25.909 [main] INFO com.weatherapp.service.WeatherService - Buscando clima para: 'Madrid'
23:39:25.909 [main] DEBUG com.weatherapp.service.WeatherService - Ubicaci¾n resuelta: GeoLocation{ciudad='Madrid', latitud=40,4168, longitud=-3,7038}
23:39:25.909 [main] INFO com.weatherapp.service.WeatherService - ? Datos climßticos obtenidos exitosamente para: Madrid
23:39:25.910 [main] INFO com.weatherapp.service.WeatherService - Buscando clima para: 'Madrid'
23:39:25.910 [main] DEBUG com.weatherapp.service.WeatherService - Ubicaci¾n resuelta: GeoLocation{ciudad='Madrid', latitud=40,4168, longitud=-3,7038}
23:39:25.910 [main] INFO com.weatherapp.service.WeatherService - ? Datos climßticos obtenidos exitosamente para: Madrid
[INFO] Tests run: 13, Failures: 0, Errors: 0, Skipped: 0, Time elapsed: 0.044 s - in com.weatherapp.service.WeatherServiceIntegrationTest
[INFO] Running com.weatherapp.service.WeatherServiceTest
23:39:25.919 [main] INFO com.weatherapp.service.WeatherService - Buscando clima para: 'CiudadInexistente123'
23:39:25.920 [main] WARN com.weatherapp.service.WeatherService - Ciudad no encontrada: 'CiudadInexistente123'
com.weatherapp.exception.CityNotFoundException: CiudadInexistente123
	at com.weatherapp.service.WeatherServiceTest$MockOpenMeteoClient.resolveCity(WeatherServiceTest.java:190)
	at com.weatherapp.service.WeatherService.getWeatherByCityName(WeatherService.java:55)
	at com.weatherapp.service.WeatherServiceTest.lambda$testCityNotFoundThrowsException$3(WeatherServiceTest.java:104)
	at org.junit.jupiter.api.AssertThrows.assertThrows(AssertThrows.java:53)
	at org.junit.jupiter.api.AssertThrows.assertThrows(AssertThrows.java:35)
	at org.junit.jupiter.api.Assertions.assertThrows(Assertions.java:3083)
	at com.weatherapp.service.WeatherServiceTest.testCityNotFoundThrowsException(WeatherServiceTest.java:103)
	at java.base/jdk.internal.reflect.NativeMethodAccessorImpl.invoke0(Native Method)
	at java.base/jdk.internal.reflect.NativeMethodAccessorImpl.invoke(NativeMethodAccessorImpl.java:77)
	at java.base/jdk.internal.reflect.DelegatingMethodAccessorImpl.invoke(DelegatingMethodAccessorImpl.java:43)
	at java.base/java.lang.reflect.Method.invoke(Method.java:568)
	at org.junit.platform.commons.util.ReflectionUtils.invokeMethod(ReflectionUtils.java:727)
	at org.junit.jupiter.engine.execution.MethodInvocation.proceed(MethodInvocation.java:60)
	at org.junit.jupiter.engine.execution.InvocationInterceptorChain$ValidatingInvocation.proceed(InvocationInterceptorChain.java:131)
	at org.junit.jupiter.engine.extension.TimeoutExtension.intercept(TimeoutExtension.java:156)
	at org.junit.jupiter.engine.extension.TimeoutExtension.interceptTestableMethod(TimeoutExtension.java:147)
	at org.junit.jupiter.engine.extension.TimeoutExtension.interceptTestMethod(TimeoutExtension.java:86)
	at org.junit.jupiter.engine.execution.InterceptingExecutableInvoker$ReflectiveInterceptorCall.lambda$ofVoidMethod$0(InterceptingExecutableInvoker.java:103)
	at org.junit.jupiter.engine.execution.InterceptingExecutableInvoker.lambda$invoke$0(InterceptingExecutableInvoker.java:93)
	at org.junit.jupiter.engine.execution.InvocationInterceptorChain$InterceptedInvocation.proceed(InvocationInterceptorChain.java:106)
	at org.junit.jupiter.engine.execution.InvocationInterceptorChain.proceed(InvocationInterceptorChain.java:64)
	at org.junit.jupiter.engine.execution.InvocationInterceptorChain.chainAndInvoke(InvocationInterceptorChain.java:45)
	at org.junit.jupiter.engine.execution.InvocationInterceptorChain.invoke(InvocationInterceptorChain.java:37)
	at org.junit.jupiter.engine.execution.InterceptingExecutableInvoker.invoke(InterceptingExecutableInvoker.java:92)
	at org.junit.jupiter.engine.execution.InterceptingExecutableInvoker.invoke(InterceptingExecutableInvoker.java:86)
	at org.junit.jupiter.engine.descriptor.TestMethodTestDescriptor.lambda$invokeTestMethod$7(TestMethodTestDescriptor.java:217)
	at org.junit.platform.engine.support.hierarchical.ThrowableCollector.execute(ThrowableCollector.java:73)
	at org.junit.jupiter.engine.descriptor.TestMethodTestDescriptor.invokeTestMethod(TestMethodTestDescriptor.java:213)
	at org.junit.jupiter.engine.descriptor.TestMethodTestDescriptor.execute(TestMethodTestDescriptor.java:138)
	at org.junit.jupiter.engine.descriptor.TestMethodTestDescriptor.execute(TestMethodTestDescriptor.java:68)
	at org.junit.platform.engine.support.hierarchical.NodeTestTask.lambda$executeRecursively$6(NodeTestTask.java:151)
	at org.junit.platform.engine.support.hierarchical.ThrowableCollector.execute(ThrowableCollector.java:73)
	at org.junit.platform.engine.support.hierarchical.NodeTestTask.lambda$executeRecursively$8(NodeTestTask.java:141)
	at org.junit.platform.engine.support.hierarchical.Node.around(Node.java:137)
	at org.junit.platform.engine.support.hierarchical.NodeTestTask.lambda$executeRecursively$9(NodeTestTask.java:139)
	at org.junit.platform.engine.support.hierarchical.ThrowableCollector.execute(ThrowableCollector.java:73)
	at org.junit.platform.engine.support.hierarchical.NodeTestTask.executeRecursively(NodeTestTask.java:138)
	at org.junit.platform.engine.support.hierarchical.NodeTestTask.execute(NodeTestTask.java:95)
	at java.base/java.util.ArrayList.forEach(ArrayList.java:1511)
	at org.junit.platform.engine.support.hierarchical.SameThreadHierarchicalTestExecutorService.invokeAll(SameThreadHierarchicalTestExecutorService.java:41)
	at org.junit.platform.engine.support.hierarchical.NodeTestTask.lambda$executeRecursively$6(NodeTestTask.java:155)
	at org.junit.platform.engine.support.hierarchical.ThrowableCollector.execute(ThrowableCollector.java:73)
	at org.junit.platform.engine.support.hierarchical.NodeTestTask.lambda$executeRecursively$8(NodeTestTask.java:141)
	at org.junit.platform.engine.support.hierarchical.Node.around(Node.java:137)
	at org.junit.platform.engine.support.hierarchical.NodeTestTask.lambda$executeRecursively$9(NodeTestTask.java:139)
	at org.junit.platform.engine.support.hierarchical.ThrowableCollector.execute(ThrowableCollector.java:73)
	at org.junit.platform.engine.support.hierarchical.NodeTestTask.executeRecursively(NodeTestTask.java:138)
	at org.junit.platform.engine.support.hierarchical.NodeTestTask.execute(NodeTestTask.java:95)
	at java.base/java.util.ArrayList.forEach(ArrayList.java:1511)
	at org.junit.platform.engine.support.hierarchical.SameThreadHierarchicalTestExecutorService.invokeAll(SameThreadHierarchicalTestExecutorService.java:41)
	at org.junit.platform.engine.support.hierarchical.NodeTestTask.lambda$executeRecursively$6(NodeTestTask.java:155)
	at org.junit.platform.engine.support.hierarchical.ThrowableCollector.execute(ThrowableCollector.java:73)
	at org.junit.platform.engine.support.hierarchical.NodeTestTask.lambda$executeRecursively$8(NodeTestTask.java:141)
	at org.junit.platform.engine.support.hierarchical.Node.around(Node.java:137)
	at org.junit.platform.engine.support.hierarchical.NodeTestTask.lambda$executeRecursively$9(NodeTestTask.java:139)
	at org.junit.platform.engine.support.hierarchical.ThrowableCollector.execute(ThrowableCollector.java:73)
	at org.junit.platform.engine.support.hierarchical.NodeTestTask.executeRecursively(NodeTestTask.java:138)
	at org.junit.platform.engine.support.hierarchical.NodeTestTask.execute(NodeTestTask.java:95)
	at org.junit.platform.engine.support.hierarchical.SameThreadHierarchicalTestExecutorService.submit(SameThreadHierarchicalTestExecutorService.java:35)
	at org.junit.platform.engine.support.hierarchical.HierarchicalTestExecutor.execute(HierarchicalTestExecutor.java:57)
	at org.junit.platform.engine.support.hierarchical.HierarchicalTestEngine.execute(HierarchicalTestEngine.java:54)
	at org.junit.platform.launcher.core.DefaultLauncher.execute(DefaultLauncher.java:220)
	at org.junit.platform.launcher.core.DefaultLauncher.lambda$execute$6(DefaultLauncher.java:188)
	at org.junit.platform.launcher.core.DefaultLauncher.withInterceptedStreams(DefaultLauncher.java:202)
	at org.junit.platform.launcher.core.DefaultLauncher.execute(DefaultLauncher.java:181)
	at org.junit.platform.launcher.core.DefaultLauncher.execute(DefaultLauncher.java:128)
	at org.apache.maven.surefire.junitplatform.JUnitPlatformProvider.invokeAllTests(JUnitPlatformProvider.java:150)
	at org.apache.maven.surefire.junitplatform.JUnitPlatformProvider.invoke(JUnitPlatformProvider.java:124)
	at org.apache.maven.surefire.booter.ForkedBooter.invokeProviderInSameClassLoader(ForkedBooter.java:384)
	at org.apache.maven.surefire.booter.ForkedBooter.runSuitesInProcess(ForkedBooter.java:345)
	at org.apache.maven.surefire.booter.ForkedBooter.execute(ForkedBooter.java:126)
	at org.apache.maven.surefire.booter.ForkedBooter.main(ForkedBooter.java:418)
23:39:25.925 [main] INFO com.weatherapp.service.WeatherService - Buscando clima para: 'Madrid'
23:39:25.925 [main] ERROR com.weatherapp.service.WeatherService - Error de conectividad para 'Madrid'
java.lang.RuntimeException: Simulated network error
	at com.weatherapp.service.WeatherServiceTest$MockOpenMeteoClient.resolveCity(WeatherServiceTest.java:186)
	at com.weatherapp.service.WeatherService.getWeatherByCityName(WeatherService.java:55)
	at com.weatherapp.service.WeatherServiceTest.lambda$testNetworkErrorThrowsException$4(WeatherServiceTest.java:114)
	at org.junit.jupiter.api.AssertThrows.assertThrows(AssertThrows.java:53)
	at org.junit.jupiter.api.AssertThrows.assertThrows(AssertThrows.java:35)
	at org.junit.jupiter.api.Assertions.assertThrows(Assertions.java:3083)
	at com.weatherapp.service.WeatherServiceTest.testNetworkErrorThrowsException(WeatherServiceTest.java:113)
	at java.base/jdk.internal.reflect.NativeMethodAccessorImpl.invoke0(Native Method)
	at java.base/jdk.internal.reflect.NativeMethodAccessorImpl.invoke(NativeMethodAccessorImpl.java:77)
	at java.base/jdk.internal.reflect.DelegatingMethodAccessorImpl.invoke(DelegatingMethodAccessorImpl.java:43)
	at java.base/java.lang.reflect.Method.invoke(Method.java:568)
	at org.junit.platform.commons.util.ReflectionUtils.invokeMethod(ReflectionUtils.java:727)
	at org.junit.jupiter.engine.execution.MethodInvocation.proceed(MethodInvocation.java:60)
	at org.junit.jupiter.engine.execution.InvocationInterceptorChain$ValidatingInvocation.proceed(InvocationInterceptorChain.java:131)
	at org.junit.jupiter.engine.extension.TimeoutExtension.intercept(TimeoutExtension.java:156)
	at org.junit.jupiter.engine.extension.TimeoutExtension.interceptTestableMethod(TimeoutExtension.java:147)
	at org.junit.jupiter.engine.extension.TimeoutExtension.interceptTestMethod(TimeoutExtension.java:86)
	at org.junit.jupiter.engine.execution.InterceptingExecutableInvoker$ReflectiveInterceptorCall.lambda$ofVoidMethod$0(InterceptingExecutableInvoker.java:103)
	at org.junit.jupiter.engine.execution.InterceptingExecutableInvoker.lambda$invoke$0(InterceptingExecutableInvoker.java:93)
	at org.junit.jupiter.engine.execution.InvocationInterceptorChain$InterceptedInvocation.proceed(InvocationInterceptorChain.java:106)
	at org.junit.jupiter.engine.execution.InvocationInterceptorChain.proceed(InvocationInterceptorChain.java:64)
	at org.junit.jupiter.engine.execution.InvocationInterceptorChain.chainAndInvoke(InvocationInterceptorChain.java:45)
	at org.junit.jupiter.engine.execution.InvocationInterceptorChain.invoke(InvocationInterceptorChain.java:37)
	at org.junit.jupiter.engine.execution.InterceptingExecutableInvoker.invoke(InterceptingExecutableInvoker.java:92)
	at org.junit.jupiter.engine.execution.InterceptingExecutableInvoker.invoke(InterceptingExecutableInvoker.java:86)
	at org.junit.jupiter.engine.descriptor.TestMethodTestDescriptor.lambda$invokeTestMethod$7(TestMethodTestDescriptor.java:217)
	at org.junit.platform.engine.support.hierarchical.ThrowableCollector.execute(ThrowableCollector.java:73)
	at org.junit.jupiter.engine.descriptor.TestMethodTestDescriptor.invokeTestMethod(TestMethodTestDescriptor.java:213)
	at org.junit.jupiter.engine.descriptor.TestMethodTestDescriptor.execute(TestMethodTestDescriptor.java:138)
	at org.junit.jupiter.engine.descriptor.TestMethodTestDescriptor.execute(TestMethodTestDescriptor.java:68)
	at org.junit.platform.engine.support.hierarchical.NodeTestTask.lambda$executeRecursively$6(NodeTestTask.java:151)
	at org.junit.platform.engine.support.hierarchical.ThrowableCollector.execute(ThrowableCollector.java:73)
	at org.junit.platform.engine.support.hierarchical.NodeTestTask.lambda$executeRecursively$8(NodeTestTask.java:141)
	at org.junit.platform.engine.support.hierarchical.Node.around(Node.java:137)
	at org.junit.platform.engine.support.hierarchical.NodeTestTask.lambda$executeRecursively$9(NodeTestTask.java:139)
	at org.junit.platform.engine.support.hierarchical.ThrowableCollector.execute(ThrowableCollector.java:73)
	at org.junit.platform.engine.support.hierarchical.NodeTestTask.executeRecursively(NodeTestTask.java:138)
	at org.junit.platform.engine.support.hierarchical.NodeTestTask.execute(NodeTestTask.java:95)
	at java.base/java.util.ArrayList.forEach(ArrayList.java:1511)
	at org.junit.platform.engine.support.hierarchical.SameThreadHierarchicalTestExecutorService.invokeAll(SameThreadHierarchicalTestExecutorService.java:41)
	at org.junit.platform.engine.support.hierarchical.NodeTestTask.lambda$executeRecursively$6(NodeTestTask.java:155)
	at org.junit.platform.engine.support.hierarchical.ThrowableCollector.execute(ThrowableCollector.java:73)
	at org.junit.platform.engine.support.hierarchical.NodeTestTask.lambda$executeRecursively$8(NodeTestTask.java:141)
	at org.junit.platform.engine.support.hierarchical.Node.around(Node.java:137)
	at org.junit.platform.engine.support.hierarchical.NodeTestTask.lambda$executeRecursively$9(NodeTestTask.java:139)
	at org.junit.platform.engine.support.hierarchical.ThrowableCollector.execute(ThrowableCollector.java:73)
	at org.junit.platform.engine.support.hierarchical.NodeTestTask.executeRecursively(NodeTestTask.java:138)
	at org.junit.platform.engine.support.hierarchical.NodeTestTask.execute(NodeTestTask.java:95)
	at java.base/java.util.ArrayList.forEach(ArrayList.java:1511)
	at org.junit.platform.engine.support.hierarchical.SameThreadHierarchicalTestExecutorService.invokeAll(SameThreadHierarchicalTestExecutorService.java:41)
	at org.junit.platform.engine.support.hierarchical.NodeTestTask.lambda$executeRecursively$6(NodeTestTask.java:155)
	at org.junit.platform.engine.support.hierarchical.ThrowableCollector.execute(ThrowableCollector.java:73)
	at org.junit.platform.engine.support.hierarchical.NodeTestTask.lambda$executeRecursively$8(NodeTestTask.java:141)
	at org.junit.platform.engine.support.hierarchical.Node.around(Node.java:137)
	at org.junit.platform.engine.support.hierarchical.NodeTestTask.lambda$executeRecursively$9(NodeTestTask.java:139)
	at org.junit.platform.engine.support.hierarchical.ThrowableCollector.execute(ThrowableCollector.java:73)
	at org.junit.platform.engine.support.hierarchical.NodeTestTask.executeRecursively(NodeTestTask.java:138)
	at org.junit.platform.engine.support.hierarchical.NodeTestTask.execute(NodeTestTask.java:95)
	at org.junit.platform.engine.support.hierarchical.SameThreadHierarchicalTestExecutorService.submit(SameThreadHierarchicalTestExecutorService.java:35)
	at org.junit.platform.engine.support.hierarchical.HierarchicalTestExecutor.execute(HierarchicalTestExecutor.java:57)
	at org.junit.platform.engine.support.hierarchical.HierarchicalTestEngine.execute(HierarchicalTestEngine.java:54)
	at org.junit.platform.launcher.core.DefaultLauncher.execute(DefaultLauncher.java:220)
	at org.junit.platform.launcher.core.DefaultLauncher.lambda$execute$6(DefaultLauncher.java:188)
	at org.junit.platform.launcher.core.DefaultLauncher.withInterceptedStreams(DefaultLauncher.java:202)
	at org.junit.platform.launcher.core.DefaultLauncher.execute(DefaultLauncher.java:181)
	at org.junit.platform.launcher.core.DefaultLauncher.execute(DefaultLauncher.java:128)
	at org.apache.maven.surefire.junitplatform.JUnitPlatformProvider.invokeAllTests(JUnitPlatformProvider.java:150)
	at org.apache.maven.surefire.junitplatform.JUnitPlatformProvider.invoke(JUnitPlatformProvider.java:124)
	at org.apache.maven.surefire.booter.ForkedBooter.invokeProviderInSameClassLoader(ForkedBooter.java:384)
	at org.apache.maven.surefire.booter.ForkedBooter.runSuitesInProcess(ForkedBooter.java:345)
	at org.apache.maven.surefire.booter.ForkedBooter.execute(ForkedBooter.java:126)
	at org.apache.maven.surefire.booter.ForkedBooter.main(ForkedBooter.java:418)
23:39:25.934 [main] INFO com.weatherapp.service.WeatherService - Buscando clima para: 'Nueva York'
23:39:25.934 [main] DEBUG com.weatherapp.service.WeatherService - Ubicaci¾n resuelta: GeoLocation{ciudad='Nueva York, EE.UU.', latitud=40,7128, longitud=-74,0060}
23:39:25.935 [main] INFO com.weatherapp.service.WeatherService - ? Datos climßticos obtenidos exitosamente para: Nueva York, EE.UU.
23:39:25.940 [main] INFO com.weatherapp.service.WeatherService - Buscando clima para: 'TestCity'
23:39:25.940 [main] ERROR com.weatherapp.service.WeatherService - Error de conectividad para 'TestCity'
java.lang.RuntimeException: Simulated network error
	at com.weatherapp.service.WeatherServiceTest$MockOpenMeteoClient.resolveCity(WeatherServiceTest.java:186)
	at com.weatherapp.service.WeatherService.getWeatherByCityName(WeatherService.java:55)
	at com.weatherapp.service.WeatherServiceTest.lambda$testExceptionHandlingWithContext$5(WeatherServiceTest.java:124)
	at org.junit.jupiter.api.AssertThrows.assertThrows(AssertThrows.java:53)
	at org.junit.jupiter.api.AssertThrows.assertThrows(AssertThrows.java:35)
	at org.junit.jupiter.api.Assertions.assertThrows(Assertions.java:3083)
	at com.weatherapp.service.WeatherServiceTest.testExceptionHandlingWithContext(WeatherServiceTest.java:123)
	at java.base/jdk.internal.reflect.NativeMethodAccessorImpl.invoke0(Native Method)
	at java.base/jdk.internal.reflect.NativeMethodAccessorImpl.invoke(NativeMethodAccessorImpl.java:77)
	at java.base/jdk.internal.reflect.DelegatingMethodAccessorImpl.invoke(DelegatingMethodAccessorImpl.java:43)
	at java.base/java.lang.reflect.Method.invoke(Method.java:568)
	at org.junit.platform.commons.util.ReflectionUtils.invokeMethod(ReflectionUtils.java:727)
	at org.junit.jupiter.engine.execution.MethodInvocation.proceed(MethodInvocation.java:60)
	at org.junit.jupiter.engine.execution.InvocationInterceptorChain$ValidatingInvocation.proceed(InvocationInterceptorChain.java:131)
	at org.junit.jupiter.engine.extension.TimeoutExtension.intercept(TimeoutExtension.java:156)
	at org.junit.jupiter.engine.extension.TimeoutExtension.interceptTestableMethod(TimeoutExtension.java:147)
	at org.junit.jupiter.engine.extension.TimeoutExtension.interceptTestMethod(TimeoutExtension.java:86)
	at org.junit.jupiter.engine.execution.InterceptingExecutableInvoker$ReflectiveInterceptorCall.lambda$ofVoidMethod$0(InterceptingExecutableInvoker.java:103)
	at org.junit.jupiter.engine.execution.InterceptingExecutableInvoker.lambda$invoke$0(InterceptingExecutableInvoker.java:93)
	at org.junit.jupiter.engine.execution.InvocationInterceptorChain$InterceptedInvocation.proceed(InvocationInterceptorChain.java:106)
	at org.junit.jupiter.engine.execution.InvocationInterceptorChain.proceed(InvocationInterceptorChain.java:64)
	at org.junit.jupiter.engine.execution.InvocationInterceptorChain.chainAndInvoke(InvocationInterceptorChain.java:45)
	at org.junit.jupiter.engine.execution.InvocationInterceptorChain.invoke(InvocationInterceptorChain.java:37)
	at org.junit.jupiter.engine.execution.InterceptingExecutableInvoker.invoke(InterceptingExecutableInvoker.java:92)
	at org.junit.jupiter.engine.execution.InterceptingExecutableInvoker.invoke(InterceptingExecutableInvoker.java:86)
	at org.junit.jupiter.engine.descriptor.TestMethodTestDescriptor.lambda$invokeTestMethod$7(TestMethodTestDescriptor.java:217)
	at org.junit.platform.engine.support.hierarchical.ThrowableCollector.execute(ThrowableCollector.java:73)
	at org.junit.jupiter.engine.descriptor.TestMethodTestDescriptor.invokeTestMethod(TestMethodTestDescriptor.java:213)
	at org.junit.jupiter.engine.descriptor.TestMethodTestDescriptor.execute(TestMethodTestDescriptor.java:138)
	at org.junit.jupiter.engine.descriptor.TestMethodTestDescriptor.execute(TestMethodTestDescriptor.java:68)
	at org.junit.platform.engine.support.hierarchical.NodeTestTask.lambda$executeRecursively$6(NodeTestTask.java:151)
	at org.junit.platform.engine.support.hierarchical.ThrowableCollector.execute(ThrowableCollector.java:73)
	at org.junit.platform.engine.support.hierarchical.NodeTestTask.lambda$executeRecursively$8(NodeTestTask.java:141)
	at org.junit.platform.engine.support.hierarchical.Node.around(Node.java:137)
	at org.junit.platform.engine.support.hierarchical.NodeTestTask.lambda$executeRecursively$9(NodeTestTask.java:139)
	at org.junit.platform.engine.support.hierarchical.ThrowableCollector.execute(ThrowableCollector.java:73)
	at org.junit.platform.engine.support.hierarchical.NodeTestTask.executeRecursively(NodeTestTask.java:138)
	at org.junit.platform.engine.support.hierarchical.NodeTestTask.execute(NodeTestTask.java:95)
	at java.base/java.util.ArrayList.forEach(ArrayList.java:1511)
	at org.junit.platform.engine.support.hierarchical.SameThreadHierarchicalTestExecutorService.invokeAll(SameThreadHierarchicalTestExecutorService.java:41)
	at org.junit.platform.engine.support.hierarchical.NodeTestTask.lambda$executeRecursively$6(NodeTestTask.java:155)
	at org.junit.platform.engine.support.hierarchical.ThrowableCollector.execute(ThrowableCollector.java:73)
	at org.junit.platform.engine.support.hierarchical.NodeTestTask.lambda$executeRecursively$8(NodeTestTask.java:141)
	at org.junit.platform.engine.support.hierarchical.Node.around(Node.java:137)
	at org.junit.platform.engine.support.hierarchical.NodeTestTask.lambda$executeRecursively$9(NodeTestTask.java:139)
	at org.junit.platform.engine.support.hierarchical.ThrowableCollector.execute(ThrowableCollector.java:73)
	at org.junit.platform.engine.support.hierarchical.NodeTestTask.executeRecursively(NodeTestTask.java:138)
	at org.junit.platform.engine.support.hierarchical.NodeTestTask.execute(NodeTestTask.java:95)
	at java.base/java.util.ArrayList.forEach(ArrayList.java:1511)
	at org.junit.platform.engine.support.hierarchical.SameThreadHierarchicalTestExecutorService.invokeAll(SameThreadHierarchicalTestExecutorService.java:41)
	at org.junit.platform.engine.support.hierarchical.NodeTestTask.lambda$executeRecursively$6(NodeTestTask.java:155)
	at org.junit.platform.engine.support.hierarchical.ThrowableCollector.execute(ThrowableCollector.java:73)
	at org.junit.platform.engine.support.hierarchical.NodeTestTask.lambda$executeRecursively$8(NodeTestTask.java:141)
	at org.junit.platform.engine.support.hierarchical.Node.around(Node.java:137)
	at org.junit.platform.engine.support.hierarchical.NodeTestTask.lambda$executeRecursively$9(NodeTestTask.java:139)
	at org.junit.platform.engine.support.hierarchical.ThrowableCollector.execute(ThrowableCollector.java:73)
	at org.junit.platform.engine.support.hierarchical.NodeTestTask.executeRecursively(NodeTestTask.java:138)
	at org.junit.platform.engine.support.hierarchical.NodeTestTask.execute(NodeTestTask.java:95)
	at org.junit.platform.engine.support.hierarchical.SameThreadHierarchicalTestExecutorService.submit(SameThreadHierarchicalTestExecutorService.java:35)
	at org.junit.platform.engine.support.hierarchical.HierarchicalTestExecutor.execute(HierarchicalTestExecutor.java:57)
	at org.junit.platform.engine.support.hierarchical.HierarchicalTestEngine.execute(HierarchicalTestEngine.java:54)
	at org.junit.platform.launcher.core.DefaultLauncher.execute(DefaultLauncher.java:220)
	at org.junit.platform.launcher.core.DefaultLauncher.lambda$execute$6(DefaultLauncher.java:188)
	at org.junit.platform.launcher.core.DefaultLauncher.withInterceptedStreams(DefaultLauncher.java:202)
	at org.junit.platform.launcher.core.DefaultLauncher.execute(DefaultLauncher.java:181)
	at org.junit.platform.launcher.core.DefaultLauncher.execute(DefaultLauncher.java:128)
	at org.apache.maven.surefire.junitplatform.JUnitPlatformProvider.invokeAllTests(JUnitPlatformProvider.java:150)
	at org.apache.maven.surefire.junitplatform.JUnitPlatformProvider.invoke(JUnitPlatformProvider.java:124)
	at org.apache.maven.surefire.booter.ForkedBooter.invokeProviderInSameClassLoader(ForkedBooter.java:384)
	at org.apache.maven.surefire.booter.ForkedBooter.runSuitesInProcess(ForkedBooter.java:345)
	at org.apache.maven.surefire.booter.ForkedBooter.execute(ForkedBooter.java:126)
	at org.apache.maven.surefire.booter.ForkedBooter.main(ForkedBooter.java:418)
23:39:25.950 [main] INFO com.weatherapp.service.WeatherService - Buscando clima para: 'Londres'
23:39:25.950 [main] DEBUG com.weatherapp.service.WeatherService - Ubicaci¾n resuelta: GeoLocation{ciudad='Londres, Reino Unido', latitud=51,5074, longitud=-0,1278}
23:39:25.951 [main] INFO com.weatherapp.service.WeatherService - ? Datos climßticos obtenidos exitosamente para: Londres, Reino Unido
23:39:25.959 [main] INFO com.weatherapp.service.WeatherService - Buscando clima para: 'BerlÝn'
23:39:25.959 [main] DEBUG com.weatherapp.service.WeatherService - Ubicaci¾n resuelta: GeoLocation{ciudad='BerlÝn, Alemania', latitud=52,5200, longitud=13,4050}
23:39:25.960 [main] INFO com.weatherapp.service.WeatherService - ? Datos climßticos obtenidos exitosamente para: BerlÝn, Alemania
23:39:25.965 [main] INFO com.weatherapp.service.WeatherService - Buscando clima para: 'ParÝs'
23:39:25.965 [main] DEBUG com.weatherapp.service.WeatherService - Ubicaci¾n resuelta: GeoLocation{ciudad='ParÝs, Francia', latitud=48,8566, longitud=2,3522}
23:39:25.966 [main] INFO com.weatherapp.service.WeatherService - ? Datos climßticos obtenidos exitosamente para: ParÝs, Francia
23:39:25.978 [main] INFO com.weatherapp.service.WeatherService - Buscando clima para: 'Madrid'
23:39:25.978 [main] DEBUG com.weatherapp.service.WeatherService - Ubicaci¾n resuelta: GeoLocation{ciudad='Madrid, Espa±a', latitud=40,4168, longitud=-3,7038}
23:39:25.978 [main] INFO com.weatherapp.service.WeatherService - ? Datos climßticos obtenidos exitosamente para: Madrid, Espa±a
[INFO] Tests run: 12, Failures: 0, Errors: 0, Skipped: 0, Time elapsed: 0.065 s - in com.weatherapp.service.WeatherServiceTest
[INFO] Running com.weatherapp.service.WeatherServiceValidationTest
23:39:25.988 [main] INFO com.weatherapp.service.WeatherService - Buscando clima para: 'Madrid'
23:39:25.988 [main] DEBUG com.weatherapp.service.WeatherService - Ubicaci¾n resuelta: GeoLocation{ciudad='Madrid, Espa±a', latitud=40,4168, longitud=-3,7038}
23:39:25.988 [main] INFO com.weatherapp.service.WeatherService - ? Datos climßticos obtenidos exitosamente para: Madrid, Espa±a
23:39:25.991 [main] INFO com.weatherapp.service.WeatherService - Buscando clima para: 'Test City'
23:39:25.991 [main] DEBUG com.weatherapp.service.WeatherService - Ubicaci¾n resuelta: GeoLocation{ciudad='Madrid, Espa±a', latitud=40,4168, longitud=-3,7038}
23:39:25.992 [main] INFO com.weatherapp.service.WeatherService - ? Datos climßticos obtenidos exitosamente para: Madrid, Espa±a
23:39:25.994 [main] INFO com.weatherapp.service.WeatherService - Buscando clima para: 'Test City'
23:39:25.994 [main] DEBUG com.weatherapp.service.WeatherService - Ubicaci¾n resuelta: GeoLocation{ciudad='Madrid, Espa±a', latitud=40,4168, longitud=-3,7038}
23:39:25.994 [main] INFO com.weatherapp.service.WeatherService - ? Datos climßticos obtenidos exitosamente para: Madrid, Espa±a
23:39:25.997 [main] INFO com.weatherapp.service.WeatherService - Buscando clima para: 'Madrid'
23:39:25.997 [main] DEBUG com.weatherapp.service.WeatherService - Ubicaci¾n resuelta: GeoLocation{ciudad='Madrid, Espa±a', latitud=40,4168, longitud=-3,7038}
23:39:25.997 [main] INFO com.weatherapp.service.WeatherService - ? Datos climßticos obtenidos exitosamente para: Madrid, Espa±a
23:39:26.000 [main] INFO com.weatherapp.service.WeatherService - Buscando clima para: 'Test City'
23:39:26.000 [main] DEBUG com.weatherapp.service.WeatherService - Ubicaci¾n resuelta: GeoLocation{ciudad='Madrid, Espa±a', latitud=40,4168, longitud=-3,7038}
23:39:26.001 [main] WARN com.weatherapp.service.WeatherService - Validaci¾n fallida para 'Test City': ? Temperatura irreal: -61.0░C (-61.0░C). Debe estar entre -60.0░C y 60.0░C
com.weatherapp.exception.WeatherDataException: ? Temperatura irreal: -61.0░C (-61.0░C). Debe estar entre -60.0░C y 60.0░C
	at com.weatherapp.client.OpenMeteoClient.getWeatherData(OpenMeteoClient.java:86)
	at com.weatherapp.service.WeatherService.getWeatherByCityName(WeatherService.java:58)
	at com.weatherapp.service.WeatherServiceValidationTest.lambda$testTemperatureInvalid_TooCold$8(WeatherServiceValidationTest.java:199)
	at org.junit.jupiter.api.AssertThrows.assertThrows(AssertThrows.java:53)
	at org.junit.jupiter.api.AssertThrows.assertThrows(AssertThrows.java:39)
	at org.junit.jupiter.api.Assertions.assertThrows(Assertions.java:3099)
	at com.weatherapp.service.WeatherServiceValidationTest.testTemperatureInvalid_TooCold(WeatherServiceValidationTest.java:197)
	at java.base/jdk.internal.reflect.NativeMethodAccessorImpl.invoke0(Native Method)
	at java.base/jdk.internal.reflect.NativeMethodAccessorImpl.invoke(NativeMethodAccessorImpl.java:77)
	at java.base/jdk.internal.reflect.DelegatingMethodAccessorImpl.invoke(DelegatingMethodAccessorImpl.java:43)
	at java.base/java.lang.reflect.Method.invoke(Method.java:568)
	at org.junit.platform.commons.util.ReflectionUtils.invokeMethod(ReflectionUtils.java:727)
	at org.junit.jupiter.engine.execution.MethodInvocation.proceed(MethodInvocation.java:60)
	at org.junit.jupiter.engine.execution.InvocationInterceptorChain$ValidatingInvocation.proceed(InvocationInterceptorChain.java:131)
	at org.junit.jupiter.engine.extension.TimeoutExtension.intercept(TimeoutExtension.java:156)
	at org.junit.jupiter.engine.extension.TimeoutExtension.interceptTestableMethod(TimeoutExtension.java:147)
	at org.junit.jupiter.engine.extension.TimeoutExtension.interceptTestMethod(TimeoutExtension.java:86)
	at org.junit.jupiter.engine.execution.InterceptingExecutableInvoker$ReflectiveInterceptorCall.lambda$ofVoidMethod$0(InterceptingExecutableInvoker.java:103)
	at org.junit.jupiter.engine.execution.InterceptingExecutableInvoker.lambda$invoke$0(InterceptingExecutableInvoker.java:93)
	at org.junit.jupiter.engine.execution.InvocationInterceptorChain$InterceptedInvocation.proceed(InvocationInterceptorChain.java:106)
	at org.junit.jupiter.engine.execution.InvocationInterceptorChain.proceed(InvocationInterceptorChain.java:64)
	at org.junit.jupiter.engine.execution.InvocationInterceptorChain.chainAndInvoke(InvocationInterceptorChain.java:45)
	at org.junit.jupiter.engine.execution.InvocationInterceptorChain.invoke(InvocationInterceptorChain.java:37)
	at org.junit.jupiter.engine.execution.InterceptingExecutableInvoker.invoke(InterceptingExecutableInvoker.java:92)
	at org.junit.jupiter.engine.execution.InterceptingExecutableInvoker.invoke(InterceptingExecutableInvoker.java:86)
	at org.junit.jupiter.engine.descriptor.TestMethodTestDescriptor.lambda$invokeTestMethod$7(TestMethodTestDescriptor.java:217)
	at org.junit.platform.engine.support.hierarchical.ThrowableCollector.execute(ThrowableCollector.java:73)
	at org.junit.jupiter.engine.descriptor.TestMethodTestDescriptor.invokeTestMethod(TestMethodTestDescriptor.java:213)
	at org.junit.jupiter.engine.descriptor.TestMethodTestDescriptor.execute(TestMethodTestDescriptor.java:138)
	at org.junit.jupiter.engine.descriptor.TestMethodTestDescriptor.execute(TestMethodTestDescriptor.java:68)
	at org.junit.platform.engine.support.hierarchical.NodeTestTask.lambda$executeRecursively$6(NodeTestTask.java:151)
	at org.junit.platform.engine.support.hierarchical.ThrowableCollector.execute(ThrowableCollector.java:73)
	at org.junit.platform.engine.support.hierarchical.NodeTestTask.lambda$executeRecursively$8(NodeTestTask.java:141)
	at org.junit.platform.engine.support.hierarchical.Node.around(Node.java:137)
	at org.junit.platform.engine.support.hierarchical.NodeTestTask.lambda$executeRecursively$9(NodeTestTask.java:139)
	at org.junit.platform.engine.support.hierarchical.ThrowableCollector.execute(ThrowableCollector.java:73)
	at org.junit.platform.engine.support.hierarchical.NodeTestTask.executeRecursively(NodeTestTask.java:138)
	at org.junit.platform.engine.support.hierarchical.NodeTestTask.execute(NodeTestTask.java:95)
	at java.base/java.util.ArrayList.forEach(ArrayList.java:1511)
	at org.junit.platform.engine.support.hierarchical.SameThreadHierarchicalTestExecutorService.invokeAll(SameThreadHierarchicalTestExecutorService.java:41)
	at org.junit.platform.engine.support.hierarchical.NodeTestTask.lambda$executeRecursively$6(NodeTestTask.java:155)
	at org.junit.platform.engine.support.hierarchical.ThrowableCollector.execute(ThrowableCollector.java:73)
	at org.junit.platform.engine.support.hierarchical.NodeTestTask.lambda$executeRecursively$8(NodeTestTask.java:141)
	at org.junit.platform.engine.support.hierarchical.Node.around(Node.java:137)
	at org.junit.platform.engine.support.hierarchical.NodeTestTask.lambda$executeRecursively$9(NodeTestTask.java:139)
	at org.junit.platform.engine.support.hierarchical.ThrowableCollector.execute(ThrowableCollector.java:73)
	at org.junit.platform.engine.support.hierarchical.NodeTestTask.executeRecursively(NodeTestTask.java:138)
	at org.junit.platform.engine.support.hierarchical.NodeTestTask.execute(NodeTestTask.java:95)
	at java.base/java.util.ArrayList.forEach(ArrayList.java:1511)
	at org.junit.platform.engine.support.hierarchical.SameThreadHierarchicalTestExecutorService.invokeAll(SameThreadHierarchicalTestExecutorService.java:41)
	at org.junit.platform.engine.support.hierarchical.NodeTestTask.lambda$executeRecursively$6(NodeTestTask.java:155)
	at org.junit.platform.engine.support.hierarchical.ThrowableCollector.execute(ThrowableCollector.java:73)
	at org.junit.platform.engine.support.hierarchical.NodeTestTask.lambda$executeRecursively$8(NodeTestTask.java:141)
	at org.junit.platform.engine.support.hierarchical.Node.around(Node.java:137)
	at org.junit.platform.engine.support.hierarchical.NodeTestTask.lambda$executeRecursively$9(NodeTestTask.java:139)
	at org.junit.platform.engine.support.hierarchical.ThrowableCollector.execute(ThrowableCollector.java:73)
	at org.junit.platform.engine.support.hierarchical.NodeTestTask.executeRecursively(NodeTestTask.java:138)
	at org.junit.platform.engine.support.hierarchical.NodeTestTask.execute(NodeTestTask.java:95)
	at org.junit.platform.engine.support.hierarchical.SameThreadHierarchicalTestExecutorService.submit(SameThreadHierarchicalTestExecutorService.java:35)
	at org.junit.platform.engine.support.hierarchical.HierarchicalTestExecutor.execute(HierarchicalTestExecutor.java:57)
	at org.junit.platform.engine.support.hierarchical.HierarchicalTestEngine.execute(HierarchicalTestEngine.java:54)
	at org.junit.platform.launcher.core.DefaultLauncher.execute(DefaultLauncher.java:220)
	at org.junit.platform.launcher.core.DefaultLauncher.lambda$execute$6(DefaultLauncher.java:188)
	at org.junit.platform.launcher.core.DefaultLauncher.withInterceptedStreams(DefaultLauncher.java:202)
	at org.junit.platform.launcher.core.DefaultLauncher.execute(DefaultLauncher.java:181)
	at org.junit.platform.launcher.core.DefaultLauncher.execute(DefaultLauncher.java:128)
	at org.apache.maven.surefire.junitplatform.JUnitPlatformProvider.invokeAllTests(JUnitPlatformProvider.java:150)
	at org.apache.maven.surefire.junitplatform.JUnitPlatformProvider.invoke(JUnitPlatformProvider.java:124)
	at org.apache.maven.surefire.booter.ForkedBooter.invokeProviderInSameClassLoader(ForkedBooter.java:384)
	at org.apache.maven.surefire.booter.ForkedBooter.runSuitesInProcess(ForkedBooter.java:345)
	at org.apache.maven.surefire.booter.ForkedBooter.execute(ForkedBooter.java:126)
	at org.apache.maven.surefire.booter.ForkedBooter.main(ForkedBooter.java:418)
23:39:26.005 [main] INFO com.weatherapp.service.WeatherService - Buscando clima para: 'Test City'
23:39:26.005 [main] DEBUG com.weatherapp.service.WeatherService - Ubicaci¾n resuelta: GeoLocation{ciudad='Madrid, Espa±a', latitud=40,4168, longitud=-3,7038}
23:39:26.005 [main] INFO com.weatherapp.service.WeatherService - ? Datos climßticos obtenidos exitosamente para: Madrid, Espa±a
23:39:26.009 [main] INFO com.weatherapp.service.WeatherService - Buscando clima para: 'Test City'
23:39:26.009 [main] DEBUG com.weatherapp.service.WeatherService - Ubicaci¾n resuelta: GeoLocation{ciudad='Madrid, Espa±a', latitud=40,4168, longitud=-3,7038}
23:39:26.010 [main] WARN com.weatherapp.service.WeatherService - Validaci¾n fallida para 'Test City': ? Temperatura aparente irreal: -61.0░C (-61.0░C). Debe estar entre -60.0░C y 60.0░C
com.weatherapp.exception.WeatherDataException: ? Temperatura aparente irreal: -61.0░C (-61.0░C). Debe estar entre -60.0░C y 60.0░C
	at com.weatherapp.client.OpenMeteoClient.getWeatherData(OpenMeteoClient.java:86)
	at com.weatherapp.service.WeatherService.getWeatherByCityName(WeatherService.java:58)
	at com.weatherapp.service.WeatherServiceValidationTest.lambda$testApparentTemperatureInvalid_TooCold$11(WeatherServiceValidationTest.java:252)
	at org.junit.jupiter.api.AssertThrows.assertThrows(AssertThrows.java:53)
	at org.junit.jupiter.api.AssertThrows.assertThrows(AssertThrows.java:39)
	at org.junit.jupiter.api.Assertions.assertThrows(Assertions.java:3099)
	at com.weatherapp.service.WeatherServiceValidationTest.testApparentTemperatureInvalid_TooCold(WeatherServiceValidationTest.java:250)
	at java.base/jdk.internal.reflect.NativeMethodAccessorImpl.invoke0(Native Method)
	at java.base/jdk.internal.reflect.NativeMethodAccessorImpl.invoke(NativeMethodAccessorImpl.java:77)
	at java.base/jdk.internal.reflect.DelegatingMethodAccessorImpl.invoke(DelegatingMethodAccessorImpl.java:43)
	at java.base/java.lang.reflect.Method.invoke(Method.java:568)
	at org.junit.platform.commons.util.ReflectionUtils.invokeMethod(ReflectionUtils.java:727)
	at org.junit.jupiter.engine.execution.MethodInvocation.proceed(MethodInvocation.java:60)
	at org.junit.jupiter.engine.execution.InvocationInterceptorChain$ValidatingInvocation.proceed(InvocationInterceptorChain.java:131)
	at org.junit.jupiter.engine.extension.TimeoutExtension.intercept(TimeoutExtension.java:156)
	at org.junit.jupiter.engine.extension.TimeoutExtension.interceptTestableMethod(TimeoutExtension.java:147)
	at org.junit.jupiter.engine.extension.TimeoutExtension.interceptTestMethod(TimeoutExtension.java:86)
	at org.junit.jupiter.engine.execution.InterceptingExecutableInvoker$ReflectiveInterceptorCall.lambda$ofVoidMethod$0(InterceptingExecutableInvoker.java:103)
	at org.junit.jupiter.engine.execution.InterceptingExecutableInvoker.lambda$invoke$0(InterceptingExecutableInvoker.java:93)
	at org.junit.jupiter.engine.execution.InvocationInterceptorChain$InterceptedInvocation.proceed(InvocationInterceptorChain.java:106)
	at org.junit.jupiter.engine.execution.InvocationInterceptorChain.proceed(InvocationInterceptorChain.java:64)
	at org.junit.jupiter.engine.execution.InvocationInterceptorChain.chainAndInvoke(InvocationInterceptorChain.java:45)
	at org.junit.jupiter.engine.execution.InvocationInterceptorChain.invoke(InvocationInterceptorChain.java:37)
	at org.junit.jupiter.engine.execution.InterceptingExecutableInvoker.invoke(InterceptingExecutableInvoker.java:92)
	at org.junit.jupiter.engine.execution.InterceptingExecutableInvoker.invoke(InterceptingExecutableInvoker.java:86)
	at org.junit.jupiter.engine.descriptor.TestMethodTestDescriptor.lambda$invokeTestMethod$7(TestMethodTestDescriptor.java:217)
	at org.junit.platform.engine.support.hierarchical.ThrowableCollector.execute(ThrowableCollector.java:73)
	at org.junit.jupiter.engine.descriptor.TestMethodTestDescriptor.invokeTestMethod(TestMethodTestDescriptor.java:213)
	at org.junit.jupiter.engine.descriptor.TestMethodTestDescriptor.execute(TestMethodTestDescriptor.java:138)
	at org.junit.jupiter.engine.descriptor.TestMethodTestDescriptor.execute(TestMethodTestDescriptor.java:68)
	at org.junit.platform.engine.support.hierarchical.NodeTestTask.lambda$executeRecursively$6(NodeTestTask.java:151)
	at org.junit.platform.engine.support.hierarchical.ThrowableCollector.execute(ThrowableCollector.java:73)
	at org.junit.platform.engine.support.hierarchical.NodeTestTask.lambda$executeRecursively$8(NodeTestTask.java:141)
	at org.junit.platform.engine.support.hierarchical.Node.around(Node.java:137)
	at org.junit.platform.engine.support.hierarchical.NodeTestTask.lambda$executeRecursively$9(NodeTestTask.java:139)
	at org.junit.platform.engine.support.hierarchical.ThrowableCollector.execute(ThrowableCollector.java:73)
	at org.junit.platform.engine.support.hierarchical.NodeTestTask.executeRecursively(NodeTestTask.java:138)
	at org.junit.platform.engine.support.hierarchical.NodeTestTask.execute(NodeTestTask.java:95)
	at java.base/java.util.ArrayList.forEach(ArrayList.java:1511)
	at org.junit.platform.engine.support.hierarchical.SameThreadHierarchicalTestExecutorService.invokeAll(SameThreadHierarchicalTestExecutorService.java:41)
	at org.junit.platform.engine.support.hierarchical.NodeTestTask.lambda$executeRecursively$6(NodeTestTask.java:155)
	at org.junit.platform.engine.support.hierarchical.ThrowableCollector.execute(ThrowableCollector.java:73)
	at org.junit.platform.engine.support.hierarchical.NodeTestTask.lambda$executeRecursively$8(NodeTestTask.java:141)
	at org.junit.platform.engine.support.hierarchical.Node.around(Node.java:137)
	at org.junit.platform.engine.support.hierarchical.NodeTestTask.lambda$executeRecursively$9(NodeTestTask.java:139)
	at org.junit.platform.engine.support.hierarchical.ThrowableCollector.execute(ThrowableCollector.java:73)
	at org.junit.platform.engine.support.hierarchical.NodeTestTask.executeRecursively(NodeTestTask.java:138)
	at org.junit.platform.engine.support.hierarchical.NodeTestTask.execute(NodeTestTask.java:95)
	at java.base/java.util.ArrayList.forEach(ArrayList.java:1511)
	at org.junit.platform.engine.support.hierarchical.SameThreadHierarchicalTestExecutorService.invokeAll(SameThreadHierarchicalTestExecutorService.java:41)
	at org.junit.platform.engine.support.hierarchical.NodeTestTask.lambda$executeRecursively$6(NodeTestTask.java:155)
	at org.junit.platform.engine.support.hierarchical.ThrowableCollector.execute(ThrowableCollector.java:73)
	at org.junit.platform.engine.support.hierarchical.NodeTestTask.lambda$executeRecursively$8(NodeTestTask.java:141)
	at org.junit.platform.engine.support.hierarchical.Node.around(Node.java:137)
	at org.junit.platform.engine.support.hierarchical.NodeTestTask.lambda$executeRecursively$9(NodeTestTask.java:139)
	at org.junit.platform.engine.support.hierarchical.ThrowableCollector.execute(ThrowableCollector.java:73)
	at org.junit.platform.engine.support.hierarchical.NodeTestTask.executeRecursively(NodeTestTask.java:138)
	at org.junit.platform.engine.support.hierarchical.NodeTestTask.execute(NodeTestTask.java:95)
	at org.junit.platform.engine.support.hierarchical.SameThreadHierarchicalTestExecutorService.submit(SameThreadHierarchicalTestExecutorService.java:35)
	at org.junit.platform.engine.support.hierarchical.HierarchicalTestExecutor.execute(HierarchicalTestExecutor.java:57)
	at org.junit.platform.engine.support.hierarchical.HierarchicalTestEngine.execute(HierarchicalTestEngine.java:54)
	at org.junit.platform.launcher.core.DefaultLauncher.execute(DefaultLauncher.java:220)
	at org.junit.platform.launcher.core.DefaultLauncher.lambda$execute$6(DefaultLauncher.java:188)
	at org.junit.platform.launcher.core.DefaultLauncher.withInterceptedStreams(DefaultLauncher.java:202)
	at org.junit.platform.launcher.core.DefaultLauncher.execute(DefaultLauncher.java:181)
	at org.junit.platform.launcher.core.DefaultLauncher.execute(DefaultLauncher.java:128)
	at org.apache.maven.surefire.junitplatform.JUnitPlatformProvider.invokeAllTests(JUnitPlatformProvider.java:150)
	at org.apache.maven.surefire.junitplatform.JUnitPlatformProvider.invoke(JUnitPlatformProvider.java:124)
	at org.apache.maven.surefire.booter.ForkedBooter.invokeProviderInSameClassLoader(ForkedBooter.java:384)
	at org.apache.maven.surefire.booter.ForkedBooter.runSuitesInProcess(ForkedBooter.java:345)
	at org.apache.maven.surefire.booter.ForkedBooter.execute(ForkedBooter.java:126)
	at org.apache.maven.surefire.booter.ForkedBooter.main(ForkedBooter.java:418)
23:39:26.013 [main] INFO com.weatherapp.service.WeatherService - Buscando clima para: 'Test City'
23:39:26.013 [main] DEBUG com.weatherapp.service.WeatherService - Ubicaci¾n resuelta: GeoLocation{ciudad='Madrid, Espa±a', latitud=40,4168, longitud=-3,7038}
23:39:26.014 [main] INFO com.weatherapp.service.WeatherService - ? Datos climßticos obtenidos exitosamente para: Madrid, Espa±a
23:39:26.020 [main] INFO com.weatherapp.service.WeatherService - Buscando clima para: 'Polo Norte'
23:39:26.021 [main] DEBUG com.weatherapp.service.WeatherService - Ubicaci¾n resuelta: GeoLocation{ciudad='Polo Norte', latitud=90,0000, longitud=0,0000}
23:39:26.021 [main] INFO com.weatherapp.service.WeatherService - ? Datos climßticos obtenidos exitosamente para: Polo Norte
23:39:26.024 [main] INFO com.weatherapp.service.WeatherService - Buscando clima para: 'Polo Sur'
23:39:26.024 [main] DEBUG com.weatherapp.service.WeatherService - Ubicaci¾n resuelta: GeoLocation{ciudad='Polo Sur', latitud=-90,0000, longitud=0,0000}
23:39:26.024 [main] INFO com.weatherapp.service.WeatherService - ? Datos climßticos obtenidos exitosamente para: Polo Sur
23:39:26.027 [main] INFO com.weatherapp.service.WeatherService - Buscando clima para: 'Test City'
23:39:26.027 [main] DEBUG com.weatherapp.service.WeatherService - Ubicaci¾n resuelta: GeoLocation{ciudad='Madrid, Espa±a', latitud=40,4168, longitud=-3,7038}
23:39:26.028 [main] WARN com.weatherapp.service.WeatherService - Validaci¾n fallida para 'Test City': ? Temperatura irreal: 61.0░C (61.0░C). Debe estar entre -60.0░C y 60.0░C
com.weatherapp.exception.WeatherDataException: ? Temperatura irreal: 61.0░C (61.0░C). Debe estar entre -60.0░C y 60.0░C
	at com.weatherapp.client.OpenMeteoClient.getWeatherData(OpenMeteoClient.java:86)
	at com.weatherapp.service.WeatherService.getWeatherByCityName(WeatherService.java:58)
	at com.weatherapp.service.WeatherServiceValidationTest.lambda$testTemperatureInvalid_TooHot$9(WeatherServiceValidationTest.java:216)
	at org.junit.jupiter.api.AssertThrows.assertThrows(AssertThrows.java:53)
	at org.junit.jupiter.api.AssertThrows.assertThrows(AssertThrows.java:39)
	at org.junit.jupiter.api.Assertions.assertThrows(Assertions.java:3099)
	at com.weatherapp.service.WeatherServiceValidationTest.testTemperatureInvalid_TooHot(WeatherServiceValidationTest.java:214)
	at java.base/jdk.internal.reflect.NativeMethodAccessorImpl.invoke0(Native Method)
	at java.base/jdk.internal.reflect.NativeMethodAccessorImpl.invoke(NativeMethodAccessorImpl.java:77)
	at java.base/jdk.internal.reflect.DelegatingMethodAccessorImpl.invoke(DelegatingMethodAccessorImpl.java:43)
	at java.base/java.lang.reflect.Method.invoke(Method.java:568)
	at org.junit.platform.commons.util.ReflectionUtils.invokeMethod(ReflectionUtils.java:727)
	at org.junit.jupiter.engine.execution.MethodInvocation.proceed(MethodInvocation.java:60)
	at org.junit.jupiter.engine.execution.InvocationInterceptorChain$ValidatingInvocation.proceed(InvocationInterceptorChain.java:131)
	at org.junit.jupiter.engine.extension.TimeoutExtension.intercept(TimeoutExtension.java:156)
	at org.junit.jupiter.engine.extension.TimeoutExtension.interceptTestableMethod(TimeoutExtension.java:147)
	at org.junit.jupiter.engine.extension.TimeoutExtension.interceptTestMethod(TimeoutExtension.java:86)
	at org.junit.jupiter.engine.execution.InterceptingExecutableInvoker$ReflectiveInterceptorCall.lambda$ofVoidMethod$0(InterceptingExecutableInvoker.java:103)
	at org.junit.jupiter.engine.execution.InterceptingExecutableInvoker.lambda$invoke$0(InterceptingExecutableInvoker.java:93)
	at org.junit.jupiter.engine.execution.InvocationInterceptorChain$InterceptedInvocation.proceed(InvocationInterceptorChain.java:106)
	at org.junit.jupiter.engine.execution.InvocationInterceptorChain.proceed(InvocationInterceptorChain.java:64)
	at org.junit.jupiter.engine.execution.InvocationInterceptorChain.chainAndInvoke(InvocationInterceptorChain.java:45)
	at org.junit.jupiter.engine.execution.InvocationInterceptorChain.invoke(InvocationInterceptorChain.java:37)
	at org.junit.jupiter.engine.execution.InterceptingExecutableInvoker.invoke(InterceptingExecutableInvoker.java:92)
	at org.junit.jupiter.engine.execution.InterceptingExecutableInvoker.invoke(InterceptingExecutableInvoker.java:86)
	at org.junit.jupiter.engine.descriptor.TestMethodTestDescriptor.lambda$invokeTestMethod$7(TestMethodTestDescriptor.java:217)
	at org.junit.platform.engine.support.hierarchical.ThrowableCollector.execute(ThrowableCollector.java:73)
	at org.junit.jupiter.engine.descriptor.TestMethodTestDescriptor.invokeTestMethod(TestMethodTestDescriptor.java:213)
	at org.junit.jupiter.engine.descriptor.TestMethodTestDescriptor.execute(TestMethodTestDescriptor.java:138)
	at org.junit.jupiter.engine.descriptor.TestMethodTestDescriptor.execute(TestMethodTestDescriptor.java:68)
	at org.junit.platform.engine.support.hierarchical.NodeTestTask.lambda$executeRecursively$6(NodeTestTask.java:151)
	at org.junit.platform.engine.support.hierarchical.ThrowableCollector.execute(ThrowableCollector.java:73)
	at org.junit.platform.engine.support.hierarchical.NodeTestTask.lambda$executeRecursively$8(NodeTestTask.java:141)
	at org.junit.platform.engine.support.hierarchical.Node.around(Node.java:137)
	at org.junit.platform.engine.support.hierarchical.NodeTestTask.lambda$executeRecursively$9(NodeTestTask.java:139)
	at org.junit.platform.engine.support.hierarchical.ThrowableCollector.execute(ThrowableCollector.java:73)
	at org.junit.platform.engine.support.hierarchical.NodeTestTask.executeRecursively(NodeTestTask.java:138)
	at org.junit.platform.engine.support.hierarchical.NodeTestTask.execute(NodeTestTask.java:95)
	at java.base/java.util.ArrayList.forEach(ArrayList.java:1511)
	at org.junit.platform.engine.support.hierarchical.SameThreadHierarchicalTestExecutorService.invokeAll(SameThreadHierarchicalTestExecutorService.java:41)
	at org.junit.platform.engine.support.hierarchical.NodeTestTask.lambda$executeRecursively$6(NodeTestTask.java:155)
	at org.junit.platform.engine.support.hierarchical.ThrowableCollector.execute(ThrowableCollector.java:73)
	at org.junit.platform.engine.support.hierarchical.NodeTestTask.lambda$executeRecursively$8(NodeTestTask.java:141)
	at org.junit.platform.engine.support.hierarchical.Node.around(Node.java:137)
	at org.junit.platform.engine.support.hierarchical.NodeTestTask.lambda$executeRecursively$9(NodeTestTask.java:139)
	at org.junit.platform.engine.support.hierarchical.ThrowableCollector.execute(ThrowableCollector.java:73)
	at org.junit.platform.engine.support.hierarchical.NodeTestTask.executeRecursively(NodeTestTask.java:138)
	at org.junit.platform.engine.support.hierarchical.NodeTestTask.execute(NodeTestTask.java:95)
	at java.base/java.util.ArrayList.forEach(ArrayList.java:1511)
	at org.junit.platform.engine.support.hierarchical.SameThreadHierarchicalTestExecutorService.invokeAll(SameThreadHierarchicalTestExecutorService.java:41)
	at org.junit.platform.engine.support.hierarchical.NodeTestTask.lambda$executeRecursively$6(NodeTestTask.java:155)
	at org.junit.platform.engine.support.hierarchical.ThrowableCollector.execute(ThrowableCollector.java:73)
	at org.junit.platform.engine.support.hierarchical.NodeTestTask.lambda$executeRecursively$8(NodeTestTask.java:141)
	at org.junit.platform.engine.support.hierarchical.Node.around(Node.java:137)
	at org.junit.platform.engine.support.hierarchical.NodeTestTask.lambda$executeRecursively$9(NodeTestTask.java:139)
	at org.junit.platform.engine.support.hierarchical.ThrowableCollector.execute(ThrowableCollector.java:73)
	at org.junit.platform.engine.support.hierarchical.NodeTestTask.executeRecursively(NodeTestTask.java:138)
	at org.junit.platform.engine.support.hierarchical.NodeTestTask.execute(NodeTestTask.java:95)
	at org.junit.platform.engine.support.hierarchical.SameThreadHierarchicalTestExecutorService.submit(SameThreadHierarchicalTestExecutorService.java:35)
	at org.junit.platform.engine.support.hierarchical.HierarchicalTestExecutor.execute(HierarchicalTestExecutor.java:57)
	at org.junit.platform.engine.support.hierarchical.HierarchicalTestEngine.execute(HierarchicalTestEngine.java:54)
	at org.junit.platform.launcher.core.DefaultLauncher.execute(DefaultLauncher.java:220)
	at org.junit.platform.launcher.core.DefaultLauncher.lambda$execute$6(DefaultLauncher.java:188)
	at org.junit.platform.launcher.core.DefaultLauncher.withInterceptedStreams(DefaultLauncher.java:202)
	at org.junit.platform.launcher.core.DefaultLauncher.execute(DefaultLauncher.java:181)
	at org.junit.platform.launcher.core.DefaultLauncher.execute(DefaultLauncher.java:128)
	at org.apache.maven.surefire.junitplatform.JUnitPlatformProvider.invokeAllTests(JUnitPlatformProvider.java:150)
	at org.apache.maven.surefire.junitplatform.JUnitPlatformProvider.invoke(JUnitPlatformProvider.java:124)
	at org.apache.maven.surefire.booter.ForkedBooter.invokeProviderInSameClassLoader(ForkedBooter.java:384)
	at org.apache.maven.surefire.booter.ForkedBooter.runSuitesInProcess(ForkedBooter.java:345)
	at org.apache.maven.surefire.booter.ForkedBooter.execute(ForkedBooter.java:126)
	at org.apache.maven.surefire.booter.ForkedBooter.main(ForkedBooter.java:418)
23:39:26.033 [main] INFO com.weatherapp.service.WeatherService - Buscando clima para: 'Test City'
23:39:26.033 [main] DEBUG com.weatherapp.service.WeatherService - Ubicaci¾n resuelta: GeoLocation{ciudad='Madrid, Espa±a', latitud=40,4168, longitud=-3,7038}
23:39:26.034 [main] INFO com.weatherapp.service.WeatherService - ? Datos climßticos obtenidos exitosamente para: Madrid, Espa±a
23:39:26.038 [main] INFO com.weatherapp.service.WeatherService - Buscando clima para: 'LÝnea de fecha +'
23:39:26.038 [main] DEBUG com.weatherapp.service.WeatherService - Ubicaci¾n resuelta: GeoLocation{ciudad='LÝnea de fecha +', latitud=0,0000, longitud=180,0000}
23:39:26.038 [main] INFO com.weatherapp.service.WeatherService - ? Datos climßticos obtenidos exitosamente para: LÝnea de fecha +
23:39:26.040 [main] INFO com.weatherapp.service.WeatherService - Buscando clima para: 'Test City'
23:39:26.041 [main] DEBUG com.weatherapp.service.WeatherService - Ubicaci¾n resuelta: GeoLocation{ciudad='Madrid, Espa±a', latitud=40,4168, longitud=-3,7038}
23:39:26.042 [main] WARN com.weatherapp.service.WeatherService - Validaci¾n fallida para 'Test City': ? Humedad invßlida: 101%. Debe estar entre 0% y 100%
com.weatherapp.exception.WeatherDataException: ? Humedad invßlida: 101%. Debe estar entre 0% y 100%
	at com.weatherapp.client.OpenMeteoClient.getWeatherData(OpenMeteoClient.java:86)
	at com.weatherapp.service.WeatherService.getWeatherByCityName(WeatherService.java:58)
	at com.weatherapp.service.WeatherServiceValidationTest.lambda$testHumidityInvalid_GreaterThan100$4(WeatherServiceValidationTest.java:129)
	at org.junit.jupiter.api.AssertThrows.assertThrows(AssertThrows.java:53)
	at org.junit.jupiter.api.AssertThrows.assertThrows(AssertThrows.java:39)
	at org.junit.jupiter.api.Assertions.assertThrows(Assertions.java:3099)
	at com.weatherapp.service.WeatherServiceValidationTest.testHumidityInvalid_GreaterThan100(WeatherServiceValidationTest.java:127)
	at java.base/jdk.internal.reflect.NativeMethodAccessorImpl.invoke0(Native Method)
	at java.base/jdk.internal.reflect.NativeMethodAccessorImpl.invoke(NativeMethodAccessorImpl.java:77)
	at java.base/jdk.internal.reflect.DelegatingMethodAccessorImpl.invoke(DelegatingMethodAccessorImpl.java:43)
	at java.base/java.lang.reflect.Method.invoke(Method.java:568)
	at org.junit.platform.commons.util.ReflectionUtils.invokeMethod(ReflectionUtils.java:727)
	at org.junit.jupiter.engine.execution.MethodInvocation.proceed(MethodInvocation.java:60)
	at org.junit.jupiter.engine.execution.InvocationInterceptorChain$ValidatingInvocation.proceed(InvocationInterceptorChain.java:131)
	at org.junit.jupiter.engine.extension.TimeoutExtension.intercept(TimeoutExtension.java:156)
	at org.junit.jupiter.engine.extension.TimeoutExtension.interceptTestableMethod(TimeoutExtension.java:147)
	at org.junit.jupiter.engine.extension.TimeoutExtension.interceptTestMethod(TimeoutExtension.java:86)
	at org.junit.jupiter.engine.execution.InterceptingExecutableInvoker$ReflectiveInterceptorCall.lambda$ofVoidMethod$0(InterceptingExecutableInvoker.java:103)
	at org.junit.jupiter.engine.execution.InterceptingExecutableInvoker.lambda$invoke$0(InterceptingExecutableInvoker.java:93)
	at org.junit.jupiter.engine.execution.InvocationInterceptorChain$InterceptedInvocation.proceed(InvocationInterceptorChain.java:106)
	at org.junit.jupiter.engine.execution.InvocationInterceptorChain.proceed(InvocationInterceptorChain.java:64)
	at org.junit.jupiter.engine.execution.InvocationInterceptorChain.chainAndInvoke(InvocationInterceptorChain.java:45)
	at org.junit.jupiter.engine.execution.InvocationInterceptorChain.invoke(InvocationInterceptorChain.java:37)
	at org.junit.jupiter.engine.execution.InterceptingExecutableInvoker.invoke(InterceptingExecutableInvoker.java:92)
	at org.junit.jupiter.engine.execution.InterceptingExecutableInvoker.invoke(InterceptingExecutableInvoker.java:86)
	at org.junit.jupiter.engine.descriptor.TestMethodTestDescriptor.lambda$invokeTestMethod$7(TestMethodTestDescriptor.java:217)
	at org.junit.platform.engine.support.hierarchical.ThrowableCollector.execute(ThrowableCollector.java:73)
	at org.junit.jupiter.engine.descriptor.TestMethodTestDescriptor.invokeTestMethod(TestMethodTestDescriptor.java:213)
	at org.junit.jupiter.engine.descriptor.TestMethodTestDescriptor.execute(TestMethodTestDescriptor.java:138)
	at org.junit.jupiter.engine.descriptor.TestMethodTestDescriptor.execute(TestMethodTestDescriptor.java:68)
	at org.junit.platform.engine.support.hierarchical.NodeTestTask.lambda$executeRecursively$6(NodeTestTask.java:151)
	at org.junit.platform.engine.support.hierarchical.ThrowableCollector.execute(ThrowableCollector.java:73)
	at org.junit.platform.engine.support.hierarchical.NodeTestTask.lambda$executeRecursively$8(NodeTestTask.java:141)
	at org.junit.platform.engine.support.hierarchical.Node.around(Node.java:137)
	at org.junit.platform.engine.support.hierarchical.NodeTestTask.lambda$executeRecursively$9(NodeTestTask.java:139)
	at org.junit.platform.engine.support.hierarchical.ThrowableCollector.execute(ThrowableCollector.java:73)
	at org.junit.platform.engine.support.hierarchical.NodeTestTask.executeRecursively(NodeTestTask.java:138)
	at org.junit.platform.engine.support.hierarchical.NodeTestTask.execute(NodeTestTask.java:95)
	at java.base/java.util.ArrayList.forEach(ArrayList.java:1511)
	at org.junit.platform.engine.support.hierarchical.SameThreadHierarchicalTestExecutorService.invokeAll(SameThreadHierarchicalTestExecutorService.java:41)
	at org.junit.platform.engine.support.hierarchical.NodeTestTask.lambda$executeRecursively$6(NodeTestTask.java:155)
	at org.junit.platform.engine.support.hierarchical.ThrowableCollector.execute(ThrowableCollector.java:73)
	at org.junit.platform.engine.support.hierarchical.NodeTestTask.lambda$executeRecursively$8(NodeTestTask.java:141)
	at org.junit.platform.engine.support.hierarchical.Node.around(Node.java:137)
	at org.junit.platform.engine.support.hierarchical.NodeTestTask.lambda$executeRecursively$9(NodeTestTask.java:139)
	at org.junit.platform.engine.support.hierarchical.ThrowableCollector.execute(ThrowableCollector.java:73)
	at org.junit.platform.engine.support.hierarchical.NodeTestTask.executeRecursively(NodeTestTask.java:138)
	at org.junit.platform.engine.support.hierarchical.NodeTestTask.execute(NodeTestTask.java:95)
	at java.base/java.util.ArrayList.forEach(ArrayList.java:1511)
	at org.junit.platform.engine.support.hierarchical.SameThreadHierarchicalTestExecutorService.invokeAll(SameThreadHierarchicalTestExecutorService.java:41)
	at org.junit.platform.engine.support.hierarchical.NodeTestTask.lambda$executeRecursively$6(NodeTestTask.java:155)
	at org.junit.platform.engine.support.hierarchical.ThrowableCollector.execute(ThrowableCollector.java:73)
	at org.junit.platform.engine.support.hierarchical.NodeTestTask.lambda$executeRecursively$8(NodeTestTask.java:141)
	at org.junit.platform.engine.support.hierarchical.Node.around(Node.java:137)
	at org.junit.platform.engine.support.hierarchical.NodeTestTask.lambda$executeRecursively$9(NodeTestTask.java:139)
	at org.junit.platform.engine.support.hierarchical.ThrowableCollector.execute(ThrowableCollector.java:73)
	at org.junit.platform.engine.support.hierarchical.NodeTestTask.executeRecursively(NodeTestTask.java:138)
	at org.junit.platform.engine.support.hierarchical.NodeTestTask.execute(NodeTestTask.java:95)
	at org.junit.platform.engine.support.hierarchical.SameThreadHierarchicalTestExecutorService.submit(SameThreadHierarchicalTestExecutorService.java:35)
	at org.junit.platform.engine.support.hierarchical.HierarchicalTestExecutor.execute(HierarchicalTestExecutor.java:57)
	at org.junit.platform.engine.support.hierarchical.HierarchicalTestEngine.execute(HierarchicalTestEngine.java:54)
	at org.junit.platform.launcher.core.DefaultLauncher.execute(DefaultLauncher.java:220)
	at org.junit.platform.launcher.core.DefaultLauncher.lambda$execute$6(DefaultLauncher.java:188)
	at org.junit.platform.launcher.core.DefaultLauncher.withInterceptedStreams(DefaultLauncher.java:202)
	at org.junit.platform.launcher.core.DefaultLauncher.execute(DefaultLauncher.java:181)
	at org.junit.platform.launcher.core.DefaultLauncher.execute(DefaultLauncher.java:128)
	at org.apache.maven.surefire.junitplatform.JUnitPlatformProvider.invokeAllTests(JUnitPlatformProvider.java:150)
	at org.apache.maven.surefire.junitplatform.JUnitPlatformProvider.invoke(JUnitPlatformProvider.java:124)
	at org.apache.maven.surefire.booter.ForkedBooter.invokeProviderInSameClassLoader(ForkedBooter.java:384)
	at org.apache.maven.surefire.booter.ForkedBooter.runSuitesInProcess(ForkedBooter.java:345)
	at org.apache.maven.surefire.booter.ForkedBooter.execute(ForkedBooter.java:126)
	at org.apache.maven.surefire.booter.ForkedBooter.main(ForkedBooter.java:418)
23:39:26.047 [main] INFO com.weatherapp.service.WeatherService - Buscando clima para: 'LÝnea de fecha'
23:39:26.048 [main] DEBUG com.weatherapp.service.WeatherService - Ubicaci¾n resuelta: GeoLocation{ciudad='LÝnea de fecha', latitud=0,0000, longitud=-180,0000}
23:39:26.048 [main] INFO com.weatherapp.service.WeatherService - ? Datos climßticos obtenidos exitosamente para: LÝnea de fecha
23:39:26.050 [main] INFO com.weatherapp.service.WeatherService - Buscando clima para: 'Test City'
23:39:26.051 [main] DEBUG com.weatherapp.service.WeatherService - Ubicaci¾n resuelta: GeoLocation{ciudad='Madrid, Espa±a', latitud=40,4168, longitud=-3,7038}
23:39:26.052 [main] WARN com.weatherapp.service.WeatherService - Validaci¾n fallida para 'Test City': ? Humedad invßlida: -1%. Debe estar entre 0% y 100%
com.weatherapp.exception.WeatherDataException: ? Humedad invßlida: -1%. Debe estar entre 0% y 100%
	at com.weatherapp.client.OpenMeteoClient.getWeatherData(OpenMeteoClient.java:86)
	at com.weatherapp.service.WeatherService.getWeatherByCityName(WeatherService.java:58)
	at com.weatherapp.service.WeatherServiceValidationTest.lambda$testHumidityInvalid_Negative$3(WeatherServiceValidationTest.java:111)
	at org.junit.jupiter.api.AssertThrows.assertThrows(AssertThrows.java:53)
	at org.junit.jupiter.api.AssertThrows.assertThrows(AssertThrows.java:39)
	at org.junit.jupiter.api.Assertions.assertThrows(Assertions.java:3099)
	at com.weatherapp.service.WeatherServiceValidationTest.testHumidityInvalid_Negative(WeatherServiceValidationTest.java:109)
	at java.base/jdk.internal.reflect.NativeMethodAccessorImpl.invoke0(Native Method)
	at java.base/jdk.internal.reflect.NativeMethodAccessorImpl.invoke(NativeMethodAccessorImpl.java:77)
	at java.base/jdk.internal.reflect.DelegatingMethodAccessorImpl.invoke(DelegatingMethodAccessorImpl.java:43)
	at java.base/java.lang.reflect.Method.invoke(Method.java:568)
	at org.junit.platform.commons.util.ReflectionUtils.invokeMethod(ReflectionUtils.java:727)
	at org.junit.jupiter.engine.execution.MethodInvocation.proceed(MethodInvocation.java:60)
	at org.junit.jupiter.engine.execution.InvocationInterceptorChain$ValidatingInvocation.proceed(InvocationInterceptorChain.java:131)
	at org.junit.jupiter.engine.extension.TimeoutExtension.intercept(TimeoutExtension.java:156)
	at org.junit.jupiter.engine.extension.TimeoutExtension.interceptTestableMethod(TimeoutExtension.java:147)
	at org.junit.jupiter.engine.extension.TimeoutExtension.interceptTestMethod(TimeoutExtension.java:86)
	at org.junit.jupiter.engine.execution.InterceptingExecutableInvoker$ReflectiveInterceptorCall.lambda$ofVoidMethod$0(InterceptingExecutableInvoker.java:103)
	at org.junit.jupiter.engine.execution.InterceptingExecutableInvoker.lambda$invoke$0(InterceptingExecutableInvoker.java:93)
	at org.junit.jupiter.engine.execution.InvocationInterceptorChain$InterceptedInvocation.proceed(InvocationInterceptorChain.java:106)
	at org.junit.jupiter.engine.execution.InvocationInterceptorChain.proceed(InvocationInterceptorChain.java:64)
	at org.junit.jupiter.engine.execution.InvocationInterceptorChain.chainAndInvoke(InvocationInterceptorChain.java:45)
	at org.junit.jupiter.engine.execution.InvocationInterceptorChain.invoke(InvocationInterceptorChain.java:37)
	at org.junit.jupiter.engine.execution.InterceptingExecutableInvoker.invoke(InterceptingExecutableInvoker.java:92)
	at org.junit.jupiter.engine.execution.InterceptingExecutableInvoker.invoke(InterceptingExecutableInvoker.java:86)
	at org.junit.jupiter.engine.descriptor.TestMethodTestDescriptor.lambda$invokeTestMethod$7(TestMethodTestDescriptor.java:217)
	at org.junit.platform.engine.support.hierarchical.ThrowableCollector.execute(ThrowableCollector.java:73)
	at org.junit.jupiter.engine.descriptor.TestMethodTestDescriptor.invokeTestMethod(TestMethodTestDescriptor.java:213)
	at org.junit.jupiter.engine.descriptor.TestMethodTestDescriptor.execute(TestMethodTestDescriptor.java:138)
	at org.junit.jupiter.engine.descriptor.TestMethodTestDescriptor.execute(TestMethodTestDescriptor.java:68)
	at org.junit.platform.engine.support.hierarchical.NodeTestTask.lambda$executeRecursively$6(NodeTestTask.java:151)
	at org.junit.platform.engine.support.hierarchical.ThrowableCollector.execute(ThrowableCollector.java:73)
	at org.junit.platform.engine.support.hierarchical.NodeTestTask.lambda$executeRecursively$8(NodeTestTask.java:141)
	at org.junit.platform.engine.support.hierarchical.Node.around(Node.java:137)
	at org.junit.platform.engine.support.hierarchical.NodeTestTask.lambda$executeRecursively$9(NodeTestTask.java:139)
	at org.junit.platform.engine.support.hierarchical.ThrowableCollector.execute(ThrowableCollector.java:73)
	at org.junit.platform.engine.support.hierarchical.NodeTestTask.executeRecursively(NodeTestTask.java:138)
	at org.junit.platform.engine.support.hierarchical.NodeTestTask.execute(NodeTestTask.java:95)
	at java.base/java.util.ArrayList.forEach(ArrayList.java:1511)
	at org.junit.platform.engine.support.hierarchical.SameThreadHierarchicalTestExecutorService.invokeAll(SameThreadHierarchicalTestExecutorService.java:41)
	at org.junit.platform.engine.support.hierarchical.NodeTestTask.lambda$executeRecursively$6(NodeTestTask.java:155)
	at org.junit.platform.engine.support.hierarchical.ThrowableCollector.execute(ThrowableCollector.java:73)
	at org.junit.platform.engine.support.hierarchical.NodeTestTask.lambda$executeRecursively$8(NodeTestTask.java:141)
	at org.junit.platform.engine.support.hierarchical.Node.around(Node.java:137)
	at org.junit.platform.engine.support.hierarchical.NodeTestTask.lambda$executeRecursively$9(NodeTestTask.java:139)
	at org.junit.platform.engine.support.hierarchical.ThrowableCollector.execute(ThrowableCollector.java:73)
	at org.junit.platform.engine.support.hierarchical.NodeTestTask.executeRecursively(NodeTestTask.java:138)
	at org.junit.platform.engine.support.hierarchical.NodeTestTask.execute(NodeTestTask.java:95)
	at java.base/java.util.ArrayList.forEach(ArrayList.java:1511)
	at org.junit.platform.engine.support.hierarchical.SameThreadHierarchicalTestExecutorService.invokeAll(SameThreadHierarchicalTestExecutorService.java:41)
	at org.junit.platform.engine.support.hierarchical.NodeTestTask.lambda$executeRecursively$6(NodeTestTask.java:155)
	at org.junit.platform.engine.support.hierarchical.ThrowableCollector.execute(ThrowableCollector.java:73)
	at org.junit.platform.engine.support.hierarchical.NodeTestTask.lambda$executeRecursively$8(NodeTestTask.java:141)
	at org.junit.platform.engine.support.hierarchical.Node.around(Node.java:137)
	at org.junit.platform.engine.support.hierarchical.NodeTestTask.lambda$executeRecursively$9(NodeTestTask.java:139)
	at org.junit.platform.engine.support.hierarchical.ThrowableCollector.execute(ThrowableCollector.java:73)
	at org.junit.platform.engine.support.hierarchical.NodeTestTask.executeRecursively(NodeTestTask.java:138)
	at org.junit.platform.engine.support.hierarchical.NodeTestTask.execute(NodeTestTask.java:95)
	at org.junit.platform.engine.support.hierarchical.SameThreadHierarchicalTestExecutorService.submit(SameThreadHierarchicalTestExecutorService.java:35)
	at org.junit.platform.engine.support.hierarchical.HierarchicalTestExecutor.execute(HierarchicalTestExecutor.java:57)
	at org.junit.platform.engine.support.hierarchical.HierarchicalTestEngine.execute(HierarchicalTestEngine.java:54)
	at org.junit.platform.launcher.core.DefaultLauncher.execute(DefaultLauncher.java:220)
	at org.junit.platform.launcher.core.DefaultLauncher.lambda$execute$6(DefaultLauncher.java:188)
	at org.junit.platform.launcher.core.DefaultLauncher.withInterceptedStreams(DefaultLauncher.java:202)
	at org.junit.platform.launcher.core.DefaultLauncher.execute(DefaultLauncher.java:181)
	at org.junit.platform.launcher.core.DefaultLauncher.execute(DefaultLauncher.java:128)
	at org.apache.maven.surefire.junitplatform.JUnitPlatformProvider.invokeAllTests(JUnitPlatformProvider.java:150)
	at org.apache.maven.surefire.junitplatform.JUnitPlatformProvider.invoke(JUnitPlatformProvider.java:124)
	at org.apache.maven.surefire.booter.ForkedBooter.invokeProviderInSameClassLoader(ForkedBooter.java:384)
	at org.apache.maven.surefire.booter.ForkedBooter.runSuitesInProcess(ForkedBooter.java:345)
	at org.apache.maven.surefire.booter.ForkedBooter.execute(ForkedBooter.java:126)
	at org.apache.maven.surefire.booter.ForkedBooter.main(ForkedBooter.java:418)
23:39:26.054 [main] INFO com.weatherapp.service.WeatherService - Buscando clima para: 'Test City'
23:39:26.055 [main] DEBUG com.weatherapp.service.WeatherService - Ubicaci¾n resuelta: GeoLocation{ciudad='Madrid, Espa±a', latitud=40,4168, longitud=-3,7038}
23:39:26.055 [main] INFO com.weatherapp.service.WeatherService - ? Datos climßticos obtenidos exitosamente para: Madrid, Espa±a
23:39:26.057 [main] INFO com.weatherapp.service.WeatherService - Buscando clima para: 'Test City'
23:39:26.057 [main] DEBUG com.weatherapp.service.WeatherService - Ubicaci¾n resuelta: GeoLocation{ciudad='Madrid, Espa±a', latitud=40,4168, longitud=-3,7038}
23:39:26.057 [main] INFO com.weatherapp.service.WeatherService - ? Datos climßticos obtenidos exitosamente para: Madrid, Espa±a
23:39:26.061 [main] INFO com.weatherapp.service.WeatherService - Buscando clima para: 'Test City'
23:39:26.061 [main] DEBUG com.weatherapp.service.WeatherService - Ubicaci¾n resuelta: GeoLocation{ciudad='Madrid, Espa±a', latitud=40,4168, longitud=-3,7038}
23:39:26.061 [main] INFO com.weatherapp.service.WeatherService - ? Datos climßticos obtenidos exitosamente para: Madrid, Espa±a
23:39:26.063 [main] INFO com.weatherapp.service.WeatherService - Buscando clima para: 'Madrid'
23:39:26.063 [main] ERROR com.weatherapp.service.WeatherService - Error de conectividad para 'Madrid'
java.lang.RuntimeException: Error de conexi¾n despuÚs de 3 intentos
	at com.weatherapp.client.OpenMeteoClient.resolveCity(OpenMeteoClient.java:58)
	at com.weatherapp.service.WeatherService.getWeatherByCityName(WeatherService.java:55)
	at com.weatherapp.service.WeatherServiceValidationTest.lambda$testNetworkError$20(WeatherServiceValidationTest.java:406)
	at org.junit.jupiter.api.AssertThrows.assertThrows(AssertThrows.java:53)
	at org.junit.jupiter.api.AssertThrows.assertThrows(AssertThrows.java:39)
	at org.junit.jupiter.api.Assertions.assertThrows(Assertions.java:3099)
	at com.weatherapp.service.WeatherServiceValidationTest.testNetworkError(WeatherServiceValidationTest.java:404)
	at java.base/jdk.internal.reflect.NativeMethodAccessorImpl.invoke0(Native Method)
	at java.base/jdk.internal.reflect.NativeMethodAccessorImpl.invoke(NativeMethodAccessorImpl.java:77)
	at java.base/jdk.internal.reflect.DelegatingMethodAccessorImpl.invoke(DelegatingMethodAccessorImpl.java:43)
	at java.base/java.lang.reflect.Method.invoke(Method.java:568)
	at org.junit.platform.commons.util.ReflectionUtils.invokeMethod(ReflectionUtils.java:727)
	at org.junit.jupiter.engine.execution.MethodInvocation.proceed(MethodInvocation.java:60)
	at org.junit.jupiter.engine.execution.InvocationInterceptorChain$ValidatingInvocation.proceed(InvocationInterceptorChain.java:131)
	at org.junit.jupiter.engine.extension.TimeoutExtension.intercept(TimeoutExtension.java:156)
	at org.junit.jupiter.engine.extension.TimeoutExtension.interceptTestableMethod(TimeoutExtension.java:147)
	at org.junit.jupiter.engine.extension.TimeoutExtension.interceptTestMethod(TimeoutExtension.java:86)
	at org.junit.jupiter.engine.execution.InterceptingExecutableInvoker$ReflectiveInterceptorCall.lambda$ofVoidMethod$0(InterceptingExecutableInvoker.java:103)
	at org.junit.jupiter.engine.execution.InterceptingExecutableInvoker.lambda$invoke$0(InterceptingExecutableInvoker.java:93)
	at org.junit.jupiter.engine.execution.InvocationInterceptorChain$InterceptedInvocation.proceed(InvocationInterceptorChain.java:106)
	at org.junit.jupiter.engine.execution.InvocationInterceptorChain.proceed(InvocationInterceptorChain.java:64)
	at org.junit.jupiter.engine.execution.InvocationInterceptorChain.chainAndInvoke(InvocationInterceptorChain.java:45)
	at org.junit.jupiter.engine.execution.InvocationInterceptorChain.invoke(InvocationInterceptorChain.java:37)
	at org.junit.jupiter.engine.execution.InterceptingExecutableInvoker.invoke(InterceptingExecutableInvoker.java:92)
	at org.junit.jupiter.engine.execution.InterceptingExecutableInvoker.invoke(InterceptingExecutableInvoker.java:86)
	at org.junit.jupiter.engine.descriptor.TestMethodTestDescriptor.lambda$invokeTestMethod$7(TestMethodTestDescriptor.java:217)
	at org.junit.platform.engine.support.hierarchical.ThrowableCollector.execute(ThrowableCollector.java:73)
	at org.junit.jupiter.engine.descriptor.TestMethodTestDescriptor.invokeTestMethod(TestMethodTestDescriptor.java:213)
	at org.junit.jupiter.engine.descriptor.TestMethodTestDescriptor.execute(TestMethodTestDescriptor.java:138)
	at org.junit.jupiter.engine.descriptor.TestMethodTestDescriptor.execute(TestMethodTestDescriptor.java:68)
	at org.junit.platform.engine.support.hierarchical.NodeTestTask.lambda$executeRecursively$6(NodeTestTask.java:151)
	at org.junit.platform.engine.support.hierarchical.ThrowableCollector.execute(ThrowableCollector.java:73)
	at org.junit.platform.engine.support.hierarchical.NodeTestTask.lambda$executeRecursively$8(NodeTestTask.java:141)
	at org.junit.platform.engine.support.hierarchical.Node.around(Node.java:137)
	at org.junit.platform.engine.support.hierarchical.NodeTestTask.lambda$executeRecursively$9(NodeTestTask.java:139)
	at org.junit.platform.engine.support.hierarchical.ThrowableCollector.execute(ThrowableCollector.java:73)
	at org.junit.platform.engine.support.hierarchical.NodeTestTask.executeRecursively(NodeTestTask.java:138)
	at org.junit.platform.engine.support.hierarchical.NodeTestTask.execute(NodeTestTask.java:95)
	at java.base/java.util.ArrayList.forEach(ArrayList.java:1511)
	at org.junit.platform.engine.support.hierarchical.SameThreadHierarchicalTestExecutorService.invokeAll(SameThreadHierarchicalTestExecutorService.java:41)
	at org.junit.platform.engine.support.hierarchical.NodeTestTask.lambda$executeRecursively$6(NodeTestTask.java:155)
	at org.junit.platform.engine.support.hierarchical.ThrowableCollector.execute(ThrowableCollector.java:73)
	at org.junit.platform.engine.support.hierarchical.NodeTestTask.lambda$executeRecursively$8(NodeTestTask.java:141)
	at org.junit.platform.engine.support.hierarchical.Node.around(Node.java:137)
	at org.junit.platform.engine.support.hierarchical.NodeTestTask.lambda$executeRecursively$9(NodeTestTask.java:139)
	at org.junit.platform.engine.support.hierarchical.ThrowableCollector.execute(ThrowableCollector.java:73)
	at org.junit.platform.engine.support.hierarchical.NodeTestTask.executeRecursively(NodeTestTask.java:138)
	at org.junit.platform.engine.support.hierarchical.NodeTestTask.execute(NodeTestTask.java:95)
	at java.base/java.util.ArrayList.forEach(ArrayList.java:1511)
	at org.junit.platform.engine.support.hierarchical.SameThreadHierarchicalTestExecutorService.invokeAll(SameThreadHierarchicalTestExecutorService.java:41)
	at org.junit.platform.engine.support.hierarchical.NodeTestTask.lambda$executeRecursively$6(NodeTestTask.java:155)
	at org.junit.platform.engine.support.hierarchical.ThrowableCollector.execute(ThrowableCollector.java:73)
	at org.junit.platform.engine.support.hierarchical.NodeTestTask.lambda$executeRecursively$8(NodeTestTask.java:141)
	at org.junit.platform.engine.support.hierarchical.Node.around(Node.java:137)
	at org.junit.platform.engine.support.hierarchical.NodeTestTask.lambda$executeRecursively$9(NodeTestTask.java:139)
	at org.junit.platform.engine.support.hierarchical.ThrowableCollector.execute(ThrowableCollector.java:73)
	at org.junit.platform.engine.support.hierarchical.NodeTestTask.executeRecursively(NodeTestTask.java:138)
	at org.junit.platform.engine.support.hierarchical.NodeTestTask.execute(NodeTestTask.java:95)
	at org.junit.platform.engine.support.hierarchical.SameThreadHierarchicalTestExecutorService.submit(SameThreadHierarchicalTestExecutorService.java:35)
	at org.junit.platform.engine.support.hierarchical.HierarchicalTestExecutor.execute(HierarchicalTestExecutor.java:57)
	at org.junit.platform.engine.support.hierarchical.HierarchicalTestEngine.execute(HierarchicalTestEngine.java:54)
	at org.junit.platform.launcher.core.DefaultLauncher.execute(DefaultLauncher.java:220)
	at org.junit.platform.launcher.core.DefaultLauncher.lambda$execute$6(DefaultLauncher.java:188)
	at org.junit.platform.launcher.core.DefaultLauncher.withInterceptedStreams(DefaultLauncher.java:202)
	at org.junit.platform.launcher.core.DefaultLauncher.execute(DefaultLauncher.java:181)
	at org.junit.platform.launcher.core.DefaultLauncher.execute(DefaultLauncher.java:128)
	at org.apache.maven.surefire.junitplatform.JUnitPlatformProvider.invokeAllTests(JUnitPlatformProvider.java:150)
	at org.apache.maven.surefire.junitplatform.JUnitPlatformProvider.invoke(JUnitPlatformProvider.java:124)
	at org.apache.maven.surefire.booter.ForkedBooter.invokeProviderInSameClassLoader(ForkedBooter.java:384)
	at org.apache.maven.surefire.booter.ForkedBooter.runSuitesInProcess(ForkedBooter.java:345)
	at org.apache.maven.surefire.booter.ForkedBooter.execute(ForkedBooter.java:126)
	at org.apache.maven.surefire.booter.ForkedBooter.main(ForkedBooter.java:418)
23:39:26.067 [main] INFO com.weatherapp.service.WeatherService - Buscando clima para: 'Test City'
23:39:26.067 [main] DEBUG com.weatherapp.service.WeatherService - Ubicaci¾n resuelta: GeoLocation{ciudad='Madrid, Espa±a', latitud=40,4168, longitud=-3,7038}
23:39:26.067 [main] INFO com.weatherapp.service.WeatherService - ? Datos climßticos obtenidos exitosamente para: Madrid, Espa±a
23:39:26.070 [main] INFO com.weatherapp.service.WeatherService - Buscando clima para: 'Test City'
23:39:26.070 [main] DEBUG com.weatherapp.service.WeatherService - Ubicaci¾n resuelta: GeoLocation{ciudad='Madrid, Espa±a', latitud=40,4168, longitud=-3,7038}
23:39:26.071 [main] WARN com.weatherapp.service.WeatherService - Validaci¾n fallida para 'Test City': ? Temperatura irreal: 142.0░F (61.1░C). Debe estar entre -60.0░C y 60.0░C
com.weatherapp.exception.WeatherDataException: ? Temperatura irreal: 142.0░F (61.1░C). Debe estar entre -60.0░C y 60.0░C
	at com.weatherapp.client.OpenMeteoClient.getWeatherData(OpenMeteoClient.java:86)
	at com.weatherapp.service.WeatherService.getWeatherByCityName(WeatherService.java:58)
	at com.weatherapp.service.WeatherServiceValidationTest.lambda$testTemperatureInvalid_FahrenheitTooHot$23(WeatherServiceValidationTest.java:460)
	at org.junit.jupiter.api.AssertThrows.assertThrows(AssertThrows.java:53)
	at org.junit.jupiter.api.AssertThrows.assertThrows(AssertThrows.java:39)
	at org.junit.jupiter.api.Assertions.assertThrows(Assertions.java:3099)
	at com.weatherapp.service.WeatherServiceValidationTest.testTemperatureInvalid_FahrenheitTooHot(WeatherServiceValidationTest.java:458)
	at java.base/jdk.internal.reflect.NativeMethodAccessorImpl.invoke0(Native Method)
	at java.base/jdk.internal.reflect.NativeMethodAccessorImpl.invoke(NativeMethodAccessorImpl.java:77)
	at java.base/jdk.internal.reflect.DelegatingMethodAccessorImpl.invoke(DelegatingMethodAccessorImpl.java:43)
	at java.base/java.lang.reflect.Method.invoke(Method.java:568)
	at org.junit.platform.commons.util.ReflectionUtils.invokeMethod(ReflectionUtils.java:727)
	at org.junit.jupiter.engine.execution.MethodInvocation.proceed(MethodInvocation.java:60)
	at org.junit.jupiter.engine.execution.InvocationInterceptorChain$ValidatingInvocation.proceed(InvocationInterceptorChain.java:131)
	at org.junit.jupiter.engine.extension.TimeoutExtension.intercept(TimeoutExtension.java:156)
	at org.junit.jupiter.engine.extension.TimeoutExtension.interceptTestableMethod(TimeoutExtension.java:147)
	at org.junit.jupiter.engine.extension.TimeoutExtension.interceptTestMethod(TimeoutExtension.java:86)
	at org.junit.jupiter.engine.execution.InterceptingExecutableInvoker$ReflectiveInterceptorCall.lambda$ofVoidMethod$0(InterceptingExecutableInvoker.java:103)
	at org.junit.jupiter.engine.execution.InterceptingExecutableInvoker.lambda$invoke$0(InterceptingExecutableInvoker.java:93)
	at org.junit.jupiter.engine.execution.InvocationInterceptorChain$InterceptedInvocation.proceed(InvocationInterceptorChain.java:106)
	at org.junit.jupiter.engine.execution.InvocationInterceptorChain.proceed(InvocationInterceptorChain.java:64)
	at org.junit.jupiter.engine.execution.InvocationInterceptorChain.chainAndInvoke(InvocationInterceptorChain.java:45)
	at org.junit.jupiter.engine.execution.InvocationInterceptorChain.invoke(InvocationInterceptorChain.java:37)
	at org.junit.jupiter.engine.execution.InterceptingExecutableInvoker.invoke(InterceptingExecutableInvoker.java:92)
	at org.junit.jupiter.engine.execution.InterceptingExecutableInvoker.invoke(InterceptingExecutableInvoker.java:86)
	at org.junit.jupiter.engine.descriptor.TestMethodTestDescriptor.lambda$invokeTestMethod$7(TestMethodTestDescriptor.java:217)
	at org.junit.platform.engine.support.hierarchical.ThrowableCollector.execute(ThrowableCollector.java:73)
	at org.junit.jupiter.engine.descriptor.TestMethodTestDescriptor.invokeTestMethod(TestMethodTestDescriptor.java:213)
	at org.junit.jupiter.engine.descriptor.TestMethodTestDescriptor.execute(TestMethodTestDescriptor.java:138)
	at org.junit.jupiter.engine.descriptor.TestMethodTestDescriptor.execute(TestMethodTestDescriptor.java:68)
	at org.junit.platform.engine.support.hierarchical.NodeTestTask.lambda$executeRecursively$6(NodeTestTask.java:151)
	at org.junit.platform.engine.support.hierarchical.ThrowableCollector.execute(ThrowableCollector.java:73)
	at org.junit.platform.engine.support.hierarchical.NodeTestTask.lambda$executeRecursively$8(NodeTestTask.java:141)
	at org.junit.platform.engine.support.hierarchical.Node.around(Node.java:137)
	at org.junit.platform.engine.support.hierarchical.NodeTestTask.lambda$executeRecursively$9(NodeTestTask.java:139)
	at org.junit.platform.engine.support.hierarchical.ThrowableCollector.execute(ThrowableCollector.java:73)
	at org.junit.platform.engine.support.hierarchical.NodeTestTask.executeRecursively(NodeTestTask.java:138)
	at org.junit.platform.engine.support.hierarchical.NodeTestTask.execute(NodeTestTask.java:95)
	at java.base/java.util.ArrayList.forEach(ArrayList.java:1511)
	at org.junit.platform.engine.support.hierarchical.SameThreadHierarchicalTestExecutorService.invokeAll(SameThreadHierarchicalTestExecutorService.java:41)
	at org.junit.platform.engine.support.hierarchical.NodeTestTask.lambda$executeRecursively$6(NodeTestTask.java:155)
	at org.junit.platform.engine.support.hierarchical.ThrowableCollector.execute(ThrowableCollector.java:73)
	at org.junit.platform.engine.support.hierarchical.NodeTestTask.lambda$executeRecursively$8(NodeTestTask.java:141)
	at org.junit.platform.engine.support.hierarchical.Node.around(Node.java:137)
	at org.junit.platform.engine.support.hierarchical.NodeTestTask.lambda$executeRecursively$9(NodeTestTask.java:139)
	at org.junit.platform.engine.support.hierarchical.ThrowableCollector.execute(ThrowableCollector.java:73)
	at org.junit.platform.engine.support.hierarchical.NodeTestTask.executeRecursively(NodeTestTask.java:138)
	at org.junit.platform.engine.support.hierarchical.NodeTestTask.execute(NodeTestTask.java:95)
	at java.base/java.util.ArrayList.forEach(ArrayList.java:1511)
	at org.junit.platform.engine.support.hierarchical.SameThreadHierarchicalTestExecutorService.invokeAll(SameThreadHierarchicalTestExecutorService.java:41)
	at org.junit.platform.engine.support.hierarchical.NodeTestTask.lambda$executeRecursively$6(NodeTestTask.java:155)
	at org.junit.platform.engine.support.hierarchical.ThrowableCollector.execute(ThrowableCollector.java:73)
	at org.junit.platform.engine.support.hierarchical.NodeTestTask.lambda$executeRecursively$8(NodeTestTask.java:141)
	at org.junit.platform.engine.support.hierarchical.Node.around(Node.java:137)
	at org.junit.platform.engine.support.hierarchical.NodeTestTask.lambda$executeRecursively$9(NodeTestTask.java:139)
	at org.junit.platform.engine.support.hierarchical.ThrowableCollector.execute(ThrowableCollector.java:73)
	at org.junit.platform.engine.support.hierarchical.NodeTestTask.executeRecursively(NodeTestTask.java:138)
	at org.junit.platform.engine.support.hierarchical.NodeTestTask.execute(NodeTestTask.java:95)
	at org.junit.platform.engine.support.hierarchical.SameThreadHierarchicalTestExecutorService.submit(SameThreadHierarchicalTestExecutorService.java:35)
	at org.junit.platform.engine.support.hierarchical.HierarchicalTestExecutor.execute(HierarchicalTestExecutor.java:57)
	at org.junit.platform.engine.support.hierarchical.HierarchicalTestEngine.execute(HierarchicalTestEngine.java:54)
	at org.junit.platform.launcher.core.DefaultLauncher.execute(DefaultLauncher.java:220)
	at org.junit.platform.launcher.core.DefaultLauncher.lambda$execute$6(DefaultLauncher.java:188)
	at org.junit.platform.launcher.core.DefaultLauncher.withInterceptedStreams(DefaultLauncher.java:202)
	at org.junit.platform.launcher.core.DefaultLauncher.execute(DefaultLauncher.java:181)
	at org.junit.platform.launcher.core.DefaultLauncher.execute(DefaultLauncher.java:128)
	at org.apache.maven.surefire.junitplatform.JUnitPlatformProvider.invokeAllTests(JUnitPlatformProvider.java:150)
	at org.apache.maven.surefire.junitplatform.JUnitPlatformProvider.invoke(JUnitPlatformProvider.java:124)
	at org.apache.maven.surefire.booter.ForkedBooter.invokeProviderInSameClassLoader(ForkedBooter.java:384)
	at org.apache.maven.surefire.booter.ForkedBooter.runSuitesInProcess(ForkedBooter.java:345)
	at org.apache.maven.surefire.booter.ForkedBooter.execute(ForkedBooter.java:126)
	at org.apache.maven.surefire.booter.ForkedBooter.main(ForkedBooter.java:418)
23:39:26.074 [main] INFO com.weatherapp.service.WeatherService - Buscando clima para: 'XyzyZ999'
23:39:26.074 [main] WARN com.weatherapp.service.WeatherService - Ciudad no encontrada: 'XyzyZ999'
com.weatherapp.exception.CityNotFoundException: ? Ciudad no encontrada: 'XyzyZ999'
	at com.weatherapp.client.OpenMeteoClient.resolveCity(OpenMeteoClient.java:58)
	at com.weatherapp.service.WeatherService.getWeatherByCityName(WeatherService.java:55)
	at com.weatherapp.service.WeatherServiceValidationTest.lambda$testCityNotFound$18(WeatherServiceValidationTest.java:378)
	at org.junit.jupiter.api.AssertThrows.assertThrows(AssertThrows.java:53)
	at org.junit.jupiter.api.AssertThrows.assertThrows(AssertThrows.java:39)
	at org.junit.jupiter.api.Assertions.assertThrows(Assertions.java:3099)
	at com.weatherapp.service.WeatherServiceValidationTest.testCityNotFound(WeatherServiceValidationTest.java:376)
	at java.base/jdk.internal.reflect.NativeMethodAccessorImpl.invoke0(Native Method)
	at java.base/jdk.internal.reflect.NativeMethodAccessorImpl.invoke(NativeMethodAccessorImpl.java:77)
	at java.base/jdk.internal.reflect.DelegatingMethodAccessorImpl.invoke(DelegatingMethodAccessorImpl.java:43)
	at java.base/java.lang.reflect.Method.invoke(Method.java:568)
	at org.junit.platform.commons.util.ReflectionUtils.invokeMethod(ReflectionUtils.java:727)
	at org.junit.jupiter.engine.execution.MethodInvocation.proceed(MethodInvocation.java:60)
	at org.junit.jupiter.engine.execution.InvocationInterceptorChain$ValidatingInvocation.proceed(InvocationInterceptorChain.java:131)
	at org.junit.jupiter.engine.extension.TimeoutExtension.intercept(TimeoutExtension.java:156)
	at org.junit.jupiter.engine.extension.TimeoutExtension.interceptTestableMethod(TimeoutExtension.java:147)
	at org.junit.jupiter.engine.extension.TimeoutExtension.interceptTestMethod(TimeoutExtension.java:86)
	at org.junit.jupiter.engine.execution.InterceptingExecutableInvoker$ReflectiveInterceptorCall.lambda$ofVoidMethod$0(InterceptingExecutableInvoker.java:103)
	at org.junit.jupiter.engine.execution.InterceptingExecutableInvoker.lambda$invoke$0(InterceptingExecutableInvoker.java:93)
	at org.junit.jupiter.engine.execution.InvocationInterceptorChain$InterceptedInvocation.proceed(InvocationInterceptorChain.java:106)
	at org.junit.jupiter.engine.execution.InvocationInterceptorChain.proceed(InvocationInterceptorChain.java:64)
	at org.junit.jupiter.engine.execution.InvocationInterceptorChain.chainAndInvoke(InvocationInterceptorChain.java:45)
	at org.junit.jupiter.engine.execution.InvocationInterceptorChain.invoke(InvocationInterceptorChain.java:37)
	at org.junit.jupiter.engine.execution.InterceptingExecutableInvoker.invoke(InterceptingExecutableInvoker.java:92)
	at org.junit.jupiter.engine.execution.InterceptingExecutableInvoker.invoke(InterceptingExecutableInvoker.java:86)
	at org.junit.jupiter.engine.descriptor.TestMethodTestDescriptor.lambda$invokeTestMethod$7(TestMethodTestDescriptor.java:217)
	at org.junit.platform.engine.support.hierarchical.ThrowableCollector.execute(ThrowableCollector.java:73)
	at org.junit.jupiter.engine.descriptor.TestMethodTestDescriptor.invokeTestMethod(TestMethodTestDescriptor.java:213)
	at org.junit.jupiter.engine.descriptor.TestMethodTestDescriptor.execute(TestMethodTestDescriptor.java:138)
	at org.junit.jupiter.engine.descriptor.TestMethodTestDescriptor.execute(TestMethodTestDescriptor.java:68)
	at org.junit.platform.engine.support.hierarchical.NodeTestTask.lambda$executeRecursively$6(NodeTestTask.java:151)
	at org.junit.platform.engine.support.hierarchical.ThrowableCollector.execute(ThrowableCollector.java:73)
	at org.junit.platform.engine.support.hierarchical.NodeTestTask.lambda$executeRecursively$8(NodeTestTask.java:141)
	at org.junit.platform.engine.support.hierarchical.Node.around(Node.java:137)
	at org.junit.platform.engine.support.hierarchical.NodeTestTask.lambda$executeRecursively$9(NodeTestTask.java:139)
	at org.junit.platform.engine.support.hierarchical.ThrowableCollector.execute(ThrowableCollector.java:73)
	at org.junit.platform.engine.support.hierarchical.NodeTestTask.executeRecursively(NodeTestTask.java:138)
	at org.junit.platform.engine.support.hierarchical.NodeTestTask.execute(NodeTestTask.java:95)
	at java.base/java.util.ArrayList.forEach(ArrayList.java:1511)
	at org.junit.platform.engine.support.hierarchical.SameThreadHierarchicalTestExecutorService.invokeAll(SameThreadHierarchicalTestExecutorService.java:41)
	at org.junit.platform.engine.support.hierarchical.NodeTestTask.lambda$executeRecursively$6(NodeTestTask.java:155)
	at org.junit.platform.engine.support.hierarchical.ThrowableCollector.execute(ThrowableCollector.java:73)
	at org.junit.platform.engine.support.hierarchical.NodeTestTask.lambda$executeRecursively$8(NodeTestTask.java:141)
	at org.junit.platform.engine.support.hierarchical.Node.around(Node.java:137)
	at org.junit.platform.engine.support.hierarchical.NodeTestTask.lambda$executeRecursively$9(NodeTestTask.java:139)
	at org.junit.platform.engine.support.hierarchical.ThrowableCollector.execute(ThrowableCollector.java:73)
	at org.junit.platform.engine.support.hierarchical.NodeTestTask.executeRecursively(NodeTestTask.java:138)
	at org.junit.platform.engine.support.hierarchical.NodeTestTask.execute(NodeTestTask.java:95)
	at java.base/java.util.ArrayList.forEach(ArrayList.java:1511)
	at org.junit.platform.engine.support.hierarchical.SameThreadHierarchicalTestExecutorService.invokeAll(SameThreadHierarchicalTestExecutorService.java:41)
	at org.junit.platform.engine.support.hierarchical.NodeTestTask.lambda$executeRecursively$6(NodeTestTask.java:155)
	at org.junit.platform.engine.support.hierarchical.ThrowableCollector.execute(ThrowableCollector.java:73)
	at org.junit.platform.engine.support.hierarchical.NodeTestTask.lambda$executeRecursively$8(NodeTestTask.java:141)
	at org.junit.platform.engine.support.hierarchical.Node.around(Node.java:137)
	at org.junit.platform.engine.support.hierarchical.NodeTestTask.lambda$executeRecursively$9(NodeTestTask.java:139)
	at org.junit.platform.engine.support.hierarchical.ThrowableCollector.execute(ThrowableCollector.java:73)
	at org.junit.platform.engine.support.hierarchical.NodeTestTask.executeRecursively(NodeTestTask.java:138)
	at org.junit.platform.engine.support.hierarchical.NodeTestTask.execute(NodeTestTask.java:95)
	at org.junit.platform.engine.support.hierarchical.SameThreadHierarchicalTestExecutorService.submit(SameThreadHierarchicalTestExecutorService.java:35)
	at org.junit.platform.engine.support.hierarchical.HierarchicalTestExecutor.execute(HierarchicalTestExecutor.java:57)
	at org.junit.platform.engine.support.hierarchical.HierarchicalTestEngine.execute(HierarchicalTestEngine.java:54)
	at org.junit.platform.launcher.core.DefaultLauncher.execute(DefaultLauncher.java:220)
	at org.junit.platform.launcher.core.DefaultLauncher.lambda$execute$6(DefaultLauncher.java:188)
	at org.junit.platform.launcher.core.DefaultLauncher.withInterceptedStreams(DefaultLauncher.java:202)
	at org.junit.platform.launcher.core.DefaultLauncher.execute(DefaultLauncher.java:181)
	at org.junit.platform.launcher.core.DefaultLauncher.execute(DefaultLauncher.java:128)
	at org.apache.maven.surefire.junitplatform.JUnitPlatformProvider.invokeAllTests(JUnitPlatformProvider.java:150)
	at org.apache.maven.surefire.junitplatform.JUnitPlatformProvider.invoke(JUnitPlatformProvider.java:124)
	at org.apache.maven.surefire.booter.ForkedBooter.invokeProviderInSameClassLoader(ForkedBooter.java:384)
	at org.apache.maven.surefire.booter.ForkedBooter.runSuitesInProcess(ForkedBooter.java:345)
	at org.apache.maven.surefire.booter.ForkedBooter.execute(ForkedBooter.java:126)
	at org.apache.maven.surefire.booter.ForkedBooter.main(ForkedBooter.java:418)
[INFO] Tests run: 24, Failures: 0, Errors: 0, Skipped: 0, Time elapsed: 0.093 s - in com.weatherapp.service.WeatherServiceValidationTest
[INFO] 
[INFO] Results:
[INFO] 
[INFO] Tests run: 199, Failures: 0, Errors: 0, Skipped: 0
[INFO] 
[INFO] ------------------------------------------------------------------------
[INFO] BUILD SUCCESS
[INFO] ------------------------------------------------------------------------
[INFO] Total time:  02:11 min
[INFO] Finished at: 2026-03-23T23:39:26-05:00
[INFO] ------------------------------------------------------------------------
